[2026-03-06T11:22:14.465Z] === Homepage AI Extractor: DUKE Robotics ===
[2026-03-06T11:22:14.465Z] Started at: 2026-03-06T11:22:14.465Z
[2026-03-06T11:22:14.465Z] Log directory: E:\code\The Wall\mono\packages\scrapper\logs\homepage_ai_extractor\1772796134465_DUKE_Robotics
[2026-03-06T11:22:14.465Z] Company: DUKE Robotics
[2026-03-06T11:22:14.465Z] Website: dukeroboticsys.com
[2026-03-06T11:22:14.465Z] cbRank: 213943
[2026-03-06T11:22:14.465Z] Reasons: h
[2026-03-06T11:22:14.465Z] Fetching: https://dukeroboticsys.com
[2026-03-06T11:22:18.887Z] Redirected: https://dukeroboticsys.com -> https://dukeroboticsys.com/
[2026-03-06T11:22:18.893Z] Saved HTML (123171 bytes) to page.html
[2026-03-06T11:22:18.899Z] Extracted 14 unique links from page
[2026-03-06T11:22:18.900Z] Saved 14 links to links.json
[2026-03-06T11:22:18.902Z] No footer section found in DOM
[2026-03-06T11:22:18.902Z] Extracted header HTML (2281 chars)
[2026-03-06T11:22:18.909Z] Website (post-redirect): https://dukeroboticsys.com/ → origin: https://dukeroboticsys.com
[2026-03-06T11:22:18.909Z] External links: 5 (of 14 total)
[2026-03-06T11:22:18.909Z] ── All external links ──
[2026-03-06T11:22:18.909Z]   EXT: https://twitter.com/DukeRoboticsInc
[2026-03-06T11:22:18.909Z]   EXT: https://web.irm.co.il
[2026-03-06T11:22:18.909Z]   EXT: https://www.facebook.com/DukeRobotics
[2026-03-06T11:22:18.909Z]   EXT: https://www.linkedin.com/showcase/duke-robotics-inc
[2026-03-06T11:22:18.909Z]   EXT: https://www.youtube.com/channel/UCGcwT-FuAzfjmlV6Sxb86ig
[2026-03-06T11:22:18.910Z] ── Step 1: Programmatic categorization ──
[2026-03-06T11:22:18.910Z]   REGEX: tw <- https://twitter.com/DukeRoboticsInc
[2026-03-06T11:22:18.910Z]   UNCATEGORIZED: https://web.irm.co.il
[2026-03-06T11:22:18.910Z]   REGEX: fb <- https://www.facebook.com/DukeRobotics
[2026-03-06T11:22:18.910Z]   REGEX: li <- https://www.linkedin.com/showcase/duke-robotics-inc
[2026-03-06T11:22:18.910Z]   REGEX: ytc <- https://www.youtube.com/channel/UCGcwT-FuAzfjmlV6Sxb86ig
[2026-03-06T11:22:18.910Z] Programmatic result: ws:1, tw:1, fb:1, li:1, ytc:1 | 1 uncategorized
[2026-03-06T11:22:18.910Z] Sending uncategorized links + HTML sections to AI for analysis...
[2026-03-06T11:22:18.911Z] Saved AI prompt (1960 chars) to ai_prompt.txt
[2026-03-06T11:22:24.315Z] Saved AI response to ai_response.json
[2026-03-06T11:22:24.315Z] ── Parsing AI response (1 lines) ──
[2026-03-06T11:22:24.315Z] AI returned 0 valid links
[2026-03-06T11:22:24.315Z] ── Categorizing 0 AI-returned links ──
[2026-03-06T11:22:24.316Z] ── Step 2b: Footer/header uncategorized links ──
[2026-03-06T11:22:24.316Z] Footer/header origins (1):
[2026-03-06T11:22:24.316Z]   FOOTER/HEADER ORIGIN: https://dukeroboticsys.com
[2026-03-06T11:22:24.316Z]   SKIP (not in footer/header): https://web.irm.co.il
[2026-03-06T11:22:24.316Z] Step 2b result: added 0 uncategorized domains from footer/header
[2026-03-06T11:22:24.316Z] ── Step 3: Final dedup ──
[2026-03-06T11:22:24.316Z] No urls to dedup
[2026-03-06T11:22:24.316Z] ── FINAL RESULT ──
[2026-03-06T11:22:24.316Z]   ws (1):
[2026-03-06T11:22:24.316Z]     - https://dukeroboticsys.com
[2026-03-06T11:22:24.317Z]   li (1):
[2026-03-06T11:22:24.317Z]     - https://www.linkedin.com/company/duke-robotics-inc
[2026-03-06T11:22:24.317Z]   fb (1):
[2026-03-06T11:22:24.317Z]     - https://www.facebook.com/dukerobotics
[2026-03-06T11:22:24.317Z]   tw (1):
[2026-03-06T11:22:24.317Z]     - https://x.com/dukeroboticsinc
[2026-03-06T11:22:24.317Z]   ytc (1):
[2026-03-06T11:22:24.317Z]     - https://www.youtube.com/channel/UCGcwT-FuAzfjmlV6Sxb86ig
[2026-03-06T11:22:24.317Z] Summary: ws:1, tw:1, fb:1, li:1, ytc:1
[2026-03-06T11:22:24.318Z] Saved final result to result.json
[2026-03-06T11:22:24.318Z] Override fields: ws, li, fb, tw, ytc
[2026-03-06T11:22:24.318Z] Finished at: 2026-03-06T11:22:24.318Z
