[2026-03-07T16:19:36.534Z] === Homepage AI Extractor: FINBOT ===
[2026-03-07T16:19:36.534Z] Started at: 2026-03-07T16:19:36.534Z
[2026-03-07T16:19:36.534Z] Log directory: E:\code\The Wall\mono\packages\scrapper\logs\homepage_ai_extractor\1772900376534_FINBOT
[2026-03-07T16:19:36.535Z] Company: FINBOT
[2026-03-07T16:19:36.535Z] Website: fin-bot.co.il
[2026-03-07T16:19:36.535Z] cbRank: 282941
[2026-03-07T16:19:36.535Z] Reasons: h
[2026-03-07T16:19:36.535Z] Fetching: https://fin-bot.co.il
[2026-03-07T16:19:43.869Z] Redirected: https://fin-bot.co.il -> https://www.fin-bot.co.il/
[2026-03-07T16:19:43.971Z] Saved HTML (3620780 bytes) to page.html
[2026-03-07T16:19:43.975Z] Extracted 21 unique links from page
[2026-03-07T16:19:43.976Z] Saved 21 links to links.json
[2026-03-07T16:19:44.006Z] Extracted footer HTML (334 chars)
[2026-03-07T16:19:44.006Z] Extracted header HTML (9962 chars)
[2026-03-07T16:19:44.021Z] Website (post-redirect): https://www.fin-bot.co.il/ → origin: https://www.fin-bot.co.il
[2026-03-07T16:19:44.027Z] External links: 5 (of 21 total)
[2026-03-07T16:19:44.027Z] ── All external links ──
[2026-03-07T16:19:44.027Z]   EXT: http://iddigital.co.il
[2026-03-07T16:19:44.027Z]   EXT: http://www.user-a.co.il
[2026-03-07T16:19:44.027Z]   EXT: https://www.facebook.com/FINBOT11?mibextid=wwXIfr&rdid=Ho85TTePWBUPMTZ8&share_url=https%3A%2F%2Fwww.facebook.com%2Fshare%2F16kSEpEadT%2F%3Fmibextid%3DwwXIfr#
[2026-03-07T16:19:44.027Z]   EXT: https://www.linkedin.com/company/fin-bot
[2026-03-07T16:19:44.027Z]   EXT: https://www.youtube.com/@finbot-tutorial
[2026-03-07T16:19:44.027Z] ── Step 1: Programmatic categorization ──
[2026-03-07T16:19:44.028Z]   UNCATEGORIZED: http://iddigital.co.il
[2026-03-07T16:19:44.028Z]   UNCATEGORIZED: http://www.user-a.co.il
[2026-03-07T16:19:44.028Z]   REGEX: fb <- https://www.facebook.com/FINBOT11?mibextid=wwXIfr&rdid=Ho85TTePWBUPMTZ8&share_url=https%3A%2F%2Fwww.facebook.com%2Fshare%2F16kSEpEadT%2F%3Fmibextid%3DwwXIfr#
[2026-03-07T16:19:44.028Z]   REGEX: li <- https://www.linkedin.com/company/fin-bot
[2026-03-07T16:19:44.028Z]   REGEX: ytp <- https://www.youtube.com/@finbot-tutorial
[2026-03-07T16:19:44.028Z] Programmatic result: ws:1, fb:1, li:1, ytp:1 | 2 uncategorized
[2026-03-07T16:19:44.028Z] Sending uncategorized links + HTML sections to AI for analysis...
[2026-03-07T16:19:44.029Z] Saved AI prompt (2259 chars) to ai_prompt.txt
[2026-03-07T16:19:52.281Z] Saved AI response to ai_response.json
[2026-03-07T16:19:52.282Z] ── Parsing AI response (1 lines) ──
[2026-03-07T16:19:52.282Z]   AI LINK: http://www.user-a.co.il/
[2026-03-07T16:19:52.282Z] AI returned 1 valid links
[2026-03-07T16:19:52.282Z] ── Categorizing 1 AI-returned links ──
[2026-03-07T16:19:52.282Z]   AI→URLS: http://www.user-a.co.il (cleaned from http://www.user-a.co.il/)
[2026-03-07T16:19:52.282Z] ── Step 2b: Footer/header uncategorized links ──
[2026-03-07T16:19:52.282Z] Footer/header origins (1):
[2026-03-07T16:19:52.282Z]   FOOTER/HEADER ORIGIN: http://www.user-a.co.il
[2026-03-07T16:19:52.282Z]   SKIP (not in footer/header): http://iddigital.co.il
[2026-03-07T16:19:52.283Z]   SKIP (AI claimed): http://www.user-a.co.il
[2026-03-07T16:19:52.283Z] Step 2b result: added 0 uncategorized domains from footer/header
[2026-03-07T16:19:52.283Z] ── Step 3: Final dedup ──
[2026-03-07T16:19:52.283Z] Dedup: removed 0 of 1 URLs already in specialized fields
[2026-03-07T16:19:52.283Z] ── FINAL RESULT ──
[2026-03-07T16:19:52.283Z]   ws (1):
[2026-03-07T16:19:52.283Z]     - https://www.fin-bot.co.il
[2026-03-07T16:19:52.283Z]   li (1):
[2026-03-07T16:19:52.283Z]     - https://www.linkedin.com/company/fin-bot
[2026-03-07T16:19:52.283Z]   fb (1):
[2026-03-07T16:19:52.283Z]     - https://www.facebook.com/finbot11
[2026-03-07T16:19:52.283Z]   ytp (1):
[2026-03-07T16:19:52.284Z]     - https://www.youtube.com/@finbot-tutorial
[2026-03-07T16:19:52.284Z]   urls (1):
[2026-03-07T16:19:52.284Z]     - http://www.user-a.co.il
[2026-03-07T16:19:52.284Z] Summary: ws:1, fb:1, li:1, ytp:1, urls:1
[2026-03-07T16:19:52.284Z] Saved final result to result.json
[2026-03-07T16:19:52.284Z] Override fields: ws, li, fb, ytp, urls
[2026-03-07T16:19:52.285Z] Finished at: 2026-03-07T16:19:52.285Z
