[2026-03-20T07:59:11.851Z] === Homepage AI Extractor: ARBEL ===
[2026-03-20T07:59:11.851Z] Started at: 2026-03-20T07:59:11.851Z
[2026-03-20T07:59:11.851Z] Log directory: C:\Users\ahmed\code\mono\packages\scrapper\logs\homepage_ai_extractor\1773993551851_ARBEL
[2026-03-20T07:59:11.851Z] Company: ARBEL
[2026-03-20T07:59:11.851Z] Website: arbel.co.il
[2026-03-20T07:59:11.851Z] cbRank: 2797035
[2026-03-20T07:59:11.851Z] Reasons: h
[2026-03-20T07:59:11.851Z] Fetching: https://arbel.co.il
[2026-03-20T07:59:13.734Z] Redirected: https://arbel.co.il -> https://arbel.co.il/
[2026-03-20T07:59:13.736Z] Saved HTML (14003 bytes) to page.html
[2026-03-20T07:59:13.742Z] Extracted 9 unique links from page
[2026-03-20T07:59:13.742Z] Saved 9 links to links.json
[2026-03-20T07:59:13.744Z] No footer section found in DOM
[2026-03-20T07:59:13.744Z] No header section found in DOM
[2026-03-20T07:59:13.748Z] Website (post-redirect): https://arbel.co.il/ → origin: https://arbel.co.il
[2026-03-20T07:59:13.748Z] External links: 2 (of 9 total)
[2026-03-20T07:59:13.748Z] ── All external links ──
[2026-03-20T07:59:13.748Z]   EXT: http://www.youtube.com/user/romanationamir
[2026-03-20T07:59:13.748Z]   EXT: https://www.facebook.com/Arbelmilkprocessing?ref=tn_tnmn
[2026-03-20T07:59:13.748Z] ── Step 1: Programmatic categorization ──
[2026-03-20T07:59:13.748Z]   REGEX: ytp <- http://www.youtube.com/user/romanationamir
[2026-03-20T07:59:13.748Z]   REGEX: fb <- https://www.facebook.com/Arbelmilkprocessing?ref=tn_tnmn
[2026-03-20T07:59:13.748Z] Programmatic result: ws:1, ytp:1, fb:1 | 0 uncategorized
[2026-03-20T07:59:13.749Z] No uncategorized links and no HTML sections — skipping AI analysis
[2026-03-20T07:59:13.749Z] ── Step 2b: Footer/header uncategorized links ──
[2026-03-20T07:59:13.749Z] Footer/header origins (0):
[2026-03-20T07:59:13.749Z] Step 2b result: added 0 uncategorized domains from footer/header
[2026-03-20T07:59:13.749Z] ── Step 2c: YouTube channel handle resolution ──
[2026-03-20T07:59:13.749Z]   YOUTUBE: no ytc entries to resolve
[2026-03-20T07:59:13.749Z] ── Step 3: Final dedup ──
[2026-03-20T07:59:13.749Z] No urls to dedup
[2026-03-20T07:59:13.749Z] ── FINAL RESULT ──
[2026-03-20T07:59:13.749Z]   ws (1):
[2026-03-20T07:59:13.749Z]     - https://arbel.co.il
[2026-03-20T07:59:13.749Z]   fb (1):
[2026-03-20T07:59:13.749Z]     - https://www.facebook.com/arbelmilkprocessing
[2026-03-20T07:59:13.749Z]   ytp (1):
[2026-03-20T07:59:13.749Z]     - https://www.youtube.com/@romanationamir
[2026-03-20T07:59:13.749Z] Summary: ws:1, ytp:1, fb:1
[2026-03-20T07:59:13.752Z] Saved final result to result.json
[2026-03-20T07:59:13.753Z] Override fields: ws, fb, ytp
[2026-03-20T07:59:13.753Z] Finished at: 2026-03-20T07:59:13.753Z
