[2026-03-06T10:50:42.636Z] === Homepage AI Extractor: SOLA Biosciences ===
[2026-03-06T10:50:42.636Z] Started at: 2026-03-06T10:50:42.636Z
[2026-03-06T10:50:42.636Z] Log directory: E:\code\The Wall\mono\packages\scrapper\logs\homepage_ai_extractor\1772794242636_SOLA_Biosciences
[2026-03-06T10:50:42.636Z] Company: SOLA Biosciences
[2026-03-06T10:50:42.636Z] Website: sola-bio.com
[2026-03-06T10:50:42.636Z] cbRank: 208886
[2026-03-06T10:50:42.637Z] Reasons: h
[2026-03-06T10:50:42.637Z] Fetching: https://sola-bio.com
[2026-03-06T10:50:45.332Z] Redirected: https://sola-bio.com -> https://sola-bio.com/
[2026-03-06T10:50:45.345Z] Saved HTML (400355 bytes) to page.html
[2026-03-06T10:50:45.349Z] Extracted 26 unique links from page
[2026-03-06T10:50:45.350Z] Saved 26 links to links.json
[2026-03-06T10:50:45.355Z] Extracted footer HTML (6125 chars)
[2026-03-06T10:50:45.355Z] Extracted header HTML (12271 chars)
[2026-03-06T10:50:45.358Z] Website (post-redirect): https://sola-bio.com/ → origin: https://sola-bio.com
[2026-03-06T10:50:45.359Z] External links: 2 (of 26 total)
[2026-03-06T10:50:45.359Z] ── All external links ──
[2026-03-06T10:50:45.359Z]   EXT: https://wponetap.com/?utm_source=plugin-guru.com&utm_medium=link&utm_campaign=ref-link-toolbar
[2026-03-06T10:50:45.359Z]   EXT: https://www.sola-bio.jp
[2026-03-06T10:50:45.359Z] ── Step 1: Programmatic categorization ──
[2026-03-06T10:50:45.359Z]   UNCATEGORIZED: https://wponetap.com/?utm_source=plugin-guru.com&utm_medium=link&utm_campaign=ref-link-toolbar
[2026-03-06T10:50:45.359Z]   UNCATEGORIZED: https://www.sola-bio.jp
[2026-03-06T10:50:45.360Z] Programmatic result: ws:1 | 2 uncategorized
[2026-03-06T10:50:45.360Z] Sending uncategorized links + HTML sections to AI for analysis...
[2026-03-06T10:50:45.360Z] Saved AI prompt (5084 chars) to ai_prompt.txt
[2026-03-06T10:51:26.293Z] Saved AI response to ai_response.json
[2026-03-06T10:51:26.293Z] ── Parsing AI response (10 lines) ──
[2026-03-06T10:51:26.293Z]   AI LINK: https://www.sola-bio.jp
[2026-03-06T10:51:26.294Z]   AI LINK: https://sola-bio.com/
[2026-03-06T10:51:26.294Z]   AI LINK: https://sola-bio.com/about/
[2026-03-06T10:51:26.294Z]   AI LINK: https://sola-bio.com/pipeline/
[2026-03-06T10:51:26.294Z]   AI LINK: https://sola-bio.com/science/
[2026-03-06T10:51:26.294Z]   AI LINK: https://sola-bio.com/news/
[2026-03-06T10:51:26.294Z]   AI LINK: https://sola-bio.com/contact/
[2026-03-06T10:51:26.294Z]   AI LINK: https://sola-bio.com/privacy/
[2026-03-06T10:51:26.294Z]   AI LINK: https://sola-bio.com/terms/
[2026-03-06T10:51:26.294Z]   AI LINK: https://sola-bio.com/careers/
[2026-03-06T10:51:26.294Z] AI returned 10 valid links
[2026-03-06T10:51:26.294Z] ── Categorizing 10 AI-returned links ──
[2026-03-06T10:51:26.295Z]   AI→URLS: https://www.sola-bio.jp
[2026-03-06T10:51:26.295Z]   AI→URLS: https://sola-bio.com (cleaned from https://sola-bio.com/)
[2026-03-06T10:51:26.295Z]   AI→URLS: https://sola-bio.com/about (cleaned from https://sola-bio.com/about/)
[2026-03-06T10:51:26.295Z]   AI→URLS: https://sola-bio.com/pipeline (cleaned from https://sola-bio.com/pipeline/)
[2026-03-06T10:51:26.295Z]   AI→URLS: https://sola-bio.com/science (cleaned from https://sola-bio.com/science/)
[2026-03-06T10:51:26.295Z]   AI→URLS: https://sola-bio.com/news (cleaned from https://sola-bio.com/news/)
[2026-03-06T10:51:26.295Z]   AI→URLS: https://sola-bio.com/contact (cleaned from https://sola-bio.com/contact/)
[2026-03-06T10:51:26.295Z]   AI→URLS: https://sola-bio.com/privacy (cleaned from https://sola-bio.com/privacy/)
[2026-03-06T10:51:26.296Z]   AI→URLS: https://sola-bio.com/terms (cleaned from https://sola-bio.com/terms/)
[2026-03-06T10:51:26.296Z]   AI→URLS: https://sola-bio.com/careers (cleaned from https://sola-bio.com/careers/)
[2026-03-06T10:51:26.296Z] ── Step 2b: Footer/header uncategorized links ──
[2026-03-06T10:51:26.296Z] Footer/header origins (3):
[2026-03-06T10:51:26.296Z]   FOOTER/HEADER ORIGIN: https://sola-bio.com
[2026-03-06T10:51:26.296Z]   FOOTER/HEADER ORIGIN: https://www.sola-bio.com
[2026-03-06T10:51:26.296Z]   FOOTER/HEADER ORIGIN: https://www.sola-bio.jp
[2026-03-06T10:51:26.296Z]   SKIP (not in footer/header): https://wponetap.com/?utm_source=plugin-guru.com&utm_medium=link&utm_campaign=ref-link-toolbar
[2026-03-06T10:51:26.296Z]   SKIP (AI claimed): https://www.sola-bio.jp
[2026-03-06T10:51:26.297Z] Step 2b result: added 0 uncategorized domains from footer/header
[2026-03-06T10:51:26.297Z] ── Step 3: Final dedup ──
[2026-03-06T10:51:26.297Z] Dedup: removed 0 of 10 URLs already in specialized fields
[2026-03-06T10:51:26.297Z] ── FINAL RESULT ──
[2026-03-06T10:51:26.297Z]   ws (1):
[2026-03-06T10:51:26.297Z]     - https://sola-bio.com
[2026-03-06T10:51:26.297Z]   urls (10):
[2026-03-06T10:51:26.297Z]     - https://sola-bio.com
[2026-03-06T10:51:26.297Z]     - https://sola-bio.com/about
[2026-03-06T10:51:26.297Z]     - https://sola-bio.com/careers
[2026-03-06T10:51:26.297Z]     - https://sola-bio.com/contact
[2026-03-06T10:51:26.297Z]     - https://sola-bio.com/news
[2026-03-06T10:51:26.297Z]     - https://sola-bio.com/pipeline
[2026-03-06T10:51:26.297Z]     - https://sola-bio.com/privacy
[2026-03-06T10:51:26.297Z]     - https://sola-bio.com/science
[2026-03-06T10:51:26.297Z]     - https://sola-bio.com/terms
[2026-03-06T10:51:26.297Z]     - https://www.sola-bio.jp
[2026-03-06T10:51:26.298Z] Summary: ws:1, urls:10
[2026-03-06T10:51:26.298Z] Saved final result to result.json
[2026-03-06T10:51:26.298Z] Override fields: ws
[2026-03-06T10:51:26.298Z] Finished at: 2026-03-06T10:51:26.298Z
