[2026-02-27T06:17:51.059Z] === Homepage AI Extractor: Tedooo ===
[2026-02-27T06:17:51.060Z] Started at: 2026-02-27T06:17:51.060Z
[2026-02-27T06:17:51.060Z] Log directory: E:\code\The Wall\mono\packages\scrapper\logs\homepage_ai_extractor\1772173071058_Tedooo
[2026-02-27T06:17:51.060Z] Company: Tedooo
[2026-02-27T06:17:51.060Z] Website: tedooo.com
[2026-02-27T06:17:51.061Z] cbRank: 22982
[2026-02-27T06:17:51.061Z] Reasons: h
[2026-02-27T06:17:51.061Z] Fetching: https://tedooo.com
[2026-02-27T06:17:58.844Z] Redirected: https://tedooo.com -> https://www.tedooo.com/
[2026-02-27T06:17:58.911Z] Saved HTML (1589670 bytes) to page.html
[2026-02-27T06:17:58.918Z] Extracted 224 unique links from page
[2026-02-27T06:17:58.920Z] Saved 224 links to links.json
[2026-02-27T06:17:58.931Z] No footer section found in DOM
[2026-02-27T06:17:58.931Z] Extracted header HTML (76174 chars)
[2026-02-27T06:17:58.942Z] Website (post-redirect): https://www.tedooo.com/
[2026-02-27T06:17:58.944Z] External links: 0 (of 224 total)
[2026-02-27T06:17:58.944Z] ── All external links ──
[2026-02-27T06:17:58.944Z] ── Step 1: Programmatic categorization ──
[2026-02-27T06:17:58.944Z] Programmatic result: ws:1 | 0 uncategorized
[2026-02-27T06:17:58.945Z] Sending uncategorized links + HTML sections to AI for analysis...
[2026-02-27T06:17:58.946Z] Saved AI prompt (1916 chars) to ai_prompt.txt
[2026-02-27T06:18:04.405Z] Saved AI response to ai_response.json
[2026-02-27T06:18:04.405Z] ── Parsing AI response (1 lines) ──
[2026-02-27T06:18:04.405Z] AI returned 0 valid links
[2026-02-27T06:18:04.405Z] ── Categorizing 0 AI-returned links ──
[2026-02-27T06:18:04.406Z] ── Step 2b: Footer/header uncategorized links ──
[2026-02-27T06:18:04.406Z] Footer/header origins (0):
[2026-02-27T06:18:04.406Z] Step 2b result: added 0 uncategorized domains from footer/header
[2026-02-27T06:18:04.406Z] ── Step 3: Final dedup ──
[2026-02-27T06:18:04.406Z] No urls to dedup
[2026-02-27T06:18:04.406Z] ── FINAL RESULT ──
[2026-02-27T06:18:04.406Z]   ws (1):
[2026-02-27T06:18:04.407Z]     - https://www.tedooo.com/
[2026-02-27T06:18:04.407Z] Summary: ws:1
[2026-02-27T06:18:04.409Z] Saved final result to result.json
[2026-02-27T06:18:04.409Z] Override fields: ws
[2026-02-27T06:18:04.409Z] Finished at: 2026-02-27T06:18:04.409Z
