[2026-03-06T08:53:38.251Z] === Homepage AI Extractor: Fleeq ===
[2026-03-06T08:53:38.251Z] Started at: 2026-03-06T08:53:38.251Z
[2026-03-06T08:53:38.251Z] Log directory: E:\code\The Wall\mono\packages\scrapper\logs\homepage_ai_extractor\1772787218250_Fleeq
[2026-03-06T08:53:38.251Z] Company: Fleeq
[2026-03-06T08:53:38.251Z] Website: fleeq.io
[2026-03-06T08:53:38.251Z] cbRank: 178766
[2026-03-06T08:53:38.251Z] Reasons: h
[2026-03-06T08:53:38.251Z] Fetching: https://fleeq.io
[2026-03-06T08:53:40.899Z] Redirected: https://fleeq.io -> https://fleeq.io/
[2026-03-06T08:53:40.901Z] Saved HTML (32056 bytes) to page.html
[2026-03-06T08:53:40.904Z] Extracted 7 unique links from page
[2026-03-06T08:53:40.904Z] Saved 7 links to links.json
[2026-03-06T08:53:40.908Z] Extracted footer HTML (1344 chars)
[2026-03-06T08:53:40.908Z] Extracted header HTML (2863 chars)
[2026-03-06T08:53:40.912Z] Website (post-redirect): https://fleeq.io/ → origin: https://fleeq.io
[2026-03-06T08:53:40.912Z]   SUBDOMAIN: app.fleeq.io (added to ws)
[2026-03-06T08:53:40.912Z]   SUBDOMAIN: help.fleeq.io (added to ws)
[2026-03-06T08:53:40.912Z]   SUBDOMAIN: wiki.fleeq.io (added to ws)
[2026-03-06T08:53:40.912Z] Website subdomains found: 3
[2026-03-06T08:53:40.912Z] External links: 0 (of 7 total)
[2026-03-06T08:53:40.912Z] ── All external links ──
[2026-03-06T08:53:40.913Z] ── Step 1: Programmatic categorization ──
[2026-03-06T08:53:40.913Z] Programmatic result: ws:4 | 0 uncategorized
[2026-03-06T08:53:40.913Z] Sending uncategorized links + HTML sections to AI for analysis...
[2026-03-06T08:53:40.913Z] Saved AI prompt (2427 chars) to ai_prompt.txt
[2026-03-06T08:53:54.179Z] Saved AI response to ai_response.json
[2026-03-06T08:53:54.180Z] ── Parsing AI response (3 lines) ──
[2026-03-06T08:53:54.180Z]   AI LINK: https://help.fleeq.io/
[2026-03-06T08:53:54.180Z]   AI LINK: https://wiki.fleeq.io
[2026-03-06T08:53:54.180Z]   AI LINK: https://app.fleeq.io/
[2026-03-06T08:53:54.180Z] AI returned 3 valid links
[2026-03-06T08:53:54.180Z] ── Categorizing 3 AI-returned links ──
[2026-03-06T08:53:54.181Z]   AI→URLS: https://help.fleeq.io (cleaned from https://help.fleeq.io/)
[2026-03-06T08:53:54.181Z]   AI→URLS: https://wiki.fleeq.io
[2026-03-06T08:53:54.181Z]   AI→URLS: https://app.fleeq.io (cleaned from https://app.fleeq.io/)
[2026-03-06T08:53:54.181Z] ── Step 2b: Footer/header uncategorized links ──
[2026-03-06T08:53:54.181Z] Footer/header origins (4):
[2026-03-06T08:53:54.181Z]   FOOTER/HEADER ORIGIN: https://help.fleeq.io
[2026-03-06T08:53:54.181Z]   FOOTER/HEADER ORIGIN: https://wiki.fleeq.io
[2026-03-06T08:53:54.181Z]   FOOTER/HEADER ORIGIN: https://app.fleeq.io
[2026-03-06T08:53:54.182Z]   FOOTER/HEADER ORIGIN: https://assets.calendly.com
[2026-03-06T08:53:54.182Z] Step 2b result: added 0 uncategorized domains from footer/header
[2026-03-06T08:53:54.182Z] ── Step 3: Final dedup ──
[2026-03-06T08:53:54.182Z] Dedup: removed 0 of 3 URLs already in specialized fields
[2026-03-06T08:53:54.182Z] ── FINAL RESULT ──
[2026-03-06T08:53:54.182Z]   ws (4):
[2026-03-06T08:53:54.182Z]     - https://app.fleeq.io
[2026-03-06T08:53:54.182Z]     - https://fleeq.io
[2026-03-06T08:53:54.182Z]     - https://help.fleeq.io
[2026-03-06T08:53:54.182Z]     - https://wiki.fleeq.io
[2026-03-06T08:53:54.182Z]   urls (3):
[2026-03-06T08:53:54.183Z]     - https://app.fleeq.io
[2026-03-06T08:53:54.183Z]     - https://help.fleeq.io
[2026-03-06T08:53:54.183Z]     - https://wiki.fleeq.io
[2026-03-06T08:53:54.183Z] Summary: ws:4, urls:3
[2026-03-06T08:53:54.183Z] Saved final result to result.json
[2026-03-06T08:53:54.183Z] Override fields: ws
[2026-03-06T08:53:54.183Z] Finished at: 2026-03-06T08:53:54.183Z
