[2026-03-05T07:16:52.040Z] === Homepage AI Extractor: Senecio Robotics ===
[2026-03-05T07:16:52.040Z] Started at: 2026-03-05T07:16:52.040Z
[2026-03-05T07:16:52.040Z] Log directory: E:\code\The Wall\mono\packages\scrapper\logs\homepage_ai_extractor\1772695012039_Senecio_Robotics
[2026-03-05T07:16:52.040Z] Company: Senecio Robotics
[2026-03-05T07:16:52.040Z] Website: senecio-robotics.com
[2026-03-05T07:16:52.040Z] cbRank: 58186
[2026-03-05T07:16:52.040Z] Reasons: h
[2026-03-05T07:16:52.040Z] Fetching: https://senecio-robotics.com
[2026-03-05T07:17:02.747Z] Network idle timeout — continuing with current state
[2026-03-05T07:17:02.799Z] Redirected: https://senecio-robotics.com -> https://www.senecio-robotics.com/
[2026-03-05T07:17:02.843Z] Saved HTML (1432907 bytes) to page.html
[2026-03-05T07:17:02.846Z] Extracted 30 unique links from page
[2026-03-05T07:17:02.847Z] Saved 30 links to links.json
[2026-03-05T07:17:02.855Z] Extracted footer HTML (22625 chars)
[2026-03-05T07:17:02.855Z] Extracted header HTML (52500 chars)
[2026-03-05T07:17:02.861Z] Website (post-redirect): https://www.senecio-robotics.com/ → origin: https://www.senecio-robotics.com
[2026-03-05T07:17:02.861Z]   SUBDOMAIN: heb.senecio-robotics.com (added to ws)
[2026-03-05T07:17:02.861Z] Website subdomains found: 1
[2026-03-05T07:17:02.861Z] External links: 19 (of 30 total)
[2026-03-05T07:17:02.861Z] ── All external links ──
[2026-03-05T07:17:02.862Z]   EXT: https://cordis.europa.eu/article/id/448490-how-do-you-farm-mosquitoes
[2026-03-05T07:17:02.862Z]   EXT: https://en.wikipedia.org/wiki/Be%27er_Ya%27akov
[2026-03-05T07:17:02.862Z]   EXT: https://en.wikipedia.org/wiki/Eyal
[2026-03-05T07:17:02.862Z]   EXT: https://en.wikipedia.org/wiki/Modi'in-Maccabim-Re'ut
[2026-03-05T07:17:02.862Z]   EXT: https://en.wikipedia.org/wiki/Nir_Eliyahu
[2026-03-05T07:17:02.862Z]   EXT: https://en.wikipedia.org/wiki/Savyon
[2026-03-05T07:17:02.862Z]   EXT: https://en.wikipedia.org/wiki/Sde_Warburg
[2026-03-05T07:17:02.862Z]   EXT: https://en.wikipedia.org/wiki/Zikhron_Ya%27akov
[2026-03-05T07:17:02.862Z]   EXT: https://nocamels.com/2022/06/startups-climate-tech-water-un
[2026-03-05T07:17:02.862Z]   EXT: https://www.brandeins.de/magazine/brand-eins-wirtschaftsmagazin/2024/naehe/senecio-robotics-moskitos-vom-fliessband
[2026-03-05T07:17:02.862Z]   EXT: https://www.calcalistech.com/ctech/articles/0,7340,L-3776444,00.html
[2026-03-05T07:17:02.862Z]   EXT: https://www.danhotels.com/CaesareaHotels/DanCaesareaHotel
[2026-03-05T07:17:02.862Z]   EXT: https://www.linkedin.com/company/senecio-robotics
[2026-03-05T07:17:02.862Z]   EXT: https://www.rentokil.com
[2026-03-05T07:17:02.863Z]   EXT: https://www.timesofisrael.com/mosquito-love-bombs-to-combat-deadly-epidemics
[2026-03-05T07:17:02.863Z]   EXT: https://www.ynet.co.il/articles/0,7340,L-5486279,00.html
[2026-03-05T07:17:02.863Z]   EXT: https://www.youtube.com/watch?v=fTbxSf8K66Q
[2026-03-05T07:17:02.863Z]   EXT: https://www.youtube.com/watch?v=xHSNajj35Ks
[2026-03-05T07:17:02.863Z]   EXT: https://youtu.be/xHSNajj35Ks?si=yaogdBa31JRmcGk3
[2026-03-05T07:17:02.863Z] ── Step 1: Programmatic categorization ──
[2026-03-05T07:17:02.863Z]   UNCATEGORIZED: https://cordis.europa.eu/article/id/448490-how-do-you-farm-mosquitoes
[2026-03-05T07:17:02.863Z]   UNCATEGORIZED: https://en.wikipedia.org/wiki/Be%27er_Ya%27akov
[2026-03-05T07:17:02.863Z]   UNCATEGORIZED: https://en.wikipedia.org/wiki/Eyal
[2026-03-05T07:17:02.863Z]   UNCATEGORIZED: https://en.wikipedia.org/wiki/Modi'in-Maccabim-Re'ut
[2026-03-05T07:17:02.863Z]   UNCATEGORIZED: https://en.wikipedia.org/wiki/Nir_Eliyahu
[2026-03-05T07:17:02.864Z]   UNCATEGORIZED: https://en.wikipedia.org/wiki/Savyon
[2026-03-05T07:17:02.864Z]   UNCATEGORIZED: https://en.wikipedia.org/wiki/Sde_Warburg
[2026-03-05T07:17:02.864Z]   UNCATEGORIZED: https://en.wikipedia.org/wiki/Zikhron_Ya%27akov
[2026-03-05T07:17:02.864Z]   UNCATEGORIZED: https://nocamels.com/2022/06/startups-climate-tech-water-un
[2026-03-05T07:17:02.864Z]   UNCATEGORIZED: https://www.brandeins.de/magazine/brand-eins-wirtschaftsmagazin/2024/naehe/senecio-robotics-moskitos-vom-fliessband
[2026-03-05T07:17:02.864Z]   UNCATEGORIZED: https://www.calcalistech.com/ctech/articles/0,7340,L-3776444,00.html
[2026-03-05T07:17:02.864Z]   UNCATEGORIZED: https://www.danhotels.com/CaesareaHotels/DanCaesareaHotel
[2026-03-05T07:17:02.864Z]   REGEX: li <- https://www.linkedin.com/company/senecio-robotics
[2026-03-05T07:17:02.864Z]   UNCATEGORIZED: https://www.rentokil.com
[2026-03-05T07:17:02.864Z]   UNCATEGORIZED: https://www.timesofisrael.com/mosquito-love-bombs-to-combat-deadly-epidemics
[2026-03-05T07:17:02.865Z]   UNCATEGORIZED: https://www.ynet.co.il/articles/0,7340,L-5486279,00.html
[2026-03-05T07:17:02.865Z]   UNCATEGORIZED: https://youtu.be/xHSNajj35Ks?si=yaogdBa31JRmcGk3
[2026-03-05T07:17:02.865Z] ── Step 1b: Resolving 2 regex-domain URLs via redirect ──
[2026-03-05T07:17:02.865Z]   SKIP (regex domain, no match): https://www.youtube.com/watch?v=fTbxSf8K66Q
[2026-03-05T07:17:02.865Z]   SKIP (regex domain, no match): https://www.youtube.com/watch?v=xHSNajj35Ks
[2026-03-05T07:17:02.865Z] Programmatic result: ws:2, li:1 | 16 uncategorized
[2026-03-05T07:17:02.865Z] Sending uncategorized links + HTML sections to AI for analysis...
[2026-03-05T07:17:02.866Z] Saved AI prompt (14601 chars) to ai_prompt.txt
[2026-03-05T07:18:20.947Z] Saved AI response to ai_response.json
[2026-03-05T07:18:20.947Z] ── Parsing AI response (2 lines) ──
[2026-03-05T07:18:20.947Z]   AI LINK: https://www.senecio-robotics.com
[2026-03-05T07:18:20.947Z]   AI LINK: https://www.linkedin.com/company/senecio-robotics/
[2026-03-05T07:18:20.947Z] AI returned 2 valid links
[2026-03-05T07:18:20.948Z] ── Categorizing 2 AI-returned links ──
[2026-03-05T07:18:20.948Z]   AI→URLS: https://www.senecio-robotics.com
[2026-03-05T07:18:20.948Z]   AI→REGEX: li <- https://www.linkedin.com/company/senecio-robotics/ (duplicate, skipped)
[2026-03-05T07:18:20.948Z] ── Step 2b: Footer/header uncategorized links ──
[2026-03-05T07:18:20.948Z] Footer/header origins (3):
[2026-03-05T07:18:20.948Z]   FOOTER/HEADER ORIGIN: https://www.senecio-robotics.com
[2026-03-05T07:18:20.948Z]   FOOTER/HEADER ORIGIN: http://heb.senecio-robotics.com
[2026-03-05T07:18:20.948Z]   FOOTER/HEADER ORIGIN: https://www.linkedin.com
[2026-03-05T07:18:20.949Z]   SKIP (not in footer/header): https://cordis.europa.eu/article/id/448490-how-do-you-farm-mosquitoes
[2026-03-05T07:18:20.949Z]   SKIP (not in footer/header): https://en.wikipedia.org/wiki/Be%27er_Ya%27akov
[2026-03-05T07:18:20.949Z]   SKIP (not in footer/header): https://en.wikipedia.org/wiki/Eyal
[2026-03-05T07:18:20.949Z]   SKIP (not in footer/header): https://en.wikipedia.org/wiki/Modi'in-Maccabim-Re'ut
[2026-03-05T07:18:20.949Z]   SKIP (not in footer/header): https://en.wikipedia.org/wiki/Nir_Eliyahu
[2026-03-05T07:18:20.949Z]   SKIP (not in footer/header): https://en.wikipedia.org/wiki/Savyon
[2026-03-05T07:18:20.949Z]   SKIP (not in footer/header): https://en.wikipedia.org/wiki/Sde_Warburg
[2026-03-05T07:18:20.949Z]   SKIP (not in footer/header): https://en.wikipedia.org/wiki/Zikhron_Ya%27akov
[2026-03-05T07:18:20.949Z]   SKIP (not in footer/header): https://nocamels.com/2022/06/startups-climate-tech-water-un
[2026-03-05T07:18:20.949Z]   SKIP (not in footer/header): https://www.brandeins.de/magazine/brand-eins-wirtschaftsmagazin/2024/naehe/senecio-robotics-moskitos-vom-fliessband
[2026-03-05T07:18:20.950Z]   SKIP (not in footer/header): https://www.calcalistech.com/ctech/articles/0,7340,L-3776444,00.html
[2026-03-05T07:18:20.950Z]   SKIP (not in footer/header): https://www.danhotels.com/CaesareaHotels/DanCaesareaHotel
[2026-03-05T07:18:20.950Z]   SKIP (not in footer/header): https://www.rentokil.com
[2026-03-05T07:18:20.950Z]   SKIP (not in footer/header): https://www.timesofisrael.com/mosquito-love-bombs-to-combat-deadly-epidemics
[2026-03-05T07:18:20.950Z]   SKIP (not in footer/header): https://www.ynet.co.il/articles/0,7340,L-5486279,00.html
[2026-03-05T07:18:20.950Z]   SKIP (not in footer/header): https://youtu.be/xHSNajj35Ks?si=yaogdBa31JRmcGk3
[2026-03-05T07:18:20.950Z] Step 2b result: added 0 uncategorized domains from footer/header
[2026-03-05T07:18:20.950Z] ── Step 3: Final dedup ──
[2026-03-05T07:18:20.950Z] Dedup: removed 0 of 1 URLs already in specialized fields
[2026-03-05T07:18:20.950Z] ── FINAL RESULT ──
[2026-03-05T07:18:20.951Z]   ws (2):
[2026-03-05T07:18:20.951Z]     - https://heb.senecio-robotics.com
[2026-03-05T07:18:20.951Z]     - https://www.senecio-robotics.com
[2026-03-05T07:18:20.951Z]   li (1):
[2026-03-05T07:18:20.951Z]     - https://www.linkedin.com/company/senecio-robotics
[2026-03-05T07:18:20.951Z]   urls (1):
[2026-03-05T07:18:20.951Z]     - https://www.senecio-robotics.com
[2026-03-05T07:18:20.951Z] Summary: ws:2, li:1, urls:1
[2026-03-05T07:18:20.952Z] Saved final result to result.json
[2026-03-05T07:18:20.952Z] Override fields: ws, li, urls
[2026-03-05T07:18:20.952Z] Finished at: 2026-03-05T07:18:20.952Z
