[2026-03-06T08:32:10.681Z] === Homepage AI Extractor: Timocco ===
[2026-03-06T08:32:10.681Z] Started at: 2026-03-06T08:32:10.681Z
[2026-03-06T08:32:10.681Z] Log directory: E:\code\The Wall\mono\packages\scrapper\logs\homepage_ai_extractor\1772785930681_Timocco
[2026-03-06T08:32:10.681Z] Company: Timocco
[2026-03-06T08:32:10.681Z] Website: timocco.com
[2026-03-06T08:32:10.681Z] cbRank: 172370
[2026-03-06T08:32:10.681Z] Reasons: h
[2026-03-06T08:32:10.681Z] Fetching: https://timocco.com
[2026-03-06T08:32:17.121Z] Redirected: https://timocco.com -> https://www.timocco.com/
[2026-03-06T08:32:17.125Z] Saved HTML (66770 bytes) to page.html
[2026-03-06T08:32:17.129Z] Extracted 34 unique links from page
[2026-03-06T08:32:17.129Z] Saved 34 links to links.json
[2026-03-06T08:32:17.131Z] Extracted footer HTML (384 chars)
[2026-03-06T08:32:17.132Z] Extracted header HTML (2058 chars)
[2026-03-06T08:32:17.138Z] Website (post-redirect): https://www.timocco.com/ → origin: https://www.timocco.com
[2026-03-06T08:32:17.138Z] External links: 8 (of 34 total)
[2026-03-06T08:32:17.138Z] ── All external links ──
[2026-03-06T08:32:17.138Z]   EXT: http://my.studiopress.com/themes/centric
[2026-03-06T08:32:17.138Z]   EXT: http://timocco-online.com/wp-login.php
[2026-03-06T08:32:17.139Z]   EXT: http://www.timocco-online.com/disclaimer-info
[2026-03-06T08:32:17.139Z]   EXT: https://twitter.com/Timocco?ref_src=twsrc%5Egoogle%7Ctwcamp%5Eserp%7Ctwgr%5Eauthor
[2026-03-06T08:32:17.139Z]   EXT: https://wordpress.org
[2026-03-06T08:32:17.139Z]   EXT: https://www.facebook.com/playtimocco
[2026-03-06T08:32:17.139Z]   EXT: https://www.studiopress.com
[2026-03-06T08:32:17.139Z]   EXT: https://www.youtube.com/channel/UC0rmGhZOJwAqiifZ7HivrTg
[2026-03-06T08:32:17.139Z] ── Step 1: Programmatic categorization ──
[2026-03-06T08:32:17.139Z]   UNCATEGORIZED: http://my.studiopress.com/themes/centric
[2026-03-06T08:32:17.139Z]   UNCATEGORIZED: http://timocco-online.com/wp-login.php
[2026-03-06T08:32:17.139Z]   UNCATEGORIZED: http://www.timocco-online.com/disclaimer-info
[2026-03-06T08:32:17.140Z]   REGEX: tw <- https://twitter.com/Timocco?ref_src=twsrc%5Egoogle%7Ctwcamp%5Eserp%7Ctwgr%5Eauthor
[2026-03-06T08:32:17.140Z]   UNCATEGORIZED: https://wordpress.org
[2026-03-06T08:32:17.140Z]   REGEX: fb <- https://www.facebook.com/playtimocco
[2026-03-06T08:32:17.140Z]   UNCATEGORIZED: https://www.studiopress.com
[2026-03-06T08:32:17.140Z]   REGEX: ytc <- https://www.youtube.com/channel/UC0rmGhZOJwAqiifZ7HivrTg
[2026-03-06T08:32:17.140Z] Programmatic result: ws:1, tw:1, fb:1, ytc:1 | 5 uncategorized
[2026-03-06T08:32:17.140Z] Sending uncategorized links + HTML sections to AI for analysis...
[2026-03-06T08:32:17.141Z] Saved AI prompt (2438 chars) to ai_prompt.txt
[2026-03-06T08:32:31.346Z] Saved AI response to ai_response.json
[2026-03-06T08:32:31.346Z] ── Parsing AI response (3 lines) ──
[2026-03-06T08:32:31.346Z]   AI LINK: http://www.timocco-online.com/disclaimer-info
[2026-03-06T08:32:31.347Z]   AI LINK: http://timocco-online.com/wp-login.php
[2026-03-06T08:32:31.347Z]   AI LINK: https://www.timocco.com/wp-login.php
[2026-03-06T08:32:31.347Z] AI returned 3 valid links
[2026-03-06T08:32:31.347Z] ── Categorizing 3 AI-returned links ──
[2026-03-06T08:32:31.347Z]   AI→URLS: http://www.timocco-online.com/disclaimer-info
[2026-03-06T08:32:31.347Z]   AI→URLS: http://timocco-online.com/wp-login.php
[2026-03-06T08:32:31.347Z]   AI→URLS: https://www.timocco.com/wp-login.php
[2026-03-06T08:32:31.348Z] ── Step 2b: Footer/header uncategorized links ──
[2026-03-06T08:32:31.348Z] Footer/header origins (6):
[2026-03-06T08:32:31.348Z]   FOOTER/HEADER ORIGIN: http://my.studiopress.com
[2026-03-06T08:32:31.348Z]   FOOTER/HEADER ORIGIN: https://www.studiopress.com
[2026-03-06T08:32:31.348Z]   FOOTER/HEADER ORIGIN: https://wordpress.org
[2026-03-06T08:32:31.348Z]   FOOTER/HEADER ORIGIN: https://www.timocco.com
[2026-03-06T08:32:31.348Z]   FOOTER/HEADER ORIGIN: http://www.timocco.com
[2026-03-06T08:32:31.348Z]   FOOTER/HEADER ORIGIN: http://timocco-online.com
[2026-03-06T08:32:31.348Z]   ADDED: urls <- http://my.studiopress.com/themes/centric
[2026-03-06T08:32:31.348Z]   SKIP (AI claimed): http://timocco-online.com/wp-login.php
[2026-03-06T08:32:31.349Z]   SKIP (AI claimed): http://www.timocco-online.com/disclaimer-info
[2026-03-06T08:32:31.349Z]   ADDED: urls <- https://wordpress.org
[2026-03-06T08:32:31.349Z]   ADDED: urls <- https://www.studiopress.com
[2026-03-06T08:32:31.349Z] Step 2b result: added 3 uncategorized domains from footer/header
[2026-03-06T08:32:31.349Z] ── Step 3: Final dedup ──
[2026-03-06T08:32:31.349Z] Dedup: removed 0 of 6 URLs already in specialized fields
[2026-03-06T08:32:31.349Z] ── FINAL RESULT ──
[2026-03-06T08:32:31.349Z]   ws (1):
[2026-03-06T08:32:31.349Z]     - https://www.timocco.com
[2026-03-06T08:32:31.349Z]   fb (1):
[2026-03-06T08:32:31.349Z]     - https://www.facebook.com/playtimocco
[2026-03-06T08:32:31.349Z]   tw (1):
[2026-03-06T08:32:31.350Z]     - https://x.com/timocco
[2026-03-06T08:32:31.350Z]   ytc (1):
[2026-03-06T08:32:31.350Z]     - https://www.youtube.com/channel/UC0rmGhZOJwAqiifZ7HivrTg
[2026-03-06T08:32:31.350Z]   urls (6):
[2026-03-06T08:32:31.350Z]     - http://my.studiopress.com/themes/centric
[2026-03-06T08:32:31.350Z]     - http://timocco-online.com/wp-login.php
[2026-03-06T08:32:31.350Z]     - http://www.timocco-online.com/disclaimer-info
[2026-03-06T08:32:31.350Z]     - https://wordpress.org
[2026-03-06T08:32:31.350Z]     - https://www.studiopress.com
[2026-03-06T08:32:31.350Z]     - https://www.timocco.com/wp-login.php
[2026-03-06T08:32:31.350Z] Summary: ws:1, tw:1, fb:1, ytc:1, urls:6
[2026-03-06T08:32:31.351Z] Saved final result to result.json
[2026-03-06T08:32:31.351Z] Override fields: ws, fb, tw, ytc, urls
[2026-03-06T08:32:31.351Z] Finished at: 2026-03-06T08:32:31.351Z
