[2026-02-27T04:49:39.937Z] === Homepage AI Extractor: NeuroSense Therapeutics ===
[2026-02-27T04:49:39.937Z] Started at: 2026-02-27T04:49:39.937Z
[2026-02-27T04:49:39.938Z] Log directory: E:\code\The Wall\mono\packages\scrapper\logs\homepage_ai_extractor\1772167779936_NeuroSense_Therapeutics
[2026-02-27T04:49:39.938Z] Company: NeuroSense Therapeutics
[2026-02-27T04:49:39.938Z] Website: neurosense-tx.com
[2026-02-27T04:49:39.938Z] cbRank: 15604
[2026-02-27T04:49:39.938Z] Reasons: h
[2026-02-27T04:49:39.938Z] Fetching: https://neurosense-tx.com
[2026-02-27T04:49:45.407Z] Redirected: https://neurosense-tx.com -> https://www.neurosense-tx.com/
[2026-02-27T04:49:45.441Z] Saved HTML (325509 bytes) to page.html
[2026-02-27T04:49:45.446Z] Extracted 27 unique links from page
[2026-02-27T04:49:45.448Z] Saved 27 links to links.json
[2026-02-27T04:49:45.478Z] Extracted footer HTML (88689 chars)
[2026-02-27T04:49:45.479Z] Extracted header HTML (37691 chars)
[2026-02-27T04:49:45.490Z] Website (post-redirect): https://www.neurosense-tx.com/
[2026-02-27T04:49:45.491Z] External links: 6 (of 27 total)
[2026-02-27T04:49:45.491Z] ── All external links ──
[2026-02-27T04:49:45.491Z]   EXT: https://neurosense.investorroom.com
[2026-02-27T04:49:45.491Z]   EXT: https://twitter.com/NeurosenseT
[2026-02-27T04:49:45.491Z]   EXT: https://www.facebook.com/neurosensetx
[2026-02-27T04:49:45.491Z]   EXT: https://www.instagram.com/neurosense_therapeutics/?hl=en
[2026-02-27T04:49:45.491Z]   EXT: https://www.linkedin.com/company/neurosense-therapeutics/?trk=company_logo
[2026-02-27T04:49:45.492Z]   EXT: https://www.webnoise.co.il
[2026-02-27T04:49:45.492Z] ── Step 1: Programmatic categorization ──
[2026-02-27T04:49:45.492Z]   UNCATEGORIZED: https://neurosense.investorroom.com
[2026-02-27T04:49:45.493Z]   REGEX: tw <- https://twitter.com/NeurosenseT
[2026-02-27T04:49:45.493Z]   REGEX: fb <- https://www.facebook.com/neurosensetx
[2026-02-27T04:49:45.493Z]   REGEX: ig <- https://www.instagram.com/neurosense_therapeutics/?hl=en
[2026-02-27T04:49:45.493Z]   REGEX: li <- https://www.linkedin.com/company/neurosense-therapeutics/?trk=company_logo
[2026-02-27T04:49:45.494Z]   UNCATEGORIZED: https://www.webnoise.co.il
[2026-02-27T04:49:45.494Z] Programmatic result: ws:1, tw:1, fb:1, ig:1, li:1 | 2 uncategorized
[2026-02-27T04:49:45.494Z] Sending uncategorized links + HTML sections to AI for analysis...
[2026-02-27T04:49:45.496Z] Saved AI prompt (11806 chars) to ai_prompt.txt
[2026-02-27T04:50:56.448Z] Saved AI response to ai_response.json
[2026-02-27T04:50:56.449Z] ── Parsing AI response (6 lines) ──
[2026-02-27T04:50:56.449Z]   AI LINK: https://www.neurosense-tx.com
[2026-02-27T04:50:56.449Z]   AI LINK: https://www.instagram.com/neurosense_therapeutics/?hl=en
[2026-02-27T04:50:56.449Z]   AI LINK: https://www.facebook.com/neurosensetx
[2026-02-27T04:50:56.449Z]   AI LINK: https://www.linkedin.com/company/neurosense-therapeutics/?trk=company_logo
[2026-02-27T04:50:56.450Z]   AI LINK: https://twitter.com/NeurosenseT
[2026-02-27T04:50:56.450Z]   AI LINK: https://neurosense.investorroom.com
[2026-02-27T04:50:56.450Z] AI returned 6 valid links
[2026-02-27T04:50:56.450Z] ── Categorizing 6 AI-returned links ──
[2026-02-27T04:50:56.450Z]   AI→URLS: https://www.neurosense-tx.com
[2026-02-27T04:50:56.450Z]   AI→REGEX: ig <- https://www.instagram.com/neurosense_therapeutics/?hl=en (duplicate, skipped)
[2026-02-27T04:50:56.450Z]   AI→REGEX: fb <- https://www.facebook.com/neurosensetx (duplicate, skipped)
[2026-02-27T04:50:56.451Z]   AI→REGEX: li <- https://www.linkedin.com/company/neurosense-therapeutics/?trk=company_logo (duplicate, skipped)
[2026-02-27T04:50:56.451Z]   AI→REGEX: tw <- https://twitter.com/NeurosenseT (duplicate, skipped)
[2026-02-27T04:50:56.451Z]   AI→URLS: https://neurosense.investorroom.com
[2026-02-27T04:50:56.452Z] ── Step 2b: Footer/header uncategorized links ──
[2026-02-27T04:50:56.452Z] Footer/header origins (7):
[2026-02-27T04:50:56.452Z]   FOOTER/HEADER ORIGIN: https://www.neurosense-tx.com
[2026-02-27T04:50:56.452Z]   FOOTER/HEADER ORIGIN: https://www.instagram.com
[2026-02-27T04:50:56.452Z]   FOOTER/HEADER ORIGIN: https://www.facebook.com
[2026-02-27T04:50:56.452Z]   FOOTER/HEADER ORIGIN: https://www.linkedin.com
[2026-02-27T04:50:56.452Z]   FOOTER/HEADER ORIGIN: https://twitter.com
[2026-02-27T04:50:56.452Z]   FOOTER/HEADER ORIGIN: https://neurosense.investorroom.com
[2026-02-27T04:50:56.452Z]   FOOTER/HEADER ORIGIN: https://www.webnoise.co.il
[2026-02-27T04:50:56.453Z]   SKIP (AI claimed): https://neurosense.investorroom.com
[2026-02-27T04:50:56.453Z]   ADDED: urls <- https://www.webnoise.co.il
[2026-02-27T04:50:56.453Z] Step 2b result: added 1 uncategorized domains from footer/header
[2026-02-27T04:50:56.453Z] ── Step 3: Final dedup ──
[2026-02-27T04:50:56.453Z] Dedup: removed 0 of 3 URLs already in specialized fields
[2026-02-27T04:50:56.453Z] ── FINAL RESULT ──
[2026-02-27T04:50:56.453Z]   ws (1):
[2026-02-27T04:50:56.453Z]     - https://www.neurosense-tx.com/
[2026-02-27T04:50:56.454Z]   li (1):
[2026-02-27T04:50:56.454Z]     - https://www.linkedin.com/company/neurosense-therapeutics
[2026-02-27T04:50:56.454Z]   fb (1):
[2026-02-27T04:50:56.454Z]     - https://www.facebook.com/neurosensetx
[2026-02-27T04:50:56.454Z]   tw (1):
[2026-02-27T04:50:56.454Z]     - https://x.com/neurosenset
[2026-02-27T04:50:56.454Z]   ig (1):
[2026-02-27T04:50:56.454Z]     - https://www.instagram.com/neurosense_therapeutics
[2026-02-27T04:50:56.454Z]   urls (3):
[2026-02-27T04:50:56.454Z]     - https://neurosense.investorroom.com
[2026-02-27T04:50:56.455Z]     - https://www.neurosense-tx.com
[2026-02-27T04:50:56.455Z]     - https://www.webnoise.co.il
[2026-02-27T04:50:56.455Z] Summary: ws:1, tw:1, fb:1, ig:1, li:1, urls:3
[2026-02-27T04:50:56.456Z] Saved final result to result.json
[2026-02-27T04:50:56.456Z] Override fields: ws, li, fb, tw, ig, urls
[2026-02-27T04:50:56.457Z] Finished at: 2026-02-27T04:50:56.456Z
