[2026-03-06T04:28:32.144Z] === Homepage AI Extractor: Tuvis ===
[2026-03-06T04:28:32.144Z] Started at: 2026-03-06T04:28:32.144Z
[2026-03-06T04:28:32.144Z] Log directory: E:\code\The Wall\mono\packages\scrapper\logs\homepage_ai_extractor\1772771312144_Tuvis
[2026-03-06T04:28:32.144Z] Company: Tuvis
[2026-03-06T04:28:32.145Z] Website: tuvis.com
[2026-03-06T04:28:32.145Z] cbRank: 125620
[2026-03-06T04:28:32.145Z] Reasons: h
[2026-03-06T04:28:32.145Z] Fetching: https://tuvis.com
[2026-03-06T04:28:41.820Z] Dismissed cookie consent popup via: button:has-text("Accept all")
[2026-03-06T04:28:44.750Z] Redirected: https://tuvis.com -> https://tuvis.com/
[2026-03-06T04:28:44.767Z] Saved HTML (360431 bytes) to page.html
[2026-03-06T04:28:44.770Z] Extracted 29 unique links from page
[2026-03-06T04:28:44.772Z] Saved 29 links to links.json
[2026-03-06T04:28:44.775Z] Extracted footer HTML (12400 chars)
[2026-03-06T04:28:44.775Z] Extracted header HTML (14635 chars)
[2026-03-06T04:28:44.782Z] Website (post-redirect): https://tuvis.com/ → origin: https://tuvis.com
[2026-03-06T04:28:44.782Z] External links: 5 (of 29 total)
[2026-03-06T04:28:44.782Z] ── All external links ──
[2026-03-06T04:28:44.782Z]   EXT: https://petrobras.com.br
[2026-03-06T04:28:44.782Z]   EXT: https://pinterest.com
[2026-03-06T04:28:44.782Z]   EXT: https://www.facebook.com/tuviscom
[2026-03-06T04:28:44.782Z]   EXT: https://www.instagram.com/tuviscom
[2026-03-06T04:28:44.783Z]   EXT: https://www.linkedin.com/company/tuviscom
[2026-03-06T04:28:44.783Z] ── Step 1: Programmatic categorization ──
[2026-03-06T04:28:44.783Z]   UNCATEGORIZED: https://petrobras.com.br
[2026-03-06T04:28:44.783Z]   UNCATEGORIZED: https://pinterest.com
[2026-03-06T04:28:44.783Z]   REGEX: fb <- https://www.facebook.com/tuviscom
[2026-03-06T04:28:44.783Z]   REGEX: ig <- https://www.instagram.com/tuviscom
[2026-03-06T04:28:44.784Z]   REGEX: li <- https://www.linkedin.com/company/tuviscom
[2026-03-06T04:28:44.784Z] Programmatic result: ws:1, fb:1, ig:1, li:1 | 2 uncategorized
[2026-03-06T04:28:44.784Z] Sending uncategorized links + HTML sections to AI for analysis...
[2026-03-06T04:28:44.785Z] Saved AI prompt (6457 chars) to ai_prompt.txt
[2026-03-06T04:29:17.048Z] Saved AI response to ai_response.json
[2026-03-06T04:29:17.048Z] ── Parsing AI response (3 lines) ──
[2026-03-06T04:29:17.048Z]   AI LINK: https://www.linkedin.com/company/tuviscom/
[2026-03-06T04:29:17.049Z]   AI LINK: https://www.facebook.com/tuviscom
[2026-03-06T04:29:17.049Z]   AI LINK: https://www.instagram.com/tuviscom/
[2026-03-06T04:29:17.049Z] AI returned 3 valid links
[2026-03-06T04:29:17.049Z] ── Categorizing 3 AI-returned links ──
[2026-03-06T04:29:17.049Z]   AI→REGEX: li <- https://www.linkedin.com/company/tuviscom/ (duplicate, skipped)
[2026-03-06T04:29:17.049Z]   AI→REGEX: fb <- https://www.facebook.com/tuviscom (duplicate, skipped)
[2026-03-06T04:29:17.049Z]   AI→REGEX: ig <- https://www.instagram.com/tuviscom/ (duplicate, skipped)
[2026-03-06T04:29:17.049Z] ── Step 2b: Footer/header uncategorized links ──
[2026-03-06T04:29:17.050Z] Footer/header origins (4):
[2026-03-06T04:29:17.050Z]   FOOTER/HEADER ORIGIN: https://tuvis.com
[2026-03-06T04:29:17.050Z]   FOOTER/HEADER ORIGIN: https://www.linkedin.com
[2026-03-06T04:29:17.050Z]   FOOTER/HEADER ORIGIN: https://www.facebook.com
[2026-03-06T04:29:17.050Z]   FOOTER/HEADER ORIGIN: https://www.instagram.com
[2026-03-06T04:29:17.050Z]   SKIP (not in footer/header): https://petrobras.com.br
[2026-03-06T04:29:17.050Z]   SKIP (not in footer/header): https://pinterest.com
[2026-03-06T04:29:17.050Z] Step 2b result: added 0 uncategorized domains from footer/header
[2026-03-06T04:29:17.050Z] ── Step 3: Final dedup ──
[2026-03-06T04:29:17.050Z] No urls to dedup
[2026-03-06T04:29:17.050Z] ── FINAL RESULT ──
[2026-03-06T04:29:17.050Z]   ws (1):
[2026-03-06T04:29:17.050Z]     - https://tuvis.com
[2026-03-06T04:29:17.050Z]   li (1):
[2026-03-06T04:29:17.051Z]     - https://www.linkedin.com/company/tuviscom
[2026-03-06T04:29:17.051Z]   fb (1):
[2026-03-06T04:29:17.051Z]     - https://www.facebook.com/tuviscom
[2026-03-06T04:29:17.051Z]   ig (1):
[2026-03-06T04:29:17.051Z]     - https://www.instagram.com/tuviscom
[2026-03-06T04:29:17.051Z] Summary: ws:1, fb:1, ig:1, li:1
[2026-03-06T04:29:17.052Z] Saved final result to result.json
[2026-03-06T04:29:17.052Z] Override fields: ws, li, fb, ig
[2026-03-06T04:29:17.052Z] Finished at: 2026-03-06T04:29:17.052Z
