[2026-03-06T03:25:39.907Z] === Homepage AI Extractor: Betteryou ===
[2026-03-06T03:25:39.907Z] Started at: 2026-03-06T03:25:39.907Z
[2026-03-06T03:25:39.907Z] Log directory: E:\code\The Wall\mono\packages\scrapper\logs\homepage_ai_extractor\1772767539907_Betteryou
[2026-03-06T03:25:39.907Z] Company: Betteryou
[2026-03-06T03:25:39.908Z] Website: betteryou.tech
[2026-03-06T03:25:39.908Z] cbRank: 115010
[2026-03-06T03:25:39.908Z] Reasons: h
[2026-03-06T03:25:39.908Z] Fetching: https://betteryou.tech
[2026-03-06T03:25:50.587Z] Network idle timeout — continuing with current state
[2026-03-06T03:25:50.633Z] Redirected: https://betteryou.tech -> https://www.betteryou.tech/
[2026-03-06T03:25:50.646Z] Saved HTML (402501 bytes) to page.html
[2026-03-06T03:25:50.649Z] Extracted 4 unique links from page
[2026-03-06T03:25:50.650Z] Saved 4 links to links.json
[2026-03-06T03:25:50.653Z] Extracted footer HTML (1662 chars)
[2026-03-06T03:25:50.653Z] Extracted header HTML (5255 chars)
[2026-03-06T03:25:50.657Z] Website (post-redirect): https://www.betteryou.tech/ → origin: https://www.betteryou.tech
[2026-03-06T03:25:50.658Z]   SUBDOMAIN: accounts.betteryou.tech (added to ws)
[2026-03-06T03:25:50.658Z] Website subdomains found: 1
[2026-03-06T03:25:50.658Z] External links: 1 (of 4 total)
[2026-03-06T03:25:50.658Z] ── All external links ──
[2026-03-06T03:25:50.658Z]   EXT: https://form.typeform.com/to/otpBmj6K
[2026-03-06T03:25:50.658Z] ── Step 1: Programmatic categorization ──
[2026-03-06T03:25:50.658Z]   UNCATEGORIZED: https://form.typeform.com/to/otpBmj6K
[2026-03-06T03:25:50.658Z] Programmatic result: ws:2 | 1 uncategorized
[2026-03-06T03:25:50.658Z] Sending uncategorized links + HTML sections to AI for analysis...
[2026-03-06T03:25:50.659Z] Saved AI prompt (2710 chars) to ai_prompt.txt
[2026-03-06T03:26:01.495Z] Saved AI response to ai_response.json
[2026-03-06T03:26:01.495Z] ── Parsing AI response (1 lines) ──
[2026-03-06T03:26:01.495Z]   AI LINK: https://form.typeform.com/to/otpBmj6K
[2026-03-06T03:26:01.495Z] AI returned 1 valid links
[2026-03-06T03:26:01.495Z] ── Categorizing 1 AI-returned links ──
[2026-03-06T03:26:01.495Z]   AI→URLS: https://form.typeform.com/to/otpBmj6K
[2026-03-06T03:26:01.496Z] ── Step 2b: Footer/header uncategorized links ──
[2026-03-06T03:26:01.496Z] Footer/header origins (4):
[2026-03-06T03:26:01.496Z]   FOOTER/HEADER ORIGIN: http://betteryou.tech
[2026-03-06T03:26:01.496Z]   FOOTER/HEADER ORIGIN: https://www.betteryou.tech
[2026-03-06T03:26:01.496Z]   FOOTER/HEADER ORIGIN: https://form.typeform.com
[2026-03-06T03:26:01.496Z]   FOOTER/HEADER ORIGIN: https://accounts.betteryou.tech
[2026-03-06T03:26:01.496Z]   SKIP (AI claimed): https://form.typeform.com/to/otpBmj6K
[2026-03-06T03:26:01.496Z] Step 2b result: added 0 uncategorized domains from footer/header
[2026-03-06T03:26:01.496Z] ── Step 3: Final dedup ──
[2026-03-06T03:26:01.496Z] Dedup: removed 0 of 1 URLs already in specialized fields
[2026-03-06T03:26:01.496Z] ── FINAL RESULT ──
[2026-03-06T03:26:01.496Z]   ws (2):
[2026-03-06T03:26:01.496Z]     - https://accounts.betteryou.tech
[2026-03-06T03:26:01.497Z]     - https://www.betteryou.tech
[2026-03-06T03:26:01.497Z]   urls (1):
[2026-03-06T03:26:01.497Z]     - https://form.typeform.com/to/otpBmj6K
[2026-03-06T03:26:01.497Z] Summary: ws:2, urls:1
[2026-03-06T03:26:01.497Z] Saved final result to result.json
[2026-03-06T03:26:01.497Z] Override fields: ws, urls
[2026-03-06T03:26:01.498Z] Finished at: 2026-03-06T03:26:01.498Z
