[2026-03-06T04:34:47.629Z] === Homepage AI Extractor: IntraPosition ===
[2026-03-06T04:34:47.629Z] Started at: 2026-03-06T04:34:47.629Z
[2026-03-06T04:34:47.629Z] Log directory: E:\code\The Wall\mono\packages\scrapper\logs\homepage_ai_extractor\1772771687628_IntraPosition
[2026-03-06T04:34:47.629Z] Company: IntraPosition
[2026-03-06T04:34:47.629Z] Website: intraposition.com
[2026-03-06T04:34:47.629Z] cbRank: 126262
[2026-03-06T04:34:47.629Z] Reasons: h
[2026-03-06T04:34:47.629Z] Fetching: https://intraposition.com
[2026-03-06T04:34:59.255Z] Network idle timeout — continuing with current state
[2026-03-06T04:34:59.303Z] Redirected: https://intraposition.com -> https://www.intraposition.com/
[2026-03-06T04:34:59.348Z] Saved HTML (1485210 bytes) to page.html
[2026-03-06T04:34:59.351Z] Extracted 21 unique links from page
[2026-03-06T04:34:59.352Z] Saved 21 links to links.json
[2026-03-06T04:34:59.355Z] Extracted footer HTML (16692 chars)
[2026-03-06T04:34:59.355Z] Extracted header HTML (18503 chars)
[2026-03-06T04:34:59.362Z] Website (post-redirect): https://www.intraposition.com/ → origin: https://www.intraposition.com
[2026-03-06T04:34:59.362Z] External links: 1 (of 21 total)
[2026-03-06T04:34:59.362Z] ── All external links ──
[2026-03-06T04:34:59.362Z]   EXT: https://www.linkedin.com/company/intraposition
[2026-03-06T04:34:59.362Z] ── Step 1: Programmatic categorization ──
[2026-03-06T04:34:59.362Z]   REGEX: li <- https://www.linkedin.com/company/intraposition
[2026-03-06T04:34:59.363Z] Programmatic result: ws:1, li:1 | 0 uncategorized
[2026-03-06T04:34:59.363Z] Sending uncategorized links + HTML sections to AI for analysis...
[2026-03-06T04:34:59.363Z] Saved AI prompt (8638 chars) to ai_prompt.txt
[2026-03-06T04:35:41.063Z] Saved AI response to ai_response.json
[2026-03-06T04:35:41.063Z] ── Parsing AI response (1 lines) ──
[2026-03-06T04:35:41.063Z]   AI LINK: https://www.linkedin.com/company/intraposition/
[2026-03-06T04:35:41.063Z] AI returned 1 valid links
[2026-03-06T04:35:41.063Z] ── Categorizing 1 AI-returned links ──
[2026-03-06T04:35:41.063Z]   AI→REGEX: li <- https://www.linkedin.com/company/intraposition/ (duplicate, skipped)
[2026-03-06T04:35:41.064Z] ── Step 2b: Footer/header uncategorized links ──
[2026-03-06T04:35:41.064Z] Footer/header origins (2):
[2026-03-06T04:35:41.064Z]   FOOTER/HEADER ORIGIN: https://www.intraposition.com
[2026-03-06T04:35:41.064Z]   FOOTER/HEADER ORIGIN: https://www.linkedin.com
[2026-03-06T04:35:41.064Z] Step 2b result: added 0 uncategorized domains from footer/header
[2026-03-06T04:35:41.064Z] ── Step 3: Final dedup ──
[2026-03-06T04:35:41.064Z] No urls to dedup
[2026-03-06T04:35:41.064Z] ── FINAL RESULT ──
[2026-03-06T04:35:41.064Z]   ws (1):
[2026-03-06T04:35:41.064Z]     - https://www.intraposition.com
[2026-03-06T04:35:41.065Z]   li (1):
[2026-03-06T04:35:41.065Z]     - https://www.linkedin.com/company/intraposition
[2026-03-06T04:35:41.065Z] Summary: ws:1, li:1
[2026-03-06T04:35:41.067Z] Saved final result to result.json
[2026-03-06T04:35:41.067Z] Override fields: ws, li
[2026-03-06T04:35:41.067Z] Finished at: 2026-03-06T04:35:41.067Z
