[2026-03-06T08:44:24.661Z] === Homepage AI Extractor: Variscite ===
[2026-03-06T08:44:24.661Z] Started at: 2026-03-06T08:44:24.661Z
[2026-03-06T08:44:24.661Z] Log directory: E:\code\The Wall\mono\packages\scrapper\logs\homepage_ai_extractor\1772786664660_Variscite
[2026-03-06T08:44:24.661Z] Company: Variscite
[2026-03-06T08:44:24.661Z] Website: variscite.com
[2026-03-06T08:44:24.661Z] cbRank: 176126
[2026-03-06T08:44:24.661Z] Reasons: h
[2026-03-06T08:44:24.661Z] Fetching: https://variscite.com
[2026-03-06T08:44:44.100Z] Network idle timeout — continuing with current state
[2026-03-06T08:44:44.220Z] Dismissed cookie consent popup via: button:has-text("Allow all")
[2026-03-06T08:44:52.179Z] Redirected: https://variscite.com -> https://variscite.com/
[2026-03-06T08:44:52.197Z] Saved HTML (427197 bytes) to page.html
[2026-03-06T08:44:52.202Z] Extracted 75 unique links from page
[2026-03-06T08:44:52.203Z] Saved 75 links to links.json
[2026-03-06T08:44:52.208Z] Extracted footer HTML (21947 chars)
[2026-03-06T08:44:52.208Z] Extracted header HTML (31630 chars)
[2026-03-06T08:44:52.215Z] Website (post-redirect): https://variscite.com/ → origin: https://variscite.com
[2026-03-06T08:44:52.215Z]   SUBDOMAIN: dev.variscite.com (added to ws)
[2026-03-06T08:44:52.215Z]   SUBDOMAIN: python.variscite.com (added to ws)
[2026-03-06T08:44:52.215Z]   SUBDOMAIN: shop.variscite.com (added to ws)
[2026-03-06T08:44:52.215Z] Website subdomains found: 3
[2026-03-06T08:44:52.216Z] External links: 21 (of 75 total)
[2026-03-06T08:44:52.216Z] ── All external links ──
[2026-03-06T08:44:52.216Z]   EXT: https://business.safety.google/privacy
[2026-03-06T08:44:52.216Z]   EXT: https://github.com/varigit
[2026-03-06T08:44:52.216Z]   EXT: https://privacy.microsoft.com/en-US/privacystatement
[2026-03-06T08:44:52.216Z]   EXT: https://privacy.microsoft.com/en-us/privacystatement
[2026-03-06T08:44:52.216Z]   EXT: https://shop.variscite.de/#sf_source=direct#sf_medium=N%2FA#sf_campaign=N%2FA#sf_content=N%2FA#sf_term=N%2FA
[2026-03-06T08:44:52.216Z]   EXT: https://twitter.com/Variscite_Ltd
[2026-03-06T08:44:52.216Z]   EXT: https://twitter.com/en/privacy
[2026-03-06T08:44:52.216Z]   EXT: https://variscite.de/#sf_source=direct#sf_medium=N%2FA#sf_campaign=N%2FA#sf_content=N%2FA#sf_term=N%2FA
[2026-03-06T08:44:52.217Z]   EXT: https://variscite.it/#sf_source=direct#sf_medium=N%2FA#sf_campaign=N%2FA#sf_content=N%2FA#sf_term=N%2FA
[2026-03-06T08:44:52.217Z]   EXT: https://varisciteportal.axosoft.com/login#sf_source=direct#sf_medium=N%2FA#sf_campaign=N%2FA#sf_content=N%2FA#sf_term=N%2FA
[2026-03-06T08:44:52.217Z]   EXT: https://www.cloudflare.com/privacypolicy
[2026-03-06T08:44:52.217Z]   EXT: https://www.cookiebot.com
[2026-03-06T08:44:52.217Z]   EXT: https://www.cookiebot.com/en/what-is-behind-powered-by-cookiebot/?utm_source=banner_cb&utm_medium=referral&utm_content=v2
[2026-03-06T08:44:52.217Z]   EXT: https://www.cookiebot.com/goto/privacy-policy
[2026-03-06T08:44:52.217Z]   EXT: https://www.facebook.com/pages/Variscite-Ltd/323442114434181
[2026-03-06T08:44:52.217Z]   EXT: https://www.facebook.com/policy.php
[2026-03-06T08:44:52.217Z]   EXT: https://www.linkedin.com/company/variscite-ltd-
[2026-03-06T08:44:52.217Z]   EXT: https://www.linkedin.com/legal/privacy-policy
[2026-03-06T08:44:52.217Z]   EXT: https://www.taboola.com/privacy-policy
[2026-03-06T08:44:52.217Z]   EXT: https://www.xing.com/pages/variscite
[2026-03-06T08:44:52.218Z]   EXT: https://www.youtube.com/c/VarisciteLtd
[2026-03-06T08:44:52.218Z] ── Step 1: Programmatic categorization ──
[2026-03-06T08:44:52.218Z]   UNCATEGORIZED: https://business.safety.google/privacy
[2026-03-06T08:44:52.218Z]   REGEX: gh <- https://github.com/varigit
[2026-03-06T08:44:52.218Z]   UNCATEGORIZED: https://privacy.microsoft.com/en-US/privacystatement
[2026-03-06T08:44:52.218Z]   UNCATEGORIZED: https://privacy.microsoft.com/en-us/privacystatement
[2026-03-06T08:44:52.218Z]   UNCATEGORIZED: https://shop.variscite.de/#sf_source=direct#sf_medium=N%2FA#sf_campaign=N%2FA#sf_content=N%2FA#sf_term=N%2FA
[2026-03-06T08:44:52.218Z]   REGEX: tw <- https://twitter.com/Variscite_Ltd
[2026-03-06T08:44:52.219Z]   UNCATEGORIZED: https://variscite.de/#sf_source=direct#sf_medium=N%2FA#sf_campaign=N%2FA#sf_content=N%2FA#sf_term=N%2FA
[2026-03-06T08:44:52.219Z]   UNCATEGORIZED: https://variscite.it/#sf_source=direct#sf_medium=N%2FA#sf_campaign=N%2FA#sf_content=N%2FA#sf_term=N%2FA
[2026-03-06T08:44:52.219Z]   UNCATEGORIZED: https://varisciteportal.axosoft.com/login#sf_source=direct#sf_medium=N%2FA#sf_campaign=N%2FA#sf_content=N%2FA#sf_term=N%2FA
[2026-03-06T08:44:52.219Z]   UNCATEGORIZED: https://www.cloudflare.com/privacypolicy
[2026-03-06T08:44:52.219Z]   UNCATEGORIZED: https://www.cookiebot.com
[2026-03-06T08:44:52.219Z]   UNCATEGORIZED: https://www.cookiebot.com/en/what-is-behind-powered-by-cookiebot/?utm_source=banner_cb&utm_medium=referral&utm_content=v2
[2026-03-06T08:44:52.219Z]   UNCATEGORIZED: https://www.cookiebot.com/goto/privacy-policy
[2026-03-06T08:44:52.219Z]   REGEX: li <- https://www.linkedin.com/company/variscite-ltd-
[2026-03-06T08:44:52.219Z]   UNCATEGORIZED: https://www.taboola.com/privacy-policy
[2026-03-06T08:44:52.220Z]   UNCATEGORIZED: https://www.xing.com/pages/variscite
[2026-03-06T08:44:52.220Z]   REGEX: ytp <- https://www.youtube.com/c/VarisciteLtd
[2026-03-06T08:44:52.220Z] ── Step 1b: Resolving 4 regex-domain URLs via redirect ──
[2026-03-06T08:44:52.220Z]   SKIP (regex domain, no match): https://twitter.com/en/privacy
[2026-03-06T08:44:54.448Z]   RESOLVE: https://www.facebook.com/pages/Variscite-Ltd/323442114434181 → https://www.facebook.com/people/Variscite-Ltd/100063892992140
[2026-03-06T08:44:54.468Z]   SKIP (resolved but still no regex match): https://www.facebook.com/people/Variscite-Ltd/100063892992140 (from https://www.facebook.com/pages/Variscite-Ltd/323442114434181)
[2026-03-06T08:44:54.468Z]   SKIP (regex domain, no match): https://www.facebook.com/policy.php
[2026-03-06T08:44:54.468Z]   SKIP (regex domain, no match): https://www.linkedin.com/legal/privacy-policy
[2026-03-06T08:44:54.468Z] Programmatic result: ws:4, gh:1, tw:1, li:1, ytp:1 | 13 uncategorized
[2026-03-06T08:44:54.468Z] Sending uncategorized links + HTML sections to AI for analysis...
[2026-03-06T08:44:54.470Z] Saved AI prompt (15697 chars) to ai_prompt.txt
[2026-03-06T08:46:29.286Z] Saved AI response to ai_response.json
[2026-03-06T08:46:29.287Z] ── Parsing AI response (6 lines) ──
[2026-03-06T08:46:29.287Z]   AI LINK: https://www.linkedin.com/company/variscite-ltd-
[2026-03-06T08:46:29.287Z]   AI LINK: https://twitter.com/Variscite_Ltd
[2026-03-06T08:46:29.287Z]   AI LINK: https://www.facebook.com/pages/Variscite-Ltd/323442114434181
[2026-03-06T08:46:29.287Z]   AI LINK: https://www.xing.com/pages/variscite
[2026-03-06T08:46:29.287Z]   AI LINK: https://github.com/varigit
[2026-03-06T08:46:29.287Z]   AI LINK: https://www.youtube.com/c/VarisciteLtd
[2026-03-06T08:46:29.287Z] AI returned 6 valid links
[2026-03-06T08:46:29.287Z] ── Categorizing 6 AI-returned links ──
[2026-03-06T08:46:29.287Z]   AI→REGEX: li <- https://www.linkedin.com/company/variscite-ltd- (duplicate, skipped)
[2026-03-06T08:46:29.288Z]   AI→REGEX: tw <- https://twitter.com/Variscite_Ltd (duplicate, skipped)
[2026-03-06T08:46:30.507Z]   RESOLVE: https://www.facebook.com/pages/Variscite-Ltd/323442114434181 → https://www.facebook.com/people/Variscite-Ltd/100063892992140
[2026-03-06T08:46:30.566Z]   AI→SKIP (resolved but still no regex match): https://www.facebook.com/people/Variscite-Ltd/100063892992140 (from https://www.facebook.com/pages/Variscite-Ltd/323442114434181)
[2026-03-06T08:46:30.566Z]   AI→URLS: https://www.xing.com/pages/variscite
[2026-03-06T08:46:30.566Z]   AI→REGEX: gh <- https://github.com/varigit (duplicate, skipped)
[2026-03-06T08:46:30.566Z]   AI→REGEX: ytp <- https://www.youtube.com/c/VarisciteLtd (duplicate, skipped)
[2026-03-06T08:46:30.567Z] ── Step 2b: Footer/header uncategorized links ──
[2026-03-06T08:46:30.567Z] Footer/header origins (13):
[2026-03-06T08:46:30.567Z]   FOOTER/HEADER ORIGIN: https://variscite.com
[2026-03-06T08:46:30.567Z]   FOOTER/HEADER ORIGIN: https://dev.variscite.com
[2026-03-06T08:46:30.567Z]   FOOTER/HEADER ORIGIN: https://varisciteportal.axosoft.com
[2026-03-06T08:46:30.567Z]   FOOTER/HEADER ORIGIN: https://python.variscite.com
[2026-03-06T08:46:30.568Z]   FOOTER/HEADER ORIGIN: https://www.linkedin.com
[2026-03-06T08:46:30.568Z]   FOOTER/HEADER ORIGIN: https://twitter.com
[2026-03-06T08:46:30.568Z]   FOOTER/HEADER ORIGIN: https://www.facebook.com
[2026-03-06T08:46:30.568Z]   FOOTER/HEADER ORIGIN: https://www.xing.com
[2026-03-06T08:46:30.568Z]   FOOTER/HEADER ORIGIN: https://github.com
[2026-03-06T08:46:30.568Z]   FOOTER/HEADER ORIGIN: https://www.youtube.com
[2026-03-06T08:46:30.568Z]   FOOTER/HEADER ORIGIN: https://shop.variscite.com
[2026-03-06T08:46:30.568Z]   FOOTER/HEADER ORIGIN: https://variscite.de
[2026-03-06T08:46:30.568Z]   FOOTER/HEADER ORIGIN: https://variscite.it
[2026-03-06T08:46:30.569Z]   SKIP (not in footer/header): https://business.safety.google/privacy
[2026-03-06T08:46:30.569Z]   SKIP (not in footer/header): https://privacy.microsoft.com/en-US/privacystatement
[2026-03-06T08:46:30.569Z]   SKIP (not in footer/header): https://privacy.microsoft.com/en-us/privacystatement
[2026-03-06T08:46:30.569Z]   SKIP (not in footer/header): https://shop.variscite.de/#sf_source=direct#sf_medium=N%2FA#sf_campaign=N%2FA#sf_content=N%2FA#sf_term=N%2FA
[2026-03-06T08:46:30.569Z]   ADDED: urls <- https://variscite.de (cleaned from https://variscite.de/#sf_source=direct#sf_medium=N%2FA#sf_campaign=N%2FA#sf_content=N%2FA#sf_term=N%2FA)
[2026-03-06T08:46:30.569Z]   ADDED: urls <- https://variscite.it (cleaned from https://variscite.it/#sf_source=direct#sf_medium=N%2FA#sf_campaign=N%2FA#sf_content=N%2FA#sf_term=N%2FA)
[2026-03-06T08:46:30.569Z]   ADDED: urls <- https://varisciteportal.axosoft.com/login (cleaned from https://varisciteportal.axosoft.com/login#sf_source=direct#sf_medium=N%2FA#sf_campaign=N%2FA#sf_content=N%2FA#sf_term=N%2FA)
[2026-03-06T08:46:30.570Z]   SKIP (not in footer/header): https://www.cloudflare.com/privacypolicy
[2026-03-06T08:46:30.570Z]   SKIP (not in footer/header): https://www.cookiebot.com
[2026-03-06T08:46:30.570Z]   SKIP (not in footer/header): https://www.cookiebot.com/en/what-is-behind-powered-by-cookiebot/?utm_source=banner_cb&utm_medium=referral&utm_content=v2
[2026-03-06T08:46:30.570Z]   SKIP (not in footer/header): https://www.cookiebot.com/goto/privacy-policy
[2026-03-06T08:46:30.570Z]   SKIP (not in footer/header): https://www.taboola.com/privacy-policy
[2026-03-06T08:46:30.570Z]   SKIP (AI claimed): https://www.xing.com/pages/variscite
[2026-03-06T08:46:30.570Z] Step 2b result: added 3 uncategorized domains from footer/header
[2026-03-06T08:46:30.570Z] ── Step 3: Final dedup ──
[2026-03-06T08:46:30.571Z] Dedup: removed 0 of 4 URLs already in specialized fields
[2026-03-06T08:46:30.571Z] ── FINAL RESULT ──
[2026-03-06T08:46:30.571Z]   ws (4):
[2026-03-06T08:46:30.571Z]     - https://dev.variscite.com
[2026-03-06T08:46:30.571Z]     - https://python.variscite.com
[2026-03-06T08:46:30.571Z]     - https://shop.variscite.com
[2026-03-06T08:46:30.571Z]     - https://variscite.com
[2026-03-06T08:46:30.571Z]   li (1):
[2026-03-06T08:46:30.571Z]     - https://www.linkedin.com/company/variscite-ltd-
[2026-03-06T08:46:30.572Z]   tw (1):
[2026-03-06T08:46:30.572Z]     - https://x.com/variscite_ltd
[2026-03-06T08:46:30.572Z]   gh (1):
[2026-03-06T08:46:30.572Z]     - https://github.com/varigit
[2026-03-06T08:46:30.572Z]   ytp (1):
[2026-03-06T08:46:30.572Z]     - https://www.youtube.com/@varisciteltd
[2026-03-06T08:46:30.572Z]   urls (4):
[2026-03-06T08:46:30.572Z]     - https://variscite.de
[2026-03-06T08:46:30.572Z]     - https://variscite.it
[2026-03-06T08:46:30.572Z]     - https://varisciteportal.axosoft.com/login
[2026-03-06T08:46:30.573Z]     - https://www.xing.com/pages/variscite
[2026-03-06T08:46:30.573Z] Summary: ws:4, gh:1, tw:1, li:1, ytp:1, urls:4
[2026-03-06T08:46:30.573Z] Saved final result to result.json
[2026-03-06T08:46:30.574Z] Override fields: ws, li, tw, gh, ytp, urls
[2026-03-06T08:46:30.574Z] Finished at: 2026-03-06T08:46:30.574Z
