[2026-03-01T20:41:03.456Z] === Homepage AI Extractor: Othentic ===
[2026-03-01T20:41:03.456Z] Started at: 2026-03-01T20:41:03.456Z
[2026-03-01T20:41:03.456Z] Log directory: E:\code\The Wall\mono\packages\scrapper\logs\homepage_ai_extractor\1772397663455_Othentic
[2026-03-01T20:41:03.456Z] Company: Othentic
[2026-03-01T20:41:03.456Z] Website: othentic.xyz
[2026-03-01T20:41:03.456Z] cbRank: 44337
[2026-03-01T20:41:03.456Z] Reasons: h
[2026-03-01T20:41:03.457Z] Fetching: https://othentic.xyz
[2026-03-01T20:41:08.048Z] Redirected: https://othentic.xyz -> https://www.othentic.xyz/
[2026-03-01T20:41:08.054Z] Saved HTML (45430 bytes) to page.html
[2026-03-01T20:41:08.059Z] Extracted 27 unique links from page
[2026-03-01T20:41:08.059Z] Saved 27 links to links.json
[2026-03-01T20:41:08.065Z] No footer section found in DOM
[2026-03-01T20:41:08.065Z] Extracted header HTML (950 chars)
[2026-03-01T20:41:08.070Z] Website (post-redirect): https://www.othentic.xyz/ → origin: https://www.othentic.xyz
[2026-03-01T20:41:08.071Z]   SUBDOMAIN: app.othentic.xyz (added to ws)
[2026-03-01T20:41:08.071Z]   SUBDOMAIN: docs.othentic.xyz (added to ws)
[2026-03-01T20:41:08.071Z] Website subdomains found: 2
[2026-03-01T20:41:08.071Z] External links: 16 (of 27 total)
[2026-03-01T20:41:08.071Z] ── All external links ──
[2026-03-01T20:41:08.071Z]   EXT: https://discord.com/invite/za9tpCdSzs
[2026-03-01T20:41:08.071Z]   EXT: https://discord.gg/za9tpCdSzs
[2026-03-01T20:41:08.071Z]   EXT: https://github.com/Othentic-Labs
[2026-03-01T20:41:08.071Z]   EXT: https://gizatech.xyz
[2026-03-01T20:41:08.071Z]   EXT: https://mirror.xyz/othentic.eth
[2026-03-01T20:41:08.071Z]   EXT: https://network.human.tech
[2026-03-01T20:41:08.072Z]   EXT: https://nodeops.network
[2026-03-01T20:41:08.072Z]   EXT: https://redstone.finance
[2026-03-01T20:41:08.072Z]   EXT: https://scrt.network
[2026-03-01T20:41:08.072Z]   EXT: https://twitter.com/0xOthentic
[2026-03-01T20:41:08.072Z]   EXT: https://venn.build
[2026-03-01T20:41:08.072Z]   EXT: https://www.eigenlayer.xyz
[2026-03-01T20:41:08.072Z]   EXT: https://www.fhenix.io
[2026-03-01T20:41:08.072Z]   EXT: https://www.openledger.xyz
[2026-03-01T20:41:08.072Z]   EXT: https://www.skatechain.org
[2026-03-01T20:41:08.072Z]   EXT: https://zvk25weryww.typeform.com/to/N7kPLNpE
[2026-03-01T20:41:08.072Z] ── Step 1: Programmatic categorization ──
[2026-03-01T20:41:08.072Z]   UNCATEGORIZED: https://discord.com/invite/za9tpCdSzs
[2026-03-01T20:41:08.072Z]   UNCATEGORIZED: https://discord.gg/za9tpCdSzs
[2026-03-01T20:41:08.073Z]   REGEX: gh <- https://github.com/Othentic-Labs
[2026-03-01T20:41:08.073Z]   UNCATEGORIZED: https://gizatech.xyz
[2026-03-01T20:41:08.073Z]   UNCATEGORIZED: https://mirror.xyz/othentic.eth
[2026-03-01T20:41:08.073Z]   UNCATEGORIZED: https://network.human.tech
[2026-03-01T20:41:08.073Z]   UNCATEGORIZED: https://nodeops.network
[2026-03-01T20:41:08.073Z]   UNCATEGORIZED: https://redstone.finance
[2026-03-01T20:41:08.073Z]   UNCATEGORIZED: https://scrt.network
[2026-03-01T20:41:08.073Z]   REGEX: tw <- https://twitter.com/0xOthentic
[2026-03-01T20:41:08.073Z]   UNCATEGORIZED: https://venn.build
[2026-03-01T20:41:08.073Z]   UNCATEGORIZED: https://www.eigenlayer.xyz
[2026-03-01T20:41:08.074Z]   UNCATEGORIZED: https://www.fhenix.io
[2026-03-01T20:41:08.074Z]   UNCATEGORIZED: https://www.openledger.xyz
[2026-03-01T20:41:08.074Z]   UNCATEGORIZED: https://www.skatechain.org
[2026-03-01T20:41:08.074Z]   UNCATEGORIZED: https://zvk25weryww.typeform.com/to/N7kPLNpE
[2026-03-01T20:41:08.074Z] Programmatic result: ws:3, gh:1, tw:1 | 14 uncategorized
[2026-03-01T20:41:08.074Z] Sending uncategorized links + HTML sections to AI for analysis...
[2026-03-01T20:41:08.075Z] Saved AI prompt (2336 chars) to ai_prompt.txt
[2026-03-01T20:41:20.029Z] Saved AI response to ai_response.json
[2026-03-01T20:41:20.029Z] ── Parsing AI response (2 lines) ──
[2026-03-01T20:41:20.029Z]   AI LINK: https://discord.com/invite/za9tpCdSzs
[2026-03-01T20:41:20.029Z]   AI LINK: https://mirror.xyz/othentic.eth
[2026-03-01T20:41:20.029Z] AI returned 2 valid links
[2026-03-01T20:41:20.029Z] ── Categorizing 2 AI-returned links ──
[2026-03-01T20:41:20.029Z]   AI→URLS: https://discord.com/invite/za9tpCdSzs
[2026-03-01T20:41:20.029Z]   AI→URLS: https://mirror.xyz/othentic.eth
[2026-03-01T20:41:20.030Z] ── Step 2b: Footer/header uncategorized links ──
[2026-03-01T20:41:20.031Z] Footer/header origins (2):
[2026-03-01T20:41:20.031Z]   FOOTER/HEADER ORIGIN: https://docs.othentic.xyz
[2026-03-01T20:41:20.031Z]   FOOTER/HEADER ORIGIN: https://app.othentic.xyz
[2026-03-01T20:41:20.031Z]   SKIP (AI claimed): https://discord.com/invite/za9tpCdSzs
[2026-03-01T20:41:20.031Z]   SKIP (not in footer/header): https://discord.gg/za9tpCdSzs
[2026-03-01T20:41:20.031Z]   SKIP (not in footer/header): https://gizatech.xyz
[2026-03-01T20:41:20.031Z]   SKIP (AI claimed): https://mirror.xyz/othentic.eth
[2026-03-01T20:41:20.031Z]   SKIP (not in footer/header): https://network.human.tech
[2026-03-01T20:41:20.031Z]   SKIP (not in footer/header): https://nodeops.network
[2026-03-01T20:41:20.031Z]   SKIP (not in footer/header): https://redstone.finance
[2026-03-01T20:41:20.031Z]   SKIP (not in footer/header): https://scrt.network
[2026-03-01T20:41:20.031Z]   SKIP (not in footer/header): https://venn.build
[2026-03-01T20:41:20.031Z]   SKIP (not in footer/header): https://www.eigenlayer.xyz
[2026-03-01T20:41:20.031Z]   SKIP (not in footer/header): https://www.fhenix.io
[2026-03-01T20:41:20.031Z]   SKIP (not in footer/header): https://www.openledger.xyz
[2026-03-01T20:41:20.031Z]   SKIP (not in footer/header): https://www.skatechain.org
[2026-03-01T20:41:20.032Z]   SKIP (not in footer/header): https://zvk25weryww.typeform.com/to/N7kPLNpE
[2026-03-01T20:41:20.032Z] Step 2b result: added 0 uncategorized domains from footer/header
[2026-03-01T20:41:20.032Z] ── Step 3: Final dedup ──
[2026-03-01T20:41:20.032Z] Dedup: removed 0 of 2 URLs already in specialized fields
[2026-03-01T20:41:20.032Z] ── FINAL RESULT ──
[2026-03-01T20:41:20.032Z]   ws (3):
[2026-03-01T20:41:20.032Z]     - https://app.othentic.xyz
[2026-03-01T20:41:20.032Z]     - https://docs.othentic.xyz
[2026-03-01T20:41:20.032Z]     - https://www.othentic.xyz
[2026-03-01T20:41:20.032Z]   tw (1):
[2026-03-01T20:41:20.032Z]     - https://x.com/0xothentic
[2026-03-01T20:41:20.032Z]   gh (1):
[2026-03-01T20:41:20.032Z]     - https://github.com/othentic-labs
[2026-03-01T20:41:20.032Z]   urls (2):
[2026-03-01T20:41:20.032Z]     - https://discord.com/invite/za9tpCdSzs
[2026-03-01T20:41:20.032Z]     - https://mirror.xyz/othentic.eth
[2026-03-01T20:41:20.032Z] Summary: ws:3, gh:1, tw:1, urls:2
[2026-03-01T20:41:20.033Z] Saved final result to result.json
[2026-03-01T20:41:20.033Z] Override fields: ws, tw, gh, urls
[2026-03-01T20:41:20.033Z] Finished at: 2026-03-01T20:41:20.033Z
