[2026-03-06T09:36:06.620Z] === Homepage AI Extractor: Arteevo Technologies ===
[2026-03-06T09:36:06.620Z] Started at: 2026-03-06T09:36:06.620Z
[2026-03-06T09:36:06.620Z] Log directory: E:\code\The Wall\mono\packages\scrapper\logs\homepage_ai_extractor\1772789766620_Arteevo_Technologies
[2026-03-06T09:36:06.621Z] Company: Arteevo Technologies
[2026-03-06T09:36:06.621Z] Website: arteevo.com
[2026-03-06T09:36:06.621Z] cbRank: 189170
[2026-03-06T09:36:06.621Z] Reasons: h
[2026-03-06T09:36:06.621Z] Fetching: https://arteevo.com
[2026-03-06T09:36:10.834Z] Redirected: https://arteevo.com -> https://arteevo.com/
[2026-03-06T09:36:10.841Z] Saved HTML (170979 bytes) to page.html
[2026-03-06T09:36:10.845Z] Extracted 27 unique links from page
[2026-03-06T09:36:10.845Z] Saved 27 links to links.json
[2026-03-06T09:36:10.849Z] Extracted footer HTML (8654 chars)
[2026-03-06T09:36:10.849Z] Extracted header HTML (17337 chars)
[2026-03-06T09:36:10.854Z] Website (post-redirect): https://arteevo.com/ → origin: https://arteevo.com
[2026-03-06T09:36:10.854Z] External links: 11 (of 27 total)
[2026-03-06T09:36:10.854Z] ── All external links ──
[2026-03-06T09:36:10.854Z]   EXT: http://themeforest.net/user/OceanThemes/portfolio
[2026-03-06T09:36:10.854Z]   EXT: https://trumpetproject.eu
[2026-03-06T09:36:10.854Z]   EXT: https://twitter.com/arteevo
[2026-03-06T09:36:10.854Z]   EXT: https://www.fluteproject.eu
[2026-03-06T09:36:10.854Z]   EXT: https://www.imi.europa.eu/projects-results/project-factsheets/pharmaledger
[2026-03-06T09:36:10.855Z]   EXT: https://www.jidep.eu
[2026-03-06T09:36:10.855Z]   EXT: https://www.linkedin.com/company/arteevo-technologies-ltd.
[2026-03-06T09:36:10.855Z]   EXT: https://www.linkedin.com/company/arteevo-technologies-ltd./?viewAsMember=true%20%20-%20
[2026-03-06T09:36:10.855Z]   EXT: https://www.weldgalaxy.eu
[2026-03-06T09:36:10.855Z]   EXT: https://x.com/arteevo
[2026-03-06T09:36:10.855Z]   EXT: https://youtu.be/wkd4YNls5no
[2026-03-06T09:36:10.855Z] ── Step 1: Programmatic categorization ──
[2026-03-06T09:36:10.855Z]   UNCATEGORIZED: http://themeforest.net/user/OceanThemes/portfolio
[2026-03-06T09:36:10.856Z]   UNCATEGORIZED: https://trumpetproject.eu
[2026-03-06T09:36:10.856Z]   REGEX: tw <- https://twitter.com/arteevo
[2026-03-06T09:36:10.856Z]   UNCATEGORIZED: https://www.fluteproject.eu
[2026-03-06T09:36:10.856Z]   UNCATEGORIZED: https://www.imi.europa.eu/projects-results/project-factsheets/pharmaledger
[2026-03-06T09:36:10.856Z]   UNCATEGORIZED: https://www.jidep.eu
[2026-03-06T09:36:10.856Z]   REGEX: li <- https://www.linkedin.com/company/arteevo-technologies-ltd.
[2026-03-06T09:36:10.856Z]   REGEX: li <- https://www.linkedin.com/company/arteevo-technologies-ltd./?viewAsMember=true%20%20-%20 (duplicate, skipped)
[2026-03-06T09:36:10.856Z]   UNCATEGORIZED: https://www.weldgalaxy.eu
[2026-03-06T09:36:10.856Z]   REGEX: tw <- https://x.com/arteevo (duplicate, skipped)
[2026-03-06T09:36:10.856Z]   UNCATEGORIZED: https://youtu.be/wkd4YNls5no
[2026-03-06T09:36:10.857Z] Programmatic result: ws:1, tw:1, li:1 | 7 uncategorized
[2026-03-06T09:36:10.857Z] Sending uncategorized links + HTML sections to AI for analysis...
[2026-03-06T09:36:10.857Z] Saved AI prompt (5220 chars) to ai_prompt.txt
[2026-03-06T09:36:44.956Z] Saved AI response to ai_response.json
[2026-03-06T09:36:44.956Z] ── Parsing AI response (4 lines) ──
[2026-03-06T09:36:44.956Z]   AI LINK: https://x.com/arteevo
[2026-03-06T09:36:44.956Z]   AI LINK: https://www.linkedin.com/company/arteevo-technologies-ltd./
[2026-03-06T09:36:44.957Z]   AI LINK: https://twitter.com/arteevo
[2026-03-06T09:36:44.957Z]   AI LINK: https://www.linkedin.com/company/arteevo-technologies-ltd./?viewAsMember=true%20%20-%20
[2026-03-06T09:36:44.957Z] AI returned 4 valid links
[2026-03-06T09:36:44.957Z] ── Categorizing 4 AI-returned links ──
[2026-03-06T09:36:44.957Z]   AI→REGEX: tw <- https://x.com/arteevo (duplicate, skipped)
[2026-03-06T09:36:44.957Z]   AI→REGEX: li <- https://www.linkedin.com/company/arteevo-technologies-ltd./ (duplicate, skipped)
[2026-03-06T09:36:44.957Z]   AI→REGEX: tw <- https://twitter.com/arteevo (duplicate, skipped)
[2026-03-06T09:36:44.957Z]   AI→REGEX: li <- https://www.linkedin.com/company/arteevo-technologies-ltd./?viewAsMember=true%20%20-%20 (duplicate, skipped)
[2026-03-06T09:36:44.958Z] ── Step 2b: Footer/header uncategorized links ──
[2026-03-06T09:36:44.958Z] Footer/header origins (4):
[2026-03-06T09:36:44.958Z]   FOOTER/HEADER ORIGIN: https://x.com
[2026-03-06T09:36:44.958Z]   FOOTER/HEADER ORIGIN: https://www.linkedin.com
[2026-03-06T09:36:44.958Z]   FOOTER/HEADER ORIGIN: https://twitter.com
[2026-03-06T09:36:44.958Z]   FOOTER/HEADER ORIGIN: https://arteevo.com
[2026-03-06T09:36:44.958Z]   SKIP (not in footer/header): http://themeforest.net/user/OceanThemes/portfolio
[2026-03-06T09:36:44.958Z]   SKIP (not in footer/header): https://trumpetproject.eu
[2026-03-06T09:36:44.959Z]   SKIP (not in footer/header): https://www.fluteproject.eu
[2026-03-06T09:36:44.959Z]   SKIP (not in footer/header): https://www.imi.europa.eu/projects-results/project-factsheets/pharmaledger
[2026-03-06T09:36:44.959Z]   SKIP (not in footer/header): https://www.jidep.eu
[2026-03-06T09:36:44.959Z]   SKIP (not in footer/header): https://www.weldgalaxy.eu
[2026-03-06T09:36:44.959Z]   SKIP (not in footer/header): https://youtu.be/wkd4YNls5no
[2026-03-06T09:36:44.959Z] Step 2b result: added 0 uncategorized domains from footer/header
[2026-03-06T09:36:44.959Z] ── Step 3: Final dedup ──
[2026-03-06T09:36:44.959Z] No urls to dedup
[2026-03-06T09:36:44.959Z] ── FINAL RESULT ──
[2026-03-06T09:36:44.959Z]   ws (1):
[2026-03-06T09:36:44.959Z]     - https://arteevo.com
[2026-03-06T09:36:44.959Z]   li (1):
[2026-03-06T09:36:44.960Z]     - https://www.linkedin.com/company/arteevo-technologies-ltd.
[2026-03-06T09:36:44.960Z]   tw (1):
[2026-03-06T09:36:44.960Z]     - https://x.com/arteevo
[2026-03-06T09:36:44.960Z] Summary: ws:1, tw:1, li:1
[2026-03-06T09:36:44.960Z] Saved final result to result.json
[2026-03-06T09:36:44.960Z] Override fields: ws, li, tw
[2026-03-06T09:36:44.961Z] Finished at: 2026-03-06T09:36:44.960Z
