[2026-03-05T10:53:25.720Z] === Homepage AI Extractor: Shalom Hartman Institute ===
[2026-03-05T10:53:25.720Z] Started at: 2026-03-05T10:53:25.720Z
[2026-03-05T10:53:25.720Z] Log directory: E:\code\The Wall\mono\packages\scrapper\logs\homepage_ai_extractor\1772708005719_Shalom_Hartman_Institute
[2026-03-05T10:53:25.720Z] Company: Shalom Hartman Institute
[2026-03-05T10:53:25.720Z] Website: hartman.org.il
[2026-03-05T10:53:25.720Z] cbRank: 83866
[2026-03-05T10:53:25.720Z] Reasons: h
[2026-03-05T10:53:25.720Z] Fetching: https://hartman.org.il
[2026-03-05T10:53:29.853Z] Redirected: https://hartman.org.il -> https://www.hartman.org.il/
[2026-03-05T10:53:29.883Z] Saved HTML (974302 bytes) to page.html
[2026-03-05T10:53:29.889Z] Extracted 69 unique links from page
[2026-03-05T10:53:29.890Z] Saved 69 links to links.json
[2026-03-05T10:53:29.894Z] Extracted footer HTML (5546 chars)
[2026-03-05T10:53:29.895Z] Extracted header HTML (80095 chars)
[2026-03-05T10:53:29.900Z] Website (post-redirect): https://www.hartman.org.il/ → origin: https://www.hartman.org.il
[2026-03-05T10:53:29.900Z]   SUBDOMAIN: go.hartman.org.il (added to ws)
[2026-03-05T10:53:29.900Z]   SUBDOMAIN: heb.hartman.org.il (added to ws)
[2026-03-05T10:53:29.900Z] Website subdomains found: 2
[2026-03-05T10:53:29.901Z] External links: 17 (of 69 total)
[2026-03-05T10:53:29.901Z] ── All external links ──
[2026-03-05T10:53:29.901Z]   EXT: https://hartman.tfaforms.net/f/support-shalom-hartman
[2026-03-05T10:53:29.901Z]   EXT: https://twitter.com/Hartman_Inst
[2026-03-05T10:53:29.901Z]   EXT: https://www.facebook.com/ShalomHartmanInstituteENG
[2026-03-05T10:53:29.901Z]   EXT: https://www.instagram.com/shalomhartmaninstitute
[2026-03-05T10:53:29.901Z]   EXT: https://www.sourcesjournal.org
[2026-03-05T10:53:29.901Z]   EXT: https://www.sourcesjournal.org/articles/a-zionism-for-the-future
[2026-03-05T10:53:29.901Z]   EXT: https://www.sourcesjournal.org/articles/american-antizionism
[2026-03-05T10:53:29.901Z]   EXT: https://www.sourcesjournal.org/articles/centering-our-youth-as-a-bridge-across-the-generations
[2026-03-05T10:53:29.901Z]   EXT: https://www.sourcesjournal.org/articles/conversation-with-yossi-klein-halevi-the-responsibilities-of-an-israeli-writer
[2026-03-05T10:53:29.902Z]   EXT: https://www.sourcesjournal.org/articles/devekut-in-the-age-of-uncertainty
[2026-03-05T10:53:29.902Z]   EXT: https://www.sourcesjournal.org/articles/in-praise-of-compromise-two-models-for-navigating-conflicting-values
[2026-03-05T10:53:29.902Z]   EXT: https://www.sourcesjournal.org/articles/our-fragile-tent-community-consent-and-care
[2026-03-05T10:53:29.902Z]   EXT: https://www.sourcesjournal.org/articles/rebuilding-coalitions-toward-a-just-future-for-all
[2026-03-05T10:53:29.902Z]   EXT: https://www.sourcesjournal.org/articles/we-have-sinned-we-have-transgressed-we-have-polarized
[2026-03-05T10:53:29.902Z]   EXT: https://www.sourcesjournal.org/articles/what-holds-israeli-society-togetherand-what-holds-it-back
[2026-03-05T10:53:29.902Z]   EXT: https://www.sourcesjournal.org/articles/when-is-anti-zionism-antisemitic-getting-beyond-the-polemics
[2026-03-05T10:53:29.902Z]   EXT: https://www.youtube.com/@ShalomHartmanInstituteENG
[2026-03-05T10:53:29.902Z] ── Step 1: Programmatic categorization ──
[2026-03-05T10:53:29.902Z]   UNCATEGORIZED: https://hartman.tfaforms.net/f/support-shalom-hartman
[2026-03-05T10:53:29.902Z]   REGEX: tw <- https://twitter.com/Hartman_Inst
[2026-03-05T10:53:29.902Z]   REGEX: fb <- https://www.facebook.com/ShalomHartmanInstituteENG
[2026-03-05T10:53:29.903Z]   REGEX: ig <- https://www.instagram.com/shalomhartmaninstitute
[2026-03-05T10:53:29.903Z]   UNCATEGORIZED: https://www.sourcesjournal.org
[2026-03-05T10:53:29.903Z]   UNCATEGORIZED: https://www.sourcesjournal.org/articles/a-zionism-for-the-future
[2026-03-05T10:53:29.903Z]   UNCATEGORIZED: https://www.sourcesjournal.org/articles/american-antizionism
[2026-03-05T10:53:29.903Z]   UNCATEGORIZED: https://www.sourcesjournal.org/articles/centering-our-youth-as-a-bridge-across-the-generations
[2026-03-05T10:53:29.903Z]   UNCATEGORIZED: https://www.sourcesjournal.org/articles/conversation-with-yossi-klein-halevi-the-responsibilities-of-an-israeli-writer
[2026-03-05T10:53:29.903Z]   UNCATEGORIZED: https://www.sourcesjournal.org/articles/devekut-in-the-age-of-uncertainty
[2026-03-05T10:53:29.903Z]   UNCATEGORIZED: https://www.sourcesjournal.org/articles/in-praise-of-compromise-two-models-for-navigating-conflicting-values
[2026-03-05T10:53:29.903Z]   UNCATEGORIZED: https://www.sourcesjournal.org/articles/our-fragile-tent-community-consent-and-care
[2026-03-05T10:53:29.903Z]   UNCATEGORIZED: https://www.sourcesjournal.org/articles/rebuilding-coalitions-toward-a-just-future-for-all
[2026-03-05T10:53:29.904Z]   UNCATEGORIZED: https://www.sourcesjournal.org/articles/we-have-sinned-we-have-transgressed-we-have-polarized
[2026-03-05T10:53:29.904Z]   UNCATEGORIZED: https://www.sourcesjournal.org/articles/what-holds-israeli-society-togetherand-what-holds-it-back
[2026-03-05T10:53:29.904Z]   UNCATEGORIZED: https://www.sourcesjournal.org/articles/when-is-anti-zionism-antisemitic-getting-beyond-the-polemics
[2026-03-05T10:53:29.904Z]   REGEX: ytp <- https://www.youtube.com/@ShalomHartmanInstituteENG
[2026-03-05T10:53:29.904Z] Programmatic result: ws:3, tw:1, fb:1, ig:1, ytp:1 | 13 uncategorized
[2026-03-05T10:53:29.904Z] Sending uncategorized links + HTML sections to AI for analysis...
[2026-03-05T10:53:29.904Z] Saved AI prompt (5677 chars) to ai_prompt.txt
[2026-03-05T10:54:09.143Z] Saved AI response to ai_response.json
[2026-03-05T10:54:09.143Z] ── Parsing AI response (6 lines) ──
[2026-03-05T10:54:09.143Z]   AI LINK: https://www.hartman.org.il/about-the-hartman-institute/
[2026-03-05T10:54:09.143Z]   AI LINK: https://www.hartman.org.il/join-the-hartman-team/
[2026-03-05T10:54:09.143Z]   AI LINK: https://www.hartman.org.il/newsletter/
[2026-03-05T10:54:09.144Z]   AI LINK: https://www.hartman.org.il/contact-us/
[2026-03-05T10:54:09.144Z]   AI LINK: https://www.hartman.org.il/terms-of-service/
[2026-03-05T10:54:09.144Z]   AI LINK: https://hartman.tfaforms.net/f/support-shalom-hartman
[2026-03-05T10:54:09.144Z] AI returned 6 valid links
[2026-03-05T10:54:09.144Z] ── Categorizing 6 AI-returned links ──
[2026-03-05T10:54:09.144Z]   AI→URLS: https://www.hartman.org.il/about-the-hartman-institute (cleaned from https://www.hartman.org.il/about-the-hartman-institute/)
[2026-03-05T10:54:09.144Z]   AI→URLS: https://www.hartman.org.il/join-the-hartman-team (cleaned from https://www.hartman.org.il/join-the-hartman-team/)
[2026-03-05T10:54:09.144Z]   AI→URLS: https://www.hartman.org.il/newsletter (cleaned from https://www.hartman.org.il/newsletter/)
[2026-03-05T10:54:09.145Z]   AI→URLS: https://www.hartman.org.il/contact-us (cleaned from https://www.hartman.org.il/contact-us/)
[2026-03-05T10:54:09.145Z]   AI→URLS: https://www.hartman.org.il/terms-of-service (cleaned from https://www.hartman.org.il/terms-of-service/)
[2026-03-05T10:54:09.145Z]   AI→URLS: https://hartman.tfaforms.net/f/support-shalom-hartman
[2026-03-05T10:54:09.146Z] ── Step 2b: Footer/header uncategorized links ──
[2026-03-05T10:54:09.146Z] Footer/header origins (7):
[2026-03-05T10:54:09.146Z]   FOOTER/HEADER ORIGIN: https://www.hartman.org.il
[2026-03-05T10:54:09.146Z]   FOOTER/HEADER ORIGIN: https://hartman.tfaforms.net
[2026-03-05T10:54:09.146Z]   FOOTER/HEADER ORIGIN: https://www.facebook.com
[2026-03-05T10:54:09.146Z]   FOOTER/HEADER ORIGIN: https://twitter.com
[2026-03-05T10:54:09.146Z]   FOOTER/HEADER ORIGIN: https://www.instagram.com
[2026-03-05T10:54:09.146Z]   FOOTER/HEADER ORIGIN: https://www.youtube.com
[2026-03-05T10:54:09.146Z]   FOOTER/HEADER ORIGIN: https://heb.hartman.org.il
[2026-03-05T10:54:09.146Z]   SKIP (AI claimed): https://hartman.tfaforms.net/f/support-shalom-hartman
[2026-03-05T10:54:09.147Z]   SKIP (not in footer/header): https://www.sourcesjournal.org
[2026-03-05T10:54:09.147Z]   SKIP (not in footer/header): https://www.sourcesjournal.org/articles/a-zionism-for-the-future
[2026-03-05T10:54:09.147Z]   SKIP (not in footer/header): https://www.sourcesjournal.org/articles/american-antizionism
[2026-03-05T10:54:09.147Z]   SKIP (not in footer/header): https://www.sourcesjournal.org/articles/centering-our-youth-as-a-bridge-across-the-generations
[2026-03-05T10:54:09.147Z]   SKIP (not in footer/header): https://www.sourcesjournal.org/articles/conversation-with-yossi-klein-halevi-the-responsibilities-of-an-israeli-writer
[2026-03-05T10:54:09.147Z]   SKIP (not in footer/header): https://www.sourcesjournal.org/articles/devekut-in-the-age-of-uncertainty
[2026-03-05T10:54:09.147Z]   SKIP (not in footer/header): https://www.sourcesjournal.org/articles/in-praise-of-compromise-two-models-for-navigating-conflicting-values
[2026-03-05T10:54:09.147Z]   SKIP (not in footer/header): https://www.sourcesjournal.org/articles/our-fragile-tent-community-consent-and-care
[2026-03-05T10:54:09.147Z]   SKIP (not in footer/header): https://www.sourcesjournal.org/articles/rebuilding-coalitions-toward-a-just-future-for-all
[2026-03-05T10:54:09.147Z]   SKIP (not in footer/header): https://www.sourcesjournal.org/articles/we-have-sinned-we-have-transgressed-we-have-polarized
[2026-03-05T10:54:09.147Z]   SKIP (not in footer/header): https://www.sourcesjournal.org/articles/what-holds-israeli-society-togetherand-what-holds-it-back
[2026-03-05T10:54:09.148Z]   SKIP (not in footer/header): https://www.sourcesjournal.org/articles/when-is-anti-zionism-antisemitic-getting-beyond-the-polemics
[2026-03-05T10:54:09.148Z] Step 2b result: added 0 uncategorized domains from footer/header
[2026-03-05T10:54:09.148Z] ── Step 3: Final dedup ──
[2026-03-05T10:54:09.148Z] Dedup: removed 0 of 6 URLs already in specialized fields
[2026-03-05T10:54:09.148Z] ── FINAL RESULT ──
[2026-03-05T10:54:09.148Z]   ws (3):
[2026-03-05T10:54:09.148Z]     - https://go.hartman.org.il
[2026-03-05T10:54:09.148Z]     - https://heb.hartman.org.il
[2026-03-05T10:54:09.148Z]     - https://www.hartman.org.il
[2026-03-05T10:54:09.148Z]   fb (1):
[2026-03-05T10:54:09.148Z]     - https://www.facebook.com/shalomhartmaninstituteeng
[2026-03-05T10:54:09.148Z]   tw (1):
[2026-03-05T10:54:09.149Z]     - https://x.com/hartman_inst
[2026-03-05T10:54:09.149Z]   ig (1):
[2026-03-05T10:54:09.149Z]     - https://www.instagram.com/shalomhartmaninstitute
[2026-03-05T10:54:09.149Z]   ytp (1):
[2026-03-05T10:54:09.149Z]     - https://www.youtube.com/@shalomhartmaninstituteeng
[2026-03-05T10:54:09.149Z]   urls (6):
[2026-03-05T10:54:09.149Z]     - https://hartman.tfaforms.net/f/support-shalom-hartman
[2026-03-05T10:54:09.149Z]     - https://www.hartman.org.il/about-the-hartman-institute
[2026-03-05T10:54:09.149Z]     - https://www.hartman.org.il/contact-us
[2026-03-05T10:54:09.149Z]     - https://www.hartman.org.il/join-the-hartman-team
[2026-03-05T10:54:09.149Z]     - https://www.hartman.org.il/newsletter
[2026-03-05T10:54:09.149Z]     - https://www.hartman.org.il/terms-of-service
[2026-03-05T10:54:09.149Z] Summary: ws:3, tw:1, fb:1, ig:1, ytp:1, urls:6
[2026-03-05T10:54:09.152Z] Saved final result to result.json
[2026-03-05T10:54:09.152Z] Override fields: ws, fb, tw, ig, ytp, urls
[2026-03-05T10:54:09.152Z] Finished at: 2026-03-05T10:54:09.152Z
