[2026-03-06T04:09:02.335Z] === Homepage AI Extractor: Kaymera ===
[2026-03-06T04:09:02.336Z] Started at: 2026-03-06T04:09:02.336Z
[2026-03-06T04:09:02.336Z] Log directory: E:\code\The Wall\mono\packages\scrapper\logs\homepage_ai_extractor\1772770142335_Kaymera
[2026-03-06T04:09:02.336Z] Company: Kaymera
[2026-03-06T04:09:02.336Z] Website: kaymera.com
[2026-03-06T04:09:02.336Z] cbRank: 121552
[2026-03-06T04:09:02.336Z] Reasons: h
[2026-03-06T04:09:02.336Z] Fetching: https://kaymera.com
[2026-03-06T04:09:08.769Z] Redirected: https://kaymera.com -> https://kaymera.com/
[2026-03-06T04:09:08.808Z] Saved HTML (267199 bytes) to page.html
[2026-03-06T04:09:08.865Z] Extracted 24 unique links from page
[2026-03-06T04:09:08.868Z] Saved 24 links to links.json
[2026-03-06T04:09:08.929Z] Extracted footer HTML (5934 chars)
[2026-03-06T04:09:08.930Z] Extracted header HTML (9896 chars)
[2026-03-06T04:09:08.935Z] Website (post-redirect): https://kaymera.com/ → origin: https://kaymera.com
[2026-03-06T04:09:08.935Z]   SUBDOMAIN: blog.kaymera.com (added to ws)
[2026-03-06T04:09:08.935Z]   SUBDOMAIN: privacy.kaymera.com (added to ws)
[2026-03-06T04:09:08.935Z]   SUBDOMAIN: support.kaymera.com (added to ws)
[2026-03-06T04:09:08.936Z] Website subdomains found: 3
[2026-03-06T04:09:08.936Z] External links: 6 (of 24 total)
[2026-03-06T04:09:08.936Z] ── All external links ──
[2026-03-06T04:09:08.936Z]   EXT: https://9183423.fs1.hubspotusercontent-na1.net/hubfs/9183423/Kaymera%20-%20EULA.pdf
[2026-03-06T04:09:08.936Z]   EXT: https://mavericks.agency
[2026-03-06T04:09:08.936Z]   EXT: https://tamc365.com
[2026-03-06T04:09:08.936Z]   EXT: https://www.facebook.com/KaymeraTech
[2026-03-06T04:09:08.936Z]   EXT: https://www.instagram.com/kaymera_technologlies
[2026-03-06T04:09:08.936Z]   EXT: https://www.linkedin.com/company/5363819
[2026-03-06T04:09:08.936Z] ── Step 1: Programmatic categorization ──
[2026-03-06T04:09:08.936Z]   UNCATEGORIZED: https://9183423.fs1.hubspotusercontent-na1.net/hubfs/9183423/Kaymera%20-%20EULA.pdf
[2026-03-06T04:09:08.937Z]   UNCATEGORIZED: https://mavericks.agency
[2026-03-06T04:09:08.937Z]   UNCATEGORIZED: https://tamc365.com
[2026-03-06T04:09:08.937Z]   REGEX: fb <- https://www.facebook.com/KaymeraTech
[2026-03-06T04:09:08.937Z]   REGEX: ig <- https://www.instagram.com/kaymera_technologlies
[2026-03-06T04:09:08.937Z]   REGEX: li <- https://www.linkedin.com/company/5363819
[2026-03-06T04:09:08.937Z] Programmatic result: ws:4, fb:1, ig:1, li:1 | 3 uncategorized
[2026-03-06T04:09:08.938Z] Sending uncategorized links + HTML sections to AI for analysis...
[2026-03-06T04:09:08.939Z] Saved AI prompt (6646 chars) to ai_prompt.txt
[2026-03-06T04:09:46.488Z] Saved AI response to ai_response.json
[2026-03-06T04:09:46.488Z] ── Parsing AI response (4 lines) ──
[2026-03-06T04:09:46.488Z]   AI LINK: https://www.facebook.com/KaymeraTech
[2026-03-06T04:09:46.488Z]   AI LINK: https://www.instagram.com/kaymera_technologlies/
[2026-03-06T04:09:46.488Z]   AI LINK: https://www.linkedin.com/company/5363819
[2026-03-06T04:09:46.488Z]   AI LINK: https://blog.kaymera.com/industry-news-and-articles
[2026-03-06T04:09:46.488Z] AI returned 4 valid links
[2026-03-06T04:09:46.488Z] ── Categorizing 4 AI-returned links ──
[2026-03-06T04:09:46.488Z]   AI→REGEX: fb <- https://www.facebook.com/KaymeraTech (duplicate, skipped)
[2026-03-06T04:09:46.489Z]   AI→REGEX: ig <- https://www.instagram.com/kaymera_technologlies/ (duplicate, skipped)
[2026-03-06T04:09:46.489Z]   AI→REGEX: li <- https://www.linkedin.com/company/5363819 (duplicate, skipped)
[2026-03-06T04:09:46.489Z]   AI→URLS: https://blog.kaymera.com/industry-news-and-articles
[2026-03-06T04:09:46.489Z] ── Step 2b: Footer/header uncategorized links ──
[2026-03-06T04:09:46.489Z] Footer/header origins (10):
[2026-03-06T04:09:46.489Z]   FOOTER/HEADER ORIGIN: https://kaymera.com
[2026-03-06T04:09:46.489Z]   FOOTER/HEADER ORIGIN: https://blog.kaymera.com
[2026-03-06T04:09:46.489Z]   FOOTER/HEADER ORIGIN: https://support.kaymera.com
[2026-03-06T04:09:46.490Z]   FOOTER/HEADER ORIGIN: https://9183423.fs1.hubspotusercontent-na1.net
[2026-03-06T04:09:46.490Z]   FOOTER/HEADER ORIGIN: https://www.facebook.com
[2026-03-06T04:09:46.490Z]   FOOTER/HEADER ORIGIN: https://www.instagram.com
[2026-03-06T04:09:46.490Z]   FOOTER/HEADER ORIGIN: https://www.linkedin.com
[2026-03-06T04:09:46.490Z]   FOOTER/HEADER ORIGIN: https://mavericks.agency
[2026-03-06T04:09:46.490Z]   FOOTER/HEADER ORIGIN: https://tamc365.com
[2026-03-06T04:09:46.490Z]   FOOTER/HEADER ORIGIN: https://privacy.kaymera.com
[2026-03-06T04:09:46.490Z]   SKIP (noise): https://9183423.fs1.hubspotusercontent-na1.net/hubfs/9183423/Kaymera%20-%20EULA.pdf
[2026-03-06T04:09:46.490Z]   ADDED: urls <- https://mavericks.agency
[2026-03-06T04:09:46.490Z]   ADDED: urls <- https://tamc365.com
[2026-03-06T04:09:46.490Z] Step 2b result: added 2 uncategorized domains from footer/header
[2026-03-06T04:09:46.491Z] ── Step 3: Final dedup ──
[2026-03-06T04:09:46.491Z] Dedup: removed 0 of 3 URLs already in specialized fields
[2026-03-06T04:09:46.491Z] ── FINAL RESULT ──
[2026-03-06T04:09:46.491Z]   ws (4):
[2026-03-06T04:09:46.491Z]     - https://blog.kaymera.com
[2026-03-06T04:09:46.491Z]     - https://kaymera.com
[2026-03-06T04:09:46.491Z]     - https://privacy.kaymera.com
[2026-03-06T04:09:46.491Z]     - https://support.kaymera.com
[2026-03-06T04:09:46.491Z]   li (1):
[2026-03-06T04:09:46.491Z]     - https://www.linkedin.com/company/5363819
[2026-03-06T04:09:46.491Z]   fb (1):
[2026-03-06T04:09:46.491Z]     - https://www.facebook.com/kaymeratech
[2026-03-06T04:09:46.492Z]   ig (1):
[2026-03-06T04:09:46.492Z]     - https://www.instagram.com/kaymera_technologlies
[2026-03-06T04:09:46.492Z]   urls (3):
[2026-03-06T04:09:46.492Z]     - https://blog.kaymera.com/industry-news-and-articles
[2026-03-06T04:09:46.492Z]     - https://mavericks.agency
[2026-03-06T04:09:46.492Z]     - https://tamc365.com
[2026-03-06T04:09:46.492Z] Summary: ws:4, fb:1, ig:1, li:1, urls:3
[2026-03-06T04:09:46.492Z] Saved final result to result.json
[2026-03-06T04:09:46.493Z] Override fields: ws, li, fb, ig, urls
[2026-03-06T04:09:46.493Z] Finished at: 2026-03-06T04:09:46.493Z
