[2026-03-06T03:52:28.374Z] === Homepage AI Extractor: SinuSafe Medical ===
[2026-03-06T03:52:28.374Z] Started at: 2026-03-06T03:52:28.374Z
[2026-03-06T03:52:28.374Z] Log directory: E:\code\The Wall\mono\packages\scrapper\logs\homepage_ai_extractor\1772769148374_SinuSafe_Medical
[2026-03-06T03:52:28.374Z] Company: SinuSafe Medical
[2026-03-06T03:52:28.374Z] Website: sinusafe.com
[2026-03-06T03:52:28.374Z] cbRank: 118330
[2026-03-06T03:52:28.374Z] Reasons: h
[2026-03-06T03:52:28.375Z] Fetching: https://sinusafe.com
[2026-03-06T03:52:30.581Z] Redirected: https://sinusafe.com -> https://www.sinusafe.com/
[2026-03-06T03:52:30.585Z] Saved HTML (119305 bytes) to page.html
[2026-03-06T03:52:30.588Z] Extracted 3 unique links from page
[2026-03-06T03:52:30.588Z] Saved 3 links to links.json
[2026-03-06T03:52:30.591Z] No footer section found in DOM
[2026-03-06T03:52:30.591Z] Extracted header HTML (4610 chars)
[2026-03-06T03:52:30.595Z] Website (post-redirect): https://www.sinusafe.com/ → origin: https://www.sinusafe.com
[2026-03-06T03:52:30.595Z] External links: 0 (of 3 total)
[2026-03-06T03:52:30.595Z] ── All external links ──
[2026-03-06T03:52:30.596Z] ── Step 1: Programmatic categorization ──
[2026-03-06T03:52:30.596Z] Programmatic result: ws:1 | 0 uncategorized
[2026-03-06T03:52:30.596Z] Sending uncategorized links + HTML sections to AI for analysis...
[2026-03-06T03:52:30.597Z] Saved AI prompt (1946 chars) to ai_prompt.txt
[2026-03-06T03:52:36.190Z] Saved AI response to ai_response.json
[2026-03-06T03:52:36.190Z] ── Parsing AI response (1 lines) ──
[2026-03-06T03:52:36.190Z] AI returned 0 valid links
[2026-03-06T03:52:36.190Z] ── Categorizing 0 AI-returned links ──
[2026-03-06T03:52:36.191Z] ── Step 2b: Footer/header uncategorized links ──
[2026-03-06T03:52:36.191Z] Footer/header origins (1):
[2026-03-06T03:52:36.191Z]   FOOTER/HEADER ORIGIN: https://www.sinusafe.com
[2026-03-06T03:52:36.191Z] Step 2b result: added 0 uncategorized domains from footer/header
[2026-03-06T03:52:36.191Z] ── Step 3: Final dedup ──
[2026-03-06T03:52:36.191Z] No urls to dedup
[2026-03-06T03:52:36.191Z] ── FINAL RESULT ──
[2026-03-06T03:52:36.191Z]   ws (1):
[2026-03-06T03:52:36.191Z]     - https://www.sinusafe.com
[2026-03-06T03:52:36.192Z] Summary: ws:1
[2026-03-06T03:52:36.192Z] Saved final result to result.json
[2026-03-06T03:52:36.193Z] Override fields: ws
[2026-03-06T03:52:36.193Z] Finished at: 2026-03-06T03:52:36.193Z
