[2026-02-27T04:36:02.464Z] === Homepage AI Extractor: Keep ===
[2026-02-27T04:36:02.464Z] Started at: 2026-02-27T04:36:02.464Z
[2026-02-27T04:36:02.464Z] Log directory: E:\code\The Wall\mono\packages\scrapper\logs\homepage_ai_extractor\1772166962463_Keep
[2026-02-27T04:36:02.464Z] Company: Keep
[2026-02-27T04:36:02.465Z] Website: keephq.dev
[2026-02-27T04:36:02.465Z] cbRank: 14595
[2026-02-27T04:36:02.465Z] Reasons: h
[2026-02-27T04:36:02.465Z] Fetching: https://keephq.dev
[2026-02-27T04:36:05.479Z] Dismissed cookie consent popup via: button:has-text("Accept all")
[2026-02-27T04:36:05.989Z] Redirected: https://keephq.dev -> https://www.keephq.dev/
[2026-02-27T04:36:06.012Z] Saved HTML (118778 bytes) to page.html
[2026-02-27T04:36:06.023Z] Extracted 33 unique links from page
[2026-02-27T04:36:06.024Z] Saved 33 links to links.json
[2026-02-27T04:36:06.037Z] No footer section found in DOM
[2026-02-27T04:36:06.037Z] Extracted header HTML (58598 chars)
[2026-02-27T04:36:06.048Z] Website (post-redirect): https://www.keephq.dev/
[2026-02-27T04:36:06.049Z]   SUBDOMAIN: docs.keephq.dev (added to ws)
[2026-02-27T04:36:06.050Z]   SUBDOMAIN: platform.keephq.dev (added to ws)
[2026-02-27T04:36:06.050Z]   SUBDOMAIN: slack.keephq.dev (added to ws)
[2026-02-27T04:36:06.051Z] Website subdomains found: 3
[2026-02-27T04:36:06.051Z] External links: 7 (of 33 total)
[2026-02-27T04:36:06.051Z] ── All external links ──
[2026-02-27T04:36:06.051Z]   EXT: https://getkeep.slack.com/join/shared_invite/zt-2leydxr6s-XmuQtBttgxZ0GOv8MJu6rQ#/shared-invite/email
[2026-02-27T04:36:06.052Z]   EXT: https://github.com/keephq/keep
[2026-02-27T04:36:06.052Z]   EXT: https://keep-hq.openstatus.dev
[2026-02-27T04:36:06.052Z]   EXT: https://shoutout.io/keep
[2026-02-27T04:36:06.052Z]   EXT: https://twitter.com/keepalerting
[2026-02-27T04:36:06.052Z]   EXT: https://www.elastic.co/blog/elastic-and-keep-join-forces
[2026-02-27T04:36:06.052Z]   EXT: https://www.ycombinator.com/companies/keep/jobs
[2026-02-27T04:36:06.053Z] ── Step 1: Programmatic categorization ──
[2026-02-27T04:36:06.053Z]   UNCATEGORIZED: https://getkeep.slack.com/join/shared_invite/zt-2leydxr6s-XmuQtBttgxZ0GOv8MJu6rQ#/shared-invite/email
[2026-02-27T04:36:06.053Z]   REGEX: gh <- https://github.com/keephq/keep
[2026-02-27T04:36:06.053Z]   UNCATEGORIZED: https://keep-hq.openstatus.dev
[2026-02-27T04:36:06.054Z]   UNCATEGORIZED: https://shoutout.io/keep
[2026-02-27T04:36:06.054Z]   REGEX: tw <- https://twitter.com/keepalerting
[2026-02-27T04:36:06.054Z]   UNCATEGORIZED: https://www.elastic.co/blog/elastic-and-keep-join-forces
[2026-02-27T04:36:06.054Z]   UNCATEGORIZED: https://www.ycombinator.com/companies/keep/jobs
[2026-02-27T04:36:06.055Z] Programmatic result: ws:4, gh:1, tw:1 | 5 uncategorized
[2026-02-27T04:36:06.055Z] Sending uncategorized links + HTML sections to AI for analysis...
[2026-02-27T04:36:06.057Z] Saved AI prompt (2182 chars) to ai_prompt.txt
[2026-02-27T04:36:27.411Z] Saved AI response to ai_response.json
[2026-02-27T04:36:27.411Z] ── Parsing AI response (3 lines) ──
[2026-02-27T04:36:27.412Z]   AI LINK: https://getkeep.slack.com/join/shared_invite/zt-2leydxr6s-XmuQtBttgxZ0GOv8MJu6rQ#/shared-invite/email
[2026-02-27T04:36:27.412Z]   AI LINK: https://shoutout.io/keep
[2026-02-27T04:36:27.412Z]   AI LINK: https://www.ycombinator.com/companies/keep/jobs
[2026-02-27T04:36:27.412Z] AI returned 3 valid links
[2026-02-27T04:36:27.412Z] ── Categorizing 3 AI-returned links ──
[2026-02-27T04:36:27.412Z]   AI→URLS: https://getkeep.slack.com/join/shared_invite/zt-2leydxr6s-XmuQtBttgxZ0GOv8MJu6rQ (cleaned from https://getkeep.slack.com/join/shared_invite/zt-2leydxr6s-XmuQtBttgxZ0GOv8MJu6rQ#/shared-invite/email)
[2026-02-27T04:36:27.412Z]   AI→URLS: https://shoutout.io/keep
[2026-02-27T04:36:27.413Z]   AI→URLS: https://www.ycombinator.com/companies/keep/jobs
[2026-02-27T04:36:27.413Z] ── Step 2b: Footer/header uncategorized links ──
[2026-02-27T04:36:27.413Z] Footer/header origins (4):
[2026-02-27T04:36:27.413Z]   FOOTER/HEADER ORIGIN: https://docs.keephq.dev
[2026-02-27T04:36:27.413Z]   FOOTER/HEADER ORIGIN: https://github.com
[2026-02-27T04:36:27.413Z]   FOOTER/HEADER ORIGIN: https://platform.keephq.dev
[2026-02-27T04:36:27.413Z]   FOOTER/HEADER ORIGIN: https://slack.keephq.dev
[2026-02-27T04:36:27.413Z]   SKIP (AI claimed): https://getkeep.slack.com/join/shared_invite/zt-2leydxr6s-XmuQtBttgxZ0GOv8MJu6rQ#/shared-invite/email
[2026-02-27T04:36:27.413Z]   SKIP (not in footer/header): https://keep-hq.openstatus.dev
[2026-02-27T04:36:27.414Z]   SKIP (AI claimed): https://shoutout.io/keep
[2026-02-27T04:36:27.414Z]   SKIP (not in footer/header): https://www.elastic.co/blog/elastic-and-keep-join-forces
[2026-02-27T04:36:27.414Z]   SKIP (AI claimed): https://www.ycombinator.com/companies/keep/jobs
[2026-02-27T04:36:27.414Z] Step 2b result: added 0 uncategorized domains from footer/header
[2026-02-27T04:36:27.414Z] ── Step 3: Final dedup ──
[2026-02-27T04:36:27.414Z] Dedup: removed 0 of 3 URLs already in specialized fields
[2026-02-27T04:36:27.414Z] ── FINAL RESULT ──
[2026-02-27T04:36:27.414Z]   ws (4):
[2026-02-27T04:36:27.414Z]     - https://docs.keephq.dev
[2026-02-27T04:36:27.414Z]     - https://platform.keephq.dev
[2026-02-27T04:36:27.414Z]     - https://slack.keephq.dev
[2026-02-27T04:36:27.414Z]     - https://www.keephq.dev/
[2026-02-27T04:36:27.415Z]   tw (1):
[2026-02-27T04:36:27.415Z]     - https://x.com/keepalerting
[2026-02-27T04:36:27.415Z]   gh (1):
[2026-02-27T04:36:27.415Z]     - https://github.com/keephq
[2026-02-27T04:36:27.415Z]   urls (3):
[2026-02-27T04:36:27.415Z]     - https://getkeep.slack.com/join/shared_invite/zt-2leydxr6s-XmuQtBttgxZ0GOv8MJu6rQ
[2026-02-27T04:36:27.415Z]     - https://shoutout.io/keep
[2026-02-27T04:36:27.415Z]     - https://www.ycombinator.com/companies/keep/jobs
[2026-02-27T04:36:27.415Z] Summary: ws:4, gh:1, tw:1, urls:3
[2026-02-27T04:36:27.416Z] Saved final result to result.json
[2026-02-27T04:36:27.416Z] Override fields: ws, tw, gh, urls
[2026-02-27T04:36:27.416Z] Finished at: 2026-02-27T04:36:27.416Z
