[2026-03-07T14:18:23.210Z] === Homepage AI Extractor: eTeacher Group ===
[2026-03-07T14:18:23.210Z] Started at: 2026-03-07T14:18:23.210Z
[2026-03-07T14:18:23.210Z] Log directory: E:\code\The Wall\mono\packages\scrapper\logs\homepage_ai_extractor\1772893103209_eTeacher_Group
[2026-03-07T14:18:23.210Z] Company: eTeacher Group
[2026-03-07T14:18:23.210Z] Website: eteachergroup.com
[2026-03-07T14:18:23.210Z] cbRank: 256676
[2026-03-07T14:18:23.210Z] Reasons: h
[2026-03-07T14:18:23.210Z] Fetching: https://eteachergroup.com
[2026-03-07T14:18:29.073Z] Dismissed cookie consent popup via: button:has-text("OK")
[2026-03-07T14:18:31.593Z] Redirected: https://eteachergroup.com -> https://www.eteachergroup.com/
[2026-03-07T14:18:31.636Z] Saved HTML (153560 bytes) to page.html
[2026-03-07T14:18:31.666Z] Extracted 19 unique links from page
[2026-03-07T14:18:31.667Z] Saved 19 links to links.json
[2026-03-07T14:18:31.731Z] Extracted footer HTML (118 chars)
[2026-03-07T14:18:31.731Z] Extracted header HTML (2878 chars)
[2026-03-07T14:18:31.740Z] Website (post-redirect): https://www.eteachergroup.com/ → origin: https://www.eteachergroup.com
[2026-03-07T14:18:31.741Z]   SUBDOMAIN: student.eteachergroup.com (added to ws)
[2026-03-07T14:18:31.741Z] Website subdomains found: 1
[2026-03-07T14:18:31.741Z] External links: 5 (of 19 total)
[2026-03-07T14:18:31.742Z] ── All external links ──
[2026-03-07T14:18:31.742Z]   EXT: https://israelbiblecenter.com
[2026-03-07T14:18:31.742Z]   EXT: https://israelbiblicalstudies.com
[2026-03-07T14:18:31.742Z]   EXT: https://langaroo.com
[2026-03-07T14:18:31.742Z]   EXT: https://rosenhebrewschool.com
[2026-03-07T14:18:31.742Z]   EXT: https://www.linkedin.com/company/eteacher
[2026-03-07T14:18:31.743Z] ── Step 1: Programmatic categorization ──
[2026-03-07T14:18:31.744Z]   UNCATEGORIZED: https://israelbiblecenter.com
[2026-03-07T14:18:31.744Z]   UNCATEGORIZED: https://israelbiblicalstudies.com
[2026-03-07T14:18:31.745Z]   UNCATEGORIZED: https://langaroo.com
[2026-03-07T14:18:31.745Z]   UNCATEGORIZED: https://rosenhebrewschool.com
[2026-03-07T14:18:31.746Z]   REGEX: li <- https://www.linkedin.com/company/eteacher
[2026-03-07T14:18:31.747Z] Programmatic result: ws:2, li:1 | 4 uncategorized
[2026-03-07T14:18:31.748Z] Sending uncategorized links + HTML sections to AI for analysis...
[2026-03-07T14:18:31.751Z] Saved AI prompt (2114 chars) to ai_prompt.txt
[2026-03-07T14:18:40.984Z] Saved AI response to ai_response.json
[2026-03-07T14:18:40.984Z] ── Parsing AI response (2 lines) ──
[2026-03-07T14:18:40.984Z]   AI LINK: https://israelbiblicalstudies.com
[2026-03-07T14:18:40.984Z]   AI LINK: https://langaroo.com
[2026-03-07T14:18:40.984Z] AI returned 2 valid links
[2026-03-07T14:18:40.984Z] ── Categorizing 2 AI-returned links ──
[2026-03-07T14:18:40.985Z]   AI→URLS: https://israelbiblicalstudies.com
[2026-03-07T14:18:40.985Z]   AI→URLS: https://langaroo.com
[2026-03-07T14:18:40.985Z] ── Step 2b: Footer/header uncategorized links ──
[2026-03-07T14:18:40.985Z] Footer/header origins (2):
[2026-03-07T14:18:40.985Z]   FOOTER/HEADER ORIGIN: https://www.eteachergroup.com
[2026-03-07T14:18:40.985Z]   FOOTER/HEADER ORIGIN: https://student.eteachergroup.com
[2026-03-07T14:18:40.985Z]   SKIP (not in footer/header): https://israelbiblecenter.com
[2026-03-07T14:18:40.985Z]   SKIP (AI claimed): https://israelbiblicalstudies.com
[2026-03-07T14:18:40.985Z]   SKIP (AI claimed): https://langaroo.com
[2026-03-07T14:18:40.985Z]   SKIP (not in footer/header): https://rosenhebrewschool.com
[2026-03-07T14:18:40.986Z] Step 2b result: added 0 uncategorized domains from footer/header
[2026-03-07T14:18:40.986Z] ── Step 3: Final dedup ──
[2026-03-07T14:18:40.986Z] Dedup: removed 0 of 2 URLs already in specialized fields
[2026-03-07T14:18:40.986Z] ── FINAL RESULT ──
[2026-03-07T14:18:40.986Z]   ws (2):
[2026-03-07T14:18:40.986Z]     - https://student.eteachergroup.com
[2026-03-07T14:18:40.986Z]     - https://www.eteachergroup.com
[2026-03-07T14:18:40.986Z]   li (1):
[2026-03-07T14:18:40.986Z]     - https://www.linkedin.com/company/eteacher
[2026-03-07T14:18:40.986Z]   urls (2):
[2026-03-07T14:18:40.986Z]     - https://israelbiblicalstudies.com
[2026-03-07T14:18:40.986Z]     - https://langaroo.com
[2026-03-07T14:18:40.986Z] Summary: ws:2, li:1, urls:2
[2026-03-07T14:18:40.987Z] Saved final result to result.json
[2026-03-07T14:18:40.987Z] Override fields: ws, li, urls
[2026-03-07T14:18:40.987Z] Finished at: 2026-03-07T14:18:40.987Z
