[2026-02-27T00:20:57.045Z] === Homepage AI Extractor: Alpha Omega ===
[2026-02-27T00:20:57.045Z] Started at: 2026-02-27T00:20:57.045Z
[2026-02-27T00:20:57.045Z] Log directory: E:\code\The Wall\mono\packages\scrapper\logs\homepage_ai_extractor\1772151657043_Alpha_Omega
[2026-02-27T00:20:57.045Z] Company: Alpha Omega
[2026-02-27T00:20:57.045Z] Website: alphaomega-eng.com
[2026-02-27T00:20:57.045Z] cbRank: 8791
[2026-02-27T00:20:57.045Z] Reasons: h
[2026-02-27T00:20:57.046Z] Fetching: https://alphaomega-eng.com
[2026-02-27T00:21:02.564Z] Redirected: https://alphaomega-eng.com -> https://www.alphaomega-eng.com/
[2026-02-27T00:21:02.571Z] Saved HTML (168769 bytes) to page.html
[2026-02-27T00:21:02.575Z] Extracted 77 unique links from page
[2026-02-27T00:21:02.578Z] Saved 77 links to links.json
[2026-02-27T00:21:02.584Z] Extracted footer HTML (2301 chars)
[2026-02-27T00:21:02.584Z] Extracted header HTML (9287 chars)
[2026-02-27T00:21:02.590Z] Website (post-redirect): https://www.alphaomega-eng.com/
[2026-02-27T00:21:02.590Z] External links: 5 (of 77 total)
[2026-02-27T00:21:02.590Z] ── All external links ──
[2026-02-27T00:21:02.591Z]   EXT: http://www.catom.com
[2026-02-27T00:21:02.591Z]   EXT: https://twitter.com/alphaomegaeng
[2026-02-27T00:21:02.591Z]   EXT: https://www.facebook.com/AlphaOmegaEngineering
[2026-02-27T00:21:02.591Z]   EXT: https://www.linkedin.com/company/alpha-omega
[2026-02-27T00:21:02.591Z]   EXT: https://www.youtube.com/channel/UCvBEScA5xf3qLgeL5cRUhOQ
[2026-02-27T00:21:02.591Z] ── Step 1: Programmatic categorization ──
[2026-02-27T00:21:02.591Z]   UNCATEGORIZED: http://www.catom.com
[2026-02-27T00:21:02.591Z]   REGEX: tw <- https://twitter.com/alphaomegaeng
[2026-02-27T00:21:02.591Z]   REGEX: fb <- https://www.facebook.com/AlphaOmegaEngineering
[2026-02-27T00:21:02.591Z]   REGEX: li <- https://www.linkedin.com/company/alpha-omega
[2026-02-27T00:21:02.592Z]   REGEX: ytc <- https://www.youtube.com/channel/UCvBEScA5xf3qLgeL5cRUhOQ
[2026-02-27T00:21:02.592Z] Programmatic result: ws:1, tw:1, fb:1, li:1, ytc:1 | 1 uncategorized
[2026-02-27T00:21:02.592Z] Sending uncategorized links + HTML sections to AI for analysis...
[2026-02-27T00:21:02.593Z] Saved AI prompt (3660 chars) to ai_prompt.txt
[2026-02-27T00:21:28.173Z] Saved AI response to ai_response.json
[2026-02-27T00:21:28.173Z] ── Parsing AI response (4 lines) ──
[2026-02-27T00:21:28.173Z]   AI LINK: https://www.facebook.com/AlphaOmegaEngineering/
[2026-02-27T00:21:28.173Z]   AI LINK: https://www.linkedin.com/company/alpha-omega/
[2026-02-27T00:21:28.173Z]   AI LINK: https://twitter.com/alphaomegaeng
[2026-02-27T00:21:28.173Z]   AI LINK: https://www.youtube.com/channel/UCvBEScA5xf3qLgeL5cRUhOQ
[2026-02-27T00:21:28.173Z] AI returned 4 valid links
[2026-02-27T00:21:28.173Z] ── Categorizing 4 AI-returned links ──
[2026-02-27T00:21:28.173Z]   AI→REGEX: fb <- https://www.facebook.com/AlphaOmegaEngineering/ (duplicate, skipped)
[2026-02-27T00:21:28.174Z]   AI→REGEX: li <- https://www.linkedin.com/company/alpha-omega/ (duplicate, skipped)
[2026-02-27T00:21:28.174Z]   AI→REGEX: tw <- https://twitter.com/alphaomegaeng (duplicate, skipped)
[2026-02-27T00:21:28.174Z]   AI→REGEX: ytc <- https://www.youtube.com/channel/UCvBEScA5xf3qLgeL5cRUhOQ (duplicate, skipped)
[2026-02-27T00:21:28.175Z] ── Step 2b: Footer/header uncategorized links ──
[2026-02-27T00:21:28.175Z] Footer/header origins (5):
[2026-02-27T00:21:28.175Z]   FOOTER/HEADER ORIGIN: https://www.facebook.com
[2026-02-27T00:21:28.175Z]   FOOTER/HEADER ORIGIN: https://www.linkedin.com
[2026-02-27T00:21:28.175Z]   FOOTER/HEADER ORIGIN: https://twitter.com
[2026-02-27T00:21:28.175Z]   FOOTER/HEADER ORIGIN: https://www.youtube.com
[2026-02-27T00:21:28.175Z]   FOOTER/HEADER ORIGIN: http://www.catom.com
[2026-02-27T00:21:28.176Z]   ADDED: urls <- http://www.catom.com
[2026-02-27T00:21:28.176Z] Step 2b result: added 1 uncategorized domains from footer/header
[2026-02-27T00:21:28.176Z] ── Step 3: Final dedup ──
[2026-02-27T00:21:28.176Z] Dedup: removed 0 of 1 URLs already in specialized fields
[2026-02-27T00:21:28.176Z] ── FINAL RESULT ──
[2026-02-27T00:21:28.176Z]   ws (1):
[2026-02-27T00:21:28.176Z]     - https://www.alphaomega-eng.com/
[2026-02-27T00:21:28.176Z]   li (1):
[2026-02-27T00:21:28.176Z]     - https://www.linkedin.com/company/alpha-omega
[2026-02-27T00:21:28.176Z]   fb (1):
[2026-02-27T00:21:28.176Z]     - https://www.facebook.com/AlphaOmegaEngineering
[2026-02-27T00:21:28.176Z]   tw (1):
[2026-02-27T00:21:28.177Z]     - https://twitter.com/alphaomegaeng
[2026-02-27T00:21:28.177Z]   ytc (1):
[2026-02-27T00:21:28.177Z]     - https://www.youtube.com/channel/UCvBEScA5xf3qLgeL5cRUhOQ
[2026-02-27T00:21:28.177Z]   urls (1):
[2026-02-27T00:21:28.177Z]     - http://www.catom.com
[2026-02-27T00:21:28.177Z] Summary: ws:1, tw:1, fb:1, li:1, ytc:1, urls:1
[2026-02-27T00:21:28.177Z] Saved final result to result.json
[2026-02-27T00:21:28.177Z] Override fields: ws, li, fb, tw, ytc, urls
[2026-02-27T00:21:28.178Z] Finished at: 2026-02-27T00:21:28.178Z
