[2026-03-07T13:43:15.057Z] === Homepage AI Extractor: Hudson Rock ===
[2026-03-07T13:43:15.057Z] Started at: 2026-03-07T13:43:15.057Z
[2026-03-07T13:43:15.057Z] Log directory: E:\code\The Wall\mono\packages\scrapper\logs\homepage_ai_extractor\1772890995056_Hudson_Rock
[2026-03-07T13:43:15.057Z] Company: Hudson Rock
[2026-03-07T13:43:15.057Z] Website: hudsonrock.com
[2026-03-07T13:43:15.057Z] cbRank: 247695
[2026-03-07T13:43:15.057Z] Reasons: h
[2026-03-07T13:43:15.057Z] Fetching: https://hudsonrock.com
[2026-03-07T13:43:21.877Z] Dismissed cookie consent popup via: button:has-text("Accept all")
[2026-03-07T13:43:24.757Z] Redirected: https://hudsonrock.com -> https://www.hudsonrock.com/
[2026-03-07T13:43:24.831Z] Saved HTML (1768187 bytes) to page.html
[2026-03-07T13:43:24.835Z] Extracted 32 unique links from page
[2026-03-07T13:43:24.836Z] Saved 32 links to links.json
[2026-03-07T13:43:24.844Z] Extracted footer HTML (9659 chars)
[2026-03-07T13:43:24.844Z] Extracted header HTML (4080 chars)
[2026-03-07T13:43:24.852Z] Website (post-redirect): https://www.hudsonrock.com/ → origin: https://www.hudsonrock.com
[2026-03-07T13:43:24.852Z]   SUBDOMAIN: bayonet.hudsonrock.com (added to ws)
[2026-03-07T13:43:24.852Z]   SUBDOMAIN: cavalier.hudsonrock.com (added to ws)
[2026-03-07T13:43:24.852Z]   SUBDOMAIN: docs.hudsonrock.com (added to ws)
[2026-03-07T13:43:24.852Z]   SUBDOMAIN: partners.hudsonrock.com (added to ws)
[2026-03-07T13:43:24.852Z] Website subdomains found: 4
[2026-03-07T13:43:24.853Z] External links: 6 (of 32 total)
[2026-03-07T13:43:24.853Z] ── All external links ──
[2026-03-07T13:43:24.853Z]   EXT: https://cookiepedia.co.uk/giving-consent-to-cookies
[2026-03-07T13:43:24.853Z]   EXT: https://infostealers.com
[2026-03-07T13:43:24.853Z]   EXT: https://www.cookiepro.com/products/cookie-consent
[2026-03-07T13:43:24.853Z]   EXT: https://www.linkedin.com/company/hudson-rock
[2026-03-07T13:43:24.854Z]   EXT: https://www.youtube.com/@hudsonrock7164/videos
[2026-03-07T13:43:24.854Z]   EXT: https://x.com/rockhudsonrock
[2026-03-07T13:43:24.854Z] ── Step 1: Programmatic categorization ──
[2026-03-07T13:43:24.854Z]   UNCATEGORIZED: https://cookiepedia.co.uk/giving-consent-to-cookies
[2026-03-07T13:43:24.854Z]   UNCATEGORIZED: https://infostealers.com
[2026-03-07T13:43:24.854Z]   UNCATEGORIZED: https://www.cookiepro.com/products/cookie-consent
[2026-03-07T13:43:24.854Z]   REGEX: li <- https://www.linkedin.com/company/hudson-rock
[2026-03-07T13:43:24.855Z]   REGEX: ytp <- https://www.youtube.com/@hudsonrock7164/videos
[2026-03-07T13:43:24.855Z]   REGEX: tw <- https://x.com/rockhudsonrock
[2026-03-07T13:43:24.855Z] Programmatic result: ws:5, li:1, ytp:1, tw:1 | 3 uncategorized
[2026-03-07T13:43:24.855Z] Sending uncategorized links + HTML sections to AI for analysis...
[2026-03-07T13:43:24.856Z] Saved AI prompt (4747 chars) to ai_prompt.txt
[2026-03-07T13:43:48.103Z] Saved AI response to ai_response.json
[2026-03-07T13:43:48.103Z] ── Parsing AI response (3 lines) ──
[2026-03-07T13:43:48.103Z]   AI LINK: https://www.linkedin.com/company/hudson-rock
[2026-03-07T13:43:48.103Z]   AI LINK: https://x.com/rockhudsonrock
[2026-03-07T13:43:48.103Z]   AI LINK: https://www.youtube.com/@hudsonrock7164/videos
[2026-03-07T13:43:48.104Z] AI returned 3 valid links
[2026-03-07T13:43:48.104Z] ── Categorizing 3 AI-returned links ──
[2026-03-07T13:43:48.104Z]   AI→REGEX: li <- https://www.linkedin.com/company/hudson-rock (duplicate, skipped)
[2026-03-07T13:43:48.104Z]   AI→REGEX: tw <- https://x.com/rockhudsonrock (duplicate, skipped)
[2026-03-07T13:43:48.104Z]   AI→REGEX: ytp <- https://www.youtube.com/@hudsonrock7164/videos (duplicate, skipped)
[2026-03-07T13:43:48.105Z] ── Step 2b: Footer/header uncategorized links ──
[2026-03-07T13:43:48.105Z] Footer/header origins (9):
[2026-03-07T13:43:48.105Z]   FOOTER/HEADER ORIGIN: https://cavalier.hudsonrock.com
[2026-03-07T13:43:48.105Z]   FOOTER/HEADER ORIGIN: https://bayonet.hudsonrock.com
[2026-03-07T13:43:48.105Z]   FOOTER/HEADER ORIGIN: https://docs.hudsonrock.com
[2026-03-07T13:43:48.105Z]   FOOTER/HEADER ORIGIN: https://www.hudsonrock.com
[2026-03-07T13:43:48.105Z]   FOOTER/HEADER ORIGIN: https://partners.hudsonrock.com
[2026-03-07T13:43:48.105Z]   FOOTER/HEADER ORIGIN: https://infostealers.com
[2026-03-07T13:43:48.105Z]   FOOTER/HEADER ORIGIN: https://www.linkedin.com
[2026-03-07T13:43:48.105Z]   FOOTER/HEADER ORIGIN: https://x.com
[2026-03-07T13:43:48.105Z]   FOOTER/HEADER ORIGIN: https://www.youtube.com
[2026-03-07T13:43:48.105Z]   SKIP (not in footer/header): https://cookiepedia.co.uk/giving-consent-to-cookies
[2026-03-07T13:43:48.105Z]   ADDED: urls <- https://infostealers.com
[2026-03-07T13:43:48.105Z]   SKIP (not in footer/header): https://www.cookiepro.com/products/cookie-consent
[2026-03-07T13:43:48.105Z] Step 2b result: added 1 uncategorized domains from footer/header
[2026-03-07T13:43:48.106Z] ── Step 3: Final dedup ──
[2026-03-07T13:43:48.106Z] Dedup: removed 0 of 1 URLs already in specialized fields
[2026-03-07T13:43:48.106Z] ── FINAL RESULT ──
[2026-03-07T13:43:48.106Z]   ws (5):
[2026-03-07T13:43:48.106Z]     - https://bayonet.hudsonrock.com
[2026-03-07T13:43:48.106Z]     - https://cavalier.hudsonrock.com
[2026-03-07T13:43:48.106Z]     - https://docs.hudsonrock.com
[2026-03-07T13:43:48.106Z]     - https://partners.hudsonrock.com
[2026-03-07T13:43:48.106Z]     - https://www.hudsonrock.com
[2026-03-07T13:43:48.106Z]   li (1):
[2026-03-07T13:43:48.106Z]     - https://www.linkedin.com/company/hudson-rock
[2026-03-07T13:43:48.106Z]   tw (1):
[2026-03-07T13:43:48.106Z]     - https://x.com/rockhudsonrock
[2026-03-07T13:43:48.106Z]   ytp (1):
[2026-03-07T13:43:48.106Z]     - https://www.youtube.com/@hudsonrock7164
[2026-03-07T13:43:48.106Z]   urls (1):
[2026-03-07T13:43:48.106Z]     - https://infostealers.com
[2026-03-07T13:43:48.106Z] Summary: ws:5, li:1, ytp:1, tw:1, urls:1
[2026-03-07T13:43:48.108Z] Saved final result to result.json
[2026-03-07T13:43:48.108Z] Override fields: ws, li, tw, ytp, urls
[2026-03-07T13:43:48.108Z] Finished at: 2026-03-07T13:43:48.108Z
