[2026-03-06T02:47:22.828Z] === Homepage AI Extractor: DogBase - Empowering K9 Teams with AI-Powered Tools ===
[2026-03-06T02:47:22.828Z] Started at: 2026-03-06T02:47:22.828Z
[2026-03-06T02:47:22.828Z] Log directory: E:\code\The Wall\mono\packages\scrapper\logs\homepage_ai_extractor\1772765242828_DogBase_-_Empowering_K9_Teams_with_AI-Powered_Tools
[2026-03-06T02:47:22.828Z] Company: DogBase - Empowering K9 Teams with AI-Powered Tools
[2026-03-06T02:47:22.828Z] Website: dogbase.co
[2026-03-06T02:47:22.829Z] cbRank: 107576
[2026-03-06T02:47:22.829Z] Reasons: h
[2026-03-06T02:47:22.829Z] Fetching: https://dogbase.co
[2026-03-06T02:47:26.993Z] Redirected: https://dogbase.co -> https://www.dogbase.co/
[2026-03-06T02:47:27.001Z] Saved HTML (167683 bytes) to page.html
[2026-03-06T02:47:27.005Z] Extracted 43 unique links from page
[2026-03-06T02:47:27.006Z] Saved 43 links to links.json
[2026-03-06T02:47:27.015Z] Extracted footer HTML (10784 chars)
[2026-03-06T02:47:27.015Z] Extracted header HTML (19657 chars)
[2026-03-06T02:47:27.024Z] Website (post-redirect): https://www.dogbase.co/ → origin: https://www.dogbase.co
[2026-03-06T02:47:27.024Z]   SUBDOMAIN: app.dogbase.co (added to ws)
[2026-03-06T02:47:27.025Z]   SUBDOMAIN: feedback.dogbase.co (added to ws)
[2026-03-06T02:47:27.025Z]   SUBDOMAIN: status.dogbase.co (added to ws)
[2026-03-06T02:47:27.025Z]   SUBDOMAIN: support.dogbase.co (added to ws)
[2026-03-06T02:47:27.025Z] Website subdomains found: 4
[2026-03-06T02:47:27.025Z] External links: 21 (of 43 total)
[2026-03-06T02:47:27.025Z] ── All external links ──
[2026-03-06T02:47:27.025Z]   EXT: http://alamoareasar.org
[2026-03-06T02:47:27.026Z]   EXT: https://app.getterms.io/view/x6YYi/aup/en-us
[2026-03-06T02:47:27.026Z]   EXT: https://app.getterms.io/view/x6YYi/cookie/en-us
[2026-03-06T02:47:27.026Z]   EXT: https://app.getterms.io/view/x6YYi/privacy/en-us
[2026-03-06T02:47:27.026Z]   EXT: https://app.getterms.io/view/x6YYi/return/en-us
[2026-03-06T02:47:27.026Z]   EXT: https://app.getterms.io/view/x6YYi/tos/en-us
[2026-03-06T02:47:27.026Z]   EXT: https://calendar.app.google/bD5P3HSJfrwh3xB28
[2026-03-06T02:47:27.026Z]   EXT: https://catroncountysar.org
[2026-03-06T02:47:27.026Z]   EXT: https://docsend.com/view/xh9yg4ratkwc3n6g
[2026-03-06T02:47:27.026Z]   EXT: https://pekelnypesgsd.weebly.com
[2026-03-06T02:47:27.026Z]   EXT: https://twitter.com/MyDogBase
[2026-03-06T02:47:27.027Z]   EXT: https://www.facebook.com/mydogbase
[2026-03-06T02:47:27.027Z]   EXT: https://www.gov.uk/government/organisations/ministry-of-defence
[2026-03-06T02:47:27.027Z]   EXT: https://www.gpsk9s.org
[2026-03-06T02:47:27.027Z]   EXT: https://www.instagram.com/mydogbase
[2026-03-06T02:47:27.027Z]   EXT: https://www.laurelmountaink9.com
[2026-03-06T02:47:27.027Z]   EXT: https://www.linkedin.com/company/dogbase
[2026-03-06T02:47:27.027Z]   EXT: https://www.mark9.org
[2026-03-06T02:47:27.027Z]   EXT: https://www.mocsar.org/index.html
[2026-03-06T02:47:27.027Z]   EXT: https://www.sartwc.com
[2026-03-06T02:47:27.028Z]   EXT: https://www.youtube.com/@MyDogBase
[2026-03-06T02:47:27.028Z] ── Step 1: Programmatic categorization ──
[2026-03-06T02:47:27.028Z]   UNCATEGORIZED: http://alamoareasar.org
[2026-03-06T02:47:27.028Z]   UNCATEGORIZED: https://app.getterms.io/view/x6YYi/aup/en-us
[2026-03-06T02:47:27.028Z]   UNCATEGORIZED: https://app.getterms.io/view/x6YYi/cookie/en-us
[2026-03-06T02:47:27.028Z]   UNCATEGORIZED: https://app.getterms.io/view/x6YYi/privacy/en-us
[2026-03-06T02:47:27.029Z]   UNCATEGORIZED: https://app.getterms.io/view/x6YYi/return/en-us
[2026-03-06T02:47:27.029Z]   UNCATEGORIZED: https://app.getterms.io/view/x6YYi/tos/en-us
[2026-03-06T02:47:27.029Z]   UNCATEGORIZED: https://calendar.app.google/bD5P3HSJfrwh3xB28
[2026-03-06T02:47:27.029Z]   UNCATEGORIZED: https://catroncountysar.org
[2026-03-06T02:47:27.029Z]   UNCATEGORIZED: https://docsend.com/view/xh9yg4ratkwc3n6g
[2026-03-06T02:47:27.029Z]   UNCATEGORIZED: https://pekelnypesgsd.weebly.com
[2026-03-06T02:47:27.029Z]   REGEX: tw <- https://twitter.com/MyDogBase
[2026-03-06T02:47:27.030Z]   REGEX: fb <- https://www.facebook.com/mydogbase
[2026-03-06T02:47:27.030Z]   UNCATEGORIZED: https://www.gov.uk/government/organisations/ministry-of-defence
[2026-03-06T02:47:27.030Z]   UNCATEGORIZED: https://www.gpsk9s.org
[2026-03-06T02:47:27.030Z]   REGEX: ig <- https://www.instagram.com/mydogbase
[2026-03-06T02:47:27.030Z]   UNCATEGORIZED: https://www.laurelmountaink9.com
[2026-03-06T02:47:27.030Z]   REGEX: li <- https://www.linkedin.com/company/dogbase
[2026-03-06T02:47:27.030Z]   UNCATEGORIZED: https://www.mark9.org
[2026-03-06T02:47:27.030Z]   UNCATEGORIZED: https://www.mocsar.org/index.html
[2026-03-06T02:47:27.031Z]   UNCATEGORIZED: https://www.sartwc.com
[2026-03-06T02:47:27.031Z]   REGEX: ytp <- https://www.youtube.com/@MyDogBase
[2026-03-06T02:47:27.031Z] Programmatic result: ws:5, tw:1, fb:1, ig:1, li:1, ytp:1 | 16 uncategorized
[2026-03-06T02:47:27.031Z] Sending uncategorized links + HTML sections to AI for analysis...
[2026-03-06T02:47:27.032Z] Saved AI prompt (10804 chars) to ai_prompt.txt
[2026-03-06T02:48:31.191Z] Saved AI response to ai_response.json
[2026-03-06T02:48:31.191Z] ── Parsing AI response (5 lines) ──
[2026-03-06T02:48:31.191Z]   AI LINK: https://www.facebook.com/mydogbase
[2026-03-06T02:48:31.191Z]   AI LINK: https://www.linkedin.com/company/dogbase/
[2026-03-06T02:48:31.191Z]   AI LINK: https://twitter.com/MyDogBase
[2026-03-06T02:48:31.191Z]   AI LINK: https://www.youtube.com/@MyDogBase
[2026-03-06T02:48:31.191Z]   AI LINK: https://www.instagram.com/mydogbase/
[2026-03-06T02:48:31.191Z] AI returned 5 valid links
[2026-03-06T02:48:31.192Z] ── Categorizing 5 AI-returned links ──
[2026-03-06T02:48:31.192Z]   AI→REGEX: fb <- https://www.facebook.com/mydogbase (duplicate, skipped)
[2026-03-06T02:48:31.192Z]   AI→REGEX: li <- https://www.linkedin.com/company/dogbase/ (duplicate, skipped)
[2026-03-06T02:48:31.192Z]   AI→REGEX: tw <- https://twitter.com/MyDogBase (duplicate, skipped)
[2026-03-06T02:48:31.192Z]   AI→REGEX: ytp <- https://www.youtube.com/@MyDogBase (duplicate, skipped)
[2026-03-06T02:48:31.192Z]   AI→REGEX: ig <- https://www.instagram.com/mydogbase/ (duplicate, skipped)
[2026-03-06T02:48:31.193Z] ── Step 2b: Footer/header uncategorized links ──
[2026-03-06T02:48:31.193Z] Footer/header origins (11):
[2026-03-06T02:48:31.193Z]   FOOTER/HEADER ORIGIN: https://www.facebook.com
[2026-03-06T02:48:31.194Z]   FOOTER/HEADER ORIGIN: https://www.linkedin.com
[2026-03-06T02:48:31.194Z]   FOOTER/HEADER ORIGIN: https://twitter.com
[2026-03-06T02:48:31.194Z]   FOOTER/HEADER ORIGIN: https://www.youtube.com
[2026-03-06T02:48:31.194Z]   FOOTER/HEADER ORIGIN: https://www.instagram.com
[2026-03-06T02:48:31.194Z]   FOOTER/HEADER ORIGIN: https://app.dogbase.co
[2026-03-06T02:48:31.194Z]   FOOTER/HEADER ORIGIN: https://support.dogbase.co
[2026-03-06T02:48:31.194Z]   FOOTER/HEADER ORIGIN: https://feedback.dogbase.co
[2026-03-06T02:48:31.194Z]   FOOTER/HEADER ORIGIN: https://status.dogbase.co
[2026-03-06T02:48:31.194Z]   FOOTER/HEADER ORIGIN: https://www.dogbase.co
[2026-03-06T02:48:31.194Z]   FOOTER/HEADER ORIGIN: https://app.getterms.io
[2026-03-06T02:48:31.194Z]   SKIP (not in footer/header): http://alamoareasar.org
[2026-03-06T02:48:31.194Z]   ADDED: urls <- https://app.getterms.io/view/x6YYi/aup/en-us
[2026-03-06T02:48:31.194Z]   ADDED: urls <- https://app.getterms.io/view/x6YYi/cookie/en-us
[2026-03-06T02:48:31.194Z]   ADDED: urls <- https://app.getterms.io/view/x6YYi/privacy/en-us
[2026-03-06T02:48:31.195Z]   ADDED: urls <- https://app.getterms.io/view/x6YYi/return/en-us
[2026-03-06T02:48:31.195Z]   ADDED: urls <- https://app.getterms.io/view/x6YYi/tos/en-us
[2026-03-06T02:48:31.195Z]   SKIP (not in footer/header): https://calendar.app.google/bD5P3HSJfrwh3xB28
[2026-03-06T02:48:31.195Z]   SKIP (not in footer/header): https://catroncountysar.org
[2026-03-06T02:48:31.195Z]   SKIP (not in footer/header): https://docsend.com/view/xh9yg4ratkwc3n6g
[2026-03-06T02:48:31.195Z]   SKIP (not in footer/header): https://pekelnypesgsd.weebly.com
[2026-03-06T02:48:31.195Z]   SKIP (not in footer/header): https://www.gov.uk/government/organisations/ministry-of-defence
[2026-03-06T02:48:31.195Z]   SKIP (not in footer/header): https://www.gpsk9s.org
[2026-03-06T02:48:31.195Z]   SKIP (not in footer/header): https://www.laurelmountaink9.com
[2026-03-06T02:48:31.195Z]   SKIP (not in footer/header): https://www.mark9.org
[2026-03-06T02:48:31.195Z]   SKIP (not in footer/header): https://www.mocsar.org/index.html
[2026-03-06T02:48:31.195Z]   SKIP (not in footer/header): https://www.sartwc.com
[2026-03-06T02:48:31.196Z] Step 2b result: added 5 uncategorized domains from footer/header
[2026-03-06T02:48:31.196Z] ── Step 3: Final dedup ──
[2026-03-06T02:48:31.196Z] Dedup: removed 0 of 5 URLs already in specialized fields
[2026-03-06T02:48:31.196Z] ── FINAL RESULT ──
[2026-03-06T02:48:31.196Z]   ws (5):
[2026-03-06T02:48:31.196Z]     - https://app.dogbase.co
[2026-03-06T02:48:31.196Z]     - https://feedback.dogbase.co
[2026-03-06T02:48:31.196Z]     - https://status.dogbase.co
[2026-03-06T02:48:31.196Z]     - https://support.dogbase.co
[2026-03-06T02:48:31.196Z]     - https://www.dogbase.co
[2026-03-06T02:48:31.196Z]   li (1):
[2026-03-06T02:48:31.196Z]     - https://www.linkedin.com/company/dogbase
[2026-03-06T02:48:31.197Z]   fb (1):
[2026-03-06T02:48:31.197Z]     - https://www.facebook.com/mydogbase
[2026-03-06T02:48:31.197Z]   tw (1):
[2026-03-06T02:48:31.197Z]     - https://x.com/mydogbase
[2026-03-06T02:48:31.197Z]   ig (1):
[2026-03-06T02:48:31.197Z]     - https://www.instagram.com/mydogbase
[2026-03-06T02:48:31.197Z]   ytp (1):
[2026-03-06T02:48:31.197Z]     - https://www.youtube.com/@mydogbase
[2026-03-06T02:48:31.197Z]   urls (5):
[2026-03-06T02:48:31.197Z]     - https://app.getterms.io/view/x6YYi/aup/en-us
[2026-03-06T02:48:31.197Z]     - https://app.getterms.io/view/x6YYi/cookie/en-us
[2026-03-06T02:48:31.197Z]     - https://app.getterms.io/view/x6YYi/privacy/en-us
[2026-03-06T02:48:31.197Z]     - https://app.getterms.io/view/x6YYi/return/en-us
[2026-03-06T02:48:31.198Z]     - https://app.getterms.io/view/x6YYi/tos/en-us
[2026-03-06T02:48:31.198Z] Summary: ws:5, tw:1, fb:1, ig:1, li:1, ytp:1, urls:5
[2026-03-06T02:48:31.198Z] Saved final result to result.json
[2026-03-06T02:48:31.199Z] Override fields: ws, li, fb, tw, ig, ytp, urls
[2026-03-06T02:48:31.199Z] Finished at: 2026-03-06T02:48:31.199Z
