[2026-03-22T07:22:55.648Z] === Homepage AI Extractor: Catch Media ===
[2026-03-22T07:22:55.648Z] Started at: 2026-03-22T07:22:55.648Z
[2026-03-22T07:22:55.648Z] Log directory: C:\Users\ahmed\code\mono\packages\scrapper\logs\homepage_ai_extractor\1774164175647_Catch_Media
[2026-03-22T07:22:55.648Z] Company: Catch Media
[2026-03-22T07:22:55.648Z] Website: catchmedia.com
[2026-03-22T07:22:55.648Z] cbRank: 259732
[2026-03-22T07:22:55.648Z] Reasons: f
[2026-03-22T07:22:55.648Z] Fetching: https://catchmedia.com
[2026-03-22T07:22:59.516Z] Redirected: https://catchmedia.com -> https://catchmedia.com/
[2026-03-22T07:22:59.518Z] Saved HTML (36915 bytes) to page.html
[2026-03-22T07:22:59.521Z] Extracted 27 unique links from page
[2026-03-22T07:22:59.522Z] Saved 27 links to links.json
[2026-03-22T07:22:59.524Z] No footer section found in DOM
[2026-03-22T07:22:59.524Z] No header section found in DOM
[2026-03-22T07:22:59.528Z] Website (post-redirect): https://catchmedia.com/ → origin: https://catchmedia.com
[2026-03-22T07:22:59.528Z] External links: 0 (of 27 total)
[2026-03-22T07:22:59.528Z] ── All external links ──
[2026-03-22T07:22:59.528Z] ── Step 1: Programmatic categorization ──
[2026-03-22T07:22:59.529Z] Programmatic result: ws:1 | 0 uncategorized
[2026-03-22T07:22:59.529Z] No uncategorized links and no HTML sections — skipping AI analysis
[2026-03-22T07:22:59.529Z] ── Step 2b: Footer/header uncategorized links ──
[2026-03-22T07:22:59.529Z] Footer/header origins (0):
[2026-03-22T07:22:59.529Z] Step 2b result: added 0 uncategorized domains from footer/header
[2026-03-22T07:22:59.529Z] ── Step 2c: YouTube channel handle resolution ──
[2026-03-22T07:22:59.529Z]   YOUTUBE: no ytc entries to resolve
[2026-03-22T07:22:59.529Z] ── Step 3: Final dedup ──
[2026-03-22T07:22:59.529Z] No urls to dedup
[2026-03-22T07:22:59.529Z] ── FINAL RESULT ──
[2026-03-22T07:22:59.529Z]   ws (1):
[2026-03-22T07:22:59.529Z]     - https://catchmedia.com
[2026-03-22T07:22:59.529Z] Summary: ws:1
[2026-03-22T07:22:59.532Z] Saved final result to result.json
[2026-03-22T07:22:59.532Z] Override fields: ws
[2026-03-22T07:22:59.533Z] Finished at: 2026-03-22T07:22:59.533Z
