[2026-03-01T21:16:42.753Z] === Homepage AI Extractor: Enlight Renewable Energy ===
[2026-03-01T21:16:42.753Z] Started at: 2026-03-01T21:16:42.753Z
[2026-03-01T21:16:42.753Z] Log directory: E:\code\The Wall\mono\packages\scrapper\logs\homepage_ai_extractor\1772399802752_Enlight_Renewable_Energy
[2026-03-01T21:16:42.753Z] Company: Enlight Renewable Energy
[2026-03-01T21:16:42.753Z] Website: enlightenergy.co.il
[2026-03-01T21:16:42.753Z] cbRank: 45915
[2026-03-01T21:16:42.753Z] Reasons: h
[2026-03-01T21:16:42.753Z] Fetching: https://enlightenergy.co.il
[2026-03-01T21:16:55.471Z] Network idle timeout — continuing with current state
[2026-03-01T21:16:55.577Z] Dismissed cookie consent popup via: button:has-text("Accept all")
[2026-03-01T21:16:56.078Z] Redirected: https://enlightenergy.co.il -> https://enlightenergy.co.il/
[2026-03-01T21:16:56.094Z] Saved HTML (308861 bytes) to page.html
[2026-03-01T21:16:56.100Z] Extracted 55 unique links from page
[2026-03-01T21:16:56.101Z] Saved 55 links to links.json
[2026-03-01T21:16:56.113Z] Extracted footer HTML (8397 chars)
[2026-03-01T21:16:56.114Z] Extracted header HTML (24339 chars)
[2026-03-01T21:16:56.126Z] Website (post-redirect): https://enlightenergy.co.il/ → origin: https://enlightenergy.co.il
[2026-03-01T21:16:56.127Z] External links: 9 (of 55 total)
[2026-03-01T21:16:56.127Z] ── All external links ──
[2026-03-01T21:16:56.127Z]   EXT: https://a-2-z.co.il
[2026-03-01T21:16:56.127Z]   EXT: https://business.safety.google/privacy
[2026-03-01T21:16:56.127Z]   EXT: https://renews.biz/100975/enlight-secures-310m-for-gecama-expansion
[2026-03-01T21:16:56.127Z]   EXT: https://twitter.com/enlight_re
[2026-03-01T21:16:56.127Z]   EXT: https://www.cookieyes.com/product/cookie-consent/?ref=cypbcyb&utm_source=cookie-banner&utm_medium=powered-by-cookieyes
[2026-03-01T21:16:56.127Z]   EXT: https://www.facebook.com/EnlightRenewableEnergy
[2026-03-01T21:16:56.127Z]   EXT: https://www.instagram.com/enlight.renewable.energy
[2026-03-01T21:16:56.127Z]   EXT: https://www.linkedin.com/company/9025493
[2026-03-01T21:16:56.127Z]   EXT: https://www.youtube.com/@enlightrenewableenergy
[2026-03-01T21:16:56.127Z] ── Step 1: Programmatic categorization ──
[2026-03-01T21:16:56.127Z]   UNCATEGORIZED: https://a-2-z.co.il
[2026-03-01T21:16:56.127Z]   UNCATEGORIZED: https://business.safety.google/privacy
[2026-03-01T21:16:56.128Z]   UNCATEGORIZED: https://renews.biz/100975/enlight-secures-310m-for-gecama-expansion
[2026-03-01T21:16:56.128Z]   REGEX: tw <- https://twitter.com/enlight_re
[2026-03-01T21:16:56.128Z]   UNCATEGORIZED: https://www.cookieyes.com/product/cookie-consent/?ref=cypbcyb&utm_source=cookie-banner&utm_medium=powered-by-cookieyes
[2026-03-01T21:16:56.128Z]   REGEX: fb <- https://www.facebook.com/EnlightRenewableEnergy
[2026-03-01T21:16:56.128Z]   REGEX: ig <- https://www.instagram.com/enlight.renewable.energy
[2026-03-01T21:16:56.128Z]   REGEX: li <- https://www.linkedin.com/company/9025493
[2026-03-01T21:16:56.128Z]   REGEX: ytp <- https://www.youtube.com/@enlightrenewableenergy
[2026-03-01T21:16:56.128Z] Programmatic result: ws:1, tw:1, fb:1, ig:1, li:1, ytp:1 | 4 uncategorized
[2026-03-01T21:16:56.128Z] Sending uncategorized links + HTML sections to AI for analysis...
[2026-03-01T21:16:56.130Z] Saved AI prompt (5777 chars) to ai_prompt.txt
[2026-03-01T21:17:30.772Z] Saved AI response to ai_response.json
[2026-03-01T21:17:30.773Z] ── Parsing AI response (5 lines) ──
[2026-03-01T21:17:30.773Z]   AI LINK: https://www.youtube.com/@enlightrenewableenergy
[2026-03-01T21:17:30.773Z]   AI LINK: https://www.facebook.com/EnlightRenewableEnergy
[2026-03-01T21:17:30.773Z]   AI LINK: https://twitter.com/enlight_re
[2026-03-01T21:17:30.774Z]   AI LINK: https://www.linkedin.com/company/9025493
[2026-03-01T21:17:30.774Z]   AI LINK: https://www.instagram.com/enlight.renewable.energy
[2026-03-01T21:17:30.774Z] AI returned 5 valid links
[2026-03-01T21:17:30.774Z] ── Categorizing 5 AI-returned links ──
[2026-03-01T21:17:30.774Z]   AI→REGEX: ytp <- https://www.youtube.com/@enlightrenewableenergy (duplicate, skipped)
[2026-03-01T21:17:30.774Z]   AI→REGEX: fb <- https://www.facebook.com/EnlightRenewableEnergy (duplicate, skipped)
[2026-03-01T21:17:30.774Z]   AI→REGEX: tw <- https://twitter.com/enlight_re (duplicate, skipped)
[2026-03-01T21:17:30.774Z]   AI→REGEX: li <- https://www.linkedin.com/company/9025493 (duplicate, skipped)
[2026-03-01T21:17:30.774Z]   AI→REGEX: ig <- https://www.instagram.com/enlight.renewable.energy (duplicate, skipped)
[2026-03-01T21:17:30.775Z] ── Step 2b: Footer/header uncategorized links ──
[2026-03-01T21:17:30.775Z] Footer/header origins (7):
[2026-03-01T21:17:30.775Z]   FOOTER/HEADER ORIGIN: https://enlightenergy.co.il
[2026-03-01T21:17:30.775Z]   FOOTER/HEADER ORIGIN: https://www.youtube.com
[2026-03-01T21:17:30.775Z]   FOOTER/HEADER ORIGIN: https://www.facebook.com
[2026-03-01T21:17:30.775Z]   FOOTER/HEADER ORIGIN: https://twitter.com
[2026-03-01T21:17:30.775Z]   FOOTER/HEADER ORIGIN: https://www.linkedin.com
[2026-03-01T21:17:30.775Z]   FOOTER/HEADER ORIGIN: https://www.instagram.com
[2026-03-01T21:17:30.775Z]   FOOTER/HEADER ORIGIN: https://a-2-z.co.il
[2026-03-01T21:17:30.775Z]   ADDED: urls <- https://a-2-z.co.il
[2026-03-01T21:17:30.775Z]   SKIP (not in footer/header): https://business.safety.google/privacy
[2026-03-01T21:17:30.776Z]   SKIP (not in footer/header): https://renews.biz/100975/enlight-secures-310m-for-gecama-expansion
[2026-03-01T21:17:30.776Z]   SKIP (not in footer/header): https://www.cookieyes.com/product/cookie-consent/?ref=cypbcyb&utm_source=cookie-banner&utm_medium=powered-by-cookieyes
[2026-03-01T21:17:30.776Z] Step 2b result: added 1 uncategorized domains from footer/header
[2026-03-01T21:17:30.776Z] ── Step 3: Final dedup ──
[2026-03-01T21:17:30.776Z] Dedup: removed 0 of 1 URLs already in specialized fields
[2026-03-01T21:17:30.776Z] ── FINAL RESULT ──
[2026-03-01T21:17:30.776Z]   ws (1):
[2026-03-01T21:17:30.776Z]     - https://enlightenergy.co.il
[2026-03-01T21:17:30.776Z]   li (1):
[2026-03-01T21:17:30.776Z]     - https://www.linkedin.com/company/9025493
[2026-03-01T21:17:30.776Z]   fb (1):
[2026-03-01T21:17:30.776Z]     - https://www.facebook.com/enlightrenewableenergy
[2026-03-01T21:17:30.776Z]   tw (1):
[2026-03-01T21:17:30.777Z]     - https://x.com/enlight_re
[2026-03-01T21:17:30.777Z]   ig (1):
[2026-03-01T21:17:30.777Z]     - https://www.instagram.com/enlight.renewable.energy
[2026-03-01T21:17:30.777Z]   ytp (1):
[2026-03-01T21:17:30.777Z]     - https://www.youtube.com/@enlightrenewableenergy
[2026-03-01T21:17:30.777Z]   urls (1):
[2026-03-01T21:17:30.777Z]     - https://a-2-z.co.il
[2026-03-01T21:17:30.777Z] Summary: ws:1, tw:1, fb:1, ig:1, li:1, ytp:1, urls:1
[2026-03-01T21:17:30.777Z] Saved final result to result.json
[2026-03-01T21:17:30.778Z] Override fields: ws, li, fb, tw, ig, ytp, urls
[2026-03-01T21:17:30.778Z] Finished at: 2026-03-01T21:17:30.778Z
