[2026-02-26T23:43:02.258Z] === Homepage AI Extractor: Anodot ===
[2026-02-26T23:43:02.258Z] Started at: 2026-02-26T23:43:02.258Z
[2026-02-26T23:43:02.258Z] Log directory: E:\code\The Wall\mono\packages\scrapper\logs\homepage_ai_extractor\1772149382256_Anodot
[2026-02-26T23:43:02.258Z] Company: Anodot
[2026-02-26T23:43:02.258Z] Website: anodot.com
[2026-02-26T23:43:02.258Z] cbRank: 6306
[2026-02-26T23:43:02.258Z] Reasons: h
[2026-02-26T23:43:02.258Z] Fetching: https://anodot.com
[2026-02-26T23:43:13.494Z] Network idle timeout — continuing with current state
[2026-02-26T23:43:13.594Z] Dismissed cookie consent popup via: button:has-text("Accept all")
[2026-02-26T23:43:14.103Z] Redirected: https://anodot.com -> https://www.anodot.com/
[2026-02-26T23:43:14.141Z] Saved HTML (1215635 bytes) to page.html
[2026-02-26T23:43:14.145Z] Extracted 59 unique links from page
[2026-02-26T23:43:14.146Z] Saved 59 links to links.json
[2026-02-26T23:43:14.152Z] Extracted footer HTML (13108 chars)
[2026-02-26T23:43:14.152Z] Extracted header HTML (170468 chars)
[2026-02-26T23:43:14.157Z] Website (post-redirect): https://www.anodot.com/
[2026-02-26T23:43:14.158Z]   SUBDOMAIN: app.anodot.com (added to ws)
[2026-02-26T23:43:14.158Z]   SUBDOMAIN: docs.anodot.com (added to ws)
[2026-02-26T23:43:14.158Z]   SUBDOMAIN: go.anodot.com (added to ws)
[2026-02-26T23:43:14.158Z]   SUBDOMAIN: support.anodot.com (added to ws)
[2026-02-26T23:43:14.158Z] Website subdomains found: 4
[2026-02-26T23:43:14.158Z] External links: 7 (of 59 total)
[2026-02-26T23:43:14.159Z] ── All external links ──
[2026-02-26T23:43:14.159Z]   EXT: https://app.pileuscloud.com
[2026-02-26T23:43:14.159Z]   EXT: https://onetrust.com/poweredbyonetrust
[2026-02-26T23:43:14.159Z]   EXT: https://twitter.com/TeamAnodot
[2026-02-26T23:43:14.159Z]   EXT: https://www.facebook.com/anodot?fref=ts
[2026-02-26T23:43:14.159Z]   EXT: https://www.glassbox.com/news/glassbox-anodot-acquisition
[2026-02-26T23:43:14.159Z]   EXT: https://www.instagram.com/anodot_hq/?hl=en
[2026-02-26T23:43:14.159Z]   EXT: https://www.linkedin.com/company/anodot
[2026-02-26T23:43:14.159Z] ── Step 1: Programmatic categorization ──
[2026-02-26T23:43:14.159Z]   UNCATEGORIZED: https://app.pileuscloud.com
[2026-02-26T23:43:14.159Z]   UNCATEGORIZED: https://onetrust.com/poweredbyonetrust
[2026-02-26T23:43:14.159Z]   REGEX: tw <- https://twitter.com/TeamAnodot
[2026-02-26T23:43:14.159Z]   REGEX: fb <- https://www.facebook.com/anodot?fref=ts
[2026-02-26T23:43:14.160Z]   UNCATEGORIZED: https://www.glassbox.com/news/glassbox-anodot-acquisition
[2026-02-26T23:43:14.160Z]   REGEX: ig <- https://www.instagram.com/anodot_hq/?hl=en
[2026-02-26T23:43:14.160Z]   REGEX: li <- https://www.linkedin.com/company/anodot
[2026-02-26T23:43:14.160Z] Programmatic result: ws:5, tw:1, fb:1, ig:1, li:1 | 3 uncategorized
[2026-02-26T23:43:14.160Z] Sending uncategorized links + HTML sections to AI for analysis...
[2026-02-26T23:43:14.161Z] Saved AI prompt (7076 chars) to ai_prompt.txt
[2026-02-26T23:43:51.759Z] Saved AI response to ai_response.json
[2026-02-26T23:43:51.759Z] ── Parsing AI response (4 lines) ──
[2026-02-26T23:43:51.759Z]   AI LINK: https://twitter.com/TeamAnodot
[2026-02-26T23:43:51.759Z]   AI LINK: https://www.linkedin.com/company/anodot/
[2026-02-26T23:43:51.759Z]   AI LINK: https://www.instagram.com/anodot_hq/?hl=en
[2026-02-26T23:43:51.759Z]   AI LINK: https://www.facebook.com/anodot?fref=ts
[2026-02-26T23:43:51.759Z] AI returned 4 valid links
[2026-02-26T23:43:51.760Z] ── Categorizing 4 AI-returned links ──
[2026-02-26T23:43:51.760Z]   AI→REGEX: tw <- https://twitter.com/TeamAnodot (duplicate, skipped)
[2026-02-26T23:43:51.760Z]   AI→REGEX: li <- https://www.linkedin.com/company/anodot/ (duplicate, skipped)
[2026-02-26T23:43:51.760Z]   AI→REGEX: ig <- https://www.instagram.com/anodot_hq/?hl=en (duplicate, skipped)
[2026-02-26T23:43:51.760Z]   AI→REGEX: fb <- https://www.facebook.com/anodot?fref=ts (duplicate, skipped)
[2026-02-26T23:43:51.761Z] ── Step 2b: Footer/header uncategorized links ──
[2026-02-26T23:43:51.762Z] Footer/header origins (10):
[2026-02-26T23:43:51.762Z]   FOOTER/HEADER ORIGIN: https://www.anodot.com
[2026-02-26T23:43:51.762Z]   FOOTER/HEADER ORIGIN: https://support.anodot.com
[2026-02-26T23:43:51.762Z]   FOOTER/HEADER ORIGIN: https://docs.anodot.com
[2026-02-26T23:43:51.762Z]   FOOTER/HEADER ORIGIN: https://twitter.com
[2026-02-26T23:43:51.762Z]   FOOTER/HEADER ORIGIN: https://www.linkedin.com
[2026-02-26T23:43:51.762Z]   FOOTER/HEADER ORIGIN: https://www.instagram.com
[2026-02-26T23:43:51.762Z]   FOOTER/HEADER ORIGIN: https://www.facebook.com
[2026-02-26T23:43:51.762Z]   FOOTER/HEADER ORIGIN: https://app.anodot.com
[2026-02-26T23:43:51.762Z]   FOOTER/HEADER ORIGIN: https://app.pileuscloud.com
[2026-02-26T23:43:51.762Z]   FOOTER/HEADER ORIGIN: https://go.anodot.com
[2026-02-26T23:43:51.762Z]   ADDED: urls <- https://app.pileuscloud.com
[2026-02-26T23:43:51.763Z]   SKIP (not in footer/header): https://onetrust.com/poweredbyonetrust
[2026-02-26T23:43:51.763Z]   SKIP (not in footer/header): https://www.glassbox.com/news/glassbox-anodot-acquisition
[2026-02-26T23:43:51.763Z] Step 2b result: added 1 uncategorized domains from footer/header
[2026-02-26T23:43:51.763Z] ── Step 3: Final dedup ──
[2026-02-26T23:43:51.763Z] Dedup: removed 0 of 1 URLs already in specialized fields
[2026-02-26T23:43:51.763Z] ── FINAL RESULT ──
[2026-02-26T23:43:51.763Z]   ws (5):
[2026-02-26T23:43:51.763Z]     - https://app.anodot.com
[2026-02-26T23:43:51.763Z]     - https://docs.anodot.com
[2026-02-26T23:43:51.763Z]     - https://go.anodot.com
[2026-02-26T23:43:51.763Z]     - https://support.anodot.com
[2026-02-26T23:43:51.763Z]     - https://www.anodot.com/
[2026-02-26T23:43:51.763Z]   li (1):
[2026-02-26T23:43:51.763Z]     - https://www.linkedin.com/company/anodot
[2026-02-26T23:43:51.763Z]   fb (1):
[2026-02-26T23:43:51.763Z]     - https://www.facebook.com/anodot?fref=ts
[2026-02-26T23:43:51.764Z]   tw (1):
[2026-02-26T23:43:51.764Z]     - https://twitter.com/TeamAnodot
[2026-02-26T23:43:51.764Z]   ig (1):
[2026-02-26T23:43:51.764Z]     - https://www.instagram.com/anodot_hq/?hl=en
[2026-02-26T23:43:51.764Z]   urls (1):
[2026-02-26T23:43:51.764Z]     - https://app.pileuscloud.com
[2026-02-26T23:43:51.764Z] Summary: ws:5, tw:1, fb:1, ig:1, li:1, urls:1
[2026-02-26T23:43:51.764Z] Saved final result to result.json
[2026-02-26T23:43:51.765Z] Override fields: ws, li, fb, tw, ig, urls
[2026-02-26T23:43:51.765Z] Finished at: 2026-02-26T23:43:51.765Z
