[2026-03-05T07:38:54.169Z] === Homepage AI Extractor: Baibys ===
[2026-03-05T07:38:54.169Z] Started at: 2026-03-05T07:38:54.169Z
[2026-03-05T07:38:54.169Z] Log directory: E:\code\The Wall\mono\packages\scrapper\logs\homepage_ai_extractor\1772696334169_Baibys
[2026-03-05T07:38:54.169Z] Company: Baibys
[2026-03-05T07:38:54.169Z] Website: baibys.com
[2026-03-05T07:38:54.170Z] cbRank: 60365
[2026-03-05T07:38:54.170Z] Reasons: h
[2026-03-05T07:38:54.170Z] Fetching: https://baibys.com
[2026-03-05T07:38:55.539Z] Redirected: https://baibys.com -> https://www.baibys.com/
[2026-03-05T07:38:55.546Z] Saved HTML (149436 bytes) to page.html
[2026-03-05T07:38:55.550Z] Extracted 25 unique links from page
[2026-03-05T07:38:55.550Z] Saved 25 links to links.json
[2026-03-05T07:38:55.554Z] Extracted footer HTML (23910 chars)
[2026-03-05T07:38:55.554Z] Extracted header HTML (25939 chars)
[2026-03-05T07:38:55.559Z] Website (post-redirect): https://www.baibys.com/ → origin: https://www.baibys.com
[2026-03-05T07:38:55.559Z] External links: 5 (of 25 total)
[2026-03-05T07:38:55.559Z] ── All external links ──
[2026-03-05T07:38:55.559Z]   EXT: https://cookiedatabase.org/tcf/purposes
[2026-03-05T07:38:55.559Z]   EXT: https://www.artbit.co.il
[2026-03-05T07:38:55.559Z]   EXT: https://www.google.com/maps/place/HaBarzel+St+26,+Tel+Aviv-Yafo/@32.109313,34.840544,12z/data=!4m5!3m4!1s0x151d49eb2d9eed31:0x957b59178b731eef!8m2!3d32.1093129!4d34.8405444?hl=en
[2026-03-05T07:38:55.560Z]   EXT: https://www.linkedin.com/company/baibys%E2%84%A2-fertility/about
[2026-03-05T07:38:55.560Z]   EXT: https://www.youtube.com/channel/UCuwE14TAiPFXgYTizbXSKEw
[2026-03-05T07:38:55.560Z] ── Step 1: Programmatic categorization ──
[2026-03-05T07:38:55.560Z]   UNCATEGORIZED: https://cookiedatabase.org/tcf/purposes
[2026-03-05T07:38:55.560Z]   UNCATEGORIZED: https://www.artbit.co.il
[2026-03-05T07:38:55.560Z]   UNCATEGORIZED: https://www.google.com/maps/place/HaBarzel+St+26,+Tel+Aviv-Yafo/@32.109313,34.840544,12z/data=!4m5!3m4!1s0x151d49eb2d9eed31:0x957b59178b731eef!8m2!3d32.1093129!4d34.8405444?hl=en
[2026-03-05T07:38:55.560Z]   REGEX: li <- https://www.linkedin.com/company/baibys%E2%84%A2-fertility/about
[2026-03-05T07:38:55.561Z]   REGEX: ytc <- https://www.youtube.com/channel/UCuwE14TAiPFXgYTizbXSKEw
[2026-03-05T07:38:55.561Z] Programmatic result: ws:1, li:1, ytc:1 | 3 uncategorized
[2026-03-05T07:38:55.561Z] Sending uncategorized links + HTML sections to AI for analysis...
[2026-03-05T07:38:55.563Z] Saved AI prompt (13835 chars) to ai_prompt.txt
[2026-03-05T07:40:12.394Z] Saved AI response to ai_response.json
[2026-03-05T07:40:12.394Z] ── Parsing AI response (2 lines) ──
[2026-03-05T07:40:12.394Z]   AI LINK: https://www.linkedin.com/company/baibys%E2%84%A2-fertility/about/
[2026-03-05T07:40:12.394Z]   AI LINK: https://www.youtube.com/channel/UCuwE14TAiPFXgYTizbXSKEw
[2026-03-05T07:40:12.394Z] AI returned 2 valid links
[2026-03-05T07:40:12.394Z] ── Categorizing 2 AI-returned links ──
[2026-03-05T07:40:12.394Z]   AI→REGEX: li <- https://www.linkedin.com/company/baibys%E2%84%A2-fertility/about/ (duplicate, skipped)
[2026-03-05T07:40:12.395Z]   AI→REGEX: ytc <- https://www.youtube.com/channel/UCuwE14TAiPFXgYTizbXSKEw (duplicate, skipped)
[2026-03-05T07:40:12.395Z] ── Step 2b: Footer/header uncategorized links ──
[2026-03-05T07:40:12.395Z] Footer/header origins (5):
[2026-03-05T07:40:12.395Z]   FOOTER/HEADER ORIGIN: https://www.baibys.com
[2026-03-05T07:40:12.395Z]   FOOTER/HEADER ORIGIN: https://www.linkedin.com
[2026-03-05T07:40:12.395Z]   FOOTER/HEADER ORIGIN: https://www.youtube.com
[2026-03-05T07:40:12.395Z]   FOOTER/HEADER ORIGIN: https://www.google.com
[2026-03-05T07:40:12.395Z]   FOOTER/HEADER ORIGIN: https://www.artbit.co.il
[2026-03-05T07:40:12.395Z]   SKIP (not in footer/header): https://cookiedatabase.org/tcf/purposes
[2026-03-05T07:40:12.396Z]   ADDED: urls <- https://www.artbit.co.il
[2026-03-05T07:40:12.396Z]   ADDED: urls <- https://www.google.com/maps/place/HaBarzel+St+26,+Tel+Aviv-Yafo/@32.109313,34.840544,12z/data=!4m5!3m4!1s0x151d49eb2d9eed31:0x957b59178b731eef!8m2!3d32.1093129!4d34.8405444 (cleaned from https://www.google.com/maps/place/HaBarzel+St+26,+Tel+Aviv-Yafo/@32.109313,34.840544,12z/data=!4m5!3m4!1s0x151d49eb2d9eed31:0x957b59178b731eef!8m2!3d32.1093129!4d34.8405444?hl=en)
[2026-03-05T07:40:12.396Z] Step 2b result: added 2 uncategorized domains from footer/header
[2026-03-05T07:40:12.396Z] ── Step 3: Final dedup ──
[2026-03-05T07:40:12.396Z] Dedup: removed 0 of 2 URLs already in specialized fields
[2026-03-05T07:40:12.396Z] ── FINAL RESULT ──
[2026-03-05T07:40:12.396Z]   ws (1):
[2026-03-05T07:40:12.396Z]     - https://www.baibys.com
[2026-03-05T07:40:12.396Z]   li (1):
[2026-03-05T07:40:12.396Z]     - https://www.linkedin.com/company/baibys%e2%84%a2-fertility
[2026-03-05T07:40:12.396Z]   ytc (1):
[2026-03-05T07:40:12.396Z]     - https://www.youtube.com/channel/UCuwE14TAiPFXgYTizbXSKEw
[2026-03-05T07:40:12.396Z]   urls (2):
[2026-03-05T07:40:12.396Z]     - https://www.artbit.co.il
[2026-03-05T07:40:12.397Z]     - https://www.google.com/maps/place/HaBarzel+St+26,+Tel+Aviv-Yafo/@32.109313,34.840544,12z/data=!4m5!3m4!1s0x151d49eb2d9eed31:0x957b59178b731eef!8m2!3d32.1093129!4d34.8405444
[2026-03-05T07:40:12.397Z] Summary: ws:1, li:1, ytc:1, urls:2
[2026-03-05T07:40:12.397Z] Saved final result to result.json
[2026-03-05T07:40:12.397Z] Override fields: ws, li, ytc, urls
[2026-03-05T07:40:12.397Z] Finished at: 2026-03-05T07:40:12.397Z
