[2026-02-27T00:21:30.244Z] === Homepage AI Extractor: Novidea ===
[2026-02-27T00:21:30.245Z] Started at: 2026-02-27T00:21:30.245Z
[2026-02-27T00:21:30.245Z] Log directory: E:\code\The Wall\mono\packages\scrapper\logs\homepage_ai_extractor\1772151690242_Novidea
[2026-02-27T00:21:30.245Z] Company: Novidea
[2026-02-27T00:21:30.245Z] Website: novidea.com
[2026-02-27T00:21:30.245Z] cbRank: 8832
[2026-02-27T00:21:30.245Z] Reasons: h
[2026-02-27T00:21:30.245Z] Fetching: https://novidea.com
[2026-02-27T00:21:33.407Z] Redirected: https://novidea.com -> https://novidea.com/
[2026-02-27T00:21:33.414Z] Saved HTML (176905 bytes) to page.html
[2026-02-27T00:21:33.418Z] Extracted 41 unique links from page
[2026-02-27T00:21:33.419Z] Saved 41 links to links.json
[2026-02-27T00:21:33.422Z] Extracted footer HTML (2932 chars)
[2026-02-27T00:21:33.422Z] Extracted header HTML (6248 chars)
[2026-02-27T00:21:33.427Z] Website (post-redirect): https://novidea.com/
[2026-02-27T00:21:33.427Z] External links: 7 (of 41 total)
[2026-02-27T00:21:33.427Z] ── All external links ──
[2026-02-27T00:21:33.428Z]   EXT: https://accessibe.com/blog/knowledgebase/screen-reader-guide
[2026-02-27T00:21:33.428Z]   EXT: https://instagram.com/inside_novidea?igshid=MjEwN2IyYWYwYw==
[2026-02-27T00:21:33.428Z]   EXT: https://novidea-crm.my.site.com/support/login
[2026-02-27T00:21:33.428Z]   EXT: https://novidea.force.com/support/login
[2026-02-27T00:21:33.428Z]   EXT: https://www.facebook.com/novideasoft
[2026-02-27T00:21:33.428Z]   EXT: https://www.linkedin.com/company/novidea-software
[2026-02-27T00:21:33.428Z]   EXT: https://www.youtube.com/channel/UC_zLIYG3uK0n4F1pHi4Uu3Q
[2026-02-27T00:21:33.428Z] ── Step 1: Programmatic categorization ──
[2026-02-27T00:21:33.428Z]   UNCATEGORIZED: https://accessibe.com/blog/knowledgebase/screen-reader-guide
[2026-02-27T00:21:33.428Z]   REGEX: ig <- https://instagram.com/inside_novidea?igshid=MjEwN2IyYWYwYw==
[2026-02-27T00:21:33.429Z]   UNCATEGORIZED: https://novidea-crm.my.site.com/support/login
[2026-02-27T00:21:33.429Z]   UNCATEGORIZED: https://novidea.force.com/support/login
[2026-02-27T00:21:33.429Z]   REGEX: fb <- https://www.facebook.com/novideasoft
[2026-02-27T00:21:33.429Z]   REGEX: li <- https://www.linkedin.com/company/novidea-software
[2026-02-27T00:21:33.429Z]   REGEX: ytc <- https://www.youtube.com/channel/UC_zLIYG3uK0n4F1pHi4Uu3Q
[2026-02-27T00:21:33.429Z] Programmatic result: ws:1, ig:1, fb:1, li:1, ytc:1 | 3 uncategorized
[2026-02-27T00:21:33.429Z] Sending uncategorized links + HTML sections to AI for analysis...
[2026-02-27T00:21:33.430Z] Saved AI prompt (4253 chars) to ai_prompt.txt
[2026-02-27T00:22:05.115Z] Saved AI response to ai_response.json
[2026-02-27T00:22:05.115Z] ── Parsing AI response (4 lines) ──
[2026-02-27T00:22:05.115Z]   AI LINK: https://www.linkedin.com/company/novidea-software/
[2026-02-27T00:22:05.115Z]   AI LINK: https://instagram.com/inside_novidea?igshid=MjEwN2IyYWYwYw==
[2026-02-27T00:22:05.116Z]   AI LINK: https://www.facebook.com/novideasoft/
[2026-02-27T00:22:05.116Z]   AI LINK: https://www.youtube.com/channel/UC_zLIYG3uK0n4F1pHi4Uu3Q
[2026-02-27T00:22:05.116Z] AI returned 4 valid links
[2026-02-27T00:22:05.116Z] ── Categorizing 4 AI-returned links ──
[2026-02-27T00:22:05.116Z]   AI→REGEX: li <- https://www.linkedin.com/company/novidea-software/ (duplicate, skipped)
[2026-02-27T00:22:05.116Z]   AI→REGEX: ig <- https://instagram.com/inside_novidea?igshid=MjEwN2IyYWYwYw== (duplicate, skipped)
[2026-02-27T00:22:05.116Z]   AI→REGEX: fb <- https://www.facebook.com/novideasoft/ (duplicate, skipped)
[2026-02-27T00:22:05.116Z]   AI→REGEX: ytc <- https://www.youtube.com/channel/UC_zLIYG3uK0n4F1pHi4Uu3Q (duplicate, skipped)
[2026-02-27T00:22:05.117Z] ── Step 2b: Footer/header uncategorized links ──
[2026-02-27T00:22:05.117Z] Footer/header origins (8):
[2026-02-27T00:22:05.117Z]   FOOTER/HEADER ORIGIN: https://novidea.com
[2026-02-27T00:22:05.117Z]   FOOTER/HEADER ORIGIN: https://novidea.force.com
[2026-02-27T00:22:05.117Z]   FOOTER/HEADER ORIGIN: https://www.linkedin.com
[2026-02-27T00:22:05.117Z]   FOOTER/HEADER ORIGIN: https://instagram.com
[2026-02-27T00:22:05.117Z]   FOOTER/HEADER ORIGIN: https://www.facebook.com
[2026-02-27T00:22:05.117Z]   FOOTER/HEADER ORIGIN: https://www.youtube.com
[2026-02-27T00:22:05.117Z]   FOOTER/HEADER ORIGIN: https://www.novidea.com
[2026-02-27T00:22:05.117Z]   FOOTER/HEADER ORIGIN: https://novidea-crm.my.site.com
[2026-02-27T00:22:05.117Z]   SKIP (not in footer/header): https://accessibe.com/blog/knowledgebase/screen-reader-guide
[2026-02-27T00:22:05.117Z]   ADDED: urls <- https://novidea-crm.my.site.com/support/login
[2026-02-27T00:22:05.118Z]   ADDED: urls <- https://novidea.force.com/support/login
[2026-02-27T00:22:05.118Z] Step 2b result: added 2 uncategorized domains from footer/header
[2026-02-27T00:22:05.118Z] ── Step 3: Final dedup ──
[2026-02-27T00:22:05.118Z] Dedup: removed 0 of 2 URLs already in specialized fields
[2026-02-27T00:22:05.118Z] ── FINAL RESULT ──
[2026-02-27T00:22:05.118Z]   ws (1):
[2026-02-27T00:22:05.118Z]     - https://novidea.com/
[2026-02-27T00:22:05.118Z]   li (1):
[2026-02-27T00:22:05.118Z]     - https://www.linkedin.com/company/novidea-software
[2026-02-27T00:22:05.118Z]   fb (1):
[2026-02-27T00:22:05.118Z]     - https://www.facebook.com/novideasoft
[2026-02-27T00:22:05.118Z]   ig (1):
[2026-02-27T00:22:05.118Z]     - https://instagram.com/inside_novidea?igshid=MjEwN2IyYWYwYw==
[2026-02-27T00:22:05.118Z]   ytc (1):
[2026-02-27T00:22:05.119Z]     - https://www.youtube.com/channel/UC_zLIYG3uK0n4F1pHi4Uu3Q
[2026-02-27T00:22:05.119Z]   urls (2):
[2026-02-27T00:22:05.119Z]     - https://novidea-crm.my.site.com/support/login
[2026-02-27T00:22:05.119Z]     - https://novidea.force.com/support/login
[2026-02-27T00:22:05.119Z] Summary: ws:1, ig:1, fb:1, li:1, ytc:1, urls:2
[2026-02-27T00:22:05.119Z] Saved final result to result.json
[2026-02-27T00:22:05.120Z] Override fields: ws, li, fb, ig, ytc, urls
[2026-02-27T00:22:05.120Z] Finished at: 2026-02-27T00:22:05.120Z
