[2026-03-01T19:10:50.439Z] === Homepage AI Extractor: N-Drip ===
[2026-03-01T19:10:50.439Z] Started at: 2026-03-01T19:10:50.439Z
[2026-03-01T19:10:50.440Z] Log directory: E:\code\The Wall\mono\packages\scrapper\logs\homepage_ai_extractor\1772392250438_N-Drip
[2026-03-01T19:10:50.440Z] Company: N-Drip
[2026-03-01T19:10:50.440Z] Website: ndrip.com
[2026-03-01T19:10:50.440Z] cbRank: 38764
[2026-03-01T19:10:50.440Z] Reasons: h
[2026-03-01T19:10:50.440Z] Fetching: https://ndrip.com
[2026-03-01T19:10:54.756Z] Redirected: https://ndrip.com -> https://ndrip.com/
[2026-03-01T19:10:54.769Z] Saved HTML (123393 bytes) to page.html
[2026-03-01T19:10:54.778Z] Extracted 18 unique links from page
[2026-03-01T19:10:54.779Z] Saved 18 links to links.json
[2026-03-01T19:10:54.785Z] Extracted footer HTML (2205 chars)
[2026-03-01T19:10:54.785Z] Extracted header HTML (3832 chars)
[2026-03-01T19:10:54.794Z] Website (post-redirect): https://ndrip.com/ → origin: https://ndrip.com
[2026-03-01T19:10:54.794Z] External links: 4 (of 18 total)
[2026-03-01T19:10:54.794Z] ── All external links ──
[2026-03-01T19:10:54.794Z]   EXT: https://accessibe.com/blog/knowledgebase/screen-reader-guide
[2026-03-01T19:10:54.794Z]   EXT: https://www.facebook.com/NDripIrrigation
[2026-03-01T19:10:54.795Z]   EXT: https://www.giraff.co.il
[2026-03-01T19:10:54.795Z]   EXT: https://www.linkedin.com/company/n-drip-gravity-micro-irrigation/?viewAsMember=true
[2026-03-01T19:10:54.795Z] ── Step 1: Programmatic categorization ──
[2026-03-01T19:10:54.795Z]   UNCATEGORIZED: https://accessibe.com/blog/knowledgebase/screen-reader-guide
[2026-03-01T19:10:54.795Z]   REGEX: fb <- https://www.facebook.com/NDripIrrigation
[2026-03-01T19:10:54.795Z]   UNCATEGORIZED: https://www.giraff.co.il
[2026-03-01T19:10:54.795Z]   REGEX: li <- https://www.linkedin.com/company/n-drip-gravity-micro-irrigation/?viewAsMember=true
[2026-03-01T19:10:54.795Z] Programmatic result: ws:1, fb:1, li:1 | 2 uncategorized
[2026-03-01T19:10:54.795Z] Sending uncategorized links + HTML sections to AI for analysis...
[2026-03-01T19:10:54.796Z] Saved AI prompt (3425 chars) to ai_prompt.txt
[2026-03-01T19:11:13.610Z] Saved AI response to ai_response.json
[2026-03-01T19:11:13.610Z] ── Parsing AI response (2 lines) ──
[2026-03-01T19:11:13.610Z]   AI LINK: https://www.linkedin.com/company/n-drip-gravity-micro-irrigation/?viewAsMember=true
[2026-03-01T19:11:13.610Z]   AI LINK: https://www.facebook.com/NDripIrrigation
[2026-03-01T19:11:13.610Z] AI returned 2 valid links
[2026-03-01T19:11:13.610Z] ── Categorizing 2 AI-returned links ──
[2026-03-01T19:11:13.610Z]   AI→REGEX: li <- https://www.linkedin.com/company/n-drip-gravity-micro-irrigation/?viewAsMember=true (duplicate, skipped)
[2026-03-01T19:11:13.611Z]   AI→REGEX: fb <- https://www.facebook.com/NDripIrrigation (duplicate, skipped)
[2026-03-01T19:11:13.612Z] ── Step 2b: Footer/header uncategorized links ──
[2026-03-01T19:11:13.612Z] Footer/header origins (5):
[2026-03-01T19:11:13.612Z]   FOOTER/HEADER ORIGIN: https://ndrip.com
[2026-03-01T19:11:13.612Z]   FOOTER/HEADER ORIGIN: https://www.linkedin.com
[2026-03-01T19:11:13.612Z]   FOOTER/HEADER ORIGIN: https://www.facebook.com
[2026-03-01T19:11:13.612Z]   FOOTER/HEADER ORIGIN: https://www.giraff.co.il
[2026-03-01T19:11:13.612Z]   FOOTER/HEADER ORIGIN: https://www.youtube.com
[2026-03-01T19:11:13.612Z]   SKIP (not in footer/header): https://accessibe.com/blog/knowledgebase/screen-reader-guide
[2026-03-01T19:11:13.612Z]   ADDED: urls <- https://www.giraff.co.il
[2026-03-01T19:11:13.612Z] Step 2b result: added 1 uncategorized domains from footer/header
[2026-03-01T19:11:13.612Z] ── Step 3: Final dedup ──
[2026-03-01T19:11:13.612Z] Dedup: removed 0 of 1 URLs already in specialized fields
[2026-03-01T19:11:13.612Z] ── FINAL RESULT ──
[2026-03-01T19:11:13.613Z]   ws (1):
[2026-03-01T19:11:13.613Z]     - https://ndrip.com
[2026-03-01T19:11:13.613Z]   li (1):
[2026-03-01T19:11:13.613Z]     - https://www.linkedin.com/company/n-drip-gravity-micro-irrigation
[2026-03-01T19:11:13.613Z]   fb (1):
[2026-03-01T19:11:13.613Z]     - https://www.facebook.com/ndripirrigation
[2026-03-01T19:11:13.613Z]   urls (1):
[2026-03-01T19:11:13.613Z]     - https://www.giraff.co.il
[2026-03-01T19:11:13.613Z] Summary: ws:1, fb:1, li:1, urls:1
[2026-03-01T19:11:13.613Z] Saved final result to result.json
[2026-03-01T19:11:13.614Z] Override fields: ws, li, fb, urls
[2026-03-01T19:11:13.614Z] Finished at: 2026-03-01T19:11:13.614Z
