[2026-03-18T03:59:22.482Z] === Homepage AI Extractor: GH.Agency ===
[2026-03-18T03:59:22.482Z] Started at: 2026-03-18T03:59:22.482Z
[2026-03-18T03:59:22.482Z] Log directory: C:\Users\ahmed\code\mono\packages\scrapper\logs\homepage_ai_extractor\1773806362482_GH.Agency
[2026-03-18T03:59:22.482Z] Company: GH.Agency
[2026-03-18T03:59:22.482Z] Website: gh.agency
[2026-03-18T03:59:22.482Z] cbRank: 1483976
[2026-03-18T03:59:22.482Z] Reasons: h
[2026-03-18T03:59:22.482Z] Fetching: https://gh.agency
[2026-03-18T03:59:23.844Z] Redirected: https://gh.agency -> https://gh.agency/
[2026-03-18T03:59:23.848Z] Saved HTML (125119 bytes) to page.html
[2026-03-18T03:59:23.850Z] Extracted 3 unique links from page
[2026-03-18T03:59:23.850Z] Saved 3 links to links.json
[2026-03-18T03:59:23.853Z] No footer section found in DOM
[2026-03-18T03:59:23.853Z] No header section found in DOM
[2026-03-18T03:59:23.856Z] Website (post-redirect): https://gh.agency/ → origin: https://gh.agency
[2026-03-18T03:59:23.856Z] External links: 2 (of 3 total)
[2026-03-18T03:59:23.856Z] ── All external links ──
[2026-03-18T03:59:23.856Z]   EXT: https://www.linkedin.com/company/gh.agency
[2026-03-18T03:59:23.856Z]   EXT: https://x.com/gh_agency
[2026-03-18T03:59:23.856Z] ── Step 1: Programmatic categorization ──
[2026-03-18T03:59:23.857Z]   REGEX: li <- https://www.linkedin.com/company/gh.agency
[2026-03-18T03:59:23.857Z]   REGEX: tw <- https://x.com/gh_agency
[2026-03-18T03:59:23.857Z] Programmatic result: ws:1, li:1, tw:1 | 0 uncategorized
[2026-03-18T03:59:23.857Z] No uncategorized links and no HTML sections — skipping AI analysis
[2026-03-18T03:59:23.857Z] ── Step 2b: Footer/header uncategorized links ──
[2026-03-18T03:59:23.857Z] Footer/header origins (0):
[2026-03-18T03:59:23.857Z] Step 2b result: added 0 uncategorized domains from footer/header
[2026-03-18T03:59:23.857Z] ── Step 2c: YouTube channel handle resolution ──
[2026-03-18T03:59:23.857Z]   YOUTUBE: no ytc entries to resolve
[2026-03-18T03:59:23.857Z] ── Step 3: Final dedup ──
[2026-03-18T03:59:23.858Z] No urls to dedup
[2026-03-18T03:59:23.858Z] ── FINAL RESULT ──
[2026-03-18T03:59:23.858Z]   ws (1):
[2026-03-18T03:59:23.858Z]     - https://gh.agency
[2026-03-18T03:59:23.858Z]   li (1):
[2026-03-18T03:59:23.858Z]     - https://www.linkedin.com/company/gh.agency
[2026-03-18T03:59:23.858Z]   tw (1):
[2026-03-18T03:59:23.858Z]     - https://x.com/gh_agency
[2026-03-18T03:59:23.858Z] Summary: ws:1, li:1, tw:1
[2026-03-18T03:59:23.861Z] Saved final result to result.json
[2026-03-18T03:59:23.861Z] Override fields: ws, li, tw
[2026-03-18T03:59:23.861Z] Finished at: 2026-03-18T03:59:23.861Z
