[2026-02-27T06:28:37.814Z] === Homepage AI Extractor: Xyte ===
[2026-02-27T06:28:37.814Z] Started at: 2026-02-27T06:28:37.814Z
[2026-02-27T06:28:37.814Z] Log directory: E:\code\The Wall\mono\packages\scrapper\logs\homepage_ai_extractor\1772173717813_Xyte
[2026-02-27T06:28:37.814Z] Company: Xyte
[2026-02-27T06:28:37.814Z] Website: xyte.io
[2026-02-27T06:28:37.814Z] cbRank: 24287
[2026-02-27T06:28:37.814Z] Reasons: h
[2026-02-27T06:28:37.814Z] Fetching: https://xyte.io
[2026-02-27T06:28:49.384Z] Network idle timeout — continuing with current state
[2026-02-27T06:28:49.839Z] Redirected: https://xyte.io -> https://www.xyte.ai/
[2026-02-27T06:28:49.985Z] Saved HTML (2854799 bytes) to page.html
[2026-02-27T06:28:50.031Z] Extracted 66 unique links from page
[2026-02-27T06:28:50.033Z] Saved 66 links to links.json
[2026-02-27T06:28:50.202Z] Extracted footer HTML (11335 chars)
[2026-02-27T06:28:50.202Z] Extracted header HTML (2656680 chars)
[2026-02-27T06:28:50.209Z] Website (post-redirect): https://www.xyte.ai/
[2026-02-27T06:28:50.210Z] External links: 9 (of 66 total)
[2026-02-27T06:28:50.210Z] ── All external links ──
[2026-02-27T06:28:50.210Z]   EXT: https://dev.xyte.io
[2026-02-27T06:28:50.211Z]   EXT: https://meetings.hubspot.com/xyte/website-demo-ash
[2026-02-27T06:28:50.211Z]   EXT: https://twitter.com/i/flow/login?redirect_after_login=%2Fxyte_io
[2026-02-27T06:28:50.211Z]   EXT: https://updates.xyte.io
[2026-02-27T06:28:50.211Z]   EXT: https://www.facebook.com/xyte.io
[2026-02-27T06:28:50.211Z]   EXT: https://www.instagram.com/xyte.io
[2026-02-27T06:28:50.211Z]   EXT: https://www.linkedin.com/company/xyte
[2026-02-27T06:28:50.211Z]   EXT: https://www.openav.cloud
[2026-02-27T06:28:50.211Z]   EXT: https://www.youtube.com/@XYTEXaaS
[2026-02-27T06:28:50.211Z] ── Step 1: Programmatic categorization ──
[2026-02-27T06:28:50.211Z]   UNCATEGORIZED: https://dev.xyte.io
[2026-02-27T06:28:50.211Z]   UNCATEGORIZED: https://meetings.hubspot.com/xyte/website-demo-ash
[2026-02-27T06:28:50.212Z]   UNCATEGORIZED: https://updates.xyte.io
[2026-02-27T06:28:50.212Z]   REGEX: fb <- https://www.facebook.com/xyte.io
[2026-02-27T06:28:50.212Z]   REGEX: ig <- https://www.instagram.com/xyte.io
[2026-02-27T06:28:50.212Z]   REGEX: li <- https://www.linkedin.com/company/xyte
[2026-02-27T06:28:50.212Z]   UNCATEGORIZED: https://www.openav.cloud
[2026-02-27T06:28:50.212Z]   REGEX: ytp <- https://www.youtube.com/@XYTEXaaS
[2026-02-27T06:28:50.212Z] ── Step 1b: Resolving 1 regex-domain URLs via redirect ──
[2026-02-27T06:28:50.212Z]   SKIP (regex domain, no match): https://twitter.com/i/flow/login?redirect_after_login=%2Fxyte_io
[2026-02-27T06:28:50.212Z] Programmatic result: ws:1, fb:1, ig:1, li:1, ytp:1 | 4 uncategorized
[2026-02-27T06:28:50.212Z] Sending uncategorized links + HTML sections to AI for analysis...
[2026-02-27T06:28:50.214Z] Saved AI prompt (6883 chars) to ai_prompt.txt
[2026-02-27T06:29:37.021Z] Saved AI response to ai_response.json
[2026-02-27T06:29:37.022Z] ── Parsing AI response (7 lines) ──
[2026-02-27T06:29:37.022Z]   AI LINK: https://dev.xyte.io
[2026-02-27T06:29:37.022Z]   AI LINK: https://updates.xyte.io
[2026-02-27T06:29:37.022Z]   AI LINK: https://www.facebook.com/xyte.io
[2026-02-27T06:29:37.023Z]   AI LINK: https://twitter.com/i/flow/login?redirect_after_login=%2Fxyte_io
[2026-02-27T06:29:37.023Z]   AI LINK: https://www.instagram.com/xyte.io/
[2026-02-27T06:29:37.023Z]   AI LINK: https://www.linkedin.com/company/xyte/
[2026-02-27T06:29:37.023Z]   AI LINK: https://www.youtube.com/@XYTEXaaS
[2026-02-27T06:29:37.023Z] AI returned 7 valid links
[2026-02-27T06:29:37.023Z] ── Categorizing 7 AI-returned links ──
[2026-02-27T06:29:37.024Z]   AI→URLS: https://dev.xyte.io
[2026-02-27T06:29:37.024Z]   AI→URLS: https://updates.xyte.io
[2026-02-27T06:29:37.024Z]   AI→REGEX: fb <- https://www.facebook.com/xyte.io (duplicate, skipped)
[2026-02-27T06:29:37.024Z]   AI→SKIP (regex domain, no match): https://twitter.com/i/flow/login?redirect_after_login=%2Fxyte_io
[2026-02-27T06:29:37.025Z]   AI→REGEX: ig <- https://www.instagram.com/xyte.io/ (duplicate, skipped)
[2026-02-27T06:29:37.025Z]   AI→REGEX: li <- https://www.linkedin.com/company/xyte/ (duplicate, skipped)
[2026-02-27T06:29:37.025Z]   AI→REGEX: ytp <- https://www.youtube.com/@XYTEXaaS (duplicate, skipped)
[2026-02-27T06:29:37.038Z] ── Step 2b: Footer/header uncategorized links ──
[2026-02-27T06:29:37.039Z] Footer/header origins (9):
[2026-02-27T06:29:37.039Z]   FOOTER/HEADER ORIGIN: https://dev.xyte.io
[2026-02-27T06:29:37.039Z]   FOOTER/HEADER ORIGIN: https://updates.xyte.io
[2026-02-27T06:29:37.039Z]   FOOTER/HEADER ORIGIN: https://www.xyte.ai
[2026-02-27T06:29:37.039Z]   FOOTER/HEADER ORIGIN: https://www.facebook.com
[2026-02-27T06:29:37.039Z]   FOOTER/HEADER ORIGIN: https://twitter.com
[2026-02-27T06:29:37.039Z]   FOOTER/HEADER ORIGIN: https://www.instagram.com
[2026-02-27T06:29:37.039Z]   FOOTER/HEADER ORIGIN: https://www.linkedin.com
[2026-02-27T06:29:37.039Z]   FOOTER/HEADER ORIGIN: https://www.youtube.com
[2026-02-27T06:29:37.039Z]   FOOTER/HEADER ORIGIN: https://meetings.hubspot.com
[2026-02-27T06:29:37.039Z]   SKIP (AI claimed): https://dev.xyte.io
[2026-02-27T06:29:37.040Z]   ADDED: urls <- https://meetings.hubspot.com/xyte/website-demo-ash
[2026-02-27T06:29:37.040Z]   SKIP (AI claimed): https://updates.xyte.io
[2026-02-27T06:29:37.040Z]   SKIP (not in footer/header): https://www.openav.cloud
[2026-02-27T06:29:37.040Z] Step 2b result: added 1 uncategorized domains from footer/header
[2026-02-27T06:29:37.040Z] ── Step 3: Final dedup ──
[2026-02-27T06:29:37.040Z] Dedup: removed 0 of 3 URLs already in specialized fields
[2026-02-27T06:29:37.040Z] ── FINAL RESULT ──
[2026-02-27T06:29:37.040Z]   ws (1):
[2026-02-27T06:29:37.040Z]     - https://www.xyte.ai/
[2026-02-27T06:29:37.040Z]   li (1):
[2026-02-27T06:29:37.040Z]     - https://www.linkedin.com/company/xyte
[2026-02-27T06:29:37.040Z]   fb (1):
[2026-02-27T06:29:37.040Z]     - https://www.facebook.com/xyte.io
[2026-02-27T06:29:37.040Z]   ig (1):
[2026-02-27T06:29:37.040Z]     - https://www.instagram.com/xyte.io
[2026-02-27T06:29:37.041Z]   ytp (1):
[2026-02-27T06:29:37.041Z]     - https://www.youtube.com/@xytexaas
[2026-02-27T06:29:37.041Z]   urls (3):
[2026-02-27T06:29:37.041Z]     - https://dev.xyte.io
[2026-02-27T06:29:37.041Z]     - https://meetings.hubspot.com/xyte/website-demo-ash
[2026-02-27T06:29:37.041Z]     - https://updates.xyte.io
[2026-02-27T06:29:37.041Z] Summary: ws:1, fb:1, ig:1, li:1, ytp:1, urls:3
[2026-02-27T06:29:37.042Z] Saved final result to result.json
[2026-02-27T06:29:37.042Z] Override fields: ws, li, fb, ig, ytp, urls
[2026-02-27T06:29:37.043Z] Finished at: 2026-02-27T06:29:37.043Z
