[2026-03-05T08:04:43.717Z] === Homepage AI Extractor: XACT Robotics ===
[2026-03-05T08:04:43.717Z] Started at: 2026-03-05T08:04:43.717Z
[2026-03-05T08:04:43.718Z] Log directory: E:\code\The Wall\mono\packages\scrapper\logs\homepage_ai_extractor\1772697883717_XACT_Robotics
[2026-03-05T08:04:43.718Z] Company: XACT Robotics
[2026-03-05T08:04:43.718Z] Website: xactrobotics.com
[2026-03-05T08:04:43.718Z] cbRank: 63647
[2026-03-05T08:04:43.718Z] Reasons: h
[2026-03-05T08:04:43.718Z] Fetching: https://xactrobotics.com
[2026-03-05T08:04:48.816Z] Redirected: https://xactrobotics.com -> https://xactrobotics.com/
[2026-03-05T08:04:48.822Z] Saved HTML (117961 bytes) to page.html
[2026-03-05T08:04:48.826Z] Extracted 42 unique links from page
[2026-03-05T08:04:48.827Z] Saved 42 links to links.json
[2026-03-05T08:04:48.830Z] Extracted footer HTML (10498 chars)
[2026-03-05T08:04:48.830Z] Extracted header HTML (4242 chars)
[2026-03-05T08:04:48.834Z] Website (post-redirect): https://xactrobotics.com/ → origin: https://xactrobotics.com
[2026-03-05T08:04:48.835Z] External links: 8 (of 42 total)
[2026-03-05T08:04:48.835Z] ── All external links ──
[2026-03-05T08:04:48.835Z]   EXT: https://twitter.com/XACTrobotics
[2026-03-05T08:04:48.835Z]   EXT: https://www.linkedin.com/company/xact-robotics
[2026-03-05T08:04:48.835Z]   EXT: https://www.youtube.com/channel/UCIhuAr-Z1NuvVlQrzNCFgFQ
[2026-03-05T08:04:48.835Z]   EXT: https://xact.wpengine.com/ace-robotic-system
[2026-03-05T08:04:48.835Z]   EXT: https://xact.wpengine.com/anatomies
[2026-03-05T08:04:48.835Z]   EXT: https://xact.wpengine.com/contact-us
[2026-03-05T08:04:48.835Z]   EXT: https://xact.wpengine.com/procedures
[2026-03-05T08:04:48.835Z]   EXT: https://xact.wpengine.com/request-a-demo
[2026-03-05T08:04:48.835Z] ── Step 1: Programmatic categorization ──
[2026-03-05T08:04:48.836Z]   REGEX: tw <- https://twitter.com/XACTrobotics
[2026-03-05T08:04:48.836Z]   REGEX: li <- https://www.linkedin.com/company/xact-robotics
[2026-03-05T08:04:48.836Z]   REGEX: ytc <- https://www.youtube.com/channel/UCIhuAr-Z1NuvVlQrzNCFgFQ
[2026-03-05T08:04:48.836Z]   UNCATEGORIZED: https://xact.wpengine.com/ace-robotic-system
[2026-03-05T08:04:48.836Z]   UNCATEGORIZED: https://xact.wpengine.com/anatomies
[2026-03-05T08:04:48.836Z]   UNCATEGORIZED: https://xact.wpengine.com/contact-us
[2026-03-05T08:04:48.836Z]   UNCATEGORIZED: https://xact.wpengine.com/procedures
[2026-03-05T08:04:48.837Z]   UNCATEGORIZED: https://xact.wpengine.com/request-a-demo
[2026-03-05T08:04:48.837Z] Programmatic result: ws:1, tw:1, li:1, ytc:1 | 5 uncategorized
[2026-03-05T08:04:48.837Z] Sending uncategorized links + HTML sections to AI for analysis...
[2026-03-05T08:04:48.837Z] Saved AI prompt (7034 chars) to ai_prompt.txt
[2026-03-05T08:05:28.417Z] Saved AI response to ai_response.json
[2026-03-05T08:05:28.417Z] ── Parsing AI response (3 lines) ──
[2026-03-05T08:05:28.418Z]   AI LINK: https://www.linkedin.com/company/xact-robotics/
[2026-03-05T08:05:28.418Z]   AI LINK: https://twitter.com/XACTrobotics
[2026-03-05T08:05:28.418Z]   AI LINK: https://www.youtube.com/channel/UCIhuAr-Z1NuvVlQrzNCFgFQ
[2026-03-05T08:05:28.418Z] AI returned 3 valid links
[2026-03-05T08:05:28.418Z] ── Categorizing 3 AI-returned links ──
[2026-03-05T08:05:28.418Z]   AI→REGEX: li <- https://www.linkedin.com/company/xact-robotics/ (duplicate, skipped)
[2026-03-05T08:05:28.418Z]   AI→REGEX: tw <- https://twitter.com/XACTrobotics (duplicate, skipped)
[2026-03-05T08:05:28.418Z]   AI→REGEX: ytc <- https://www.youtube.com/channel/UCIhuAr-Z1NuvVlQrzNCFgFQ (duplicate, skipped)
[2026-03-05T08:05:28.419Z] ── Step 2b: Footer/header uncategorized links ──
[2026-03-05T08:05:28.419Z] Footer/header origins (5):
[2026-03-05T08:05:28.419Z]   FOOTER/HEADER ORIGIN: https://xactrobotics.com
[2026-03-05T08:05:28.419Z]   FOOTER/HEADER ORIGIN: https://xact.wpengine.com
[2026-03-05T08:05:28.419Z]   FOOTER/HEADER ORIGIN: https://www.linkedin.com
[2026-03-05T08:05:28.419Z]   FOOTER/HEADER ORIGIN: https://twitter.com
[2026-03-05T08:05:28.419Z]   FOOTER/HEADER ORIGIN: https://www.youtube.com
[2026-03-05T08:05:28.419Z]   ADDED: urls <- https://xact.wpengine.com/ace-robotic-system
[2026-03-05T08:05:28.419Z]   ADDED: urls <- https://xact.wpengine.com/anatomies
[2026-03-05T08:05:28.419Z]   ADDED: urls <- https://xact.wpengine.com/contact-us
[2026-03-05T08:05:28.419Z]   ADDED: urls <- https://xact.wpengine.com/procedures
[2026-03-05T08:05:28.419Z]   ADDED: urls <- https://xact.wpengine.com/request-a-demo
[2026-03-05T08:05:28.419Z] Step 2b result: added 5 uncategorized domains from footer/header
[2026-03-05T08:05:28.419Z] ── Step 3: Final dedup ──
[2026-03-05T08:05:28.420Z] Dedup: removed 0 of 5 URLs already in specialized fields
[2026-03-05T08:05:28.420Z] ── FINAL RESULT ──
[2026-03-05T08:05:28.420Z]   ws (1):
[2026-03-05T08:05:28.420Z]     - https://xactrobotics.com
[2026-03-05T08:05:28.420Z]   li (1):
[2026-03-05T08:05:28.420Z]     - https://www.linkedin.com/company/xact-robotics
[2026-03-05T08:05:28.420Z]   tw (1):
[2026-03-05T08:05:28.420Z]     - https://x.com/xactrobotics
[2026-03-05T08:05:28.420Z]   ytc (1):
[2026-03-05T08:05:28.420Z]     - https://www.youtube.com/channel/UCIhuAr-Z1NuvVlQrzNCFgFQ
[2026-03-05T08:05:28.420Z]   urls (5):
[2026-03-05T08:05:28.420Z]     - https://xact.wpengine.com/ace-robotic-system
[2026-03-05T08:05:28.420Z]     - https://xact.wpengine.com/anatomies
[2026-03-05T08:05:28.420Z]     - https://xact.wpengine.com/contact-us
[2026-03-05T08:05:28.420Z]     - https://xact.wpengine.com/procedures
[2026-03-05T08:05:28.421Z]     - https://xact.wpengine.com/request-a-demo
[2026-03-05T08:05:28.421Z] Summary: ws:1, tw:1, li:1, ytc:1, urls:5
[2026-03-05T08:05:28.423Z] Saved final result to result.json
[2026-03-05T08:05:28.423Z] Override fields: ws, li, tw, ytc, urls
[2026-03-05T08:05:28.423Z] Finished at: 2026-03-05T08:05:28.423Z
