[2026-03-01T20:34:12.627Z] === Homepage AI Extractor: KTrust ===
[2026-03-01T20:34:12.629Z] Started at: 2026-03-01T20:34:12.629Z
[2026-03-01T20:34:12.629Z] Log directory: E:\code\The Wall\mono\packages\scrapper\logs\homepage_ai_extractor\1772397252626_KTrust
[2026-03-01T20:34:12.629Z] Company: KTrust
[2026-03-01T20:34:12.630Z] Website: ktrust.io
[2026-03-01T20:34:12.630Z] cbRank: 43811
[2026-03-01T20:34:12.630Z] Reasons: h
[2026-03-01T20:34:12.630Z] Fetching: https://ktrust.io
[2026-03-01T20:34:23.679Z] Network idle timeout — continuing with current state
[2026-03-01T20:34:23.735Z] Redirected: https://ktrust.io -> https://ktrust.io/
[2026-03-01T20:34:23.744Z] Saved HTML (92501 bytes) to page.html
[2026-03-01T20:34:23.749Z] Extracted 4 unique links from page
[2026-03-01T20:34:23.749Z] Saved 4 links to links.json
[2026-03-01T20:34:23.752Z] Extracted footer HTML (13107 chars)
[2026-03-01T20:34:23.752Z] Extracted header HTML (5699 chars)
[2026-03-01T20:34:23.759Z] Website (post-redirect): https://ktrust.io/ → origin: https://ktrust.io
[2026-03-01T20:34:23.759Z] External links: 3 (of 4 total)
[2026-03-01T20:34:23.759Z] ── All external links ──
[2026-03-01T20:34:23.759Z]   EXT: https://policies.google.com/privacy
[2026-03-01T20:34:23.759Z]   EXT: https://policies.google.com/terms
[2026-03-01T20:34:23.759Z]   EXT: https://www.godaddy.com/websites/website-builder?isc=pwugc&utm_source=wsb&utm_medium=applications&utm_campaign=en-il_corp_applications_base
[2026-03-01T20:34:23.759Z] ── Step 1: Programmatic categorization ──
[2026-03-01T20:34:23.759Z]   UNCATEGORIZED: https://policies.google.com/privacy
[2026-03-01T20:34:23.760Z]   UNCATEGORIZED: https://policies.google.com/terms
[2026-03-01T20:34:23.760Z]   UNCATEGORIZED: https://www.godaddy.com/websites/website-builder?isc=pwugc&utm_source=wsb&utm_medium=applications&utm_campaign=en-il_corp_applications_base
[2026-03-01T20:34:23.760Z] Programmatic result: ws:1 | 3 uncategorized
[2026-03-01T20:34:23.760Z] Sending uncategorized links + HTML sections to AI for analysis...
[2026-03-01T20:34:23.761Z] Saved AI prompt (3134 chars) to ai_prompt.txt
[2026-03-01T20:34:35.040Z] Saved AI response to ai_response.json
[2026-03-01T20:34:35.040Z] ── Parsing AI response (1 lines) ──
[2026-03-01T20:34:35.040Z]   AI LINK: https://www.ktrust.io
[2026-03-01T20:34:35.040Z] AI returned 1 valid links
[2026-03-01T20:34:35.040Z] ── Categorizing 1 AI-returned links ──
[2026-03-01T20:34:35.041Z]   AI→URLS: https://www.ktrust.io
[2026-03-01T20:34:35.042Z] ── Step 2b: Footer/header uncategorized links ──
[2026-03-01T20:34:35.042Z] Footer/header origins (1):
[2026-03-01T20:34:35.042Z]   FOOTER/HEADER ORIGIN: https://www.godaddy.com
[2026-03-01T20:34:35.042Z]   SKIP (not in footer/header): https://policies.google.com/privacy
[2026-03-01T20:34:35.042Z]   SKIP (not in footer/header): https://policies.google.com/terms
[2026-03-01T20:34:35.042Z]   ADDED: urls <- https://www.godaddy.com/websites/website-builder (cleaned from https://www.godaddy.com/websites/website-builder?isc=pwugc&utm_source=wsb&utm_medium=applications&utm_campaign=en-il_corp_applications_base)
[2026-03-01T20:34:35.042Z] Step 2b result: added 1 uncategorized domains from footer/header
[2026-03-01T20:34:35.043Z] ── Step 3: Final dedup ──
[2026-03-01T20:34:35.043Z] Dedup: removed 0 of 2 URLs already in specialized fields
[2026-03-01T20:34:35.043Z] ── FINAL RESULT ──
[2026-03-01T20:34:35.043Z]   ws (1):
[2026-03-01T20:34:35.043Z]     - https://ktrust.io
[2026-03-01T20:34:35.043Z]   urls (2):
[2026-03-01T20:34:35.043Z]     - https://www.godaddy.com/websites/website-builder
[2026-03-01T20:34:35.043Z]     - https://www.ktrust.io
[2026-03-01T20:34:35.043Z] Summary: ws:1, urls:2
[2026-03-01T20:34:35.044Z] Saved final result to result.json
[2026-03-01T20:34:35.044Z] Override fields: ws, urls
[2026-03-01T20:34:35.044Z] Finished at: 2026-03-01T20:34:35.044Z
