[2026-03-06T06:21:19.302Z] === Homepage AI Extractor: Symetrify ===
[2026-03-06T06:21:19.302Z] Started at: 2026-03-06T06:21:19.302Z
[2026-03-06T06:21:19.302Z] Log directory: E:\code\The Wall\mono\packages\scrapper\logs\homepage_ai_extractor\1772778079302_Symetrify
[2026-03-06T06:21:19.302Z] Company: Symetrify
[2026-03-06T06:21:19.302Z] Website: symetrify.com
[2026-03-06T06:21:19.302Z] cbRank: 142764
[2026-03-06T06:21:19.302Z] Reasons: h
[2026-03-06T06:21:19.303Z] Fetching: https://symetrify.com
[2026-03-06T06:21:21.745Z] Redirected: https://symetrify.com -> https://symetrify.com/
[2026-03-06T06:21:21.750Z] Saved HTML (117741 bytes) to page.html
[2026-03-06T06:21:21.754Z] Extracted 5 unique links from page
[2026-03-06T06:21:21.754Z] Saved 5 links to links.json
[2026-03-06T06:21:21.757Z] Extracted footer HTML (18405 chars)
[2026-03-06T06:21:21.757Z] Extracted header HTML (10158 chars)
[2026-03-06T06:21:21.761Z] Website (post-redirect): https://symetrify.com/ → origin: https://symetrify.com
[2026-03-06T06:21:21.761Z] External links: 1 (of 5 total)
[2026-03-06T06:21:21.761Z] ── All external links ──
[2026-03-06T06:21:21.761Z]   EXT: https://ehv.health
[2026-03-06T06:21:21.761Z] ── Step 1: Programmatic categorization ──
[2026-03-06T06:21:21.762Z]   UNCATEGORIZED: https://ehv.health
[2026-03-06T06:21:21.762Z] Programmatic result: ws:1 | 1 uncategorized
[2026-03-06T06:21:21.762Z] Sending uncategorized links + HTML sections to AI for analysis...
[2026-03-06T06:21:21.762Z] Saved AI prompt (16350 chars) to ai_prompt.txt
[2026-03-06T06:22:29.703Z] Saved AI response to ai_response.json
[2026-03-06T06:22:29.704Z] ── Parsing AI response (1 lines) ──
[2026-03-06T06:22:29.704Z]   AI LINK: https://www.linkedin.com/company/symetrify/
[2026-03-06T06:22:29.704Z] AI returned 1 valid links
[2026-03-06T06:22:29.704Z] ── Categorizing 1 AI-returned links ──
[2026-03-06T06:22:29.704Z]   AI→REGEX: li <- https://www.linkedin.com/company/symetrify/
[2026-03-06T06:22:29.705Z] ── Step 2b: Footer/header uncategorized links ──
[2026-03-06T06:22:29.705Z] Footer/header origins (1):
[2026-03-06T06:22:29.705Z]   FOOTER/HEADER ORIGIN: https://symetrify.com
[2026-03-06T06:22:29.705Z]   SKIP (not in footer/header): https://ehv.health
[2026-03-06T06:22:29.705Z] Step 2b result: added 0 uncategorized domains from footer/header
[2026-03-06T06:22:29.705Z] ── Step 3: Final dedup ──
[2026-03-06T06:22:29.705Z] No urls to dedup
[2026-03-06T06:22:29.706Z] ── FINAL RESULT ──
[2026-03-06T06:22:29.706Z]   ws (1):
[2026-03-06T06:22:29.706Z]     - https://symetrify.com
[2026-03-06T06:22:29.706Z]   li (1):
[2026-03-06T06:22:29.706Z]     - https://www.linkedin.com/company/symetrify
[2026-03-06T06:22:29.706Z] Summary: ws:1, li:1
[2026-03-06T06:22:29.706Z] Saved final result to result.json
[2026-03-06T06:22:29.706Z] Override fields: ws, li
[2026-03-06T06:22:29.707Z] Finished at: 2026-03-06T06:22:29.707Z
