[2026-03-11T05:18:50.929Z] === Homepage AI Extractor: ActionAds ===
[2026-03-11T05:18:50.929Z] Started at: 2026-03-11T05:18:50.929Z
[2026-03-11T05:18:50.929Z] Log directory: E:\code\The Wall\mono\packages\scrapper\logs\homepage_ai_extractor\1773206330929_ActionAds
[2026-03-11T05:18:50.929Z] Company: ActionAds
[2026-03-11T05:18:50.930Z] Website: actionads.com
[2026-03-11T05:18:50.930Z] cbRank: 603409
[2026-03-11T05:18:50.930Z] Reasons: h
[2026-03-11T05:18:50.930Z] Fetching: https://actionads.com
[2026-03-11T05:18:53.847Z] Redirected: https://actionads.com -> https://www.actionads.com/
[2026-03-11T05:18:53.851Z] Saved HTML (53756 bytes) to page.html
[2026-03-11T05:18:53.855Z] Extracted 10 unique links from page
[2026-03-11T05:18:53.855Z] Saved 10 links to links.json
[2026-03-11T05:18:53.860Z] No footer section found in DOM
[2026-03-11T05:18:53.860Z] No header section found in DOM
[2026-03-11T05:18:53.867Z] Website (post-redirect): https://www.actionads.com/ → origin: https://www.actionads.com
[2026-03-11T05:18:53.867Z]   SUBDOMAIN: help.actionads.com (added to ws)
[2026-03-11T05:18:53.867Z] Website subdomains found: 1
[2026-03-11T05:18:53.867Z] External links: 3 (of 10 total)
[2026-03-11T05:18:53.867Z] ── All external links ──
[2026-03-11T05:18:53.867Z]   EXT: https://twitter.com/ActionAdscom
[2026-03-11T05:18:53.868Z]   EXT: https://www.facebook.com/actionadscom?fref=ts
[2026-03-11T05:18:53.868Z]   EXT: https://www.linkedin.com/company/6393801?trk=hp-feed-company-name
[2026-03-11T05:18:53.868Z] ── Step 1: Programmatic categorization ──
[2026-03-11T05:18:53.868Z]   REGEX: tw <- https://twitter.com/ActionAdscom
[2026-03-11T05:18:53.868Z]   REGEX: fb <- https://www.facebook.com/actionadscom?fref=ts
[2026-03-11T05:18:53.868Z]   REGEX: li <- https://www.linkedin.com/company/6393801?trk=hp-feed-company-name
[2026-03-11T05:18:53.868Z] Programmatic result: ws:2, tw:1, fb:1, li:1 | 0 uncategorized
[2026-03-11T05:18:53.868Z] No uncategorized links and no HTML sections — skipping AI analysis
[2026-03-11T05:18:53.868Z] ── Step 2b: Footer/header uncategorized links ──
[2026-03-11T05:18:53.868Z] Footer/header origins (0):
[2026-03-11T05:18:53.868Z] Step 2b result: added 0 uncategorized domains from footer/header
[2026-03-11T05:18:53.868Z] ── Step 3: Final dedup ──
[2026-03-11T05:18:53.868Z] No urls to dedup
[2026-03-11T05:18:53.869Z] ── FINAL RESULT ──
[2026-03-11T05:18:53.869Z]   ws (2):
[2026-03-11T05:18:53.869Z]     - https://help.actionads.com
[2026-03-11T05:18:53.869Z]     - https://www.actionads.com
[2026-03-11T05:18:53.869Z]   li (1):
[2026-03-11T05:18:53.869Z]     - https://www.linkedin.com/company/6393801
[2026-03-11T05:18:53.869Z]   fb (1):
[2026-03-11T05:18:53.869Z]     - https://www.facebook.com/actionadscom
[2026-03-11T05:18:53.869Z]   tw (1):
[2026-03-11T05:18:53.869Z]     - https://x.com/actionadscom
[2026-03-11T05:18:53.869Z] Summary: ws:2, tw:1, fb:1, li:1
[2026-03-11T05:18:53.870Z] Saved final result to result.json
[2026-03-11T05:18:53.870Z] Override fields: ws, li, fb, tw
[2026-03-11T05:18:53.870Z] Finished at: 2026-03-11T05:18:53.870Z
