[2026-03-20T13:50:26.428Z] === Homepage AI Extractor: Better Intelligence ===
[2026-03-20T13:50:26.428Z] Started at: 2026-03-20T13:50:26.428Z
[2026-03-20T13:50:26.428Z] Log directory: C:\Users\ahmed\code\mono\packages\scrapper\logs\homepage_ai_extractor\1774014626427_Better_Intelligence
[2026-03-20T13:50:26.428Z] Company: Better Intelligence
[2026-03-20T13:50:26.428Z] Website: better-intelligence.com
[2026-03-20T13:50:26.428Z] cbRank: 3033174
[2026-03-20T13:50:26.428Z] Reasons: h
[2026-03-20T13:50:26.428Z] Fetching: https://better-intelligence.com
[2026-03-20T13:50:31.485Z] Dismissed cookie consent popup via: button:has-text("Accept all")
[2026-03-20T13:50:34.471Z] Redirected: https://better-intelligence.com -> https://better-intelligence.com/
[2026-03-20T13:50:34.476Z] Saved HTML (72056 bytes) to page.html
[2026-03-20T13:50:34.477Z] Extracted 5 unique links from page
[2026-03-20T13:50:34.478Z] Saved 5 links to links.json
[2026-03-20T13:50:34.480Z] No footer section found in DOM
[2026-03-20T13:50:34.480Z] No header section found in DOM
[2026-03-20T13:50:34.483Z] Website (post-redirect): https://better-intelligence.com/ → origin: https://better-intelligence.com
[2026-03-20T13:50:34.483Z] External links: 3 (of 5 total)
[2026-03-20T13:50:34.483Z] ── All external links ──
[2026-03-20T13:50:34.484Z]   EXT: https://www.facebook.com
[2026-03-20T13:50:34.484Z]   EXT: https://www.instagram.com
[2026-03-20T13:50:34.484Z]   EXT: https://www.linkedin.com
[2026-03-20T13:50:34.484Z] ── Step 1: Programmatic categorization ──
[2026-03-20T13:50:34.484Z] ── Step 1b: Resolving 3 regex-domain URLs via redirect ──
[2026-03-20T13:50:34.484Z]   SKIP (regex domain, no match): https://www.facebook.com
[2026-03-20T13:50:34.484Z]   SKIP (regex domain, no match): https://www.instagram.com
[2026-03-20T13:50:34.484Z]   SKIP (regex domain, no match): https://www.linkedin.com
[2026-03-20T13:50:34.484Z] Programmatic result: ws:1 | 0 uncategorized
[2026-03-20T13:50:34.484Z] No uncategorized links and no HTML sections — skipping AI analysis
[2026-03-20T13:50:34.484Z] ── Step 2b: Footer/header uncategorized links ──
[2026-03-20T13:50:34.484Z] Footer/header origins (0):
[2026-03-20T13:50:34.485Z] Step 2b result: added 0 uncategorized domains from footer/header
[2026-03-20T13:50:34.485Z] ── Step 2c: YouTube channel handle resolution ──
[2026-03-20T13:50:34.485Z]   YOUTUBE: no ytc entries to resolve
[2026-03-20T13:50:34.485Z] ── Step 3: Final dedup ──
[2026-03-20T13:50:34.485Z] No urls to dedup
[2026-03-20T13:50:34.485Z] ── FINAL RESULT ──
[2026-03-20T13:50:34.485Z]   ws (1):
[2026-03-20T13:50:34.485Z]     - https://better-intelligence.com
[2026-03-20T13:50:34.485Z] Summary: ws:1
[2026-03-20T13:50:34.488Z] Saved final result to result.json
[2026-03-20T13:50:34.488Z] Override fields: ws
[2026-03-20T13:50:34.488Z] Finished at: 2026-03-20T13:50:34.488Z
