[2026-03-07T13:32:57.725Z] === Homepage AI Extractor: Go Global Travel ===
[2026-03-07T13:32:57.725Z] Started at: 2026-03-07T13:32:57.725Z
[2026-03-07T13:32:57.725Z] Log directory: E:\code\The Wall\mono\packages\scrapper\logs\homepage_ai_extractor\1772890377725_Go_Global_Travel
[2026-03-07T13:32:57.726Z] Company: Go Global Travel
[2026-03-07T13:32:57.726Z] Website: goglobal.travel
[2026-03-07T13:32:57.726Z] cbRank: 243327
[2026-03-07T13:32:57.726Z] Reasons: h
[2026-03-07T13:32:57.726Z] Fetching: https://goglobal.travel
[2026-03-07T13:33:01.899Z] Redirected: https://goglobal.travel -> https://new.goglobal.travel/home
[2026-03-07T13:33:01.901Z] Saved HTML (32203 bytes) to page.html
[2026-03-07T13:33:01.904Z] Extracted 4 unique links from page
[2026-03-07T13:33:01.904Z] Saved 4 links to links.json
[2026-03-07T13:33:01.909Z] No footer section found in DOM
[2026-03-07T13:33:01.910Z] Extracted header HTML (2578 chars)
[2026-03-07T13:33:01.917Z] Website (post-redirect): https://new.goglobal.travel/home → origin: https://new.goglobal.travel
[2026-03-07T13:33:01.917Z] External links: 0 (of 4 total)
[2026-03-07T13:33:01.917Z] ── All external links ──
[2026-03-07T13:33:01.917Z] ── Step 1: Programmatic categorization ──
[2026-03-07T13:33:01.917Z] Programmatic result: ws:1 | 0 uncategorized
[2026-03-07T13:33:01.917Z] Sending uncategorized links + HTML sections to AI for analysis...
[2026-03-07T13:33:01.918Z] Saved AI prompt (1946 chars) to ai_prompt.txt
[2026-03-07T13:33:07.581Z] Saved AI response to ai_response.json
[2026-03-07T13:33:07.581Z] ── Parsing AI response (1 lines) ──
[2026-03-07T13:33:07.581Z] AI returned 0 valid links
[2026-03-07T13:33:07.582Z] ── Categorizing 0 AI-returned links ──
[2026-03-07T13:33:07.582Z] ── Step 2b: Footer/header uncategorized links ──
[2026-03-07T13:33:07.582Z] Footer/header origins (0):
[2026-03-07T13:33:07.582Z] Step 2b result: added 0 uncategorized domains from footer/header
[2026-03-07T13:33:07.582Z] ── Step 3: Final dedup ──
[2026-03-07T13:33:07.582Z] No urls to dedup
[2026-03-07T13:33:07.582Z] ── FINAL RESULT ──
[2026-03-07T13:33:07.582Z]   ws (1):
[2026-03-07T13:33:07.582Z]     - https://new.goglobal.travel
[2026-03-07T13:33:07.582Z] Summary: ws:1
[2026-03-07T13:33:07.583Z] Saved final result to result.json
[2026-03-07T13:33:07.583Z] Override fields: ws
[2026-03-07T13:33:07.583Z] Finished at: 2026-03-07T13:33:07.583Z
