[2026-03-05T08:10:40.345Z] === Homepage AI Extractor: MySize ===
[2026-03-05T08:10:40.345Z] Started at: 2026-03-05T08:10:40.345Z
[2026-03-05T08:10:40.345Z] Log directory: E:\code\The Wall\mono\packages\scrapper\logs\homepage_ai_extractor\1772698240344_MySize
[2026-03-05T08:10:40.345Z] Company: MySize
[2026-03-05T08:10:40.345Z] Website: mysizeid.com
[2026-03-05T08:10:40.345Z] cbRank: 64160
[2026-03-05T08:10:40.345Z] Reasons: h
[2026-03-05T08:10:40.346Z] Fetching: https://mysizeid.com
[2026-03-05T08:10:45.866Z] Redirected: https://mysizeid.com -> https://mysizeid.com/
[2026-03-05T08:10:45.873Z] Saved HTML (173525 bytes) to page.html
[2026-03-05T08:10:45.877Z] Extracted 28 unique links from page
[2026-03-05T08:10:45.879Z] Saved 28 links to links.json
[2026-03-05T08:10:45.882Z] No footer section found in DOM
[2026-03-05T08:10:45.882Z] Extracted header HTML (6008 chars)
[2026-03-05T08:10:45.889Z] Website (post-redirect): https://mysizeid.com/ → origin: https://mysizeid.com
[2026-03-05T08:10:45.889Z] External links: 6 (of 28 total)
[2026-03-05T08:10:45.889Z] ── All external links ──
[2026-03-05T08:10:45.889Z]   EXT: https://twitter.com/mysizeinc
[2026-03-05T08:10:45.889Z]   EXT: https://web.irm.co.il
[2026-03-05T08:10:45.889Z]   EXT: https://www.facebook.com/mysizeid
[2026-03-05T08:10:45.889Z]   EXT: https://www.instagram.com/mysize.official
[2026-03-05T08:10:45.889Z]   EXT: https://www.linkedin.com/company/mysizeid
[2026-03-05T08:10:45.889Z]   EXT: https://www.youtube.com/channel/UCnFJT_d9w07t0i3A5uv_Jjw
[2026-03-05T08:10:45.890Z] ── Step 1: Programmatic categorization ──
[2026-03-05T08:10:45.890Z]   REGEX: tw <- https://twitter.com/mysizeinc
[2026-03-05T08:10:45.890Z]   UNCATEGORIZED: https://web.irm.co.il
[2026-03-05T08:10:45.890Z]   REGEX: fb <- https://www.facebook.com/mysizeid
[2026-03-05T08:10:45.890Z]   REGEX: ig <- https://www.instagram.com/mysize.official
[2026-03-05T08:10:45.890Z]   REGEX: li <- https://www.linkedin.com/company/mysizeid
[2026-03-05T08:10:45.890Z]   REGEX: ytc <- https://www.youtube.com/channel/UCnFJT_d9w07t0i3A5uv_Jjw
[2026-03-05T08:10:45.890Z] Programmatic result: ws:1, tw:1, fb:1, ig:1, li:1, ytc:1 | 1 uncategorized
[2026-03-05T08:10:45.891Z] Sending uncategorized links + HTML sections to AI for analysis...
[2026-03-05T08:10:45.891Z] Saved AI prompt (1939 chars) to ai_prompt.txt
[2026-03-05T08:10:52.905Z] Saved AI response to ai_response.json
[2026-03-05T08:10:52.905Z] ── Parsing AI response (1 lines) ──
[2026-03-05T08:10:52.905Z]   AI LINK: https://web.irm.co.il
[2026-03-05T08:10:52.905Z] AI returned 1 valid links
[2026-03-05T08:10:52.905Z] ── Categorizing 1 AI-returned links ──
[2026-03-05T08:10:52.905Z]   AI→URLS: https://web.irm.co.il
[2026-03-05T08:10:52.906Z] ── Step 2b: Footer/header uncategorized links ──
[2026-03-05T08:10:52.906Z] Footer/header origins (1):
[2026-03-05T08:10:52.906Z]   FOOTER/HEADER ORIGIN: https://mysizeid.com
[2026-03-05T08:10:52.906Z]   SKIP (AI claimed): https://web.irm.co.il
[2026-03-05T08:10:52.906Z] Step 2b result: added 0 uncategorized domains from footer/header
[2026-03-05T08:10:52.906Z] ── Step 3: Final dedup ──
[2026-03-05T08:10:52.906Z] Dedup: removed 0 of 1 URLs already in specialized fields
[2026-03-05T08:10:52.906Z] ── FINAL RESULT ──
[2026-03-05T08:10:52.906Z]   ws (1):
[2026-03-05T08:10:52.906Z]     - https://mysizeid.com
[2026-03-05T08:10:52.906Z]   li (1):
[2026-03-05T08:10:52.907Z]     - https://www.linkedin.com/company/mysizeid
[2026-03-05T08:10:52.907Z]   fb (1):
[2026-03-05T08:10:52.907Z]     - https://www.facebook.com/mysizeid
[2026-03-05T08:10:52.907Z]   tw (1):
[2026-03-05T08:10:52.907Z]     - https://x.com/mysizeinc
[2026-03-05T08:10:52.907Z]   ig (1):
[2026-03-05T08:10:52.907Z]     - https://www.instagram.com/mysize.official
[2026-03-05T08:10:52.907Z]   ytc (1):
[2026-03-05T08:10:52.907Z]     - https://www.youtube.com/channel/UCnFJT_d9w07t0i3A5uv_Jjw
[2026-03-05T08:10:52.907Z]   urls (1):
[2026-03-05T08:10:52.907Z]     - https://web.irm.co.il
[2026-03-05T08:10:52.907Z] Summary: ws:1, tw:1, fb:1, ig:1, li:1, ytc:1, urls:1
[2026-03-05T08:10:52.908Z] Saved final result to result.json
[2026-03-05T08:10:52.908Z] Override fields: ws, li, fb, tw, ig, ytc, urls
[2026-03-05T08:10:52.908Z] Finished at: 2026-03-05T08:10:52.908Z
