[2026-03-06T08:17:42.016Z] === Homepage AI Extractor: SynVaccine ===
[2026-03-06T08:17:42.016Z] Started at: 2026-03-06T08:17:42.016Z
[2026-03-06T08:17:42.016Z] Log directory: E:\code\The Wall\mono\packages\scrapper\logs\homepage_ai_extractor\1772785062016_SynVaccine
[2026-03-06T08:17:42.016Z] Company: SynVaccine
[2026-03-06T08:17:42.017Z] Website: synvaccine.com
[2026-03-06T08:17:42.017Z] cbRank: 167353
[2026-03-06T08:17:42.017Z] Reasons: h
[2026-03-06T08:17:42.017Z] Fetching: https://synvaccine.com
[2026-03-06T08:17:53.881Z] Network idle timeout — continuing with current state
[2026-03-06T08:17:53.928Z] Redirected: https://synvaccine.com -> https://www.synvaccine.com/
[2026-03-06T08:17:53.941Z] Saved HTML (366705 bytes) to page.html
[2026-03-06T08:17:53.944Z] Extracted 13 unique links from page
[2026-03-06T08:17:53.945Z] Saved 13 links to links.json
[2026-03-06T08:17:53.947Z] Extracted footer HTML (7095 chars)
[2026-03-06T08:17:53.947Z] Extracted header HTML (9263 chars)
[2026-03-06T08:17:53.953Z] Website (post-redirect): https://www.synvaccine.com/ → origin: https://www.synvaccine.com
[2026-03-06T08:17:53.954Z] External links: 2 (of 13 total)
[2026-03-06T08:17:53.954Z] ── All external links ──
[2026-03-06T08:17:53.954Z]   EXT: http://twitter.com/#!/wix
[2026-03-06T08:17:53.954Z]   EXT: http://www.facebook.com/wix
[2026-03-06T08:17:53.954Z] ── Step 1: Programmatic categorization ──
[2026-03-06T08:17:53.954Z]   REGEX: tw <- http://twitter.com/#!/wix
[2026-03-06T08:17:53.955Z]   REGEX: fb <- http://www.facebook.com/wix
[2026-03-06T08:17:53.955Z] Programmatic result: ws:1, tw:1, fb:1 | 0 uncategorized
[2026-03-06T08:17:53.955Z] Sending uncategorized links + HTML sections to AI for analysis...
[2026-03-06T08:17:53.955Z] Saved AI prompt (7388 chars) to ai_prompt.txt
[2026-03-06T08:18:42.964Z] Saved AI response to ai_response.json
[2026-03-06T08:18:42.965Z] ── Parsing AI response (2 lines) ──
[2026-03-06T08:18:42.965Z]   AI LINK: http://www.facebook.com/wix
[2026-03-06T08:18:42.965Z]   AI LINK: http://twitter.com/#!/wix
[2026-03-06T08:18:42.965Z] AI returned 2 valid links
[2026-03-06T08:18:42.965Z] ── Categorizing 2 AI-returned links ──
[2026-03-06T08:18:42.965Z]   AI→REGEX: fb <- http://www.facebook.com/wix (duplicate, skipped)
[2026-03-06T08:18:42.965Z]   AI→REGEX: tw <- http://twitter.com/#!/wix (duplicate, skipped)
[2026-03-06T08:18:42.966Z] ── Step 2b: Footer/header uncategorized links ──
[2026-03-06T08:18:42.966Z] Footer/header origins (3):
[2026-03-06T08:18:42.966Z]   FOOTER/HEADER ORIGIN: http://www.facebook.com
[2026-03-06T08:18:42.966Z]   FOOTER/HEADER ORIGIN: http://twitter.com
[2026-03-06T08:18:42.966Z]   FOOTER/HEADER ORIGIN: https://www.synvaccine.com
[2026-03-06T08:18:42.966Z] Step 2b result: added 0 uncategorized domains from footer/header
[2026-03-06T08:18:42.966Z] ── Step 3: Final dedup ──
[2026-03-06T08:18:42.966Z] No urls to dedup
[2026-03-06T08:18:42.966Z] ── FINAL RESULT ──
[2026-03-06T08:18:42.966Z]   ws (1):
[2026-03-06T08:18:42.966Z]     - https://www.synvaccine.com
[2026-03-06T08:18:42.966Z]   fb (1):
[2026-03-06T08:18:42.967Z]     - https://www.facebook.com/wix
[2026-03-06T08:18:42.967Z]   tw (1):
[2026-03-06T08:18:42.967Z]     - https://x.com/#!
[2026-03-06T08:18:42.967Z] Summary: ws:1, tw:1, fb:1
[2026-03-06T08:18:42.967Z] Saved final result to result.json
[2026-03-06T08:18:42.967Z] Override fields: ws, fb, tw
[2026-03-06T08:18:42.967Z] Finished at: 2026-03-06T08:18:42.967Z
