[2026-02-27T05:10:27.986Z] === Homepage AI Extractor: Redefine Meat ===
[2026-02-27T05:10:27.986Z] Started at: 2026-02-27T05:10:27.986Z
[2026-02-27T05:10:27.987Z] Log directory: E:\code\The Wall\mono\packages\scrapper\logs\homepage_ai_extractor\1772169027985_Redefine_Meat
[2026-02-27T05:10:27.987Z] Company: Redefine Meat
[2026-02-27T05:10:27.987Z] Website: redefinemeat.com
[2026-02-27T05:10:27.987Z] cbRank: 18327
[2026-02-27T05:10:27.988Z] Reasons: h
[2026-02-27T05:10:27.988Z] Fetching: https://redefinemeat.com
[2026-02-27T05:10:40.124Z] Network idle timeout — continuing with current state
[2026-02-27T05:10:41.376Z] Dismissed cookie consent popup via: button:has-text("Allow all")
[2026-02-27T05:10:41.924Z] Redirected: https://redefinemeat.com -> https://www.redefinemeat.com/
[2026-02-27T05:10:42.003Z] Saved HTML (1655213 bytes) to page.html
[2026-02-27T05:10:42.017Z] Extracted 133 unique links from page
[2026-02-27T05:10:42.019Z] Saved 133 links to links.json
[2026-02-27T05:10:42.026Z] Extracted footer HTML (9752 chars)
[2026-02-27T05:10:42.026Z] Extracted header HTML (38120 chars)
[2026-02-27T05:10:42.035Z] Website (post-redirect): https://www.redefinemeat.com/
[2026-02-27T05:10:42.036Z] External links: 17 (of 133 total)
[2026-02-27T05:10:42.037Z] ── All external links ──
[2026-02-27T05:10:42.037Z]   EXT: https://business.safety.google/privacy
[2026-02-27T05:10:42.037Z]   EXT: https://instagram.com/redefinemeat
[2026-02-27T05:10:42.037Z]   EXT: https://legal.hubspot.com/privacy-policy?__hstc=258982677.9b23cdc2b6f79fa4cab89a05c717bbdf.1772169033931.1772169033931.1772169033931.1&__hssc=258982677.1.1772169033931&__hsfp=d0f2dd4d2556806003a75809cbd25bec
[2026-02-27T05:10:42.037Z]   EXT: https://legal.hubspot.com/privacy-policy?_ga=2.251458369.639178606.1643280521-527515060.1642358325&_gac=1.195924446.1642358415.Cj0KCQiAoY-PBhCNARIsABcz771YA6EIqp8NZ2l7bhT_oxEXotlmFx3EL8GgElcJur0FpVEBmEPpEckaAuRuEALw_wcB&__hstc=258982677.9b23cdc2b6f79fa4cab89a05c717bbdf.1772169033931.1772169033931.1772169033931.1&__hssc=258982677.1.1772169033931&__hsfp=d0f2dd4d2556806003a75809cbd25bec
[2026-02-27T05:10:42.037Z]   EXT: https://privacy.microsoft.com/en-us/privacystatement
[2026-02-27T05:10:42.037Z]   EXT: https://support.comeet.co/section/terms-and-policies
[2026-02-27T05:10:42.037Z]   EXT: https://www.cookiebot.com
[2026-02-27T05:10:42.038Z]   EXT: https://www.cookiebot.com/en/what-is-behind-powered-by-cookiebot/?utm_source=banner_cb&utm_medium=referral&utm_content=v2
[2026-02-27T05:10:42.038Z]   EXT: https://www.facebook.com/RedefineMeat
[2026-02-27T05:10:42.038Z]   EXT: https://www.facebook.com/policy.php
[2026-02-27T05:10:42.038Z]   EXT: https://www.linkedin.com/company/redefinemeat
[2026-02-27T05:10:42.038Z]   EXT: https://www.linkedin.com/legal/privacy-policy
[2026-02-27T05:10:42.038Z]   EXT: https://www.outbrain.com/legal/privacy#privacy-policy
[2026-02-27T05:10:42.038Z]   EXT: https://www.taboola.com/privacy-policy
[2026-02-27T05:10:42.038Z]   EXT: https://www.tiktok.com/@redefinemeat
[2026-02-27T05:10:42.038Z]   EXT: https://www.tiktok.com/legal/privacy-policy?lang=en
[2026-02-27T05:10:42.038Z]   EXT: https://www.youtube.com/@redefinemeat
[2026-02-27T05:10:42.039Z] ── Step 1: Programmatic categorization ──
[2026-02-27T05:10:42.039Z]   UNCATEGORIZED: https://business.safety.google/privacy
[2026-02-27T05:10:42.039Z]   REGEX: ig <- https://instagram.com/redefinemeat
[2026-02-27T05:10:42.039Z]   UNCATEGORIZED: https://legal.hubspot.com/privacy-policy?__hstc=258982677.9b23cdc2b6f79fa4cab89a05c717bbdf.1772169033931.1772169033931.1772169033931.1&__hssc=258982677.1.1772169033931&__hsfp=d0f2dd4d2556806003a75809cbd25bec
[2026-02-27T05:10:42.039Z]   UNCATEGORIZED: https://legal.hubspot.com/privacy-policy?_ga=2.251458369.639178606.1643280521-527515060.1642358325&_gac=1.195924446.1642358415.Cj0KCQiAoY-PBhCNARIsABcz771YA6EIqp8NZ2l7bhT_oxEXotlmFx3EL8GgElcJur0FpVEBmEPpEckaAuRuEALw_wcB&__hstc=258982677.9b23cdc2b6f79fa4cab89a05c717bbdf.1772169033931.1772169033931.1772169033931.1&__hssc=258982677.1.1772169033931&__hsfp=d0f2dd4d2556806003a75809cbd25bec
[2026-02-27T05:10:42.039Z]   UNCATEGORIZED: https://privacy.microsoft.com/en-us/privacystatement
[2026-02-27T05:10:42.039Z]   UNCATEGORIZED: https://support.comeet.co/section/terms-and-policies
[2026-02-27T05:10:42.039Z]   UNCATEGORIZED: https://www.cookiebot.com
[2026-02-27T05:10:42.040Z]   UNCATEGORIZED: https://www.cookiebot.com/en/what-is-behind-powered-by-cookiebot/?utm_source=banner_cb&utm_medium=referral&utm_content=v2
[2026-02-27T05:10:42.043Z]   REGEX: fb <- https://www.facebook.com/RedefineMeat
[2026-02-27T05:10:42.045Z]   REGEX: li <- https://www.linkedin.com/company/redefinemeat
[2026-02-27T05:10:42.045Z]   UNCATEGORIZED: https://www.outbrain.com/legal/privacy#privacy-policy
[2026-02-27T05:10:42.045Z]   UNCATEGORIZED: https://www.taboola.com/privacy-policy
[2026-02-27T05:10:42.046Z]   REGEX: tt <- https://www.tiktok.com/@redefinemeat
[2026-02-27T05:10:42.046Z]   REGEX: ytp <- https://www.youtube.com/@redefinemeat
[2026-02-27T05:10:42.047Z] ── Step 1b: Resolving 3 regex-domain URLs via redirect ──
[2026-02-27T05:10:42.047Z]   SKIP (regex domain, no match): https://www.facebook.com/policy.php
[2026-02-27T05:10:42.047Z]   SKIP (regex domain, no match): https://www.linkedin.com/legal/privacy-policy
[2026-02-27T05:10:42.047Z]   SKIP (regex domain, no match): https://www.tiktok.com/legal/privacy-policy?lang=en
[2026-02-27T05:10:42.047Z] Programmatic result: ws:1, ig:1, fb:1, li:1, tt:1, ytp:1 | 9 uncategorized
[2026-02-27T05:10:42.047Z] Sending uncategorized links + HTML sections to AI for analysis...
[2026-02-27T05:10:42.050Z] Saved AI prompt (8700 chars) to ai_prompt.txt
[2026-02-27T05:11:52.936Z] Saved AI response to ai_response.json
[2026-02-27T05:11:52.937Z] ── Parsing AI response (11 lines) ──
[2026-02-27T05:11:52.937Z]   AI LINK: https://www.redefinemeat.com/products/
[2026-02-27T05:11:52.937Z]   AI LINK: https://www.redefinemeat.com/recipes
[2026-02-27T05:11:52.937Z]   AI LINK: https://www.redefinemeat.com/company/
[2026-02-27T05:11:52.937Z]   AI LINK: https://www.redefinemeat.com/serving-new-meat/
[2026-02-27T05:11:52.937Z]   AI LINK: https://www.redefinemeat.com/join-the-revolution/
[2026-02-27T05:11:52.937Z]   AI LINK: https://www.redefinemeat.com/where-to-find/
[2026-02-27T05:11:52.937Z]   AI LINK: https://www.facebook.com/RedefineMeat/
[2026-02-27T05:11:52.938Z]   AI LINK: https://instagram.com/redefinemeat/
[2026-02-27T05:11:52.938Z]   AI LINK: https://www.tiktok.com/@redefinemeat/
[2026-02-27T05:11:52.938Z]   AI LINK: https://www.youtube.com/@redefinemeat
[2026-02-27T05:11:52.938Z]   AI LINK: https://www.linkedin.com/company/redefinemeat/
[2026-02-27T05:11:52.938Z] AI returned 11 valid links
[2026-02-27T05:11:52.938Z] ── Categorizing 11 AI-returned links ──
[2026-02-27T05:11:52.938Z]   AI→URLS: https://www.redefinemeat.com/products (cleaned from https://www.redefinemeat.com/products/)
[2026-02-27T05:11:52.939Z]   AI→URLS: https://www.redefinemeat.com/recipes
[2026-02-27T05:11:52.939Z]   AI→URLS: https://www.redefinemeat.com/company (cleaned from https://www.redefinemeat.com/company/)
[2026-02-27T05:11:52.939Z]   AI→URLS: https://www.redefinemeat.com/serving-new-meat (cleaned from https://www.redefinemeat.com/serving-new-meat/)
[2026-02-27T05:11:52.939Z]   AI→URLS: https://www.redefinemeat.com/join-the-revolution (cleaned from https://www.redefinemeat.com/join-the-revolution/)
[2026-02-27T05:11:52.939Z]   AI→URLS: https://www.redefinemeat.com/where-to-find (cleaned from https://www.redefinemeat.com/where-to-find/)
[2026-02-27T05:11:52.939Z]   AI→REGEX: fb <- https://www.facebook.com/RedefineMeat/ (duplicate, skipped)
[2026-02-27T05:11:52.939Z]   AI→REGEX: ig <- https://instagram.com/redefinemeat/ (duplicate, skipped)
[2026-02-27T05:11:52.940Z]   AI→REGEX: tt <- https://www.tiktok.com/@redefinemeat/ (duplicate, skipped)
[2026-02-27T05:11:52.940Z]   AI→REGEX: ytp <- https://www.youtube.com/@redefinemeat (duplicate, skipped)
[2026-02-27T05:11:52.940Z]   AI→REGEX: li <- https://www.linkedin.com/company/redefinemeat/ (duplicate, skipped)
[2026-02-27T05:11:52.941Z] ── Step 2b: Footer/header uncategorized links ──
[2026-02-27T05:11:52.941Z] Footer/header origins (6):
[2026-02-27T05:11:52.941Z]   FOOTER/HEADER ORIGIN: https://www.redefinemeat.com
[2026-02-27T05:11:52.941Z]   FOOTER/HEADER ORIGIN: https://www.facebook.com
[2026-02-27T05:11:52.941Z]   FOOTER/HEADER ORIGIN: https://instagram.com
[2026-02-27T05:11:52.941Z]   FOOTER/HEADER ORIGIN: https://www.tiktok.com
[2026-02-27T05:11:52.941Z]   FOOTER/HEADER ORIGIN: https://www.youtube.com
[2026-02-27T05:11:52.941Z]   FOOTER/HEADER ORIGIN: https://www.linkedin.com
[2026-02-27T05:11:52.941Z]   SKIP (not in footer/header): https://business.safety.google/privacy
[2026-02-27T05:11:52.941Z]   SKIP (not in footer/header): https://legal.hubspot.com/privacy-policy?__hstc=258982677.9b23cdc2b6f79fa4cab89a05c717bbdf.1772169033931.1772169033931.1772169033931.1&__hssc=258982677.1.1772169033931&__hsfp=d0f2dd4d2556806003a75809cbd25bec
[2026-02-27T05:11:52.942Z]   SKIP (not in footer/header): https://legal.hubspot.com/privacy-policy?_ga=2.251458369.639178606.1643280521-527515060.1642358325&_gac=1.195924446.1642358415.Cj0KCQiAoY-PBhCNARIsABcz771YA6EIqp8NZ2l7bhT_oxEXotlmFx3EL8GgElcJur0FpVEBmEPpEckaAuRuEALw_wcB&__hstc=258982677.9b23cdc2b6f79fa4cab89a05c717bbdf.1772169033931.1772169033931.1772169033931.1&__hssc=258982677.1.1772169033931&__hsfp=d0f2dd4d2556806003a75809cbd25bec
[2026-02-27T05:11:52.942Z]   SKIP (not in footer/header): https://privacy.microsoft.com/en-us/privacystatement
[2026-02-27T05:11:52.942Z]   SKIP (not in footer/header): https://support.comeet.co/section/terms-and-policies
[2026-02-27T05:11:52.942Z]   SKIP (not in footer/header): https://www.cookiebot.com
[2026-02-27T05:11:52.942Z]   SKIP (not in footer/header): https://www.cookiebot.com/en/what-is-behind-powered-by-cookiebot/?utm_source=banner_cb&utm_medium=referral&utm_content=v2
[2026-02-27T05:11:52.942Z]   SKIP (not in footer/header): https://www.outbrain.com/legal/privacy#privacy-policy
[2026-02-27T05:11:52.942Z]   SKIP (not in footer/header): https://www.taboola.com/privacy-policy
[2026-02-27T05:11:52.942Z] Step 2b result: added 0 uncategorized domains from footer/header
[2026-02-27T05:11:52.942Z] ── Step 3: Final dedup ──
[2026-02-27T05:11:52.942Z] Dedup: removed 0 of 6 URLs already in specialized fields
[2026-02-27T05:11:52.943Z] ── FINAL RESULT ──
[2026-02-27T05:11:52.943Z]   ws (1):
[2026-02-27T05:11:52.943Z]     - https://www.redefinemeat.com/
[2026-02-27T05:11:52.943Z]   li (1):
[2026-02-27T05:11:52.943Z]     - https://www.linkedin.com/company/redefinemeat
[2026-02-27T05:11:52.943Z]   fb (1):
[2026-02-27T05:11:52.943Z]     - https://www.facebook.com/redefinemeat
[2026-02-27T05:11:52.943Z]   ig (1):
[2026-02-27T05:11:52.943Z]     - https://www.instagram.com/redefinemeat
[2026-02-27T05:11:52.943Z]   ytp (1):
[2026-02-27T05:11:52.943Z]     - https://www.youtube.com/@redefinemeat
[2026-02-27T05:11:52.943Z]   tt (1):
[2026-02-27T05:11:52.943Z]     - https://www.tiktok.com/@redefinemeat
[2026-02-27T05:11:52.944Z]   urls (6):
[2026-02-27T05:11:52.944Z]     - https://www.redefinemeat.com/company
[2026-02-27T05:11:52.944Z]     - https://www.redefinemeat.com/join-the-revolution
[2026-02-27T05:11:52.944Z]     - https://www.redefinemeat.com/products
[2026-02-27T05:11:52.944Z]     - https://www.redefinemeat.com/recipes
[2026-02-27T05:11:52.944Z]     - https://www.redefinemeat.com/serving-new-meat
[2026-02-27T05:11:52.944Z]     - https://www.redefinemeat.com/where-to-find
[2026-02-27T05:11:52.944Z] Summary: ws:1, ig:1, fb:1, li:1, tt:1, ytp:1, urls:6
[2026-02-27T05:11:52.945Z] Saved final result to result.json
[2026-02-27T05:11:52.945Z] Override fields: ws, li, fb, ig, ytp, tt, urls
[2026-02-27T05:11:52.945Z] Finished at: 2026-02-27T05:11:52.945Z
