[2026-03-01T17:01:25.432Z] === Homepage AI Extractor: Holisto ===
[2026-03-01T17:01:25.434Z] Started at: 2026-03-01T17:01:25.434Z
[2026-03-01T17:01:25.434Z] Log directory: E:\code\The Wall\mono\packages\scrapper\logs\homepage_ai_extractor\1772384485431_Holisto
[2026-03-01T17:01:25.435Z] Company: Holisto
[2026-03-01T17:01:25.435Z] Website: holisto.com
[2026-03-01T17:01:25.435Z] cbRank: 31790
[2026-03-01T17:01:25.435Z] Reasons: h
[2026-03-01T17:01:25.435Z] Fetching: https://holisto.com
[2026-03-01T17:01:34.470Z] Redirected: https://holisto.com -> https://www.holisto.com/
[2026-03-01T17:01:34.501Z] Saved HTML (578153 bytes) to page.html
[2026-03-01T17:01:34.507Z] Extracted 11 unique links from page
[2026-03-01T17:01:34.508Z] Saved 11 links to links.json
[2026-03-01T17:01:34.514Z] Extracted footer HTML (16149 chars)
[2026-03-01T17:01:34.514Z] Extracted header HTML (11905 chars)
[2026-03-01T17:01:34.526Z] Website (post-redirect): https://www.holisto.com/ → origin: https://www.holisto.com
[2026-03-01T17:01:34.526Z] External links: 2 (of 11 total)
[2026-03-01T17:01:34.526Z] ── All external links ──
[2026-03-01T17:01:34.526Z]   EXT: https://apps.apple.com/us/app/holisto-better-hotel-deals/id1635312687?shortlink=iOS&c=WebiOS&pid=Holisto_Web&af_xp=custom&source_caller=ui
[2026-03-01T17:01:34.526Z]   EXT: https://play.google.com/store/apps/details?id=com.holisto&shortlink=android&c=WebAndroid&pid=Holisto_Web&af_xp=custom&source_caller=ui&pli=1
[2026-03-01T17:01:34.527Z] ── Step 1: Programmatic categorization ──
[2026-03-01T17:01:34.527Z]   UNCATEGORIZED: https://apps.apple.com/us/app/holisto-better-hotel-deals/id1635312687?shortlink=iOS&c=WebiOS&pid=Holisto_Web&af_xp=custom&source_caller=ui
[2026-03-01T17:01:34.527Z]   REGEX: android_app_ids <- com.holisto (from https://play.google.com/store/apps/details?id=com.holisto&shortlink=android&c=WebAndroid&pid=Holisto_Web&af_xp=custom&source_caller=ui&pli=1)
[2026-03-01T17:01:34.527Z] Programmatic result: ws:1, android_app_ids:1 | 1 uncategorized
[2026-03-01T17:01:34.527Z] Sending uncategorized links + HTML sections to AI for analysis...
[2026-03-01T17:01:34.529Z] Saved AI prompt (2966 chars) to ai_prompt.txt
[2026-03-01T17:01:56.309Z] Saved AI response to ai_response.json
[2026-03-01T17:01:56.309Z] ── Parsing AI response (1 lines) ──
[2026-03-01T17:01:56.309Z]   AI LINK: https://apps.apple.com/us/app/holisto-better-hotel-deals/id1635312687?shortlink=iOS&c=WebiOS&pid=Holisto_Web&af_xp=custom&source_caller=ui
[2026-03-01T17:01:56.309Z] AI returned 1 valid links
[2026-03-01T17:01:56.309Z] ── Categorizing 1 AI-returned links ──
[2026-03-01T17:01:56.309Z]   AI→URLS: https://apps.apple.com/us/app/holisto-better-hotel-deals/id1635312687 (cleaned from https://apps.apple.com/us/app/holisto-better-hotel-deals/id1635312687?shortlink=iOS&c=WebiOS&pid=Holisto_Web&af_xp=custom&source_caller=ui)
[2026-03-01T17:01:56.310Z] ── Step 2b: Footer/header uncategorized links ──
[2026-03-01T17:01:56.311Z] Footer/header origins (0):
[2026-03-01T17:01:56.311Z]   SKIP (AI claimed): https://apps.apple.com/us/app/holisto-better-hotel-deals/id1635312687?shortlink=iOS&c=WebiOS&pid=Holisto_Web&af_xp=custom&source_caller=ui
[2026-03-01T17:01:56.311Z] Step 2b result: added 0 uncategorized domains from footer/header
[2026-03-01T17:01:56.311Z] ── Step 3: Final dedup ──
[2026-03-01T17:01:56.311Z] Dedup: removed 0 of 1 URLs already in specialized fields
[2026-03-01T17:01:56.311Z] ── FINAL RESULT ──
[2026-03-01T17:01:56.311Z]   ws (1):
[2026-03-01T17:01:56.311Z]     - https://www.holisto.com
[2026-03-01T17:01:56.311Z]   urls (1):
[2026-03-01T17:01:56.311Z]     - https://apps.apple.com/us/app/holisto-better-hotel-deals/id1635312687
[2026-03-01T17:01:56.311Z]   android_app_ids (1):
[2026-03-01T17:01:56.311Z]     - com.holisto
[2026-03-01T17:01:56.311Z] Summary: ws:1, android_app_ids:1, urls:1
[2026-03-01T17:01:56.312Z] Saved final result to result.json
[2026-03-01T17:01:56.312Z] Override fields: ws, urls, android_app_ids
[2026-03-01T17:01:56.312Z] Finished at: 2026-03-01T17:01:56.312Z
