[2026-03-06T10:20:34.400Z] === Homepage AI Extractor: Treedis ===
[2026-03-06T10:20:34.400Z] Started at: 2026-03-06T10:20:34.400Z
[2026-03-06T10:20:34.400Z] Log directory: E:\code\The Wall\mono\packages\scrapper\logs\homepage_ai_extractor\1772792434400_Treedis
[2026-03-06T10:20:34.401Z] Company: Treedis
[2026-03-06T10:20:34.401Z] Website: treedis.com
[2026-03-06T10:20:34.401Z] cbRank: 201501
[2026-03-06T10:20:34.401Z] Reasons: h
[2026-03-06T10:20:34.401Z] Fetching: https://treedis.com
[2026-03-06T10:20:45.947Z] Network idle timeout — continuing with current state
[2026-03-06T10:20:45.997Z] Redirected: https://treedis.com -> https://www.treedis.com/
[2026-03-06T10:20:46.006Z] Saved HTML (206183 bytes) to page.html
[2026-03-06T10:20:46.011Z] Extracted 53 unique links from page
[2026-03-06T10:20:46.011Z] Saved 53 links to links.json
[2026-03-06T10:20:46.014Z] No footer section found in DOM
[2026-03-06T10:20:46.015Z] Extracted header HTML (25087 chars)
[2026-03-06T10:20:46.021Z] Website (post-redirect): https://www.treedis.com/ → origin: https://www.treedis.com
[2026-03-06T10:20:46.022Z]   SUBDOMAIN: info.treedis.com (added to ws)
[2026-03-06T10:20:46.022Z]   SUBDOMAIN: my.treedis.com (added to ws)
[2026-03-06T10:20:46.022Z] Website subdomains found: 2
[2026-03-06T10:20:46.022Z] External links: 3 (of 53 total)
[2026-03-06T10:20:46.022Z] ── All external links ──
[2026-03-06T10:20:46.022Z]   EXT: http://linkedin.com/company/treedis
[2026-03-06T10:20:46.022Z]   EXT: https://www.facebook.com/groups/treedis
[2026-03-06T10:20:46.022Z]   EXT: https://www.facebook.com/treedismsp
[2026-03-06T10:20:46.022Z] ── Step 1: Programmatic categorization ──
[2026-03-06T10:20:46.022Z]   REGEX: li <- http://linkedin.com/company/treedis
[2026-03-06T10:20:46.022Z]   REGEX: fb <- https://www.facebook.com/treedismsp
[2026-03-06T10:20:46.023Z] ── Step 1b: Resolving 1 regex-domain URLs via redirect ──
[2026-03-06T10:20:46.023Z]   SKIP (regex domain, no match): https://www.facebook.com/groups/treedis
[2026-03-06T10:20:46.023Z] Programmatic result: ws:3, li:1, fb:1 | 0 uncategorized
[2026-03-06T10:20:46.023Z] Sending uncategorized links + HTML sections to AI for analysis...
[2026-03-06T10:20:46.023Z] Saved AI prompt (1919 chars) to ai_prompt.txt
[2026-03-06T10:20:51.470Z] Saved AI response to ai_response.json
[2026-03-06T10:20:51.470Z] ── Parsing AI response (1 lines) ──
[2026-03-06T10:20:51.471Z] AI returned 0 valid links
[2026-03-06T10:20:51.471Z] ── Categorizing 0 AI-returned links ──
[2026-03-06T10:20:51.471Z] ── Step 2b: Footer/header uncategorized links ──
[2026-03-06T10:20:51.472Z] Footer/header origins (2):
[2026-03-06T10:20:51.472Z]   FOOTER/HEADER ORIGIN: https://info.treedis.com
[2026-03-06T10:20:51.472Z]   FOOTER/HEADER ORIGIN: https://my.treedis.com
[2026-03-06T10:20:51.472Z] Step 2b result: added 0 uncategorized domains from footer/header
[2026-03-06T10:20:51.472Z] ── Step 3: Final dedup ──
[2026-03-06T10:20:51.472Z] No urls to dedup
[2026-03-06T10:20:51.472Z] ── FINAL RESULT ──
[2026-03-06T10:20:51.472Z]   ws (3):
[2026-03-06T10:20:51.472Z]     - https://info.treedis.com
[2026-03-06T10:20:51.472Z]     - https://my.treedis.com
[2026-03-06T10:20:51.472Z]     - https://www.treedis.com
[2026-03-06T10:20:51.472Z]   li (1):
[2026-03-06T10:20:51.473Z]     - https://www.linkedin.com/company/treedis
[2026-03-06T10:20:51.473Z]   fb (1):
[2026-03-06T10:20:51.473Z]     - https://www.facebook.com/treedismsp
[2026-03-06T10:20:51.473Z] Summary: ws:3, li:1, fb:1
[2026-03-06T10:20:51.473Z] Saved final result to result.json
[2026-03-06T10:20:51.473Z] Override fields: ws, li, fb
[2026-03-06T10:20:51.473Z] Finished at: 2026-03-06T10:20:51.473Z
