[2026-03-06T03:38:49.713Z] === Homepage AI Extractor: Viewly ===
[2026-03-06T03:38:49.713Z] Started at: 2026-03-06T03:38:49.713Z
[2026-03-06T03:38:49.713Z] Log directory: E:\code\The Wall\mono\packages\scrapper\logs\homepage_ai_extractor\1772768329712_Viewly
[2026-03-06T03:38:49.713Z] Company: Viewly
[2026-03-06T03:38:49.713Z] Website: view.ly
[2026-03-06T03:38:49.714Z] cbRank: 115782
[2026-03-06T03:38:49.714Z] Reasons: h
[2026-03-06T03:38:49.714Z] Fetching: https://view.ly
[2026-03-06T03:38:50.988Z] Redirected: https://view.ly -> https://view.ly/
[2026-03-06T03:38:50.996Z] Saved HTML (14019 bytes) to page.html
[2026-03-06T03:38:51.001Z] Extracted 2 unique links from page
[2026-03-06T03:38:51.002Z] Saved 2 links to links.json
[2026-03-06T03:38:51.006Z] No footer section found in DOM
[2026-03-06T03:38:51.006Z] No header section found in DOM
[2026-03-06T03:38:51.010Z] Website (post-redirect): https://view.ly/ → origin: https://view.ly
[2026-03-06T03:38:51.010Z] External links: 2 (of 2 total)
[2026-03-06T03:38:51.010Z] ── All external links ──
[2026-03-06T03:38:51.010Z]   EXT: https://namebio.com/?s==UDN3YDMyYDN
[2026-03-06T03:38:51.010Z]   EXT: https://reg.ly
[2026-03-06T03:38:51.010Z] ── Step 1: Programmatic categorization ──
[2026-03-06T03:38:51.011Z]   UNCATEGORIZED: https://namebio.com/?s==UDN3YDMyYDN
[2026-03-06T03:38:51.011Z]   UNCATEGORIZED: https://reg.ly
[2026-03-06T03:38:51.011Z] Programmatic result: ws:1 | 2 uncategorized
[2026-03-06T03:38:51.011Z] Sending uncategorized links + HTML sections to AI for analysis...
[2026-03-06T03:38:51.012Z] Saved AI prompt (1970 chars) to ai_prompt.txt
[2026-03-06T03:38:56.437Z] Saved AI response to ai_response.json
[2026-03-06T03:38:56.437Z] ── Parsing AI response (1 lines) ──
[2026-03-06T03:38:56.437Z] AI returned 0 valid links
[2026-03-06T03:38:56.437Z] ── Categorizing 0 AI-returned links ──
[2026-03-06T03:38:56.437Z] ── Step 2b: Footer/header uncategorized links ──
[2026-03-06T03:38:56.437Z] Footer/header origins (0):
[2026-03-06T03:38:56.437Z]   SKIP (not in footer/header): https://namebio.com/?s==UDN3YDMyYDN
[2026-03-06T03:38:56.438Z]   SKIP (not in footer/header): https://reg.ly
[2026-03-06T03:38:56.438Z] Step 2b result: added 0 uncategorized domains from footer/header
[2026-03-06T03:38:56.438Z] ── Step 3: Final dedup ──
[2026-03-06T03:38:56.438Z] No urls to dedup
[2026-03-06T03:38:56.438Z] ── FINAL RESULT ──
[2026-03-06T03:38:56.438Z]   ws (1):
[2026-03-06T03:38:56.438Z]     - https://view.ly
[2026-03-06T03:38:56.438Z] Summary: ws:1
[2026-03-06T03:38:56.438Z] Saved final result to result.json
[2026-03-06T03:38:56.439Z] Override fields: ws
[2026-03-06T03:38:56.439Z] Finished at: 2026-03-06T03:38:56.439Z
