[2026-03-05T11:27:09.626Z] === Homepage AI Extractor: Hargol™ FoodTech ===
[2026-03-05T11:27:09.626Z] Started at: 2026-03-05T11:27:09.626Z
[2026-03-05T11:27:09.626Z] Log directory: E:\code\The Wall\mono\packages\scrapper\logs\homepage_ai_extractor\1772710029625_Hargol™_FoodTech
[2026-03-05T11:27:09.626Z] Company: Hargol™ FoodTech
[2026-03-05T11:27:09.627Z] Website: hargol.com
[2026-03-05T11:27:09.627Z] cbRank: 86088
[2026-03-05T11:27:09.627Z] Reasons: h
[2026-03-05T11:27:09.627Z] Fetching: https://hargol.com
[2026-03-05T11:27:18.714Z] Redirected: https://hargol.com -> https://hargol.com/
[2026-03-05T11:27:18.723Z] Saved HTML (193933 bytes) to page.html
[2026-03-05T11:27:18.729Z] Extracted 71 unique links from page
[2026-03-05T11:27:18.730Z] Saved 71 links to links.json
[2026-03-05T11:27:18.733Z] Extracted footer HTML (1776 chars)
[2026-03-05T11:27:18.734Z] Extracted header HTML (1785 chars)
[2026-03-05T11:27:18.749Z] Website (post-redirect): https://hargol.com/ → origin: https://hargol.com
[2026-03-05T11:27:18.749Z] External links: 64 (of 71 total)
[2026-03-05T11:27:18.750Z] ── All external links ──
[2026-03-05T11:27:18.750Z]   EXT: http://ag.alltech.com/en/blog/hargol-stroke-genius-and-grasshoppers
[2026-03-05T11:27:18.750Z]   EXT: http://agwired.com/2017/05/25/feeding-the-world-with-grasshopper-protein
[2026-03-05T11:27:18.750Z]   EXT: http://ausfoodnews.com.au/2016/08/29/edible-grasshopper-startup-hops-to-top-at-international-contest.html
[2026-03-05T11:27:18.750Z]   EXT: http://nocamels.com/2017/05/hargol-wins-tlv-start-up-challenge
[2026-03-05T11:27:18.750Z]   EXT: http://qz.com/529186/grasshopper-steak-anyone-an-israeli-start-up-is-growing-insects-to-fight-malnutrition-and-famine
[2026-03-05T11:27:18.750Z]   EXT: http://services.globes.co.il/news/article.aspx?did=1001197671&nagish=1&fid=594
[2026-03-05T11:27:18.750Z]   EXT: http://www.asiafoodjournal.com/2016/07/insects-tomorrows-meat
[2026-03-05T11:27:18.750Z]   EXT: http://www.economist.com/news/business/21716076-plant-based-meat-products-have-made-it-menus-and-supermarket-shelves-market
[2026-03-05T11:27:18.750Z]   EXT: http://www.foodconfidential.it/insetti-superfood-del-futuro-cavallette-grilli-locuste-israele-start-up
[2026-03-05T11:27:18.750Z]   EXT: http://www.foodnavigator-usa.com/Suppliers2/Grasshoppers-have-advantages-over-crickets-says-Hargol-FoodTech
[2026-03-05T11:27:18.750Z]   EXT: http://www.forbes.co.il/news/new.aspx?Pn6VQ=EG&0r9VQ=EFKKF
[2026-03-05T11:27:18.750Z]   EXT: http://www.haaretz.com/business/start-up-of-the-week/.premium-1.660486#
[2026-03-05T11:27:18.751Z]   EXT: http://www.huffingtonpost.com/julie-gray/a-bugs-life-food-in-the-2_b_7869880.html
[2026-03-05T11:27:18.751Z]   EXT: http://www.israel21c.org/edible-grasshopper-startup-hops-to-top-at-intl-contest
[2026-03-05T11:27:18.751Z]   EXT: http://www.mirror.co.uk/news/world-news/food-thats-high-protein-cheap-8070025
[2026-03-05T11:27:18.751Z]   EXT: http://www.rai.tv/dl/RaiTV/programmi/media/ContentItem-4ff6ed55-fcb5-40b6-a396-98c79c0e64c3.html
[2026-03-05T11:27:18.751Z]   EXT: http://www.straitstimes.com/business/companies-markets/sirius-vc-hops-on-grasshopper-food-trend
[2026-03-05T11:27:18.751Z]   EXT: http://www.telecomnews.co.il/%D7%97%D7%A8%D7%92%D7%95%D7%9C-%D7%A4%D7%95%D7%93-%D7%98%D7%A7-%D7%96%D7%9B%D7%94-%D7%91-1776-Challenge-Cup-%D7%95%D7%99%D7%99%D7%A6%D7%92-%D7%90%D7%AA-%D7%99%D7%A9%D7%A8%D7%90%D7%9C-%D7%91%D7%AA%D7%97%D7%A8%D7%95%D7%AA-%D7%94%D7%91%D7%99%D7%A0-%D7%9C.html
[2026-03-05T11:27:18.751Z]   EXT: http://www.themarker.com/markerweek/1.2780680
[2026-03-05T11:27:18.751Z]   EXT: http://www.timesofisrael.com/bugs-could-be-answer-to-food-crisis-israeli-start-up-says
[2026-03-05T11:27:18.751Z]   EXT: http://www.vesty.co.il/articles/0,7340,L-4963488,00.html
[2026-03-05T11:27:18.751Z]   EXT: http://www.welt.de/politik/ausland/article150502679/Israeli-tauscht-Steak-gegen-gebratene-Heuschrecken.html
[2026-03-05T11:27:18.751Z]   EXT: https://agfundernews.com/grasshopper-farmer-hargol-foodtech-raises-600k-seed-round.html
[2026-03-05T11:27:18.751Z]   EXT: https://beholdisrael.org/israeli-innovation-grasshoppers-as-a-protein-alternative-that-could-feed-the-world
[2026-03-05T11:27:18.751Z]   EXT: https://biblicalprotein.com/product/dried-grasshopper-powder-250gr
[2026-03-05T11:27:18.751Z]   EXT: https://finance.yahoo.com/news/six-time-award-winner-hargol-110000003.html
[2026-03-05T11:27:18.752Z]   EXT: https://foodtank.com/news/2017/06/grasshoppers-jump-into-the-united-states-food-market
[2026-03-05T11:27:18.752Z]   EXT: https://forward.com/food/390901/are-the-fried-locusts-in-my-taco-kosher
[2026-03-05T11:27:18.752Z]   EXT: https://getinthering.co/eating-grasshoppers-stage-600k-investment
[2026-03-05T11:27:18.752Z]   EXT: https://holylocust.com/shop
[2026-03-05T11:27:18.752Z]   EXT: https://il.linkedin.com/in/ben-friedman-a2b14a49
[2026-03-05T11:27:18.752Z]   EXT: https://il.linkedin.com/in/drortamir
[2026-03-05T11:27:18.752Z]   EXT: https://live.ft.com/Events/2016/FT-IFC-Transformational-Business-Awards-Ceremony-and-Conference
[2026-03-05T11:27:18.752Z]   EXT: https://secure.calcalist.co.il/ctech/articles/0,7340,L-3717421,00.html
[2026-03-05T11:27:18.752Z]   EXT: https://techcrunch.com/2017/08/12/can-protein-startups-and-their-investors-take-on-big-cow
[2026-03-05T11:27:18.752Z]   EXT: https://twitter.com/HargolFoodTech
[2026-03-05T11:27:18.752Z]   EXT: https://www.deliveryrank.com/blog/best-healthy-lifestyle-tips
[2026-03-05T11:27:18.752Z]   EXT: https://www.deliveryrank.com/blog/biblical-protein-interview
[2026-03-05T11:27:18.752Z]   EXT: https://www.facebook.com/HargolFoodTech
[2026-03-05T11:27:18.752Z]   EXT: https://www.foodnavigator-usa.com/Article/2017/04/11/Start-up-nation-Israeli-food-innovation-in-action?page=7#news
[2026-03-05T11:27:18.753Z]   EXT: https://www.instagram.com/hargol_foodtech
[2026-03-05T11:27:18.753Z]   EXT: https://www.linkedin.com/company/steak-tzartzar
[2026-03-05T11:27:18.753Z]   EXT: https://www.mako.co.il/mako-vod#/mako-vod-mako/documentary/VOD-ca56f122556f051006.htm&Partner=autoComplete
[2026-03-05T11:27:18.753Z]   EXT: https://www.nytimes.com/2018/09/07/t-magazine/eating-bugs-food-restaurant.html?action=click&module=Well&pgtype=Homepage&section=T%20Magazine
[2026-03-05T11:27:18.753Z]   EXT: https://www.stockjournal.com.au/story/5921536/grasshopper-on-the-menu/?src=rss
[2026-03-05T11:27:18.753Z]   EXT: https://www.wework.com/creator/creator-awards/confetti-grasshoppers-and-why-tel-aviv-is-the-heart-of-the-startup-nation
[2026-03-05T11:27:18.753Z]   EXT: https://www.wework.com/creator/creator-awards/grasshoppers-new-sushi-says-hargol-foodtech
[2026-03-05T11:27:18.753Z]   EXT: https://www.ynet.co.il/articles/0,7340,L-4995431,00.html
[2026-03-05T11:27:18.753Z]   EXT: https://www.youtube.com/watch?v=FBmqM1RWIi4&feature=youtu.be
[2026-03-05T11:27:18.753Z]   EXT: https://www.youtube.com/watch?v=SnjSkYKWsfQ
[2026-03-05T11:27:18.753Z]   EXT: https://www.youtube.com/watch?v=v_wsdU8ZFtc
[2026-03-05T11:27:18.753Z]   EXT: https://youtu.be/-R1Wez73jUc
[2026-03-05T11:27:18.753Z]   EXT: https://youtu.be/1QsvDYVmE58
[2026-03-05T11:27:18.753Z]   EXT: https://youtu.be/4UFbbvIpyeo
[2026-03-05T11:27:18.754Z]   EXT: https://youtu.be/FBmqM1RWIi4
[2026-03-05T11:27:18.754Z]   EXT: https://youtu.be/HNC7DMXyX6g
[2026-03-05T11:27:18.754Z]   EXT: https://youtu.be/KbpDmP2IUnA
[2026-03-05T11:27:18.754Z]   EXT: https://youtu.be/L2NmDwJLQjI
[2026-03-05T11:27:18.754Z]   EXT: https://youtu.be/LZc7Sx2v788
[2026-03-05T11:27:18.754Z]   EXT: https://youtu.be/T5TRCD8bAHQ
[2026-03-05T11:27:18.754Z]   EXT: https://youtu.be/WMPB6ljn-cs
[2026-03-05T11:27:18.754Z]   EXT: https://youtu.be/Zun7viRep7s
[2026-03-05T11:27:18.754Z]   EXT: https://youtu.be/waatVeE02Ko
[2026-03-05T11:27:18.754Z]   EXT: https://youtu.be/yHFbM3K8Yew
[2026-03-05T11:27:18.754Z] ── Step 1: Programmatic categorization ──
[2026-03-05T11:27:18.755Z]   UNCATEGORIZED: http://ag.alltech.com/en/blog/hargol-stroke-genius-and-grasshoppers
[2026-03-05T11:27:18.755Z]   UNCATEGORIZED: http://agwired.com/2017/05/25/feeding-the-world-with-grasshopper-protein
[2026-03-05T11:27:18.755Z]   UNCATEGORIZED: http://ausfoodnews.com.au/2016/08/29/edible-grasshopper-startup-hops-to-top-at-international-contest.html
[2026-03-05T11:27:18.755Z]   UNCATEGORIZED: http://nocamels.com/2017/05/hargol-wins-tlv-start-up-challenge
[2026-03-05T11:27:18.755Z]   UNCATEGORIZED: http://qz.com/529186/grasshopper-steak-anyone-an-israeli-start-up-is-growing-insects-to-fight-malnutrition-and-famine
[2026-03-05T11:27:18.755Z]   UNCATEGORIZED: http://services.globes.co.il/news/article.aspx?did=1001197671&nagish=1&fid=594
[2026-03-05T11:27:18.755Z]   UNCATEGORIZED: http://www.asiafoodjournal.com/2016/07/insects-tomorrows-meat
[2026-03-05T11:27:18.756Z]   UNCATEGORIZED: http://www.economist.com/news/business/21716076-plant-based-meat-products-have-made-it-menus-and-supermarket-shelves-market
[2026-03-05T11:27:18.756Z]   UNCATEGORIZED: http://www.foodconfidential.it/insetti-superfood-del-futuro-cavallette-grilli-locuste-israele-start-up
[2026-03-05T11:27:18.756Z]   UNCATEGORIZED: http://www.foodnavigator-usa.com/Suppliers2/Grasshoppers-have-advantages-over-crickets-says-Hargol-FoodTech
[2026-03-05T11:27:18.756Z]   UNCATEGORIZED: http://www.forbes.co.il/news/new.aspx?Pn6VQ=EG&0r9VQ=EFKKF
[2026-03-05T11:27:18.756Z]   UNCATEGORIZED: http://www.haaretz.com/business/start-up-of-the-week/.premium-1.660486#
[2026-03-05T11:27:18.756Z]   UNCATEGORIZED: http://www.huffingtonpost.com/julie-gray/a-bugs-life-food-in-the-2_b_7869880.html
[2026-03-05T11:27:18.756Z]   UNCATEGORIZED: http://www.israel21c.org/edible-grasshopper-startup-hops-to-top-at-intl-contest
[2026-03-05T11:27:18.756Z]   UNCATEGORIZED: http://www.mirror.co.uk/news/world-news/food-thats-high-protein-cheap-8070025
[2026-03-05T11:27:18.756Z]   UNCATEGORIZED: http://www.rai.tv/dl/RaiTV/programmi/media/ContentItem-4ff6ed55-fcb5-40b6-a396-98c79c0e64c3.html
[2026-03-05T11:27:18.757Z]   UNCATEGORIZED: http://www.straitstimes.com/business/companies-markets/sirius-vc-hops-on-grasshopper-food-trend
[2026-03-05T11:27:18.757Z]   UNCATEGORIZED: http://www.telecomnews.co.il/%D7%97%D7%A8%D7%92%D7%95%D7%9C-%D7%A4%D7%95%D7%93-%D7%98%D7%A7-%D7%96%D7%9B%D7%94-%D7%91-1776-Challenge-Cup-%D7%95%D7%99%D7%99%D7%A6%D7%92-%D7%90%D7%AA-%D7%99%D7%A9%D7%A8%D7%90%D7%9C-%D7%91%D7%AA%D7%97%D7%A8%D7%95%D7%AA-%D7%94%D7%91%D7%99%D7%A0-%D7%9C.html
[2026-03-05T11:27:18.757Z]   UNCATEGORIZED: http://www.themarker.com/markerweek/1.2780680
[2026-03-05T11:27:18.757Z]   UNCATEGORIZED: http://www.timesofisrael.com/bugs-could-be-answer-to-food-crisis-israeli-start-up-says
[2026-03-05T11:27:18.757Z]   UNCATEGORIZED: http://www.vesty.co.il/articles/0,7340,L-4963488,00.html
[2026-03-05T11:27:18.757Z]   UNCATEGORIZED: http://www.welt.de/politik/ausland/article150502679/Israeli-tauscht-Steak-gegen-gebratene-Heuschrecken.html
[2026-03-05T11:27:18.757Z]   UNCATEGORIZED: https://agfundernews.com/grasshopper-farmer-hargol-foodtech-raises-600k-seed-round.html
[2026-03-05T11:27:18.757Z]   UNCATEGORIZED: https://beholdisrael.org/israeli-innovation-grasshoppers-as-a-protein-alternative-that-could-feed-the-world
[2026-03-05T11:27:18.757Z]   UNCATEGORIZED: https://biblicalprotein.com/product/dried-grasshopper-powder-250gr
[2026-03-05T11:27:18.758Z]   UNCATEGORIZED: https://finance.yahoo.com/news/six-time-award-winner-hargol-110000003.html
[2026-03-05T11:27:18.758Z]   UNCATEGORIZED: https://foodtank.com/news/2017/06/grasshoppers-jump-into-the-united-states-food-market
[2026-03-05T11:27:18.758Z]   UNCATEGORIZED: https://forward.com/food/390901/are-the-fried-locusts-in-my-taco-kosher
[2026-03-05T11:27:18.758Z]   UNCATEGORIZED: https://getinthering.co/eating-grasshoppers-stage-600k-investment
[2026-03-05T11:27:18.758Z]   UNCATEGORIZED: https://holylocust.com/shop
[2026-03-05T11:27:18.758Z]   UNCATEGORIZED: https://il.linkedin.com/in/ben-friedman-a2b14a49
[2026-03-05T11:27:18.758Z]   UNCATEGORIZED: https://il.linkedin.com/in/drortamir
[2026-03-05T11:27:18.758Z]   UNCATEGORIZED: https://live.ft.com/Events/2016/FT-IFC-Transformational-Business-Awards-Ceremony-and-Conference
[2026-03-05T11:27:18.759Z]   UNCATEGORIZED: https://secure.calcalist.co.il/ctech/articles/0,7340,L-3717421,00.html
[2026-03-05T11:27:18.759Z]   UNCATEGORIZED: https://techcrunch.com/2017/08/12/can-protein-startups-and-their-investors-take-on-big-cow
[2026-03-05T11:27:18.759Z]   REGEX: tw <- https://twitter.com/HargolFoodTech
[2026-03-05T11:27:18.759Z]   UNCATEGORIZED: https://www.deliveryrank.com/blog/best-healthy-lifestyle-tips
[2026-03-05T11:27:18.759Z]   UNCATEGORIZED: https://www.deliveryrank.com/blog/biblical-protein-interview
[2026-03-05T11:27:18.759Z]   REGEX: fb <- https://www.facebook.com/HargolFoodTech
[2026-03-05T11:27:18.759Z]   UNCATEGORIZED: https://www.foodnavigator-usa.com/Article/2017/04/11/Start-up-nation-Israeli-food-innovation-in-action?page=7#news
[2026-03-05T11:27:18.759Z]   REGEX: ig <- https://www.instagram.com/hargol_foodtech
[2026-03-05T11:27:18.760Z]   REGEX: li <- https://www.linkedin.com/company/steak-tzartzar
[2026-03-05T11:27:18.760Z]   UNCATEGORIZED: https://www.mako.co.il/mako-vod#/mako-vod-mako/documentary/VOD-ca56f122556f051006.htm&Partner=autoComplete
[2026-03-05T11:27:18.760Z]   UNCATEGORIZED: https://www.nytimes.com/2018/09/07/t-magazine/eating-bugs-food-restaurant.html?action=click&module=Well&pgtype=Homepage&section=T%20Magazine
[2026-03-05T11:27:18.760Z]   UNCATEGORIZED: https://www.stockjournal.com.au/story/5921536/grasshopper-on-the-menu/?src=rss
[2026-03-05T11:27:18.760Z]   UNCATEGORIZED: https://www.wework.com/creator/creator-awards/confetti-grasshoppers-and-why-tel-aviv-is-the-heart-of-the-startup-nation
[2026-03-05T11:27:18.760Z]   UNCATEGORIZED: https://www.wework.com/creator/creator-awards/grasshoppers-new-sushi-says-hargol-foodtech
[2026-03-05T11:27:18.760Z]   UNCATEGORIZED: https://www.ynet.co.il/articles/0,7340,L-4995431,00.html
[2026-03-05T11:27:18.760Z]   UNCATEGORIZED: https://youtu.be/-R1Wez73jUc
[2026-03-05T11:27:18.760Z]   UNCATEGORIZED: https://youtu.be/1QsvDYVmE58
[2026-03-05T11:27:18.761Z]   UNCATEGORIZED: https://youtu.be/4UFbbvIpyeo
[2026-03-05T11:27:18.761Z]   UNCATEGORIZED: https://youtu.be/FBmqM1RWIi4
[2026-03-05T11:27:18.761Z]   UNCATEGORIZED: https://youtu.be/HNC7DMXyX6g
[2026-03-05T11:27:18.761Z]   UNCATEGORIZED: https://youtu.be/KbpDmP2IUnA
[2026-03-05T11:27:18.761Z]   UNCATEGORIZED: https://youtu.be/L2NmDwJLQjI
[2026-03-05T11:27:18.761Z]   UNCATEGORIZED: https://youtu.be/LZc7Sx2v788
[2026-03-05T11:27:18.761Z]   UNCATEGORIZED: https://youtu.be/T5TRCD8bAHQ
[2026-03-05T11:27:18.761Z]   UNCATEGORIZED: https://youtu.be/WMPB6ljn-cs
[2026-03-05T11:27:18.761Z]   UNCATEGORIZED: https://youtu.be/Zun7viRep7s
[2026-03-05T11:27:18.761Z]   UNCATEGORIZED: https://youtu.be/waatVeE02Ko
[2026-03-05T11:27:18.762Z]   UNCATEGORIZED: https://youtu.be/yHFbM3K8Yew
[2026-03-05T11:27:18.762Z] ── Step 1b: Resolving 3 regex-domain URLs via redirect ──
[2026-03-05T11:27:18.762Z]   SKIP (regex domain, no match): https://www.youtube.com/watch?v=FBmqM1RWIi4&feature=youtu.be
[2026-03-05T11:27:18.762Z]   SKIP (regex domain, no match): https://www.youtube.com/watch?v=SnjSkYKWsfQ
[2026-03-05T11:27:18.762Z]   SKIP (regex domain, no match): https://www.youtube.com/watch?v=v_wsdU8ZFtc
[2026-03-05T11:27:18.762Z] Programmatic result: ws:1, tw:1, fb:1, ig:1, li:1 | 57 uncategorized
[2026-03-05T11:27:18.762Z] Sending uncategorized links + HTML sections to AI for analysis...
[2026-03-05T11:27:18.763Z] Saved AI prompt (7288 chars) to ai_prompt.txt
[2026-03-05T11:28:02.041Z] Saved AI response to ai_response.json
[2026-03-05T11:28:02.042Z] ── Parsing AI response (4 lines) ──
[2026-03-05T11:28:02.042Z]   AI LINK: https://www.facebook.com/HargolFoodTech/
[2026-03-05T11:28:02.042Z]   AI LINK: https://www.instagram.com/hargol_foodtech/
[2026-03-05T11:28:02.042Z]   AI LINK: https://www.linkedin.com/company/steak-tzartzar
[2026-03-05T11:28:02.042Z]   AI LINK: https://twitter.com/HargolFoodTech
[2026-03-05T11:28:02.042Z] AI returned 4 valid links
[2026-03-05T11:28:02.042Z] ── Categorizing 4 AI-returned links ──
[2026-03-05T11:28:02.042Z]   AI→REGEX: fb <- https://www.facebook.com/HargolFoodTech/ (duplicate, skipped)
[2026-03-05T11:28:02.043Z]   AI→REGEX: ig <- https://www.instagram.com/hargol_foodtech/ (duplicate, skipped)
[2026-03-05T11:28:02.043Z]   AI→REGEX: li <- https://www.linkedin.com/company/steak-tzartzar (duplicate, skipped)
[2026-03-05T11:28:02.043Z]   AI→REGEX: tw <- https://twitter.com/HargolFoodTech (duplicate, skipped)
[2026-03-05T11:28:02.043Z] ── Step 2b: Footer/header uncategorized links ──
[2026-03-05T11:28:02.043Z] Footer/header origins (5):
[2026-03-05T11:28:02.043Z]   FOOTER/HEADER ORIGIN: https://www.facebook.com
[2026-03-05T11:28:02.043Z]   FOOTER/HEADER ORIGIN: https://www.instagram.com
[2026-03-05T11:28:02.043Z]   FOOTER/HEADER ORIGIN: https://www.linkedin.com
[2026-03-05T11:28:02.043Z]   FOOTER/HEADER ORIGIN: https://twitter.com
[2026-03-05T11:28:02.044Z]   FOOTER/HEADER ORIGIN: https://hargol.com
[2026-03-05T11:28:02.044Z]   SKIP (not in footer/header): http://ag.alltech.com/en/blog/hargol-stroke-genius-and-grasshoppers
[2026-03-05T11:28:02.044Z]   SKIP (not in footer/header): http://agwired.com/2017/05/25/feeding-the-world-with-grasshopper-protein
[2026-03-05T11:28:02.044Z]   SKIP (not in footer/header): http://ausfoodnews.com.au/2016/08/29/edible-grasshopper-startup-hops-to-top-at-international-contest.html
[2026-03-05T11:28:02.044Z]   SKIP (not in footer/header): http://nocamels.com/2017/05/hargol-wins-tlv-start-up-challenge
[2026-03-05T11:28:02.044Z]   SKIP (not in footer/header): http://qz.com/529186/grasshopper-steak-anyone-an-israeli-start-up-is-growing-insects-to-fight-malnutrition-and-famine
[2026-03-05T11:28:02.044Z]   SKIP (not in footer/header): http://services.globes.co.il/news/article.aspx?did=1001197671&nagish=1&fid=594
[2026-03-05T11:28:02.044Z]   SKIP (not in footer/header): http://www.asiafoodjournal.com/2016/07/insects-tomorrows-meat
[2026-03-05T11:28:02.044Z]   SKIP (not in footer/header): http://www.economist.com/news/business/21716076-plant-based-meat-products-have-made-it-menus-and-supermarket-shelves-market
[2026-03-05T11:28:02.044Z]   SKIP (not in footer/header): http://www.foodconfidential.it/insetti-superfood-del-futuro-cavallette-grilli-locuste-israele-start-up
[2026-03-05T11:28:02.044Z]   SKIP (not in footer/header): http://www.foodnavigator-usa.com/Suppliers2/Grasshoppers-have-advantages-over-crickets-says-Hargol-FoodTech
[2026-03-05T11:28:02.045Z]   SKIP (not in footer/header): http://www.forbes.co.il/news/new.aspx?Pn6VQ=EG&0r9VQ=EFKKF
[2026-03-05T11:28:02.045Z]   SKIP (not in footer/header): http://www.haaretz.com/business/start-up-of-the-week/.premium-1.660486#
[2026-03-05T11:28:02.045Z]   SKIP (not in footer/header): http://www.huffingtonpost.com/julie-gray/a-bugs-life-food-in-the-2_b_7869880.html
[2026-03-05T11:28:02.045Z]   SKIP (not in footer/header): http://www.israel21c.org/edible-grasshopper-startup-hops-to-top-at-intl-contest
[2026-03-05T11:28:02.045Z]   SKIP (not in footer/header): http://www.mirror.co.uk/news/world-news/food-thats-high-protein-cheap-8070025
[2026-03-05T11:28:02.045Z]   SKIP (not in footer/header): http://www.rai.tv/dl/RaiTV/programmi/media/ContentItem-4ff6ed55-fcb5-40b6-a396-98c79c0e64c3.html
[2026-03-05T11:28:02.045Z]   SKIP (not in footer/header): http://www.straitstimes.com/business/companies-markets/sirius-vc-hops-on-grasshopper-food-trend
[2026-03-05T11:28:02.045Z]   SKIP (not in footer/header): http://www.telecomnews.co.il/%D7%97%D7%A8%D7%92%D7%95%D7%9C-%D7%A4%D7%95%D7%93-%D7%98%D7%A7-%D7%96%D7%9B%D7%94-%D7%91-1776-Challenge-Cup-%D7%95%D7%99%D7%99%D7%A6%D7%92-%D7%90%D7%AA-%D7%99%D7%A9%D7%A8%D7%90%D7%9C-%D7%91%D7%AA%D7%97%D7%A8%D7%95%D7%AA-%D7%94%D7%91%D7%99%D7%A0-%D7%9C.html
[2026-03-05T11:28:02.045Z]   SKIP (not in footer/header): http://www.themarker.com/markerweek/1.2780680
[2026-03-05T11:28:02.045Z]   SKIP (not in footer/header): http://www.timesofisrael.com/bugs-could-be-answer-to-food-crisis-israeli-start-up-says
[2026-03-05T11:28:02.045Z]   SKIP (not in footer/header): http://www.vesty.co.il/articles/0,7340,L-4963488,00.html
[2026-03-05T11:28:02.046Z]   SKIP (not in footer/header): http://www.welt.de/politik/ausland/article150502679/Israeli-tauscht-Steak-gegen-gebratene-Heuschrecken.html
[2026-03-05T11:28:02.046Z]   SKIP (not in footer/header): https://agfundernews.com/grasshopper-farmer-hargol-foodtech-raises-600k-seed-round.html
[2026-03-05T11:28:02.046Z]   SKIP (not in footer/header): https://beholdisrael.org/israeli-innovation-grasshoppers-as-a-protein-alternative-that-could-feed-the-world
[2026-03-05T11:28:02.046Z]   SKIP (not in footer/header): https://biblicalprotein.com/product/dried-grasshopper-powder-250gr
[2026-03-05T11:28:02.046Z]   SKIP (not in footer/header): https://finance.yahoo.com/news/six-time-award-winner-hargol-110000003.html
[2026-03-05T11:28:02.046Z]   SKIP (not in footer/header): https://foodtank.com/news/2017/06/grasshoppers-jump-into-the-united-states-food-market
[2026-03-05T11:28:02.046Z]   SKIP (not in footer/header): https://forward.com/food/390901/are-the-fried-locusts-in-my-taco-kosher
[2026-03-05T11:28:02.046Z]   SKIP (not in footer/header): https://getinthering.co/eating-grasshoppers-stage-600k-investment
[2026-03-05T11:28:02.046Z]   SKIP (not in footer/header): https://holylocust.com/shop
[2026-03-05T11:28:02.046Z]   SKIP (not in footer/header): https://il.linkedin.com/in/ben-friedman-a2b14a49
[2026-03-05T11:28:02.047Z]   SKIP (not in footer/header): https://il.linkedin.com/in/drortamir
[2026-03-05T11:28:02.047Z]   SKIP (not in footer/header): https://live.ft.com/Events/2016/FT-IFC-Transformational-Business-Awards-Ceremony-and-Conference
[2026-03-05T11:28:02.047Z]   SKIP (not in footer/header): https://secure.calcalist.co.il/ctech/articles/0,7340,L-3717421,00.html
[2026-03-05T11:28:02.047Z]   SKIP (not in footer/header): https://techcrunch.com/2017/08/12/can-protein-startups-and-their-investors-take-on-big-cow
[2026-03-05T11:28:02.047Z]   SKIP (not in footer/header): https://www.deliveryrank.com/blog/best-healthy-lifestyle-tips
[2026-03-05T11:28:02.047Z]   SKIP (not in footer/header): https://www.deliveryrank.com/blog/biblical-protein-interview
[2026-03-05T11:28:02.047Z]   SKIP (not in footer/header): https://www.foodnavigator-usa.com/Article/2017/04/11/Start-up-nation-Israeli-food-innovation-in-action?page=7#news
[2026-03-05T11:28:02.047Z]   SKIP (not in footer/header): https://www.mako.co.il/mako-vod#/mako-vod-mako/documentary/VOD-ca56f122556f051006.htm&Partner=autoComplete
[2026-03-05T11:28:02.047Z]   SKIP (not in footer/header): https://www.nytimes.com/2018/09/07/t-magazine/eating-bugs-food-restaurant.html?action=click&module=Well&pgtype=Homepage&section=T%20Magazine
[2026-03-05T11:28:02.048Z]   SKIP (not in footer/header): https://www.stockjournal.com.au/story/5921536/grasshopper-on-the-menu/?src=rss
[2026-03-05T11:28:02.048Z]   SKIP (not in footer/header): https://www.wework.com/creator/creator-awards/confetti-grasshoppers-and-why-tel-aviv-is-the-heart-of-the-startup-nation
[2026-03-05T11:28:02.048Z]   SKIP (not in footer/header): https://www.wework.com/creator/creator-awards/grasshoppers-new-sushi-says-hargol-foodtech
[2026-03-05T11:28:02.048Z]   SKIP (not in footer/header): https://www.ynet.co.il/articles/0,7340,L-4995431,00.html
[2026-03-05T11:28:02.048Z]   SKIP (not in footer/header): https://youtu.be/-R1Wez73jUc
[2026-03-05T11:28:02.048Z]   SKIP (not in footer/header): https://youtu.be/1QsvDYVmE58
[2026-03-05T11:28:02.048Z]   SKIP (not in footer/header): https://youtu.be/4UFbbvIpyeo
[2026-03-05T11:28:02.048Z]   SKIP (not in footer/header): https://youtu.be/FBmqM1RWIi4
[2026-03-05T11:28:02.048Z]   SKIP (not in footer/header): https://youtu.be/HNC7DMXyX6g
[2026-03-05T11:28:02.048Z]   SKIP (not in footer/header): https://youtu.be/KbpDmP2IUnA
[2026-03-05T11:28:02.048Z]   SKIP (not in footer/header): https://youtu.be/L2NmDwJLQjI
[2026-03-05T11:28:02.049Z]   SKIP (not in footer/header): https://youtu.be/LZc7Sx2v788
[2026-03-05T11:28:02.049Z]   SKIP (not in footer/header): https://youtu.be/T5TRCD8bAHQ
[2026-03-05T11:28:02.049Z]   SKIP (not in footer/header): https://youtu.be/WMPB6ljn-cs
[2026-03-05T11:28:02.049Z]   SKIP (not in footer/header): https://youtu.be/Zun7viRep7s
[2026-03-05T11:28:02.049Z]   SKIP (not in footer/header): https://youtu.be/waatVeE02Ko
[2026-03-05T11:28:02.049Z]   SKIP (not in footer/header): https://youtu.be/yHFbM3K8Yew
[2026-03-05T11:28:02.049Z] Step 2b result: added 0 uncategorized domains from footer/header
[2026-03-05T11:28:02.049Z] ── Step 3: Final dedup ──
[2026-03-05T11:28:02.049Z] No urls to dedup
[2026-03-05T11:28:02.049Z] ── FINAL RESULT ──
[2026-03-05T11:28:02.049Z]   ws (1):
[2026-03-05T11:28:02.049Z]     - https://hargol.com
[2026-03-05T11:28:02.049Z]   li (1):
[2026-03-05T11:28:02.050Z]     - https://www.linkedin.com/company/steak-tzartzar
[2026-03-05T11:28:02.050Z]   fb (1):
[2026-03-05T11:28:02.050Z]     - https://www.facebook.com/hargolfoodtech
[2026-03-05T11:28:02.050Z]   tw (1):
[2026-03-05T11:28:02.050Z]     - https://x.com/hargolfoodtech
[2026-03-05T11:28:02.050Z]   ig (1):
[2026-03-05T11:28:02.050Z]     - https://www.instagram.com/hargol_foodtech
[2026-03-05T11:28:02.050Z] Summary: ws:1, tw:1, fb:1, ig:1, li:1
[2026-03-05T11:28:02.051Z] Saved final result to result.json
[2026-03-05T11:28:02.051Z] Override fields: ws, li, fb, tw, ig
[2026-03-05T11:28:02.051Z] Finished at: 2026-03-05T11:28:02.051Z
