[2026-03-07T17:04:21.541Z] === Homepage AI Extractor: Fooducate ===
[2026-03-07T17:04:21.541Z] Started at: 2026-03-07T17:04:21.541Z
[2026-03-07T17:04:21.541Z] Log directory: E:\code\The Wall\mono\packages\scrapper\logs\homepage_ai_extractor\1772903061540_Fooducate
[2026-03-07T17:04:21.541Z] Company: Fooducate
[2026-03-07T17:04:21.541Z] Website: fooducate.com
[2026-03-07T17:04:21.541Z] cbRank: 291055
[2026-03-07T17:04:21.541Z] Reasons: h
[2026-03-07T17:04:21.541Z] Fetching: https://fooducate.com
[2026-03-07T17:04:24.514Z] Dismissed cookie consent popup via: #onetrust-accept-btn-handler
[2026-03-07T17:04:27.512Z] Redirected: https://fooducate.com -> https://www.fooducate.com/
[2026-03-07T17:04:27.523Z] Saved HTML (287066 bytes) to page.html
[2026-03-07T17:04:27.526Z] Extracted 14 unique links from page
[2026-03-07T17:04:27.527Z] Saved 14 links to links.json
[2026-03-07T17:04:27.530Z] Extracted footer HTML (4286 chars)
[2026-03-07T17:04:27.530Z] Extracted header HTML (1982 chars)
[2026-03-07T17:04:27.535Z] Website (post-redirect): https://www.fooducate.com/ → origin: https://www.fooducate.com
[2026-03-07T17:04:27.535Z]   SUBDOMAIN: api.prod.fooducate.com (added to ws)
[2026-03-07T17:04:27.535Z] Website subdomains found: 1
[2026-03-07T17:04:27.536Z] External links: 7 (of 14 total)
[2026-03-07T17:04:27.536Z] ── All external links ──
[2026-03-07T17:04:27.536Z]   EXT: https://appbundles.com/best-apps-bundle?app=fooducate
[2026-03-07T17:04:27.536Z]   EXT: https://fooducate.onelink.me/lolb/igt2tp04
[2026-03-07T17:04:27.536Z]   EXT: https://fooducate.zendesk.com/hc/en-us
[2026-03-07T17:04:27.536Z]   EXT: https://fooducate.zendesk.com/hc/en-us/requests/new?ticket_form_id=20586105031323
[2026-03-07T17:04:27.536Z]   EXT: https://maplemedia.io/privacy/?dsar_url=https%3A%2F%2Fprivacyportal.onetrust.com%2Fwebform%2Fc86e34a8-8ec1-4049-8c12-f734ced17f34%2Fea20a880-ec76-41f6-a935-b56f44ede6c0%3Freferer%3Dhttps%253A%252F%252Fwww.fooducate.com%252F%26source%3DMastodon%26env%3Dprod%26site%3DSite_Fooducate
[2026-03-07T17:04:27.536Z]   EXT: https://maplemedia.io/privacy/consumer-health
[2026-03-07T17:04:27.536Z]   EXT: https://www.onetrust.com/products/cookie-consent
[2026-03-07T17:04:27.536Z] ── Step 1: Programmatic categorization ──
[2026-03-07T17:04:27.536Z]   UNCATEGORIZED: https://appbundles.com/best-apps-bundle?app=fooducate
[2026-03-07T17:04:27.537Z]   UNCATEGORIZED: https://fooducate.onelink.me/lolb/igt2tp04
[2026-03-07T17:04:27.537Z]   UNCATEGORIZED: https://fooducate.zendesk.com/hc/en-us
[2026-03-07T17:04:27.537Z]   UNCATEGORIZED: https://fooducate.zendesk.com/hc/en-us/requests/new?ticket_form_id=20586105031323
[2026-03-07T17:04:27.537Z]   UNCATEGORIZED: https://maplemedia.io/privacy/?dsar_url=https%3A%2F%2Fprivacyportal.onetrust.com%2Fwebform%2Fc86e34a8-8ec1-4049-8c12-f734ced17f34%2Fea20a880-ec76-41f6-a935-b56f44ede6c0%3Freferer%3Dhttps%253A%252F%252Fwww.fooducate.com%252F%26source%3DMastodon%26env%3Dprod%26site%3DSite_Fooducate
[2026-03-07T17:04:27.537Z]   UNCATEGORIZED: https://maplemedia.io/privacy/consumer-health
[2026-03-07T17:04:27.537Z]   UNCATEGORIZED: https://www.onetrust.com/products/cookie-consent
[2026-03-07T17:04:27.537Z] Programmatic result: ws:2 | 7 uncategorized
[2026-03-07T17:04:27.537Z] Sending uncategorized links + HTML sections to AI for analysis...
[2026-03-07T17:04:27.539Z] Saved AI prompt (4873 chars) to ai_prompt.txt
[2026-03-07T17:05:11.841Z] Saved AI response to ai_response.json
[2026-03-07T17:05:11.841Z] ── Parsing AI response (6 lines) ──
[2026-03-07T17:05:11.841Z]   AI LINK: http://api.prod.fooducate.com/fdct/promotional/getfooducateapp/?platform=iphone&app=Fdct-Web&resource=footer-button
[2026-03-07T17:05:11.841Z]   AI LINK: http://api.prod.fooducate.com/fdct/promotional/getfooducateapp/?platform=android&app=Fdct-Web&resource=footer-button
[2026-03-07T17:05:11.842Z]   AI LINK: https://www.instagram.com/fooducate/
[2026-03-07T17:05:11.842Z]   AI LINK: https://www.facebook.com/fooducate/
[2026-03-07T17:05:11.842Z]   AI LINK: https://twitter.com/Fooducate
[2026-03-07T17:05:11.842Z]   AI LINK: https://www.pinterest.com/FooducateMe/
[2026-03-07T17:05:11.842Z] AI returned 6 valid links
[2026-03-07T17:05:11.842Z] ── Categorizing 6 AI-returned links ──
[2026-03-07T17:05:11.842Z]   AI→URLS: http://api.prod.fooducate.com/fdct/promotional/getfooducateapp (cleaned from http://api.prod.fooducate.com/fdct/promotional/getfooducateapp/?platform=iphone&app=Fdct-Web&resource=footer-button)
[2026-03-07T17:05:11.842Z]   AI→URLS: http://api.prod.fooducate.com/fdct/promotional/getfooducateapp (cleaned from http://api.prod.fooducate.com/fdct/promotional/getfooducateapp/?platform=android&app=Fdct-Web&resource=footer-button) (duplicate, skipped)
[2026-03-07T17:05:11.842Z]   AI→REGEX: ig <- https://www.instagram.com/fooducate/
[2026-03-07T17:05:11.843Z]   AI→REGEX: fb <- https://www.facebook.com/fooducate/
[2026-03-07T17:05:11.843Z]   AI→REGEX: tw <- https://twitter.com/Fooducate
[2026-03-07T17:05:11.843Z]   AI→URLS: https://www.pinterest.com/FooducateMe (cleaned from https://www.pinterest.com/FooducateMe/)
[2026-03-07T17:05:11.843Z] ── Step 2b: Footer/header uncategorized links ──
[2026-03-07T17:05:11.843Z] Footer/header origins (8):
[2026-03-07T17:05:11.843Z]   FOOTER/HEADER ORIGIN: http://api.prod.fooducate.com
[2026-03-07T17:05:11.843Z]   FOOTER/HEADER ORIGIN: https://www.instagram.com
[2026-03-07T17:05:11.843Z]   FOOTER/HEADER ORIGIN: https://www.facebook.com
[2026-03-07T17:05:11.843Z]   FOOTER/HEADER ORIGIN: https://twitter.com
[2026-03-07T17:05:11.844Z]   FOOTER/HEADER ORIGIN: https://www.pinterest.com
[2026-03-07T17:05:11.844Z]   FOOTER/HEADER ORIGIN: https://fooducate.zendesk.com
[2026-03-07T17:05:11.844Z]   FOOTER/HEADER ORIGIN: https://maplemedia.io
[2026-03-07T17:05:11.844Z]   FOOTER/HEADER ORIGIN: https://appbundles.com
[2026-03-07T17:05:11.844Z]   ADDED: urls <- https://appbundles.com/best-apps-bundle (cleaned from https://appbundles.com/best-apps-bundle?app=fooducate)
[2026-03-07T17:05:11.844Z]   SKIP (not in footer/header): https://fooducate.onelink.me/lolb/igt2tp04
[2026-03-07T17:05:11.844Z]   ADDED: urls <- https://fooducate.zendesk.com/hc/en-us
[2026-03-07T17:05:11.844Z]   ADDED: urls <- https://fooducate.zendesk.com/hc/en-us/requests/new (cleaned from https://fooducate.zendesk.com/hc/en-us/requests/new?ticket_form_id=20586105031323)
[2026-03-07T17:05:11.844Z]   ADDED: urls <- https://maplemedia.io/privacy (cleaned from https://maplemedia.io/privacy/?dsar_url=https%3A%2F%2Fprivacyportal.onetrust.com%2Fwebform%2Fc86e34a8-8ec1-4049-8c12-f734ced17f34%2Fea20a880-ec76-41f6-a935-b56f44ede6c0%3Freferer%3Dhttps%253A%252F%252Fwww.fooducate.com%252F%26source%3DMastodon%26env%3Dprod%26site%3DSite_Fooducate)
[2026-03-07T17:05:11.844Z]   ADDED: urls <- https://maplemedia.io/privacy/consumer-health
[2026-03-07T17:05:11.845Z]   SKIP (not in footer/header): https://www.onetrust.com/products/cookie-consent
[2026-03-07T17:05:11.845Z] Step 2b result: added 5 uncategorized domains from footer/header
[2026-03-07T17:05:11.845Z] ── Step 3: Final dedup ──
[2026-03-07T17:05:11.845Z] Dedup: removed 0 of 7 URLs already in specialized fields
[2026-03-07T17:05:11.845Z] ── FINAL RESULT ──
[2026-03-07T17:05:11.845Z]   ws (2):
[2026-03-07T17:05:11.845Z]     - https://api.prod.fooducate.com
[2026-03-07T17:05:11.845Z]     - https://www.fooducate.com
[2026-03-07T17:05:11.845Z]   fb (1):
[2026-03-07T17:05:11.845Z]     - https://www.facebook.com/fooducate
[2026-03-07T17:05:11.845Z]   tw (1):
[2026-03-07T17:05:11.845Z]     - https://x.com/fooducate
[2026-03-07T17:05:11.845Z]   ig (1):
[2026-03-07T17:05:11.846Z]     - https://www.instagram.com/fooducate
[2026-03-07T17:05:11.846Z]   urls (7):
[2026-03-07T17:05:11.846Z]     - http://api.prod.fooducate.com/fdct/promotional/getfooducateapp
[2026-03-07T17:05:11.846Z]     - https://appbundles.com/best-apps-bundle
[2026-03-07T17:05:11.846Z]     - https://fooducate.zendesk.com/hc/en-us
[2026-03-07T17:05:11.846Z]     - https://fooducate.zendesk.com/hc/en-us/requests/new
[2026-03-07T17:05:11.846Z]     - https://maplemedia.io/privacy
[2026-03-07T17:05:11.846Z]     - https://maplemedia.io/privacy/consumer-health
[2026-03-07T17:05:11.846Z]     - https://www.pinterest.com/FooducateMe
[2026-03-07T17:05:11.846Z] Summary: ws:2, urls:7, ig:1, fb:1, tw:1
[2026-03-07T17:05:11.847Z] Saved final result to result.json
[2026-03-07T17:05:11.847Z] Override fields: ws, fb, tw, ig, urls
[2026-03-07T17:05:11.847Z] Finished at: 2026-03-07T17:05:11.847Z
