[2026-03-01T18:35:07.717Z] === Homepage AI Extractor: Early Technologies ===
[2026-03-01T18:35:07.718Z] Started at: 2026-03-01T18:35:07.718Z
[2026-03-01T18:35:07.718Z] Log directory: E:\code\The Wall\mono\packages\scrapper\logs\homepage_ai_extractor\1772390107717_Early_Technologies
[2026-03-01T18:35:07.718Z] Company: Early Technologies
[2026-03-01T18:35:07.718Z] Website: startearly.ai
[2026-03-01T18:35:07.718Z] cbRank: 37037
[2026-03-01T18:35:07.719Z] Reasons: h
[2026-03-01T18:35:07.719Z] Fetching: https://startearly.ai
[2026-03-01T18:35:19.491Z] Network idle timeout — continuing with current state
[2026-03-01T18:35:19.571Z] Redirected: https://startearly.ai -> https://www.startearly.ai/
[2026-03-01T18:35:19.582Z] Saved HTML (209818 bytes) to page.html
[2026-03-01T18:35:19.591Z] Extracted 33 unique links from page
[2026-03-01T18:35:19.591Z] Saved 33 links to links.json
[2026-03-01T18:35:19.597Z] Extracted footer HTML (12089 chars)
[2026-03-01T18:35:19.598Z] Extracted header HTML (10601 chars)
[2026-03-01T18:35:19.609Z] Website (post-redirect): https://www.startearly.ai/ → origin: https://www.startearly.ai
[2026-03-01T18:35:19.609Z]   SUBDOMAIN: docs.startearly.ai (added to ws)
[2026-03-01T18:35:19.610Z] Website subdomains found: 1
[2026-03-01T18:35:19.610Z] External links: 5 (of 33 total)
[2026-03-01T18:35:19.610Z] ── All external links ──
[2026-03-01T18:35:19.610Z]   EXT: https://github.com/earlyai
[2026-03-01T18:35:19.610Z]   EXT: https://join.slack.com/t/earlyaicommunity/shared_invite/zt-335v5plz9-RkBKxV_1ZLCAorxSK8gmfg
[2026-03-01T18:35:19.610Z]   EXT: https://scheduler.zoom.us/sharon-barr/30min
[2026-03-01T18:35:19.610Z]   EXT: https://www.linkedin.com/company/earlyai
[2026-03-01T18:35:19.610Z]   EXT: https://x.com/startearly_ai
[2026-03-01T18:35:19.610Z] ── Step 1: Programmatic categorization ──
[2026-03-01T18:35:19.611Z]   REGEX: gh <- https://github.com/earlyai
[2026-03-01T18:35:19.611Z]   UNCATEGORIZED: https://join.slack.com/t/earlyaicommunity/shared_invite/zt-335v5plz9-RkBKxV_1ZLCAorxSK8gmfg
[2026-03-01T18:35:19.611Z]   UNCATEGORIZED: https://scheduler.zoom.us/sharon-barr/30min
[2026-03-01T18:35:19.611Z]   REGEX: li <- https://www.linkedin.com/company/earlyai
[2026-03-01T18:35:19.611Z]   REGEX: tw <- https://x.com/startearly_ai
[2026-03-01T18:35:19.611Z] Programmatic result: ws:2, gh:1, li:1, tw:1 | 2 uncategorized
[2026-03-01T18:35:19.611Z] Sending uncategorized links + HTML sections to AI for analysis...
[2026-03-01T18:35:19.613Z] Saved AI prompt (7162 chars) to ai_prompt.txt
[2026-03-01T18:36:10.036Z] Saved AI response to ai_response.json
[2026-03-01T18:36:10.036Z] ── Parsing AI response (4 lines) ──
[2026-03-01T18:36:10.036Z]   AI LINK: https://www.linkedin.com/company/earlyai
[2026-03-01T18:36:10.036Z]   AI LINK: https://github.com/earlyai
[2026-03-01T18:36:10.037Z]   AI LINK: https://join.slack.com/t/earlyaicommunity/shared_invite/zt-335v5plz9-RkBKxV_1ZLCAorxSK8gmfg
[2026-03-01T18:36:10.037Z]   AI LINK: https://x.com/startearly_ai
[2026-03-01T18:36:10.037Z] AI returned 4 valid links
[2026-03-01T18:36:10.037Z] ── Categorizing 4 AI-returned links ──
[2026-03-01T18:36:10.037Z]   AI→REGEX: li <- https://www.linkedin.com/company/earlyai (duplicate, skipped)
[2026-03-01T18:36:10.037Z]   AI→REGEX: gh <- https://github.com/earlyai (duplicate, skipped)
[2026-03-01T18:36:10.037Z]   AI→URLS: https://join.slack.com/t/earlyaicommunity/shared_invite/zt-335v5plz9-RkBKxV_1ZLCAorxSK8gmfg
[2026-03-01T18:36:10.037Z]   AI→REGEX: tw <- https://x.com/startearly_ai (duplicate, skipped)
[2026-03-01T18:36:10.038Z] ── Step 2b: Footer/header uncategorized links ──
[2026-03-01T18:36:10.038Z] Footer/header origins (5):
[2026-03-01T18:36:10.038Z]   FOOTER/HEADER ORIGIN: https://docs.startearly.ai
[2026-03-01T18:36:10.038Z]   FOOTER/HEADER ORIGIN: https://www.linkedin.com
[2026-03-01T18:36:10.038Z]   FOOTER/HEADER ORIGIN: https://github.com
[2026-03-01T18:36:10.038Z]   FOOTER/HEADER ORIGIN: https://join.slack.com
[2026-03-01T18:36:10.038Z]   FOOTER/HEADER ORIGIN: https://x.com
[2026-03-01T18:36:10.038Z]   SKIP (AI claimed): https://join.slack.com/t/earlyaicommunity/shared_invite/zt-335v5plz9-RkBKxV_1ZLCAorxSK8gmfg
[2026-03-01T18:36:10.038Z]   SKIP (not in footer/header): https://scheduler.zoom.us/sharon-barr/30min
[2026-03-01T18:36:10.038Z] Step 2b result: added 0 uncategorized domains from footer/header
[2026-03-01T18:36:10.038Z] ── Step 3: Final dedup ──
[2026-03-01T18:36:10.038Z] Dedup: removed 0 of 1 URLs already in specialized fields
[2026-03-01T18:36:10.038Z] ── FINAL RESULT ──
[2026-03-01T18:36:10.038Z]   ws (2):
[2026-03-01T18:36:10.038Z]     - https://docs.startearly.ai
[2026-03-01T18:36:10.038Z]     - https://www.startearly.ai
[2026-03-01T18:36:10.039Z]   li (1):
[2026-03-01T18:36:10.039Z]     - https://www.linkedin.com/company/earlyai
[2026-03-01T18:36:10.039Z]   tw (1):
[2026-03-01T18:36:10.039Z]     - https://x.com/startearly_ai
[2026-03-01T18:36:10.039Z]   gh (1):
[2026-03-01T18:36:10.039Z]     - https://github.com/earlyai
[2026-03-01T18:36:10.039Z]   urls (1):
[2026-03-01T18:36:10.039Z]     - https://join.slack.com/t/earlyaicommunity/shared_invite/zt-335v5plz9-RkBKxV_1ZLCAorxSK8gmfg
[2026-03-01T18:36:10.039Z] Summary: ws:2, gh:1, li:1, tw:1, urls:1
[2026-03-01T18:36:10.040Z] Saved final result to result.json
[2026-03-01T18:36:10.040Z] Override fields: ws, li, tw, gh, urls
[2026-03-01T18:36:10.040Z] Finished at: 2026-03-01T18:36:10.040Z
