[2026-03-05T06:54:04.050Z] === Homepage AI Extractor: IBI-Ag ===
[2026-03-05T06:54:04.050Z] Started at: 2026-03-05T06:54:04.050Z
[2026-03-05T06:54:04.050Z] Log directory: E:\code\The Wall\mono\packages\scrapper\logs\homepage_ai_extractor\1772693644050_IBI-Ag
[2026-03-05T06:54:04.050Z] Company: IBI-Ag
[2026-03-05T06:54:04.050Z] Website: ibi-ag.com
[2026-03-05T06:54:04.051Z] cbRank: 55893
[2026-03-05T06:54:04.051Z] Reasons: h
[2026-03-05T06:54:04.051Z] Fetching: https://ibi-ag.com
[2026-03-05T06:54:12.641Z] Dismissed cookie consent popup via: button:has-text("Accept all")
[2026-03-05T06:54:13.149Z] Redirected: https://ibi-ag.com -> https://www.ibi-ag.com/
[2026-03-05T06:54:13.158Z] Saved HTML (212984 bytes) to page.html
[2026-03-05T06:54:13.161Z] Extracted 4 unique links from page
[2026-03-05T06:54:13.162Z] Saved 4 links to links.json
[2026-03-05T06:54:13.165Z] No footer section found in DOM
[2026-03-05T06:54:13.165Z] Extracted header HTML (11621 chars)
[2026-03-05T06:54:13.169Z] Website (post-redirect): https://www.ibi-ag.com/ → origin: https://www.ibi-ag.com
[2026-03-05T06:54:13.169Z] External links: 3 (of 4 total)
[2026-03-05T06:54:13.169Z] ── All external links ──
[2026-03-05T06:54:13.169Z]   EXT: https://innovationisrael.org.il/en
[2026-03-05T06:54:13.170Z]   EXT: https://www.linkedin.com/company/ibi-ag
[2026-03-05T06:54:13.170Z]   EXT: https://www.trendlines.com/partners/corporate/bayer-crop-science
[2026-03-05T06:54:13.170Z] ── Step 1: Programmatic categorization ──
[2026-03-05T06:54:13.170Z]   UNCATEGORIZED: https://innovationisrael.org.il/en
[2026-03-05T06:54:13.170Z]   REGEX: li <- https://www.linkedin.com/company/ibi-ag
[2026-03-05T06:54:13.170Z]   UNCATEGORIZED: https://www.trendlines.com/partners/corporate/bayer-crop-science
[2026-03-05T06:54:13.170Z] Programmatic result: ws:1, li:1 | 2 uncategorized
[2026-03-05T06:54:13.170Z] Sending uncategorized links + HTML sections to AI for analysis...
[2026-03-05T06:54:13.171Z] Saved AI prompt (2019 chars) to ai_prompt.txt
[2026-03-05T06:54:18.631Z] Saved AI response to ai_response.json
[2026-03-05T06:54:18.631Z] ── Parsing AI response (1 lines) ──
[2026-03-05T06:54:18.631Z] AI returned 0 valid links
[2026-03-05T06:54:18.632Z] ── Categorizing 0 AI-returned links ──
[2026-03-05T06:54:18.632Z] ── Step 2b: Footer/header uncategorized links ──
[2026-03-05T06:54:18.632Z] Footer/header origins (0):
[2026-03-05T06:54:18.632Z]   SKIP (not in footer/header): https://innovationisrael.org.il/en
[2026-03-05T06:54:18.632Z]   SKIP (not in footer/header): https://www.trendlines.com/partners/corporate/bayer-crop-science
[2026-03-05T06:54:18.632Z] Step 2b result: added 0 uncategorized domains from footer/header
[2026-03-05T06:54:18.632Z] ── Step 3: Final dedup ──
[2026-03-05T06:54:18.632Z] No urls to dedup
[2026-03-05T06:54:18.633Z] ── FINAL RESULT ──
[2026-03-05T06:54:18.633Z]   ws (1):
[2026-03-05T06:54:18.633Z]     - https://www.ibi-ag.com
[2026-03-05T06:54:18.633Z]   li (1):
[2026-03-05T06:54:18.633Z]     - https://www.linkedin.com/company/ibi-ag
[2026-03-05T06:54:18.633Z] Summary: ws:1, li:1
[2026-03-05T06:54:18.635Z] Saved final result to result.json
[2026-03-05T06:54:18.635Z] Override fields: ws, li
[2026-03-05T06:54:18.635Z] Finished at: 2026-03-05T06:54:18.635Z
