[2026-03-13T10:37:56.774Z] === Homepage AI Extractor: Ruya Israel ===
[2026-03-13T10:37:56.774Z] Started at: 2026-03-13T10:37:56.774Z
[2026-03-13T10:37:56.774Z] Log directory: E:\code\The Wall\mono\packages\scrapper\logs\homepage_ai_extractor\1773398276774_Ruya_Israel
[2026-03-13T10:37:56.775Z] Company: Ruya Israel
[2026-03-13T10:37:56.775Z] Website: ruya.ai
[2026-03-13T10:37:56.775Z] cbRank: 1104475
[2026-03-13T10:37:56.775Z] Reasons: h
[2026-03-13T10:37:56.775Z] Fetching: https://ruya.ai
[2026-03-13T10:38:07.596Z] Redirected: https://ruya.ai -> https://www.ruya.ai/
[2026-03-13T10:38:08.023Z] Saved HTML (10437 bytes) to page.html
[2026-03-13T10:38:08.756Z] Extracted 1 unique links from page
[2026-03-13T10:38:08.773Z] Saved 1 links to links.json
[2026-03-13T10:38:09.424Z] No footer section found in DOM
[2026-03-13T10:38:09.424Z] No header section found in DOM
[2026-03-13T10:38:09.430Z] Website (post-redirect): https://www.ruya.ai/ → origin: https://www.ruya.ai
[2026-03-13T10:38:09.431Z]   SUBDOMAIN: hackathon.ruya.ai (added to ws)
[2026-03-13T10:38:09.431Z] Website subdomains found: 1
[2026-03-13T10:38:09.431Z] External links: 0 (of 1 total)
[2026-03-13T10:38:09.431Z] ── All external links ──
[2026-03-13T10:38:09.431Z] ── Step 1: Programmatic categorization ──
[2026-03-13T10:38:09.431Z] Programmatic result: ws:2 | 0 uncategorized
[2026-03-13T10:38:09.432Z] No uncategorized links and no HTML sections — skipping AI analysis
[2026-03-13T10:38:09.432Z] ── Step 2b: Footer/header uncategorized links ──
[2026-03-13T10:38:09.432Z] Footer/header origins (0):
[2026-03-13T10:38:09.432Z] Step 2b result: added 0 uncategorized domains from footer/header
[2026-03-13T10:38:09.432Z] ── Step 2c: YouTube channel handle resolution ──
[2026-03-13T10:38:09.432Z]   YOUTUBE: no ytc entries to resolve
[2026-03-13T10:38:09.432Z] ── Step 3: Final dedup ──
[2026-03-13T10:38:09.432Z] No urls to dedup
[2026-03-13T10:38:09.432Z] ── FINAL RESULT ──
[2026-03-13T10:38:09.433Z]   ws (2):
[2026-03-13T10:38:09.433Z]     - https://hackathon.ruya.ai
[2026-03-13T10:38:09.433Z]     - https://www.ruya.ai
[2026-03-13T10:38:09.433Z] Summary: ws:2
[2026-03-13T10:38:09.435Z] Saved final result to result.json
[2026-03-13T10:38:09.436Z] Override fields: ws
[2026-03-13T10:38:09.436Z] Finished at: 2026-03-13T10:38:09.436Z
