[2026-02-27T06:13:58.676Z] === Homepage AI Extractor: Hisense ===
[2026-02-27T06:13:58.676Z] Started at: 2026-02-27T06:13:58.676Z
[2026-02-27T06:13:58.676Z] Log directory: E:\code\The Wall\mono\packages\scrapper\logs\homepage_ai_extractor\1772172838676_Hisense
[2026-02-27T06:13:58.676Z] Company: Hisense
[2026-02-27T06:13:58.676Z] Website: hisense.co.il
[2026-02-27T06:13:58.677Z] cbRank: 22843
[2026-02-27T06:13:58.677Z] Reasons: h
[2026-02-27T06:13:58.677Z] Fetching: https://hisense.co.il
[2026-02-27T06:14:06.201Z] Redirected: https://hisense.co.il -> https://www.hisense.co.il/
[2026-02-27T06:14:06.213Z] Saved HTML (163249 bytes) to page.html
[2026-02-27T06:14:06.220Z] Extracted 15 unique links from page
[2026-02-27T06:14:06.222Z] Saved 15 links to links.json
[2026-02-27T06:14:06.231Z] Extracted footer HTML (3954 chars)
[2026-02-27T06:14:06.231Z] Extracted header HTML (5496 chars)
[2026-02-27T06:14:06.239Z] Website (post-redirect): https://www.hisense.co.il/
[2026-02-27T06:14:06.239Z] External links: 5 (of 15 total)
[2026-02-27T06:14:06.239Z] ── All external links ──
[2026-02-27T06:14:06.240Z]   EXT: https://twitter.com/BabySenseLLC
[2026-02-27T06:14:06.240Z]   EXT: https://www.avihaim.co.il
[2026-02-27T06:14:06.240Z]   EXT: https://www.facebook.com/BabysenseMonitors
[2026-02-27T06:14:06.240Z]   EXT: https://www.instagram.com/babysensemonitors
[2026-02-27T06:14:06.240Z]   EXT: https://www.pinterest.com/babysensellc
[2026-02-27T06:14:06.240Z] ── Step 1: Programmatic categorization ──
[2026-02-27T06:14:06.240Z]   REGEX: tw <- https://twitter.com/BabySenseLLC
[2026-02-27T06:14:06.241Z]   UNCATEGORIZED: https://www.avihaim.co.il
[2026-02-27T06:14:06.241Z]   REGEX: fb <- https://www.facebook.com/BabysenseMonitors
[2026-02-27T06:14:06.241Z]   REGEX: ig <- https://www.instagram.com/babysensemonitors
[2026-02-27T06:14:06.241Z]   UNCATEGORIZED: https://www.pinterest.com/babysensellc
[2026-02-27T06:14:06.241Z] Programmatic result: ws:1, tw:1, fb:1, ig:1 | 2 uncategorized
[2026-02-27T06:14:06.242Z] Sending uncategorized links + HTML sections to AI for analysis...
[2026-02-27T06:14:06.244Z] Saved AI prompt (4374 chars) to ai_prompt.txt
[2026-02-27T06:14:35.263Z] Saved AI response to ai_response.json
[2026-02-27T06:14:35.263Z] ── Parsing AI response (5 lines) ──
[2026-02-27T06:14:35.263Z]   AI LINK: https://www.hisense.co.il/
[2026-02-27T06:14:35.264Z]   AI LINK: https://www.facebook.com/BabysenseMonitors/
[2026-02-27T06:14:35.264Z]   AI LINK: https://twitter.com/BabySenseLLC
[2026-02-27T06:14:35.264Z]   AI LINK: https://www.pinterest.com/babysensellc/
[2026-02-27T06:14:35.264Z]   AI LINK: https://www.instagram.com/babysensemonitors/
[2026-02-27T06:14:35.264Z] AI returned 5 valid links
[2026-02-27T06:14:35.265Z] ── Categorizing 5 AI-returned links ──
[2026-02-27T06:14:35.265Z]   AI→URLS: https://www.hisense.co.il (cleaned from https://www.hisense.co.il/)
[2026-02-27T06:14:35.265Z]   AI→REGEX: fb <- https://www.facebook.com/BabysenseMonitors/ (duplicate, skipped)
[2026-02-27T06:14:35.265Z]   AI→REGEX: tw <- https://twitter.com/BabySenseLLC (duplicate, skipped)
[2026-02-27T06:14:35.266Z]   AI→URLS: https://www.pinterest.com/babysensellc (cleaned from https://www.pinterest.com/babysensellc/)
[2026-02-27T06:14:35.266Z]   AI→REGEX: ig <- https://www.instagram.com/babysensemonitors/ (duplicate, skipped)
[2026-02-27T06:14:35.266Z] ── Step 2b: Footer/header uncategorized links ──
[2026-02-27T06:14:35.266Z] Footer/header origins (6):
[2026-02-27T06:14:35.267Z]   FOOTER/HEADER ORIGIN: https://www.hisense.co.il
[2026-02-27T06:14:35.267Z]   FOOTER/HEADER ORIGIN: https://www.facebook.com
[2026-02-27T06:14:35.267Z]   FOOTER/HEADER ORIGIN: https://twitter.com
[2026-02-27T06:14:35.267Z]   FOOTER/HEADER ORIGIN: https://www.pinterest.com
[2026-02-27T06:14:35.267Z]   FOOTER/HEADER ORIGIN: https://www.instagram.com
[2026-02-27T06:14:35.268Z]   FOOTER/HEADER ORIGIN: https://www.avihaim.co.il
[2026-02-27T06:14:35.268Z]   ADDED: urls <- https://www.avihaim.co.il
[2026-02-27T06:14:35.268Z]   SKIP (AI claimed): https://www.pinterest.com/babysensellc
[2026-02-27T06:14:35.268Z] Step 2b result: added 1 uncategorized domains from footer/header
[2026-02-27T06:14:35.268Z] ── Step 3: Final dedup ──
[2026-02-27T06:14:35.269Z] Dedup: removed 0 of 3 URLs already in specialized fields
[2026-02-27T06:14:35.269Z] ── FINAL RESULT ──
[2026-02-27T06:14:35.269Z]   ws (1):
[2026-02-27T06:14:35.269Z]     - https://www.hisense.co.il/
[2026-02-27T06:14:35.269Z]   fb (1):
[2026-02-27T06:14:35.270Z]     - https://www.facebook.com/babysensemonitors
[2026-02-27T06:14:35.270Z]   tw (1):
[2026-02-27T06:14:35.270Z]     - https://x.com/babysensellc
[2026-02-27T06:14:35.271Z]   ig (1):
[2026-02-27T06:14:35.271Z]     - https://www.instagram.com/babysensemonitors
[2026-02-27T06:14:35.271Z]   urls (3):
[2026-02-27T06:14:35.271Z]     - https://www.avihaim.co.il
[2026-02-27T06:14:35.271Z]     - https://www.hisense.co.il
[2026-02-27T06:14:35.272Z]     - https://www.pinterest.com/babysensellc
[2026-02-27T06:14:35.272Z] Summary: ws:1, tw:1, fb:1, ig:1, urls:3
[2026-02-27T06:14:35.274Z] Saved final result to result.json
[2026-02-27T06:14:35.274Z] Override fields: ws, fb, tw, ig, urls
[2026-02-27T06:14:35.275Z] Finished at: 2026-02-27T06:14:35.275Z
