[2026-03-06T08:49:48.328Z] === Homepage AI Extractor: Seenity ===
[2026-03-06T08:49:48.328Z] Started at: 2026-03-06T08:49:48.328Z
[2026-03-06T08:49:48.328Z] Log directory: E:\code\The Wall\mono\packages\scrapper\logs\homepage_ai_extractor\1772786988328_Seenity
[2026-03-06T08:49:48.329Z] Company: Seenity
[2026-03-06T08:49:48.329Z] Website: seenity.com
[2026-03-06T08:49:48.329Z] cbRank: 177754
[2026-03-06T08:49:48.329Z] Reasons: h
[2026-03-06T08:49:48.329Z] Fetching: https://seenity.com
[2026-03-06T08:49:52.961Z] Redirected: https://seenity.com -> https://www.seenity.com/
[2026-03-06T08:49:52.971Z] Saved HTML (197020 bytes) to page.html
[2026-03-06T08:49:52.975Z] Extracted 32 unique links from page
[2026-03-06T08:49:52.975Z] Saved 32 links to links.json
[2026-03-06T08:49:52.981Z] Extracted footer HTML (40781 chars)
[2026-03-06T08:49:52.981Z] Extracted header HTML (42717 chars)
[2026-03-06T08:49:52.985Z] Website (post-redirect): https://www.seenity.com/ → origin: https://www.seenity.com
[2026-03-06T08:49:52.986Z] External links: 4 (of 32 total)
[2026-03-06T08:49:52.986Z] ── All external links ──
[2026-03-06T08:49:52.986Z]   EXT: https://cookiedatabase.org/tcf/purposes
[2026-03-06T08:49:52.986Z]   EXT: https://twitter.com/SeenitySoftware
[2026-03-06T08:49:52.986Z]   EXT: https://www.facebook.com/people/Seenity/100076074232058
[2026-03-06T08:49:52.986Z]   EXT: https://www.linkedin.com/company/seenity
[2026-03-06T08:49:52.986Z] ── Step 1: Programmatic categorization ──
[2026-03-06T08:49:52.987Z]   UNCATEGORIZED: https://cookiedatabase.org/tcf/purposes
[2026-03-06T08:49:52.987Z]   REGEX: tw <- https://twitter.com/SeenitySoftware
[2026-03-06T08:49:52.987Z]   REGEX: li <- https://www.linkedin.com/company/seenity
[2026-03-06T08:49:52.987Z] ── Step 1b: Resolving 1 regex-domain URLs via redirect ──
[2026-03-06T08:49:54.591Z]   RESOLVE: no redirect for https://www.facebook.com/people/Seenity/100076074232058
[2026-03-06T08:49:54.611Z]   SKIP (regex domain, no match): https://www.facebook.com/people/Seenity/100076074232058
[2026-03-06T08:49:54.611Z] Programmatic result: ws:1, tw:1, li:1 | 1 uncategorized
[2026-03-06T08:49:54.611Z] Sending uncategorized links + HTML sections to AI for analysis...
[2026-03-06T08:49:54.612Z] Saved AI prompt (21608 chars) to ai_prompt.txt
[2026-03-06T08:52:10.800Z] Saved AI response to ai_response.json
[2026-03-06T08:52:10.801Z] ── Parsing AI response (3 lines) ──
[2026-03-06T08:52:10.801Z]   AI LINK: https://www.linkedin.com/company/seenity/
[2026-03-06T08:52:10.801Z]   AI LINK: https://twitter.com/SeenitySoftware
[2026-03-06T08:52:10.801Z]   AI LINK: https://www.facebook.com/people/Seenity/100076074232058/
[2026-03-06T08:52:10.801Z] AI returned 3 valid links
[2026-03-06T08:52:10.801Z] ── Categorizing 3 AI-returned links ──
[2026-03-06T08:52:10.802Z]   AI→REGEX: li <- https://www.linkedin.com/company/seenity/ (duplicate, skipped)
[2026-03-06T08:52:10.802Z]   AI→REGEX: tw <- https://twitter.com/SeenitySoftware (duplicate, skipped)
[2026-03-06T08:52:12.013Z]   RESOLVE: no redirect for https://www.facebook.com/people/Seenity/100076074232058/
[2026-03-06T08:52:12.019Z]   AI→SKIP (regex domain, no match): https://www.facebook.com/people/Seenity/100076074232058/
[2026-03-06T08:52:12.020Z] ── Step 2b: Footer/header uncategorized links ──
[2026-03-06T08:52:12.020Z] Footer/header origins (4):
[2026-03-06T08:52:12.020Z]   FOOTER/HEADER ORIGIN: https://www.seenity.com
[2026-03-06T08:52:12.020Z]   FOOTER/HEADER ORIGIN: https://www.linkedin.com
[2026-03-06T08:52:12.020Z]   FOOTER/HEADER ORIGIN: https://twitter.com
[2026-03-06T08:52:12.021Z]   FOOTER/HEADER ORIGIN: https://www.facebook.com
[2026-03-06T08:52:12.021Z]   SKIP (not in footer/header): https://cookiedatabase.org/tcf/purposes
[2026-03-06T08:52:12.021Z] Step 2b result: added 0 uncategorized domains from footer/header
[2026-03-06T08:52:12.021Z] ── Step 3: Final dedup ──
[2026-03-06T08:52:12.021Z] No urls to dedup
[2026-03-06T08:52:12.021Z] ── FINAL RESULT ──
[2026-03-06T08:52:12.021Z]   ws (1):
[2026-03-06T08:52:12.021Z]     - https://www.seenity.com
[2026-03-06T08:52:12.021Z]   li (1):
[2026-03-06T08:52:12.021Z]     - https://www.linkedin.com/company/seenity
[2026-03-06T08:52:12.021Z]   tw (1):
[2026-03-06T08:52:12.022Z]     - https://x.com/seenitysoftware
[2026-03-06T08:52:12.022Z] Summary: ws:1, tw:1, li:1
[2026-03-06T08:52:12.022Z] Saved final result to result.json
[2026-03-06T08:52:12.022Z] Override fields: ws, li, tw
[2026-03-06T08:52:12.023Z] Finished at: 2026-03-06T08:52:12.023Z
