[2026-03-19T04:42:33.603Z] === Homepage AI Extractor: AVA Biodefender ===
[2026-03-19T04:42:33.603Z] Started at: 2026-03-19T04:42:33.603Z
[2026-03-19T04:42:33.603Z] Log directory: C:\Users\ahmed\code\mono\packages\scrapper\logs\homepage_ai_extractor\1773895353603_AVA_Biodefender
[2026-03-19T04:42:33.603Z] Company: AVA Biodefender
[2026-03-19T04:42:33.603Z] Website: ava-biod.com
[2026-03-19T04:42:33.603Z] cbRank: 1918198
[2026-03-19T04:42:33.603Z] Reasons: h
[2026-03-19T04:42:33.603Z] Fetching: https://ava-biod.com
[2026-03-19T04:42:35.451Z] Redirected: https://ava-biod.com -> https://ava-biod.com/
[2026-03-19T04:42:35.455Z] Saved HTML (113170 bytes) to page.html
[2026-03-19T04:42:35.458Z] Extracted 1 unique links from page
[2026-03-19T04:42:35.458Z] Saved 1 links to links.json
[2026-03-19T04:42:35.460Z] No footer section found in DOM
[2026-03-19T04:42:35.460Z] No header section found in DOM
[2026-03-19T04:42:35.464Z] Website (post-redirect): https://ava-biod.com/ → origin: https://ava-biod.com
[2026-03-19T04:42:35.464Z] External links: 1 (of 1 total)
[2026-03-19T04:42:35.464Z] ── All external links ──
[2026-03-19T04:42:35.464Z]   EXT: https://www.linkedin.com/company/ava-bio-defender
[2026-03-19T04:42:35.464Z] ── Step 1: Programmatic categorization ──
[2026-03-19T04:42:35.465Z]   REGEX: li <- https://www.linkedin.com/company/ava-bio-defender
[2026-03-19T04:42:35.465Z] Programmatic result: ws:1, li:1 | 0 uncategorized
[2026-03-19T04:42:35.465Z] No uncategorized links and no HTML sections — skipping AI analysis
[2026-03-19T04:42:35.465Z] ── Step 2b: Footer/header uncategorized links ──
[2026-03-19T04:42:35.465Z] Footer/header origins (0):
[2026-03-19T04:42:35.465Z] Step 2b result: added 0 uncategorized domains from footer/header
[2026-03-19T04:42:35.465Z] ── Step 2c: YouTube channel handle resolution ──
[2026-03-19T04:42:35.465Z]   YOUTUBE: no ytc entries to resolve
[2026-03-19T04:42:35.465Z] ── Step 3: Final dedup ──
[2026-03-19T04:42:35.465Z] No urls to dedup
[2026-03-19T04:42:35.465Z] ── FINAL RESULT ──
[2026-03-19T04:42:35.465Z]   ws (1):
[2026-03-19T04:42:35.465Z]     - https://ava-biod.com
[2026-03-19T04:42:35.465Z]   li (1):
[2026-03-19T04:42:35.465Z]     - https://www.linkedin.com/company/ava-bio-defender
[2026-03-19T04:42:35.465Z] Summary: ws:1, li:1
[2026-03-19T04:42:35.469Z] Saved final result to result.json
[2026-03-19T04:42:35.469Z] Override fields: ws, li
[2026-03-19T04:42:35.469Z] Finished at: 2026-03-19T04:42:35.469Z
