[2026-03-06T09:27:15.576Z] === Homepage AI Extractor: Dialogue ===
[2026-03-06T09:27:15.576Z] Started at: 2026-03-06T09:27:15.576Z
[2026-03-06T09:27:15.576Z] Log directory: E:\code\The Wall\mono\packages\scrapper\logs\homepage_ai_extractor\1772789235576_Dialogue
[2026-03-06T09:27:15.577Z] Company: Dialogue
[2026-03-06T09:27:15.577Z] Website: nowdialogue.com
[2026-03-06T09:27:15.577Z] cbRank: 187601
[2026-03-06T09:27:15.577Z] Reasons: h
[2026-03-06T09:27:15.577Z] Fetching: https://nowdialogue.com
[2026-03-06T09:27:18.481Z] Redirected: https://nowdialogue.com -> https://nowdialogue.com/
[2026-03-06T09:27:18.490Z] Saved HTML (240506 bytes) to page.html
[2026-03-06T09:27:18.495Z] Extracted 32 unique links from page
[2026-03-06T09:27:18.496Z] Saved 32 links to links.json
[2026-03-06T09:27:18.500Z] Extracted footer HTML (21933 chars)
[2026-03-06T09:27:18.500Z] Extracted header HTML (19117 chars)
[2026-03-06T09:27:18.504Z] Website (post-redirect): https://nowdialogue.com/ → origin: https://nowdialogue.com
[2026-03-06T09:27:18.505Z]   SUBDOMAIN: dashboard.nowdialogue.com (added to ws)
[2026-03-06T09:27:18.505Z] Website subdomains found: 1
[2026-03-06T09:27:18.505Z] External links: 10 (of 32 total)
[2026-03-06T09:27:18.505Z] ── All external links ──
[2026-03-06T09:27:18.505Z]   EXT: https://abcommerce.io
[2026-03-06T09:27:18.505Z]   EXT: https://apps.shopify.com/automated-personalization?utm_sourc=website&utm_medium=reviews&utm_campaign=reviews
[2026-03-06T09:27:18.505Z]   EXT: https://apps.shopify.com/automated-personalization?utm_source=website&utm_medium=btn&utm_campaign=start_free_trial
[2026-03-06T09:27:18.505Z]   EXT: https://tools.google.com/dlpage/gaoptout
[2026-03-06T09:27:18.505Z]   EXT: https://twitter.com/AI_Dialogue
[2026-03-06T09:27:18.506Z]   EXT: https://twitter.com/nowdialogue1%20
[2026-03-06T09:27:18.506Z]   EXT: https://www.facebook.com/nowdialogue
[2026-03-06T09:27:18.506Z]   EXT: https://www.instagram.com/nowdialogue
[2026-03-06T09:27:18.506Z]   EXT: https://www.linkedin.com/company/nowdialogue
[2026-03-06T09:27:18.506Z]   EXT: https://x.com/AI_Dialogue
[2026-03-06T09:27:18.506Z] ── Step 1: Programmatic categorization ──
[2026-03-06T09:27:18.506Z]   UNCATEGORIZED: https://abcommerce.io
[2026-03-06T09:27:18.506Z]   UNCATEGORIZED: https://apps.shopify.com/automated-personalization?utm_sourc=website&utm_medium=reviews&utm_campaign=reviews
[2026-03-06T09:27:18.507Z]   UNCATEGORIZED: https://apps.shopify.com/automated-personalization?utm_source=website&utm_medium=btn&utm_campaign=start_free_trial
[2026-03-06T09:27:18.507Z]   UNCATEGORIZED: https://tools.google.com/dlpage/gaoptout
[2026-03-06T09:27:18.507Z]   REGEX: tw <- https://twitter.com/AI_Dialogue
[2026-03-06T09:27:18.507Z]   REGEX: tw <- https://twitter.com/nowdialogue1%20
[2026-03-06T09:27:18.507Z]   REGEX: fb <- https://www.facebook.com/nowdialogue
[2026-03-06T09:27:18.507Z]   REGEX: ig <- https://www.instagram.com/nowdialogue
[2026-03-06T09:27:18.507Z]   REGEX: li <- https://www.linkedin.com/company/nowdialogue
[2026-03-06T09:27:18.507Z]   REGEX: tw <- https://x.com/AI_Dialogue (duplicate, skipped)
[2026-03-06T09:27:18.507Z] Programmatic result: ws:2, tw:2, fb:1, ig:1, li:1 | 4 uncategorized
[2026-03-06T09:27:18.507Z] Sending uncategorized links + HTML sections to AI for analysis...
[2026-03-06T09:27:18.508Z] Saved AI prompt (10843 chars) to ai_prompt.txt
[2026-03-06T09:28:17.506Z] Saved AI response to ai_response.json
[2026-03-06T09:28:17.506Z] ── Parsing AI response (6 lines) ──
[2026-03-06T09:28:17.507Z]   AI LINK: https://x.com/AI_Dialogue
[2026-03-06T09:28:17.507Z]   AI LINK: https://www.linkedin.com/company/nowdialogue
[2026-03-06T09:28:17.507Z]   AI LINK: https://www.facebook.com/nowdialogue
[2026-03-06T09:28:17.507Z]   AI LINK: https://www.instagram.com/nowdialogue/
[2026-03-06T09:28:17.507Z]   AI LINK: https://twitter.com/nowdialogue1%20
[2026-03-06T09:28:17.507Z]   AI LINK: https://twitter.com/AI_Dialogue
[2026-03-06T09:28:17.507Z] AI returned 6 valid links
[2026-03-06T09:28:17.507Z] ── Categorizing 6 AI-returned links ──
[2026-03-06T09:28:17.507Z]   AI→REGEX: tw <- https://x.com/AI_Dialogue (duplicate, skipped)
[2026-03-06T09:28:17.507Z]   AI→REGEX: li <- https://www.linkedin.com/company/nowdialogue (duplicate, skipped)
[2026-03-06T09:28:17.508Z]   AI→REGEX: fb <- https://www.facebook.com/nowdialogue (duplicate, skipped)
[2026-03-06T09:28:17.508Z]   AI→REGEX: ig <- https://www.instagram.com/nowdialogue/ (duplicate, skipped)
[2026-03-06T09:28:17.508Z]   AI→REGEX: tw <- https://twitter.com/nowdialogue1%20 (duplicate, skipped)
[2026-03-06T09:28:17.508Z]   AI→REGEX: tw <- https://twitter.com/AI_Dialogue (duplicate, skipped)
[2026-03-06T09:28:17.508Z] ── Step 2b: Footer/header uncategorized links ──
[2026-03-06T09:28:17.508Z] Footer/header origins (9):
[2026-03-06T09:28:17.509Z]   FOOTER/HEADER ORIGIN: https://apps.shopify.com
[2026-03-06T09:28:17.509Z]   FOOTER/HEADER ORIGIN: https://x.com
[2026-03-06T09:28:17.509Z]   FOOTER/HEADER ORIGIN: https://www.linkedin.com
[2026-03-06T09:28:17.509Z]   FOOTER/HEADER ORIGIN: https://www.facebook.com
[2026-03-06T09:28:17.509Z]   FOOTER/HEADER ORIGIN: https://www.instagram.com
[2026-03-06T09:28:17.509Z]   FOOTER/HEADER ORIGIN: https://nowdialogue.com
[2026-03-06T09:28:17.509Z]   FOOTER/HEADER ORIGIN: https://twitter.com
[2026-03-06T09:28:17.509Z]   FOOTER/HEADER ORIGIN: https://abcommerce.io
[2026-03-06T09:28:17.509Z]   FOOTER/HEADER ORIGIN: https://dashboard.nowdialogue.com
[2026-03-06T09:28:17.509Z]   ADDED: urls <- https://abcommerce.io
[2026-03-06T09:28:17.509Z]   ADDED: urls <- https://apps.shopify.com/automated-personalization (cleaned from https://apps.shopify.com/automated-personalization?utm_sourc=website&utm_medium=reviews&utm_campaign=reviews)
[2026-03-06T09:28:17.509Z]   SKIP (duplicate): https://apps.shopify.com/automated-personalization
[2026-03-06T09:28:17.509Z]   SKIP (not in footer/header): https://tools.google.com/dlpage/gaoptout
[2026-03-06T09:28:17.509Z] Step 2b result: added 2 uncategorized domains from footer/header
[2026-03-06T09:28:17.510Z] ── Step 3: Final dedup ──
[2026-03-06T09:28:17.510Z] Dedup: removed 0 of 2 URLs already in specialized fields
[2026-03-06T09:28:17.510Z] ── FINAL RESULT ──
[2026-03-06T09:28:17.510Z]   ws (2):
[2026-03-06T09:28:17.510Z]     - https://dashboard.nowdialogue.com
[2026-03-06T09:28:17.510Z]     - https://nowdialogue.com
[2026-03-06T09:28:17.510Z]   li (1):
[2026-03-06T09:28:17.510Z]     - https://www.linkedin.com/company/nowdialogue
[2026-03-06T09:28:17.510Z]   fb (1):
[2026-03-06T09:28:17.510Z]     - https://www.facebook.com/nowdialogue
[2026-03-06T09:28:17.510Z]   tw (2):
[2026-03-06T09:28:17.510Z]     - https://x.com/ai_dialogue
[2026-03-06T09:28:17.510Z]     - https://x.com/nowdialogue1%20
[2026-03-06T09:28:17.511Z]   ig (1):
[2026-03-06T09:28:17.511Z]     - https://www.instagram.com/nowdialogue
[2026-03-06T09:28:17.511Z]   urls (2):
[2026-03-06T09:28:17.511Z]     - https://abcommerce.io
[2026-03-06T09:28:17.511Z]     - https://apps.shopify.com/automated-personalization
[2026-03-06T09:28:17.511Z] Summary: ws:2, tw:2, fb:1, ig:1, li:1, urls:2
[2026-03-06T09:28:17.511Z] Saved final result to result.json
[2026-03-06T09:28:17.512Z] Override fields: ws, li, fb, tw, ig, urls
[2026-03-06T09:28:17.512Z] Finished at: 2026-03-06T09:28:17.512Z
