[2026-03-07T18:52:09.160Z] === Homepage AI Extractor: Oridian ===
[2026-03-07T18:52:09.160Z] Started at: 2026-03-07T18:52:09.160Z
[2026-03-07T18:52:09.160Z] Log directory: E:\code\The Wall\mono\packages\scrapper\logs\homepage_ai_extractor\1772909529159_Oridian
[2026-03-07T18:52:09.160Z] Company: Oridian
[2026-03-07T18:52:09.160Z] Website: oridian.com
[2026-03-07T18:52:09.160Z] cbRank: 314552
[2026-03-07T18:52:09.160Z] Reasons: h
[2026-03-07T18:52:09.160Z] Fetching: https://oridian.com
[2026-03-07T18:52:19.967Z] Network idle timeout — continuing with current state
[2026-03-07T18:52:20.010Z] Redirected: https://oridian.com -> https://www.oridian.com/
[2026-03-07T18:52:20.024Z] Saved HTML (467686 bytes) to page.html
[2026-03-07T18:52:20.028Z] Extracted 2 unique links from page
[2026-03-07T18:52:20.028Z] Saved 2 links to links.json
[2026-03-07T18:52:20.031Z] Extracted footer HTML (516 chars)
[2026-03-07T18:52:20.031Z] Extracted header HTML (6554 chars)
[2026-03-07T18:52:20.035Z] Website (post-redirect): https://www.oridian.com/ → origin: https://www.oridian.com
[2026-03-07T18:52:20.035Z] External links: 0 (of 2 total)
[2026-03-07T18:52:20.035Z] ── All external links ──
[2026-03-07T18:52:20.035Z] ── Step 1: Programmatic categorization ──
[2026-03-07T18:52:20.035Z] Programmatic result: ws:1 | 0 uncategorized
[2026-03-07T18:52:20.036Z] Sending uncategorized links + HTML sections to AI for analysis...
[2026-03-07T18:52:20.036Z] Saved AI prompt (2278 chars) to ai_prompt.txt
[2026-03-07T18:52:26.432Z] Saved AI response to ai_response.json
[2026-03-07T18:52:26.432Z] ── Parsing AI response (1 lines) ──
[2026-03-07T18:52:26.432Z] AI returned 0 valid links
[2026-03-07T18:52:26.432Z] ── Categorizing 0 AI-returned links ──
[2026-03-07T18:52:26.432Z] ── Step 2b: Footer/header uncategorized links ──
[2026-03-07T18:52:26.432Z] Footer/header origins (1):
[2026-03-07T18:52:26.432Z]   FOOTER/HEADER ORIGIN: https://www.oridian.com
[2026-03-07T18:52:26.432Z] Step 2b result: added 0 uncategorized domains from footer/header
[2026-03-07T18:52:26.433Z] ── Step 3: Final dedup ──
[2026-03-07T18:52:26.433Z] No urls to dedup
[2026-03-07T18:52:26.433Z] ── FINAL RESULT ──
[2026-03-07T18:52:26.433Z]   ws (1):
[2026-03-07T18:52:26.433Z]     - https://www.oridian.com
[2026-03-07T18:52:26.433Z] Summary: ws:1
[2026-03-07T18:52:26.433Z] Saved final result to result.json
[2026-03-07T18:52:26.434Z] Override fields: ws
[2026-03-07T18:52:26.434Z] Finished at: 2026-03-07T18:52:26.434Z
