[2026-02-27T06:25:01.899Z] === Homepage AI Extractor: WaveBL ===
[2026-02-27T06:25:01.900Z] Started at: 2026-02-27T06:25:01.900Z
[2026-02-27T06:25:01.900Z] Log directory: E:\code\The Wall\mono\packages\scrapper\logs\homepage_ai_extractor\1772173501899_WaveBL
[2026-02-27T06:25:01.900Z] Company: WaveBL
[2026-02-27T06:25:01.900Z] Website: wavebl.com
[2026-02-27T06:25:01.900Z] cbRank: 23810
[2026-02-27T06:25:01.900Z] Reasons: h
[2026-02-27T06:25:01.900Z] Fetching: https://wavebl.com
[2026-02-27T06:25:05.820Z] Dismissed cookie consent popup via: button:has-text("Accept all")
[2026-02-27T06:25:06.334Z] Redirected: https://wavebl.com -> https://wavebl.com/
[2026-02-27T06:25:06.388Z] Saved HTML (1120138 bytes) to page.html
[2026-02-27T06:25:06.397Z] Extracted 39 unique links from page
[2026-02-27T06:25:06.398Z] Saved 39 links to links.json
[2026-02-27T06:25:06.404Z] No footer section found in DOM
[2026-02-27T06:25:06.404Z] Extracted header HTML (7935 chars)
[2026-02-27T06:25:06.413Z] Website (post-redirect): https://wavebl.com/
[2026-02-27T06:25:06.414Z]   SUBDOMAIN: coa.wavebl.com (added to ws)
[2026-02-27T06:25:06.414Z]   SUBDOMAIN: register.wavebl.com (added to ws)
[2026-02-27T06:25:06.415Z]   SUBDOMAIN: wsupport.wavebl.com (added to ws)
[2026-02-27T06:25:06.415Z] Website subdomains found: 3
[2026-02-27T06:25:06.415Z] External links: 7 (of 39 total)
[2026-02-27T06:25:06.416Z] ── All external links ──
[2026-02-27T06:25:06.416Z]   EXT: https://www.linkedin.com/company/wavebl
[2026-02-27T06:25:06.416Z]   EXT: https://www.prnewswire.com/il/news-releases/pacific-international-lines-pil-partners-with-wavebl-in-the-digital-trade-document-revolution-302205145.html
[2026-02-27T06:25:06.416Z]   EXT: https://www.prnewswire.com/il/news-releases/wavebl-completes-a-new-groundbreaking-network-connectivity-proof-of-value-pov-with-swift-the-participation-of-five-global-banks-and-leading-ocean-carrier-ebl-issuer-msc-302276469.html
[2026-02-27T06:25:06.417Z]   EXT: https://www.prnewswire.com/il/news-releases/wavebl-completes-a-new-groundbreaking-network-connectivity-proof-of-value-pov-with-swift-the-participation-of-five-global-banks-and-leading-ocean-carrier-ebl-issuer-msc-302276469.html%20
[2026-02-27T06:25:06.417Z]   EXT: https://www.tradefinanceglobal.com/posts/wavebl-federal-bank-partner-streamline-digital-trade-announce-successful-transaction-india
[2026-02-27T06:25:06.417Z]   EXT: https://www.youtube.com/@wavebl7286
[2026-02-27T06:25:06.417Z]   EXT: https://x.com/wavebl
[2026-02-27T06:25:06.417Z] ── Step 1: Programmatic categorization ──
[2026-02-27T06:25:06.418Z]   REGEX: li <- https://www.linkedin.com/company/wavebl
[2026-02-27T06:25:06.418Z]   UNCATEGORIZED: https://www.prnewswire.com/il/news-releases/pacific-international-lines-pil-partners-with-wavebl-in-the-digital-trade-document-revolution-302205145.html
[2026-02-27T06:25:06.418Z]   UNCATEGORIZED: https://www.prnewswire.com/il/news-releases/wavebl-completes-a-new-groundbreaking-network-connectivity-proof-of-value-pov-with-swift-the-participation-of-five-global-banks-and-leading-ocean-carrier-ebl-issuer-msc-302276469.html
[2026-02-27T06:25:06.419Z]   UNCATEGORIZED: https://www.prnewswire.com/il/news-releases/wavebl-completes-a-new-groundbreaking-network-connectivity-proof-of-value-pov-with-swift-the-participation-of-five-global-banks-and-leading-ocean-carrier-ebl-issuer-msc-302276469.html%20
[2026-02-27T06:25:06.419Z]   UNCATEGORIZED: https://www.tradefinanceglobal.com/posts/wavebl-federal-bank-partner-streamline-digital-trade-announce-successful-transaction-india
[2026-02-27T06:25:06.419Z]   REGEX: ytp <- https://www.youtube.com/@wavebl7286
[2026-02-27T06:25:06.420Z]   REGEX: tw <- https://x.com/wavebl
[2026-02-27T06:25:06.420Z] Programmatic result: ws:4, li:1, ytp:1, tw:1 | 4 uncategorized
[2026-02-27T06:25:06.420Z] Sending uncategorized links + HTML sections to AI for analysis...
[2026-02-27T06:25:06.423Z] Saved AI prompt (2667 chars) to ai_prompt.txt
[2026-02-27T06:25:14.253Z] Saved AI response to ai_response.json
[2026-02-27T06:25:14.254Z] ── Parsing AI response (1 lines) ──
[2026-02-27T06:25:14.254Z] AI returned 0 valid links
[2026-02-27T06:25:14.254Z] ── Categorizing 0 AI-returned links ──
[2026-02-27T06:25:14.254Z] ── Step 2b: Footer/header uncategorized links ──
[2026-02-27T06:25:14.254Z] Footer/header origins (3):
[2026-02-27T06:25:14.254Z]   FOOTER/HEADER ORIGIN: https://wavebl.com
[2026-02-27T06:25:14.254Z]   FOOTER/HEADER ORIGIN: https://wsupport.wavebl.com
[2026-02-27T06:25:14.254Z]   FOOTER/HEADER ORIGIN: https://coa.wavebl.com
[2026-02-27T06:25:14.254Z]   SKIP (not in footer/header): https://www.prnewswire.com/il/news-releases/pacific-international-lines-pil-partners-with-wavebl-in-the-digital-trade-document-revolution-302205145.html
[2026-02-27T06:25:14.254Z]   SKIP (not in footer/header): https://www.prnewswire.com/il/news-releases/wavebl-completes-a-new-groundbreaking-network-connectivity-proof-of-value-pov-with-swift-the-participation-of-five-global-banks-and-leading-ocean-carrier-ebl-issuer-msc-302276469.html
[2026-02-27T06:25:14.255Z]   SKIP (not in footer/header): https://www.prnewswire.com/il/news-releases/wavebl-completes-a-new-groundbreaking-network-connectivity-proof-of-value-pov-with-swift-the-participation-of-five-global-banks-and-leading-ocean-carrier-ebl-issuer-msc-302276469.html%20
[2026-02-27T06:25:14.255Z]   SKIP (not in footer/header): https://www.tradefinanceglobal.com/posts/wavebl-federal-bank-partner-streamline-digital-trade-announce-successful-transaction-india
[2026-02-27T06:25:14.255Z] Step 2b result: added 0 uncategorized domains from footer/header
[2026-02-27T06:25:14.255Z] ── Step 3: Final dedup ──
[2026-02-27T06:25:14.255Z] No urls to dedup
[2026-02-27T06:25:14.255Z] ── FINAL RESULT ──
[2026-02-27T06:25:14.255Z]   ws (4):
[2026-02-27T06:25:14.255Z]     - https://coa.wavebl.com
[2026-02-27T06:25:14.255Z]     - https://register.wavebl.com
[2026-02-27T06:25:14.255Z]     - https://wavebl.com/
[2026-02-27T06:25:14.255Z]     - https://wsupport.wavebl.com
[2026-02-27T06:25:14.255Z]   li (1):
[2026-02-27T06:25:14.256Z]     - https://www.linkedin.com/company/wavebl
[2026-02-27T06:25:14.256Z]   tw (1):
[2026-02-27T06:25:14.256Z]     - https://x.com/wavebl
[2026-02-27T06:25:14.256Z]   ytp (1):
[2026-02-27T06:25:14.257Z]     - https://www.youtube.com/@wavebl7286
[2026-02-27T06:25:14.257Z] Summary: ws:4, li:1, ytp:1, tw:1
[2026-02-27T06:25:14.259Z] Saved final result to result.json
[2026-02-27T06:25:14.259Z] Override fields: ws, li, tw, ytp
[2026-02-27T06:25:14.260Z] Finished at: 2026-02-27T06:25:14.260Z
