[2026-03-07T19:19:25.882Z] === Homepage AI Extractor: Elad Software Systems ===
[2026-03-07T19:19:25.882Z] Started at: 2026-03-07T19:19:25.882Z
[2026-03-07T19:19:25.883Z] Log directory: E:\code\The Wall\mono\packages\scrapper\logs\homepage_ai_extractor\1772911165882_Elad_Software_Systems
[2026-03-07T19:19:25.883Z] Company: Elad Software Systems
[2026-03-07T19:19:25.883Z] Website: eladsoft.com
[2026-03-07T19:19:25.883Z] cbRank: 325521
[2026-03-07T19:19:25.883Z] Reasons: h
[2026-03-07T19:19:25.883Z] Fetching: https://eladsoft.com
[2026-03-07T19:19:41.181Z] Network idle timeout — continuing with current state
[2026-03-07T19:19:41.233Z] Redirected: https://eladsoft.com -> https://eladsoft.com/#solutions
[2026-03-07T19:19:41.243Z] Saved HTML (209851 bytes) to page.html
[2026-03-07T19:19:41.248Z] Extracted 36 unique links from page
[2026-03-07T19:19:41.249Z] Saved 36 links to links.json
[2026-03-07T19:19:41.255Z] Extracted footer HTML (29669 chars)
[2026-03-07T19:19:41.255Z] Extracted header HTML (26489 chars)
[2026-03-07T19:19:41.260Z] Website (post-redirect): https://eladsoft.com/#solutions → origin: https://eladsoft.com
[2026-03-07T19:19:41.260Z]   SUBDOMAIN: careers.eladsoft.com (added to ws)
[2026-03-07T19:19:41.260Z] Website subdomains found: 1
[2026-03-07T19:19:41.261Z] External links: 8 (of 36 total)
[2026-03-07T19:19:41.261Z] ── All external links ──
[2026-03-07T19:19:41.261Z]   EXT: http://facebook.com/EladSystems/?ref=bookmarks
[2026-03-07T19:19:41.261Z]   EXT: http://linkedin.com/company/elad-systems
[2026-03-07T19:19:41.261Z]   EXT: http://youtube.com/channel/UC827VDOqtpCnaHfYgXt6B9A
[2026-03-07T19:19:41.261Z]   EXT: https://mayafiles.tase.co.il/rpdf/1639001-1640000/P1639306-00.pdf
[2026-03-07T19:19:41.261Z]   EXT: https://netcraft.co.il/he/ux-hp
[2026-03-07T19:19:41.261Z]   EXT: https://service-wise.com
[2026-03-07T19:19:41.261Z]   EXT: https://www.excelando.co.il
[2026-03-07T19:19:41.261Z]   EXT: https://www.fisha.co.il
[2026-03-07T19:19:41.261Z] ── Step 1: Programmatic categorization ──
[2026-03-07T19:19:41.261Z]   REGEX: fb <- http://facebook.com/EladSystems/?ref=bookmarks
[2026-03-07T19:19:41.262Z]   REGEX: li <- http://linkedin.com/company/elad-systems
[2026-03-07T19:19:41.262Z]   REGEX: ytc <- http://youtube.com/channel/UC827VDOqtpCnaHfYgXt6B9A
[2026-03-07T19:19:41.262Z]   UNCATEGORIZED: https://mayafiles.tase.co.il/rpdf/1639001-1640000/P1639306-00.pdf
[2026-03-07T19:19:41.262Z]   UNCATEGORIZED: https://netcraft.co.il/he/ux-hp
[2026-03-07T19:19:41.262Z]   UNCATEGORIZED: https://service-wise.com
[2026-03-07T19:19:41.262Z]   UNCATEGORIZED: https://www.excelando.co.il
[2026-03-07T19:19:41.262Z]   UNCATEGORIZED: https://www.fisha.co.il
[2026-03-07T19:19:41.263Z] Programmatic result: ws:2, fb:1, li:1, ytc:1 | 5 uncategorized
[2026-03-07T19:19:41.263Z] Sending uncategorized links + HTML sections to AI for analysis...
[2026-03-07T19:19:41.264Z] Saved AI prompt (14654 chars) to ai_prompt.txt
[2026-03-07T19:21:26.975Z] Saved AI response to ai_response.json
[2026-03-07T19:21:26.975Z] ── Parsing AI response (8 lines) ──
[2026-03-07T19:21:26.975Z]   AI LINK: http://facebook.com/EladSystems/?ref=bookmarks
[2026-03-07T19:21:26.976Z]   AI LINK: http://linkedin.com/company/elad-systems/
[2026-03-07T19:21:26.976Z]   AI LINK: http://youtube.com/channel/UC827VDOqtpCnaHfYgXt6B9A
[2026-03-07T19:21:26.976Z]   AI LINK: https://eladsoft.com/elad-data/
[2026-03-07T19:21:26.976Z]   AI LINK: https://eladsoft.com/elad-crm/
[2026-03-07T19:21:26.976Z]   AI LINK: https://eladsoft.com/elad-digital/
[2026-03-07T19:21:26.976Z]   AI LINK: https://eladsoft.com/elad-people/
[2026-03-07T19:21:26.976Z]   AI LINK: https://careers.eladsoft.com/
[2026-03-07T19:21:26.976Z] AI returned 8 valid links
[2026-03-07T19:21:26.976Z] ── Categorizing 8 AI-returned links ──
[2026-03-07T19:21:26.976Z]   AI→REGEX: fb <- http://facebook.com/EladSystems/?ref=bookmarks (duplicate, skipped)
[2026-03-07T19:21:26.977Z]   AI→REGEX: li <- http://linkedin.com/company/elad-systems/ (duplicate, skipped)
[2026-03-07T19:21:26.977Z]   AI→REGEX: ytc <- http://youtube.com/channel/UC827VDOqtpCnaHfYgXt6B9A (duplicate, skipped)
[2026-03-07T19:21:26.977Z]   AI→URLS: https://eladsoft.com/elad-data (cleaned from https://eladsoft.com/elad-data/)
[2026-03-07T19:21:26.977Z]   AI→URLS: https://eladsoft.com/elad-crm (cleaned from https://eladsoft.com/elad-crm/)
[2026-03-07T19:21:26.977Z]   AI→URLS: https://eladsoft.com/elad-digital (cleaned from https://eladsoft.com/elad-digital/)
[2026-03-07T19:21:26.977Z]   AI→URLS: https://eladsoft.com/elad-people (cleaned from https://eladsoft.com/elad-people/)
[2026-03-07T19:21:26.977Z]   AI→URLS: https://careers.eladsoft.com (cleaned from https://careers.eladsoft.com/)
[2026-03-07T19:21:26.978Z] ── Step 2b: Footer/header uncategorized links ──
[2026-03-07T19:21:26.978Z] Footer/header origins (10):
[2026-03-07T19:21:26.978Z]   FOOTER/HEADER ORIGIN: http://facebook.com
[2026-03-07T19:21:26.978Z]   FOOTER/HEADER ORIGIN: http://linkedin.com
[2026-03-07T19:21:26.978Z]   FOOTER/HEADER ORIGIN: http://youtube.com
[2026-03-07T19:21:26.978Z]   FOOTER/HEADER ORIGIN: https://eladsoft.com
[2026-03-07T19:21:26.978Z]   FOOTER/HEADER ORIGIN: https://careers.eladsoft.com
[2026-03-07T19:21:26.978Z]   FOOTER/HEADER ORIGIN: https://netcraft.co.il
[2026-03-07T19:21:26.978Z]   FOOTER/HEADER ORIGIN: https://www.excelando.co.il
[2026-03-07T19:21:26.978Z]   FOOTER/HEADER ORIGIN: https://service-wise.com
[2026-03-07T19:21:26.978Z]   FOOTER/HEADER ORIGIN: https://www.fisha.co.il
[2026-03-07T19:21:26.979Z]   FOOTER/HEADER ORIGIN: https://mayafiles.tase.co.il
[2026-03-07T19:21:26.979Z]   SKIP (noise): https://mayafiles.tase.co.il/rpdf/1639001-1640000/P1639306-00.pdf
[2026-03-07T19:21:26.979Z]   ADDED: urls <- https://netcraft.co.il/he/ux-hp
[2026-03-07T19:21:26.979Z]   ADDED: urls <- https://service-wise.com
[2026-03-07T19:21:26.979Z]   ADDED: urls <- https://www.excelando.co.il
[2026-03-07T19:21:26.979Z]   ADDED: urls <- https://www.fisha.co.il
[2026-03-07T19:21:26.979Z] Step 2b result: added 4 uncategorized domains from footer/header
[2026-03-07T19:21:26.979Z] ── Step 3: Final dedup ──
[2026-03-07T19:21:26.979Z] Dedup: removed 0 of 9 URLs already in specialized fields
[2026-03-07T19:21:26.979Z] ── FINAL RESULT ──
[2026-03-07T19:21:26.979Z]   ws (2):
[2026-03-07T19:21:26.979Z]     - https://careers.eladsoft.com
[2026-03-07T19:21:26.980Z]     - https://eladsoft.com
[2026-03-07T19:21:26.980Z]   li (1):
[2026-03-07T19:21:26.980Z]     - https://www.linkedin.com/company/elad-systems
[2026-03-07T19:21:26.980Z]   fb (1):
[2026-03-07T19:21:26.980Z]     - https://www.facebook.com/eladsystems
[2026-03-07T19:21:26.980Z]   ytc (1):
[2026-03-07T19:21:26.980Z]     - https://www.youtube.com/channel/UC827VDOqtpCnaHfYgXt6B9A
[2026-03-07T19:21:26.980Z]   urls (9):
[2026-03-07T19:21:26.980Z]     - https://careers.eladsoft.com
[2026-03-07T19:21:26.980Z]     - https://eladsoft.com/elad-crm
[2026-03-07T19:21:26.980Z]     - https://eladsoft.com/elad-data
[2026-03-07T19:21:26.980Z]     - https://eladsoft.com/elad-digital
[2026-03-07T19:21:26.980Z]     - https://eladsoft.com/elad-people
[2026-03-07T19:21:26.980Z]     - https://netcraft.co.il/he/ux-hp
[2026-03-07T19:21:26.980Z]     - https://service-wise.com
[2026-03-07T19:21:26.981Z]     - https://www.excelando.co.il
[2026-03-07T19:21:26.981Z]     - https://www.fisha.co.il
[2026-03-07T19:21:26.981Z] Summary: ws:2, fb:1, li:1, ytc:1, urls:9
[2026-03-07T19:21:26.981Z] Saved final result to result.json
[2026-03-07T19:21:26.982Z] Override fields: ws, li, fb, ytc, urls
[2026-03-07T19:21:26.982Z] Finished at: 2026-03-07T19:21:26.982Z
