[2026-02-27T00:15:56.165Z] === Homepage AI Extractor: FEMSelect ===
[2026-02-27T00:15:56.165Z] Started at: 2026-02-27T00:15:56.165Z
[2026-02-27T00:15:56.165Z] Log directory: E:\code\The Wall\mono\packages\scrapper\logs\homepage_ai_extractor\1772151356163_FEMSelect
[2026-02-27T00:15:56.165Z] Company: FEMSelect
[2026-02-27T00:15:56.166Z] Website: femselect.com
[2026-02-27T00:15:56.166Z] cbRank: 8356
[2026-02-27T00:15:56.166Z] Reasons: h
[2026-02-27T00:15:56.166Z] Fetching: https://femselect.com
[2026-02-27T00:16:02.195Z] Redirected: https://femselect.com -> https://www.femselect.com/
[2026-02-27T00:16:02.201Z] Saved HTML (150653 bytes) to page.html
[2026-02-27T00:16:02.204Z] Extracted 15 unique links from page
[2026-02-27T00:16:02.205Z] Saved 15 links to links.json
[2026-02-27T00:16:02.208Z] No footer section found in DOM
[2026-02-27T00:16:02.208Z] Extracted header HTML (2538 chars)
[2026-02-27T00:16:02.212Z] Website (post-redirect): https://www.femselect.com/
[2026-02-27T00:16:02.212Z] External links: 5 (of 15 total)
[2026-02-27T00:16:02.212Z] ── All external links ──
[2026-02-27T00:16:02.212Z]   EXT: https://twitter.com/FEMSelect
[2026-02-27T00:16:02.212Z]   EXT: https://www.facebook.com/FEMSelect
[2026-02-27T00:16:02.212Z]   EXT: https://www.instagram.com/fem.select
[2026-02-27T00:16:02.212Z]   EXT: https://www.linkedin.com/company/28632694
[2026-02-27T00:16:02.212Z]   EXT: https://www.youtube.com/channel/UCUXuID-G3yt22gTkPV8Ovuw/featured?disable_polymer=1
[2026-02-27T00:16:02.212Z] ── Step 1: Programmatic categorization ──
[2026-02-27T00:16:02.213Z]   REGEX: tw <- https://twitter.com/FEMSelect
[2026-02-27T00:16:02.213Z]   REGEX: fb <- https://www.facebook.com/FEMSelect
[2026-02-27T00:16:02.213Z]   REGEX: ig <- https://www.instagram.com/fem.select
[2026-02-27T00:16:02.213Z]   REGEX: li <- https://www.linkedin.com/company/28632694
[2026-02-27T00:16:02.213Z]   REGEX: ytc <- https://www.youtube.com/channel/UCUXuID-G3yt22gTkPV8Ovuw/featured?disable_polymer=1
[2026-02-27T00:16:02.213Z] Programmatic result: ws:1, tw:1, fb:1, ig:1, li:1, ytc:1 | 0 uncategorized
[2026-02-27T00:16:02.213Z] Sending uncategorized links + HTML sections to AI for analysis...
[2026-02-27T00:16:02.214Z] Saved AI prompt (1925 chars) to ai_prompt.txt
[2026-02-27T00:16:07.844Z] Saved AI response to ai_response.json
[2026-02-27T00:16:07.844Z] ── Parsing AI response (1 lines) ──
[2026-02-27T00:16:07.844Z] AI returned 0 valid links
[2026-02-27T00:16:07.844Z] ── Categorizing 0 AI-returned links ──
[2026-02-27T00:16:07.844Z] ── Step 2b: Footer/header uncategorized links ──
[2026-02-27T00:16:07.845Z] Footer/header origins (1):
[2026-02-27T00:16:07.845Z]   FOOTER/HEADER ORIGIN: https://www.femselect.com
[2026-02-27T00:16:07.845Z] Step 2b result: added 0 uncategorized domains from footer/header
[2026-02-27T00:16:07.845Z] ── Step 3: Final dedup ──
[2026-02-27T00:16:07.845Z] No urls to dedup
[2026-02-27T00:16:07.845Z] ── FINAL RESULT ──
[2026-02-27T00:16:07.845Z]   ws (1):
[2026-02-27T00:16:07.846Z]     - https://www.femselect.com/
[2026-02-27T00:16:07.846Z]   li (1):
[2026-02-27T00:16:07.846Z]     - https://www.linkedin.com/company/28632694
[2026-02-27T00:16:07.846Z]   fb (1):
[2026-02-27T00:16:07.846Z]     - https://www.facebook.com/FEMSelect
[2026-02-27T00:16:07.846Z]   tw (1):
[2026-02-27T00:16:07.846Z]     - https://twitter.com/FEMSelect
[2026-02-27T00:16:07.846Z]   ig (1):
[2026-02-27T00:16:07.846Z]     - https://www.instagram.com/fem.select
[2026-02-27T00:16:07.846Z]   ytc (1):
[2026-02-27T00:16:07.846Z]     - https://www.youtube.com/channel/UCUXuID-G3yt22gTkPV8Ovuw/featured?disable_polymer=1
[2026-02-27T00:16:07.846Z] Summary: ws:1, tw:1, fb:1, ig:1, li:1, ytc:1
[2026-02-27T00:16:07.847Z] Saved final result to result.json
[2026-02-27T00:16:07.847Z] Override fields: ws, li, fb, tw, ig, ytc
[2026-02-27T00:16:07.847Z] Finished at: 2026-02-27T00:16:07.847Z
