[2026-03-06T02:49:01.978Z] === Homepage AI Extractor: BladeRanger ===
[2026-03-06T02:49:01.978Z] Started at: 2026-03-06T02:49:01.978Z
[2026-03-06T02:49:01.978Z] Log directory: E:\code\The Wall\mono\packages\scrapper\logs\homepage_ai_extractor\1772765341977_BladeRanger
[2026-03-06T02:49:01.979Z] Company: BladeRanger
[2026-03-06T02:49:01.979Z] Website: bladeranger.com
[2026-03-06T02:49:01.979Z] cbRank: 107670
[2026-03-06T02:49:01.979Z] Reasons: h
[2026-03-06T02:49:01.979Z] Fetching: https://bladeranger.com
[2026-03-06T02:49:05.258Z] Redirected: https://bladeranger.com -> https://bladeranger.com/
[2026-03-06T02:49:05.272Z] Saved HTML (230706 bytes) to page.html
[2026-03-06T02:49:05.278Z] Extracted 17 unique links from page
[2026-03-06T02:49:05.279Z] Saved 17 links to links.json
[2026-03-06T02:49:05.283Z] No footer section found in DOM
[2026-03-06T02:49:05.283Z] Extracted header HTML (513 chars)
[2026-03-06T02:49:05.291Z] Website (post-redirect): https://bladeranger.com/ → origin: https://bladeranger.com
[2026-03-06T02:49:05.292Z] External links: 2 (of 17 total)
[2026-03-06T02:49:05.292Z] ── All external links ──
[2026-03-06T02:49:05.292Z]   EXT: https://www.linkedin.com/company/bladeranger
[2026-03-06T02:49:05.292Z]   EXT: https://www.younique.co.il
[2026-03-06T02:49:05.292Z] ── Step 1: Programmatic categorization ──
[2026-03-06T02:49:05.293Z]   REGEX: li <- https://www.linkedin.com/company/bladeranger
[2026-03-06T02:49:05.293Z]   UNCATEGORIZED: https://www.younique.co.il
[2026-03-06T02:49:05.293Z] Programmatic result: ws:1, li:1 | 1 uncategorized
[2026-03-06T02:49:05.293Z] Sending uncategorized links + HTML sections to AI for analysis...
[2026-03-06T02:49:05.294Z] Saved AI prompt (1959 chars) to ai_prompt.txt
[2026-03-06T02:49:10.703Z] Saved AI response to ai_response.json
[2026-03-06T02:49:10.703Z] ── Parsing AI response (1 lines) ──
[2026-03-06T02:49:10.703Z] AI returned 0 valid links
[2026-03-06T02:49:10.703Z] ── Categorizing 0 AI-returned links ──
[2026-03-06T02:49:10.703Z] ── Step 2b: Footer/header uncategorized links ──
[2026-03-06T02:49:10.703Z] Footer/header origins (0):
[2026-03-06T02:49:10.703Z]   SKIP (not in footer/header): https://www.younique.co.il
[2026-03-06T02:49:10.703Z] Step 2b result: added 0 uncategorized domains from footer/header
[2026-03-06T02:49:10.703Z] ── Step 3: Final dedup ──
[2026-03-06T02:49:10.703Z] No urls to dedup
[2026-03-06T02:49:10.703Z] ── FINAL RESULT ──
[2026-03-06T02:49:10.704Z]   ws (1):
[2026-03-06T02:49:10.704Z]     - https://bladeranger.com
[2026-03-06T02:49:10.704Z]   li (1):
[2026-03-06T02:49:10.704Z]     - https://www.linkedin.com/company/bladeranger
[2026-03-06T02:49:10.704Z] Summary: ws:1, li:1
[2026-03-06T02:49:10.705Z] Saved final result to result.json
[2026-03-06T02:49:10.705Z] Override fields: ws, li
[2026-03-06T02:49:10.705Z] Finished at: 2026-03-06T02:49:10.705Z
