[2026-03-07T15:07:25.614Z] === Homepage AI Extractor: Plain Text Offenders ===
[2026-03-07T15:07:25.614Z] Started at: 2026-03-07T15:07:25.614Z
[2026-03-07T15:07:25.614Z] Log directory: E:\code\The Wall\mono\packages\scrapper\logs\homepage_ai_extractor\1772896045614_Plain_Text_Offenders
[2026-03-07T15:07:25.614Z] Company: Plain Text Offenders
[2026-03-07T15:07:25.615Z] Website: plaintextoffenders.com
[2026-03-07T15:07:25.615Z] cbRank: 268272
[2026-03-07T15:07:25.615Z] Reasons: h
[2026-03-07T15:07:25.615Z] Fetching: https://plaintextoffenders.com
[2026-03-07T15:07:28.571Z] Redirected: https://plaintextoffenders.com -> https://plaintextoffenders.com/
[2026-03-07T15:07:28.576Z] Saved HTML (94992 bytes) to page.html
[2026-03-07T15:07:28.580Z] Extracted 8 unique links from page
[2026-03-07T15:07:28.581Z] Saved 8 links to links.json
[2026-03-07T15:07:28.584Z] Extracted footer HTML (2761 chars)
[2026-03-07T15:07:28.584Z] Extracted header HTML (5460 chars)
[2026-03-07T15:07:28.587Z] Website (post-redirect): https://plaintextoffenders.com/ → origin: https://plaintextoffenders.com
[2026-03-07T15:07:28.588Z] External links: 2 (of 8 total)
[2026-03-07T15:07:28.588Z] ── All external links ──
[2026-03-07T15:07:28.588Z]   EXT: https://rebrand.ly/poe2025
[2026-03-07T15:07:28.588Z]   EXT: https://www.hotel-harrington.com
[2026-03-07T15:07:28.588Z] ── Step 1: Programmatic categorization ──
[2026-03-07T15:07:28.588Z]   UNCATEGORIZED: https://rebrand.ly/poe2025
[2026-03-07T15:07:28.588Z]   UNCATEGORIZED: https://www.hotel-harrington.com
[2026-03-07T15:07:28.588Z] Programmatic result: ws:1 | 2 uncategorized
[2026-03-07T15:07:28.589Z] Sending uncategorized links + HTML sections to AI for analysis...
[2026-03-07T15:07:28.591Z] Saved AI prompt (3552 chars) to ai_prompt.txt
[2026-03-07T15:07:52.138Z] Saved AI response to ai_response.json
[2026-03-07T15:07:52.138Z] ── Parsing AI response (5 lines) ──
[2026-03-07T15:07:52.138Z]   AI LINK: https://plaintextoffenders.com/
[2026-03-07T15:07:52.138Z]   AI LINK: https://plaintextoffenders.com/privacy-policy/
[2026-03-07T15:07:52.138Z]   AI LINK: https://plaintextoffenders.com/about/
[2026-03-07T15:07:52.138Z]   AI LINK: https://plaintextoffenders.com/contact-us/
[2026-03-07T15:07:52.138Z]   AI LINK: https://rebrand.ly/poe2025
[2026-03-07T15:07:52.138Z] AI returned 5 valid links
[2026-03-07T15:07:52.138Z] ── Categorizing 5 AI-returned links ──
[2026-03-07T15:07:52.139Z]   AI→URLS: https://plaintextoffenders.com (cleaned from https://plaintextoffenders.com/)
[2026-03-07T15:07:52.139Z]   AI→URLS: https://plaintextoffenders.com/privacy-policy (cleaned from https://plaintextoffenders.com/privacy-policy/)
[2026-03-07T15:07:52.139Z]   AI→URLS: https://plaintextoffenders.com/about (cleaned from https://plaintextoffenders.com/about/)
[2026-03-07T15:07:52.139Z]   AI→URLS: https://plaintextoffenders.com/contact-us (cleaned from https://plaintextoffenders.com/contact-us/)
[2026-03-07T15:07:52.139Z]   AI→URLS: https://rebrand.ly/poe2025
[2026-03-07T15:07:52.139Z] ── Step 2b: Footer/header uncategorized links ──
[2026-03-07T15:07:52.140Z] Footer/header origins (2):
[2026-03-07T15:07:52.140Z]   FOOTER/HEADER ORIGIN: https://plaintextoffenders.com
[2026-03-07T15:07:52.140Z]   FOOTER/HEADER ORIGIN: https://rebrand.ly
[2026-03-07T15:07:52.140Z]   SKIP (AI claimed): https://rebrand.ly/poe2025
[2026-03-07T15:07:52.140Z]   SKIP (not in footer/header): https://www.hotel-harrington.com
[2026-03-07T15:07:52.140Z] Step 2b result: added 0 uncategorized domains from footer/header
[2026-03-07T15:07:52.140Z] ── Step 3: Final dedup ──
[2026-03-07T15:07:52.140Z] Dedup: removed 0 of 5 URLs already in specialized fields
[2026-03-07T15:07:52.140Z] ── FINAL RESULT ──
[2026-03-07T15:07:52.140Z]   ws (1):
[2026-03-07T15:07:52.141Z]     - https://plaintextoffenders.com
[2026-03-07T15:07:52.141Z]   urls (5):
[2026-03-07T15:07:52.141Z]     - https://plaintextoffenders.com
[2026-03-07T15:07:52.141Z]     - https://plaintextoffenders.com/about
[2026-03-07T15:07:52.141Z]     - https://plaintextoffenders.com/contact-us
[2026-03-07T15:07:52.141Z]     - https://plaintextoffenders.com/privacy-policy
[2026-03-07T15:07:52.141Z]     - https://rebrand.ly/poe2025
[2026-03-07T15:07:52.141Z] Summary: ws:1, urls:5
[2026-03-07T15:07:52.141Z] Saved final result to result.json
[2026-03-07T15:07:52.142Z] Override fields: ws, urls
[2026-03-07T15:07:52.142Z] Finished at: 2026-03-07T15:07:52.142Z
