[2026-03-07T18:06:40.779Z] === Homepage AI Extractor: AGAT Software ===
[2026-03-07T18:06:40.779Z] Started at: 2026-03-07T18:06:40.779Z
[2026-03-07T18:06:40.779Z] Log directory: E:\code\The Wall\mono\packages\scrapper\logs\homepage_ai_extractor\1772906800779_AGAT_Software
[2026-03-07T18:06:40.779Z] Company: AGAT Software
[2026-03-07T18:06:40.779Z] Website: agatsoftware.com
[2026-03-07T18:06:40.779Z] cbRank: 302847
[2026-03-07T18:06:40.779Z] Reasons: h
[2026-03-07T18:06:40.779Z] Fetching: https://agatsoftware.com
[2026-03-07T18:06:47.185Z] Redirected: https://agatsoftware.com -> https://agatsoftware.com/
[2026-03-07T18:06:47.226Z] Saved HTML (1169102 bytes) to page.html
[2026-03-07T18:06:47.230Z] Extracted 70 unique links from page
[2026-03-07T18:06:47.231Z] Saved 70 links to links.json
[2026-03-07T18:06:47.236Z] Extracted footer HTML (3437 chars)
[2026-03-07T18:06:47.236Z] Extracted header HTML (64575 chars)
[2026-03-07T18:06:47.241Z] Website (post-redirect): https://agatsoftware.com/ → origin: https://agatsoftware.com
[2026-03-07T18:06:47.242Z] External links: 14 (of 70 total)
[2026-03-07T18:06:47.242Z] ── All external links ──
[2026-03-07T18:06:47.242Z]   EXT: https://agatsoftware.zohobookings.com/portal-embed#/agatsoftware
[2026-03-07T18:06:47.242Z]   EXT: https://app.pragatix.ai
[2026-03-07T18:06:47.242Z]   EXT: https://twitter.com/agatsoftware?lang=en
[2026-03-07T18:06:47.242Z]   EXT: https://wordpress-822753-3534110.cloudwaysapps.com/contact-us
[2026-03-07T18:06:47.242Z]   EXT: https://wordpress-822753-3534110.cloudwaysapps.com/secure-ai-platform/ai-suite/ai-agent
[2026-03-07T18:06:47.242Z]   EXT: https://wordpress-822753-3534110.cloudwaysapps.com/secure-ai-platform/ai-suite/ai-code-assistant
[2026-03-07T18:06:47.242Z]   EXT: https://wordpress-822753-3534110.cloudwaysapps.com/secure-ai-platform/ai-suite/ai-podcast-generator
[2026-03-07T18:06:47.242Z]   EXT: https://wordpress-822753-3534110.cloudwaysapps.com/secure-ai-platform/ai-suite/customer-support-chatbot
[2026-03-07T18:06:47.242Z]   EXT: https://wordpress-822753-3534110.cloudwaysapps.com/secure-ai-platform/ai-suite/knowlegde-base-chatbot
[2026-03-07T18:06:47.243Z]   EXT: https://wordpress-822753-3534110.cloudwaysapps.com/secure-ai-platform/ai-suite/personal-ai-chatbot
[2026-03-07T18:06:47.243Z]   EXT: https://wordpress-822753-3534110.cloudwaysapps.com/secure-ai-platform/ai-suite/workflow-orchestration
[2026-03-07T18:06:47.243Z]   EXT: https://www.facebook.com/AGATSoftware
[2026-03-07T18:06:47.243Z]   EXT: https://www.linkedin.com/company/agat-software
[2026-03-07T18:06:47.243Z]   EXT: https://www.youtube.com/channel/UCl0MH7RSOe16Y06vrVvU4RA
[2026-03-07T18:06:47.243Z] ── Step 1: Programmatic categorization ──
[2026-03-07T18:06:47.243Z]   UNCATEGORIZED: https://agatsoftware.zohobookings.com/portal-embed#/agatsoftware
[2026-03-07T18:06:47.243Z]   UNCATEGORIZED: https://app.pragatix.ai
[2026-03-07T18:06:47.243Z]   REGEX: tw <- https://twitter.com/agatsoftware?lang=en
[2026-03-07T18:06:47.243Z]   UNCATEGORIZED: https://wordpress-822753-3534110.cloudwaysapps.com/contact-us
[2026-03-07T18:06:47.243Z]   UNCATEGORIZED: https://wordpress-822753-3534110.cloudwaysapps.com/secure-ai-platform/ai-suite/ai-agent
[2026-03-07T18:06:47.244Z]   UNCATEGORIZED: https://wordpress-822753-3534110.cloudwaysapps.com/secure-ai-platform/ai-suite/ai-code-assistant
[2026-03-07T18:06:47.244Z]   UNCATEGORIZED: https://wordpress-822753-3534110.cloudwaysapps.com/secure-ai-platform/ai-suite/ai-podcast-generator
[2026-03-07T18:06:47.244Z]   UNCATEGORIZED: https://wordpress-822753-3534110.cloudwaysapps.com/secure-ai-platform/ai-suite/customer-support-chatbot
[2026-03-07T18:06:47.244Z]   UNCATEGORIZED: https://wordpress-822753-3534110.cloudwaysapps.com/secure-ai-platform/ai-suite/knowlegde-base-chatbot
[2026-03-07T18:06:47.244Z]   UNCATEGORIZED: https://wordpress-822753-3534110.cloudwaysapps.com/secure-ai-platform/ai-suite/personal-ai-chatbot
[2026-03-07T18:06:47.244Z]   UNCATEGORIZED: https://wordpress-822753-3534110.cloudwaysapps.com/secure-ai-platform/ai-suite/workflow-orchestration
[2026-03-07T18:06:47.244Z]   REGEX: fb <- https://www.facebook.com/AGATSoftware
[2026-03-07T18:06:47.244Z]   REGEX: li <- https://www.linkedin.com/company/agat-software
[2026-03-07T18:06:47.244Z]   REGEX: ytc <- https://www.youtube.com/channel/UCl0MH7RSOe16Y06vrVvU4RA
[2026-03-07T18:06:47.244Z] Programmatic result: ws:1, tw:1, fb:1, li:1, ytc:1 | 10 uncategorized
[2026-03-07T18:06:47.245Z] Sending uncategorized links + HTML sections to AI for analysis...
[2026-03-07T18:06:47.245Z] Saved AI prompt (5105 chars) to ai_prompt.txt
[2026-03-07T18:07:13.651Z] Saved AI response to ai_response.json
[2026-03-07T18:07:13.651Z] ── Parsing AI response (2 lines) ──
[2026-03-07T18:07:13.651Z]   AI LINK: https://agatsoftware.zohobookings.com/portal-embed#/agatsoftware
[2026-03-07T18:07:13.651Z]   AI LINK: https://app.pragatix.ai
[2026-03-07T18:07:13.651Z] AI returned 2 valid links
[2026-03-07T18:07:13.651Z] ── Categorizing 2 AI-returned links ──
[2026-03-07T18:07:13.652Z]   AI→URLS: https://agatsoftware.zohobookings.com/portal-embed (cleaned from https://agatsoftware.zohobookings.com/portal-embed#/agatsoftware)
[2026-03-07T18:07:13.652Z]   AI→URLS: https://app.pragatix.ai
[2026-03-07T18:07:13.653Z] ── Step 2b: Footer/header uncategorized links ──
[2026-03-07T18:07:13.653Z] Footer/header origins (2):
[2026-03-07T18:07:13.653Z]   FOOTER/HEADER ORIGIN: https://agatsoftware.com
[2026-03-07T18:07:13.653Z]   FOOTER/HEADER ORIGIN: https://agatsoftware.zohobookings.com
[2026-03-07T18:07:13.653Z]   SKIP (AI claimed): https://agatsoftware.zohobookings.com/portal-embed#/agatsoftware
[2026-03-07T18:07:13.653Z]   SKIP (AI claimed): https://app.pragatix.ai
[2026-03-07T18:07:13.654Z]   SKIP (not in footer/header): https://wordpress-822753-3534110.cloudwaysapps.com/contact-us
[2026-03-07T18:07:13.654Z]   SKIP (not in footer/header): https://wordpress-822753-3534110.cloudwaysapps.com/secure-ai-platform/ai-suite/ai-agent
[2026-03-07T18:07:13.654Z]   SKIP (not in footer/header): https://wordpress-822753-3534110.cloudwaysapps.com/secure-ai-platform/ai-suite/ai-code-assistant
[2026-03-07T18:07:13.654Z]   SKIP (not in footer/header): https://wordpress-822753-3534110.cloudwaysapps.com/secure-ai-platform/ai-suite/ai-podcast-generator
[2026-03-07T18:07:13.654Z]   SKIP (not in footer/header): https://wordpress-822753-3534110.cloudwaysapps.com/secure-ai-platform/ai-suite/customer-support-chatbot
[2026-03-07T18:07:13.654Z]   SKIP (not in footer/header): https://wordpress-822753-3534110.cloudwaysapps.com/secure-ai-platform/ai-suite/knowlegde-base-chatbot
[2026-03-07T18:07:13.654Z]   SKIP (not in footer/header): https://wordpress-822753-3534110.cloudwaysapps.com/secure-ai-platform/ai-suite/personal-ai-chatbot
[2026-03-07T18:07:13.654Z]   SKIP (not in footer/header): https://wordpress-822753-3534110.cloudwaysapps.com/secure-ai-platform/ai-suite/workflow-orchestration
[2026-03-07T18:07:13.654Z] Step 2b result: added 0 uncategorized domains from footer/header
[2026-03-07T18:07:13.654Z] ── Step 3: Final dedup ──
[2026-03-07T18:07:13.654Z] Dedup: removed 0 of 2 URLs already in specialized fields
[2026-03-07T18:07:13.655Z] ── FINAL RESULT ──
[2026-03-07T18:07:13.655Z]   ws (1):
[2026-03-07T18:07:13.655Z]     - https://agatsoftware.com
[2026-03-07T18:07:13.655Z]   li (1):
[2026-03-07T18:07:13.655Z]     - https://www.linkedin.com/company/agat-software
[2026-03-07T18:07:13.655Z]   fb (1):
[2026-03-07T18:07:13.655Z]     - https://www.facebook.com/agatsoftware
[2026-03-07T18:07:13.655Z]   tw (1):
[2026-03-07T18:07:13.655Z]     - https://x.com/agatsoftware
[2026-03-07T18:07:13.655Z]   ytc (1):
[2026-03-07T18:07:13.655Z]     - https://www.youtube.com/channel/UCl0MH7RSOe16Y06vrVvU4RA
[2026-03-07T18:07:13.655Z]   urls (2):
[2026-03-07T18:07:13.655Z]     - https://agatsoftware.zohobookings.com/portal-embed
[2026-03-07T18:07:13.655Z]     - https://app.pragatix.ai
[2026-03-07T18:07:13.656Z] Summary: ws:1, tw:1, fb:1, li:1, ytc:1, urls:2
[2026-03-07T18:07:13.658Z] Saved final result to result.json
[2026-03-07T18:07:13.658Z] Override fields: ws, li, fb, tw, ytc, urls
[2026-03-07T18:07:13.658Z] Finished at: 2026-03-07T18:07:13.658Z
