[2026-03-01T22:28:56.111Z] === Homepage AI Extractor: SuperCom ===
[2026-03-01T22:28:56.111Z] Started at: 2026-03-01T22:28:56.111Z
[2026-03-01T22:28:56.111Z] Log directory: E:\code\The Wall\mono\packages\scrapper\logs\homepage_ai_extractor\1772404136110_SuperCom
[2026-03-01T22:28:56.111Z] Company: SuperCom
[2026-03-01T22:28:56.111Z] Website: supercom.com
[2026-03-01T22:28:56.111Z] cbRank: 50595
[2026-03-01T22:28:56.111Z] Reasons: h
[2026-03-01T22:28:56.112Z] Fetching: https://supercom.com
[2026-03-01T22:29:08.349Z] Network idle timeout — continuing with current state
[2026-03-01T22:29:08.476Z] Redirected: https://supercom.com -> https://www.supercom.com/
[2026-03-01T22:29:08.534Z] Saved HTML (740970 bytes) to page.html
[2026-03-01T22:29:08.544Z] Extracted 19 unique links from page
[2026-03-01T22:29:08.546Z] Saved 19 links to links.json
[2026-03-01T22:29:08.554Z] Extracted footer HTML (383 chars)
[2026-03-01T22:29:08.554Z] Extracted header HTML (8635 chars)
[2026-03-01T22:29:08.583Z] Website (post-redirect): https://www.supercom.com/ → origin: https://www.supercom.com
[2026-03-01T22:29:08.584Z] External links: 5 (of 19 total)
[2026-03-01T22:29:08.584Z] ── All external links ──
[2026-03-01T22:29:08.584Z]   EXT: https://twitter.com/supercomgroup
[2026-03-01T22:29:08.584Z]   EXT: https://www.comeet.com/jobs/supercom/46.00A
[2026-03-01T22:29:08.584Z]   EXT: https://www.facebook.com/SuperCom.group
[2026-03-01T22:29:08.584Z]   EXT: https://www.linkedin.com/company/2989525
[2026-03-01T22:29:08.584Z]   EXT: https://www.youtube.com/user/SuperComgroup
[2026-03-01T22:29:08.584Z] ── Step 1: Programmatic categorization ──
[2026-03-01T22:29:08.585Z]   REGEX: tw <- https://twitter.com/supercomgroup
[2026-03-01T22:29:08.585Z]   UNCATEGORIZED: https://www.comeet.com/jobs/supercom/46.00A
[2026-03-01T22:29:08.585Z]   REGEX: fb <- https://www.facebook.com/SuperCom.group
[2026-03-01T22:29:08.585Z]   REGEX: li <- https://www.linkedin.com/company/2989525
[2026-03-01T22:29:08.585Z]   REGEX: ytp <- https://www.youtube.com/user/SuperComgroup
[2026-03-01T22:29:08.585Z] Programmatic result: ws:1, tw:1, fb:1, li:1, ytp:1 | 1 uncategorized
[2026-03-01T22:29:08.586Z] Sending uncategorized links + HTML sections to AI for analysis...
[2026-03-01T22:29:08.587Z] Saved AI prompt (2224 chars) to ai_prompt.txt
[2026-03-01T22:29:19.381Z] Saved AI response to ai_response.json
[2026-03-01T22:29:19.381Z] ── Parsing AI response (1 lines) ──
[2026-03-01T22:29:19.382Z]   AI LINK: https://www.comeet.com/jobs/supercom/46.00A
[2026-03-01T22:29:19.382Z] AI returned 1 valid links
[2026-03-01T22:29:19.382Z] ── Categorizing 1 AI-returned links ──
[2026-03-01T22:29:19.382Z]   AI→URLS: https://www.comeet.com/jobs/supercom/46.00A
[2026-03-01T22:29:19.383Z] ── Step 2b: Footer/header uncategorized links ──
[2026-03-01T22:29:19.383Z] Footer/header origins (2):
[2026-03-01T22:29:19.383Z]   FOOTER/HEADER ORIGIN: https://www.supercom.com
[2026-03-01T22:29:19.383Z]   FOOTER/HEADER ORIGIN: https://www.comeet.com
[2026-03-01T22:29:19.383Z]   SKIP (AI claimed): https://www.comeet.com/jobs/supercom/46.00A
[2026-03-01T22:29:19.383Z] Step 2b result: added 0 uncategorized domains from footer/header
[2026-03-01T22:29:19.383Z] ── Step 3: Final dedup ──
[2026-03-01T22:29:19.384Z] Dedup: removed 0 of 1 URLs already in specialized fields
[2026-03-01T22:29:19.384Z] ── FINAL RESULT ──
[2026-03-01T22:29:19.384Z]   ws (1):
[2026-03-01T22:29:19.384Z]     - https://www.supercom.com
[2026-03-01T22:29:19.384Z]   li (1):
[2026-03-01T22:29:19.384Z]     - https://www.linkedin.com/company/2989525
[2026-03-01T22:29:19.384Z]   fb (1):
[2026-03-01T22:29:19.385Z]     - https://www.facebook.com/supercom.group
[2026-03-01T22:29:19.385Z]   tw (1):
[2026-03-01T22:29:19.385Z]     - https://x.com/supercomgroup
[2026-03-01T22:29:19.385Z]   ytp (1):
[2026-03-01T22:29:19.385Z]     - https://www.youtube.com/@supercomgroup
[2026-03-01T22:29:19.385Z]   urls (1):
[2026-03-01T22:29:19.385Z]     - https://www.comeet.com/jobs/supercom/46.00A
[2026-03-01T22:29:19.386Z] Summary: ws:1, tw:1, fb:1, li:1, ytp:1, urls:1
[2026-03-01T22:29:19.387Z] Saved final result to result.json
[2026-03-01T22:29:19.387Z] Override fields: ws, li, fb, tw, ytp, urls
[2026-03-01T22:29:19.387Z] Finished at: 2026-03-01T22:29:19.387Z
