[2026-03-06T10:33:01.776Z] === Homepage AI Extractor: Q.ai ===
[2026-03-06T10:33:01.776Z] Started at: 2026-03-06T10:33:01.776Z
[2026-03-06T10:33:01.776Z] Log directory: E:\code\The Wall\mono\packages\scrapper\logs\homepage_ai_extractor\1772793181775_Q.ai
[2026-03-06T10:33:01.776Z] Company: Q.ai
[2026-03-06T10:33:01.776Z] Website: q.ai
[2026-03-06T10:33:01.776Z] cbRank: 204794
[2026-03-06T10:33:01.776Z] Reasons: h
[2026-03-06T10:33:01.776Z] Fetching: https://q.ai
[2026-03-06T10:33:03.524Z] Redirected: https://q.ai -> https://www.q.ai/
[2026-03-06T10:33:03.527Z] Saved HTML (27766 bytes) to page.html
[2026-03-06T10:33:03.530Z] Extracted 6 unique links from page
[2026-03-06T10:33:03.530Z] Saved 6 links to links.json
[2026-03-06T10:33:03.534Z] Extracted footer HTML (571 chars)
[2026-03-06T10:33:03.534Z] Extracted header HTML (998 chars)
[2026-03-06T10:33:03.539Z] Website (post-redirect): https://www.q.ai/ → origin: https://www.q.ai
[2026-03-06T10:33:03.539Z] External links: 5 (of 6 total)
[2026-03-06T10:33:03.539Z] ── All external links ──
[2026-03-06T10:33:03.539Z]   EXT: https://www.apple.com/legal/privacy/en-ww
[2026-03-06T10:33:03.539Z]   EXT: https://www.linkedin.com/company/q-a-i
[2026-03-06T10:33:03.539Z]   EXT: https://www.linkedin.com/in/aviadmaizels
[2026-03-06T10:33:03.539Z]   EXT: https://www.linkedin.com/in/avibarliya
[2026-03-06T10:33:03.539Z]   EXT: https://www.linkedin.com/in/yonatanwexler
[2026-03-06T10:33:03.540Z] ── Step 1: Programmatic categorization ──
[2026-03-06T10:33:03.540Z]   UNCATEGORIZED: https://www.apple.com/legal/privacy/en-ww
[2026-03-06T10:33:03.540Z]   REGEX: li <- https://www.linkedin.com/company/q-a-i
[2026-03-06T10:33:03.540Z] ── Step 1b: Resolving 3 regex-domain URLs via redirect ──
[2026-03-06T10:33:03.540Z]   SKIP (regex domain, no match): https://www.linkedin.com/in/aviadmaizels
[2026-03-06T10:33:03.540Z]   SKIP (regex domain, no match): https://www.linkedin.com/in/avibarliya
[2026-03-06T10:33:03.540Z]   SKIP (regex domain, no match): https://www.linkedin.com/in/yonatanwexler
[2026-03-06T10:33:03.540Z] Programmatic result: ws:1, li:1 | 1 uncategorized
[2026-03-06T10:33:03.540Z] Sending uncategorized links + HTML sections to AI for analysis...
[2026-03-06T10:33:03.541Z] Saved AI prompt (2188 chars) to ai_prompt.txt
[2026-03-06T10:33:10.161Z] Saved AI response to ai_response.json
[2026-03-06T10:33:10.161Z] ── Parsing AI response (1 lines) ──
[2026-03-06T10:33:10.161Z] AI returned 0 valid links
[2026-03-06T10:33:10.162Z] ── Categorizing 0 AI-returned links ──
[2026-03-06T10:33:10.162Z] ── Step 2b: Footer/header uncategorized links ──
[2026-03-06T10:33:10.162Z] Footer/header origins (3):
[2026-03-06T10:33:10.162Z]   FOOTER/HEADER ORIGIN: https://www.apple.com
[2026-03-06T10:33:10.162Z]   FOOTER/HEADER ORIGIN: https://www.q.ai
[2026-03-06T10:33:10.162Z]   FOOTER/HEADER ORIGIN: https://www.linkedin.com
[2026-03-06T10:33:10.162Z]   ADDED: urls <- https://www.apple.com/legal/privacy/en-ww
[2026-03-06T10:33:10.162Z] Step 2b result: added 1 uncategorized domains from footer/header
[2026-03-06T10:33:10.162Z] ── Step 3: Final dedup ──
[2026-03-06T10:33:10.162Z] Dedup: removed 0 of 1 URLs already in specialized fields
[2026-03-06T10:33:10.162Z] ── FINAL RESULT ──
[2026-03-06T10:33:10.163Z]   ws (1):
[2026-03-06T10:33:10.163Z]     - https://www.q.ai
[2026-03-06T10:33:10.163Z]   li (1):
[2026-03-06T10:33:10.163Z]     - https://www.linkedin.com/company/q-a-i
[2026-03-06T10:33:10.163Z]   urls (1):
[2026-03-06T10:33:10.163Z]     - https://www.apple.com/legal/privacy/en-ww
[2026-03-06T10:33:10.163Z] Summary: ws:1, li:1, urls:1
[2026-03-06T10:33:10.163Z] Saved final result to result.json
[2026-03-06T10:33:10.164Z] Override fields: ws, li, urls
[2026-03-06T10:33:10.164Z] Finished at: 2026-03-06T10:33:10.164Z
