[2026-03-07T19:00:30.858Z] === Homepage AI Extractor: FamilyBiz ===
[2026-03-07T19:00:30.858Z] Started at: 2026-03-07T19:00:30.858Z
[2026-03-07T19:00:30.858Z] Log directory: E:\code\The Wall\mono\packages\scrapper\logs\homepage_ai_extractor\1772910030858_FamilyBiz
[2026-03-07T19:00:30.858Z] Company: FamilyBiz
[2026-03-07T19:00:30.858Z] Website: familybiz.co.il
[2026-03-07T19:00:30.858Z] cbRank: 319314
[2026-03-07T19:00:30.858Z] Reasons: h
[2026-03-07T19:00:30.859Z] Fetching: https://familybiz.co.il
[2026-03-07T19:00:42.059Z] Network idle timeout — continuing with current state
[2026-03-07T19:00:42.101Z] Redirected: https://familybiz.co.il -> https://familybiz.co.il/
[2026-03-07T19:00:42.106Z] Saved HTML (80032 bytes) to page.html
[2026-03-07T19:00:42.110Z] Extracted 35 unique links from page
[2026-03-07T19:00:42.111Z] Saved 35 links to links.json
[2026-03-07T19:00:42.114Z] Extracted footer HTML (5152 chars)
[2026-03-07T19:00:42.114Z] Extracted header HTML (2215 chars)
[2026-03-07T19:00:42.118Z] Website (post-redirect): https://familybiz.co.il/ → origin: https://familybiz.co.il
[2026-03-07T19:00:42.118Z]   SUBDOMAIN: help.familybiz.co.il (added to ws)
[2026-03-07T19:00:42.119Z] Website subdomains found: 1
[2026-03-07T19:00:42.119Z] External links: 24 (of 35 total)
[2026-03-07T19:00:42.119Z] ── All external links ──
[2026-03-07T19:00:42.119Z]   EXT: http://www.negishim.org
[2026-03-07T19:00:42.119Z]   EXT: https://apps.apple.com/il/app/familybiz/id1494717496
[2026-03-07T19:00:42.119Z]   EXT: https://familybiz.onelink.me/kr4R/web
[2026-03-07T19:00:42.119Z]   EXT: https://glz.co.il/%D7%92%D7%9C%D7%A6
[2026-03-07T19:00:42.119Z]   EXT: https://play.google.com/store/apps/details?id=com.familybiz2&hl=en
[2026-03-07T19:00:42.119Z]   EXT: https://www.calcalist.co.il
[2026-03-07T19:00:42.119Z]   EXT: https://www.emun.org
[2026-03-07T19:00:42.119Z]   EXT: https://www.facebook.com/FamilyBiz.co.il
[2026-03-07T19:00:42.120Z]   EXT: https://www.facebook.com/alon.askal
[2026-03-07T19:00:42.120Z]   EXT: https://www.facebook.com/amit.hananya.5
[2026-03-07T19:00:42.120Z]   EXT: https://www.facebook.com/groups/2275922769304553
[2026-03-07T19:00:42.120Z]   EXT: https://www.facebook.com/inbar.yacoby.9
[2026-03-07T19:00:42.120Z]   EXT: https://www.facebook.com/omer.perez
[2026-03-07T19:00:42.120Z]   EXT: https://www.facebook.com/shir.druckman
[2026-03-07T19:00:42.120Z]   EXT: https://www.fnx.co.il
[2026-03-07T19:00:42.120Z]   EXT: https://www.hcsra.co.il/Pages/HomePage.aspx
[2026-03-07T19:00:42.120Z]   EXT: https://www.instagram.com/familybiz_app
[2026-03-07T19:00:42.120Z]   EXT: https://www.linkedin.com/company/familybiz
[2026-03-07T19:00:42.120Z]   EXT: https://www.menoramivt.co.il/wps/portal/home
[2026-03-07T19:00:42.120Z]   EXT: https://www.mizrahi-tefahot.co.il
[2026-03-07T19:00:42.120Z]   EXT: https://www.shomera.co.il/Pages/HomePage.aspx
[2026-03-07T19:00:42.120Z]   EXT: https://www.tarya.co.il
[2026-03-07T19:00:42.120Z]   EXT: https://www.ynet.co.il
[2026-03-07T19:00:42.121Z]   EXT: https://www.youtube.com/channel/UCTzRvsARXSxj_o__LWqSBlQ
[2026-03-07T19:00:42.121Z] ── Step 1: Programmatic categorization ──
[2026-03-07T19:00:42.121Z]   UNCATEGORIZED: http://www.negishim.org
[2026-03-07T19:00:42.121Z]   UNCATEGORIZED: https://apps.apple.com/il/app/familybiz/id1494717496
[2026-03-07T19:00:42.121Z]   UNCATEGORIZED: https://familybiz.onelink.me/kr4R/web
[2026-03-07T19:00:42.121Z]   UNCATEGORIZED: https://glz.co.il/%D7%92%D7%9C%D7%A6
[2026-03-07T19:00:42.121Z]   REGEX: android_app_ids <- com.familybiz2 (from https://play.google.com/store/apps/details?id=com.familybiz2&hl=en)
[2026-03-07T19:00:42.122Z]   UNCATEGORIZED: https://www.calcalist.co.il
[2026-03-07T19:00:42.122Z]   UNCATEGORIZED: https://www.emun.org
[2026-03-07T19:00:42.122Z]   REGEX: fb <- https://www.facebook.com/FamilyBiz.co.il
[2026-03-07T19:00:42.122Z]   REGEX: fb <- https://www.facebook.com/alon.askal
[2026-03-07T19:00:42.122Z]   REGEX: fb <- https://www.facebook.com/amit.hananya.5
[2026-03-07T19:00:42.122Z]   REGEX: fb <- https://www.facebook.com/inbar.yacoby.9
[2026-03-07T19:00:42.122Z]   REGEX: fb <- https://www.facebook.com/omer.perez
[2026-03-07T19:00:42.122Z]   REGEX: fb <- https://www.facebook.com/shir.druckman
[2026-03-07T19:00:42.122Z]   UNCATEGORIZED: https://www.fnx.co.il
[2026-03-07T19:00:42.122Z]   UNCATEGORIZED: https://www.hcsra.co.il/Pages/HomePage.aspx
[2026-03-07T19:00:42.122Z]   REGEX: ig <- https://www.instagram.com/familybiz_app
[2026-03-07T19:00:42.122Z]   REGEX: li <- https://www.linkedin.com/company/familybiz
[2026-03-07T19:00:42.123Z]   UNCATEGORIZED: https://www.menoramivt.co.il/wps/portal/home
[2026-03-07T19:00:42.123Z]   UNCATEGORIZED: https://www.mizrahi-tefahot.co.il
[2026-03-07T19:00:42.123Z]   UNCATEGORIZED: https://www.shomera.co.il/Pages/HomePage.aspx
[2026-03-07T19:00:42.123Z]   UNCATEGORIZED: https://www.tarya.co.il
[2026-03-07T19:00:42.123Z]   UNCATEGORIZED: https://www.ynet.co.il
[2026-03-07T19:00:42.123Z]   REGEX: ytc <- https://www.youtube.com/channel/UCTzRvsARXSxj_o__LWqSBlQ
[2026-03-07T19:00:42.123Z] ── Step 1b: Resolving 1 regex-domain URLs via redirect ──
[2026-03-07T19:00:42.123Z]   SKIP (regex domain, no match): https://www.facebook.com/groups/2275922769304553
[2026-03-07T19:00:42.123Z] Programmatic result: ws:2, android_app_ids:1, fb:6, ig:1, li:1, ytc:1 | 13 uncategorized
[2026-03-07T19:00:42.123Z] Sending uncategorized links + HTML sections to AI for analysis...
[2026-03-07T19:00:42.124Z] Saved AI prompt (6746 chars) to ai_prompt.txt
[2026-03-07T19:01:27.156Z] Saved AI response to ai_response.json
[2026-03-07T19:01:27.156Z] ── Parsing AI response (5 lines) ──
[2026-03-07T19:01:27.156Z]   AI LINK: https://apps.apple.com/il/app/familybiz/id1494717496
[2026-03-07T19:01:27.156Z]   AI LINK: https://www.instagram.com/familybiz_app/
[2026-03-07T19:01:27.157Z]   AI LINK: https://www.facebook.com/FamilyBiz.co.il/
[2026-03-07T19:01:27.157Z]   AI LINK: https://www.linkedin.com/company/familybiz/
[2026-03-07T19:01:27.157Z]   AI LINK: https://www.youtube.com/channel/UCTzRvsARXSxj_o__LWqSBlQ
[2026-03-07T19:01:27.157Z] AI returned 5 valid links
[2026-03-07T19:01:27.157Z] ── Categorizing 5 AI-returned links ──
[2026-03-07T19:01:27.157Z]   AI→URLS: https://apps.apple.com/il/app/familybiz/id1494717496
[2026-03-07T19:01:27.157Z]   AI→REGEX: ig <- https://www.instagram.com/familybiz_app/ (duplicate, skipped)
[2026-03-07T19:01:27.157Z]   AI→REGEX: fb <- https://www.facebook.com/FamilyBiz.co.il/ (duplicate, skipped)
[2026-03-07T19:01:27.157Z]   AI→REGEX: li <- https://www.linkedin.com/company/familybiz/ (duplicate, skipped)
[2026-03-07T19:01:27.158Z]   AI→REGEX: ytc <- https://www.youtube.com/channel/UCTzRvsARXSxj_o__LWqSBlQ (duplicate, skipped)
[2026-03-07T19:01:27.158Z] ── Step 2b: Footer/header uncategorized links ──
[2026-03-07T19:01:27.158Z] Footer/header origins (6):
[2026-03-07T19:01:27.158Z]   FOOTER/HEADER ORIGIN: http://help.familybiz.co.il
[2026-03-07T19:01:27.158Z]   FOOTER/HEADER ORIGIN: https://www.facebook.com
[2026-03-07T19:01:27.158Z]   FOOTER/HEADER ORIGIN: https://www.instagram.com
[2026-03-07T19:01:27.158Z]   FOOTER/HEADER ORIGIN: https://www.linkedin.com
[2026-03-07T19:01:27.158Z]   FOOTER/HEADER ORIGIN: https://www.youtube.com
[2026-03-07T19:01:27.158Z]   FOOTER/HEADER ORIGIN: https://familybiz.onelink.me
[2026-03-07T19:01:27.159Z]   SKIP (not in footer/header): http://www.negishim.org
[2026-03-07T19:01:27.159Z]   SKIP (AI claimed): https://apps.apple.com/il/app/familybiz/id1494717496
[2026-03-07T19:01:27.159Z]   ADDED: urls <- https://familybiz.onelink.me/kr4R/web
[2026-03-07T19:01:27.159Z]   SKIP (not in footer/header): https://glz.co.il/%D7%92%D7%9C%D7%A6
[2026-03-07T19:01:27.159Z]   SKIP (not in footer/header): https://www.calcalist.co.il
[2026-03-07T19:01:27.159Z]   SKIP (not in footer/header): https://www.emun.org
[2026-03-07T19:01:27.159Z]   SKIP (not in footer/header): https://www.fnx.co.il
[2026-03-07T19:01:27.159Z]   SKIP (not in footer/header): https://www.hcsra.co.il/Pages/HomePage.aspx
[2026-03-07T19:01:27.159Z]   SKIP (not in footer/header): https://www.menoramivt.co.il/wps/portal/home
[2026-03-07T19:01:27.159Z]   SKIP (not in footer/header): https://www.mizrahi-tefahot.co.il
[2026-03-07T19:01:27.159Z]   SKIP (not in footer/header): https://www.shomera.co.il/Pages/HomePage.aspx
[2026-03-07T19:01:27.160Z]   SKIP (not in footer/header): https://www.tarya.co.il
[2026-03-07T19:01:27.160Z]   SKIP (not in footer/header): https://www.ynet.co.il
[2026-03-07T19:01:27.160Z] Step 2b result: added 1 uncategorized domains from footer/header
[2026-03-07T19:01:27.160Z] ── Step 3: Final dedup ──
[2026-03-07T19:01:27.160Z] Dedup: removed 0 of 2 URLs already in specialized fields
[2026-03-07T19:01:27.160Z] ── FINAL RESULT ──
[2026-03-07T19:01:27.160Z]   ws (2):
[2026-03-07T19:01:27.160Z]     - https://familybiz.co.il
[2026-03-07T19:01:27.160Z]     - https://help.familybiz.co.il
[2026-03-07T19:01:27.160Z]   li (1):
[2026-03-07T19:01:27.160Z]     - https://www.linkedin.com/company/familybiz
[2026-03-07T19:01:27.160Z]   fb (6):
[2026-03-07T19:01:27.160Z]     - https://www.facebook.com/alon.askal
[2026-03-07T19:01:27.161Z]     - https://www.facebook.com/amit.hananya.5
[2026-03-07T19:01:27.161Z]     - https://www.facebook.com/familybiz.co.il
[2026-03-07T19:01:27.161Z]     - https://www.facebook.com/inbar.yacoby.9
[2026-03-07T19:01:27.161Z]     - https://www.facebook.com/omer.perez
[2026-03-07T19:01:27.161Z]     - https://www.facebook.com/shir.druckman
[2026-03-07T19:01:27.161Z]   ig (1):
[2026-03-07T19:01:27.161Z]     - https://www.instagram.com/familybiz_app
[2026-03-07T19:01:27.161Z]   ytc (1):
[2026-03-07T19:01:27.161Z]     - https://www.youtube.com/channel/UCTzRvsARXSxj_o__LWqSBlQ
[2026-03-07T19:01:27.161Z]   urls (2):
[2026-03-07T19:01:27.161Z]     - https://apps.apple.com/il/app/familybiz/id1494717496
[2026-03-07T19:01:27.161Z]     - https://familybiz.onelink.me/kr4R/web
[2026-03-07T19:01:27.161Z]   android_app_ids (1):
[2026-03-07T19:01:27.161Z]     - com.familybiz2
[2026-03-07T19:01:27.161Z] Summary: ws:2, android_app_ids:1, fb:6, ig:1, li:1, ytc:1, urls:2
[2026-03-07T19:01:27.162Z] Saved final result to result.json
[2026-03-07T19:01:27.162Z] Override fields: ws, li, fb, ig, ytc, urls, android_app_ids
[2026-03-07T19:01:27.162Z] Finished at: 2026-03-07T19:01:27.162Z
