[2026-03-07T17:30:26.118Z] === Homepage AI Extractor: Aiso ===
[2026-03-07T17:30:26.118Z] Started at: 2026-03-07T17:30:26.118Z
[2026-03-07T17:30:26.118Z] Log directory: E:\code\The Wall\mono\packages\scrapper\logs\homepage_ai_extractor\1772904626118_Aiso
[2026-03-07T17:30:26.119Z] Company: Aiso
[2026-03-07T17:30:26.119Z] Website: getaiso.com
[2026-03-07T17:30:26.119Z] cbRank: 296740
[2026-03-07T17:30:26.119Z] Reasons: h
[2026-03-07T17:30:26.119Z] Fetching: https://getaiso.com
[2026-03-07T17:30:29.696Z] Redirected: https://getaiso.com -> https://www.getaiso.com/
[2026-03-07T17:30:29.702Z] Saved HTML (115879 bytes) to page.html
[2026-03-07T17:30:29.707Z] Extracted 42 unique links from page
[2026-03-07T17:30:29.707Z] Saved 42 links to links.json
[2026-03-07T17:30:29.711Z] Extracted footer HTML (11039 chars)
[2026-03-07T17:30:29.711Z] Extracted header HTML (228 chars)
[2026-03-07T17:30:29.717Z] Website (post-redirect): https://www.getaiso.com/ → origin: https://www.getaiso.com
[2026-03-07T17:30:29.718Z]   SUBDOMAIN: app.getaiso.com (added to ws)
[2026-03-07T17:30:29.718Z] Website subdomains found: 1
[2026-03-07T17:30:29.718Z] External links: 14 (of 42 total)
[2026-03-07T17:30:29.718Z] ── All external links ──
[2026-03-07T17:30:29.718Z]   EXT: https://animaapp.com
[2026-03-07T17:30:29.718Z]   EXT: https://justlaser.com
[2026-03-07T17:30:29.718Z]   EXT: https://linguana.com
[2026-03-07T17:30:29.718Z]   EXT: https://particleformen.com
[2026-03-07T17:30:29.719Z]   EXT: https://searchengineland.com/schema-ai-overviews-structured-data-visibility-462353
[2026-03-07T17:30:29.719Z]   EXT: https://sophiahigh.school
[2026-03-07T17:30:29.719Z]   EXT: https://tally.so/r/wMMD9E
[2026-03-07T17:30:29.719Z]   EXT: https://theresanaiforthat.com/ai/aiso
[2026-03-07T17:30:29.719Z]   EXT: https://workwithisland.com
[2026-03-07T17:30:29.719Z]   EXT: https://www.linkedin.com/company/getaiso
[2026-03-07T17:30:29.719Z]   EXT: https://www.mind.eu.com/retail/fr/search-ai-comment-la-start-up-aiso-a-multiplie-par-cinq-la-visibilite-de-le-commercant-americain-particle
[2026-03-07T17:30:29.719Z]   EXT: https://www.producthunt.com/posts/aiso
[2026-03-07T17:30:29.719Z]   EXT: https://www.stay-u-nique.com
[2026-03-07T17:30:29.719Z]   EXT: https://www.youtube.com/@Aiso-AISearchOptimization
[2026-03-07T17:30:29.719Z] ── Step 1: Programmatic categorization ──
[2026-03-07T17:30:29.719Z]   UNCATEGORIZED: https://animaapp.com
[2026-03-07T17:30:29.720Z]   UNCATEGORIZED: https://justlaser.com
[2026-03-07T17:30:29.720Z]   UNCATEGORIZED: https://linguana.com
[2026-03-07T17:30:29.720Z]   UNCATEGORIZED: https://particleformen.com
[2026-03-07T17:30:29.720Z]   UNCATEGORIZED: https://searchengineland.com/schema-ai-overviews-structured-data-visibility-462353
[2026-03-07T17:30:29.720Z]   UNCATEGORIZED: https://sophiahigh.school
[2026-03-07T17:30:29.720Z]   UNCATEGORIZED: https://tally.so/r/wMMD9E
[2026-03-07T17:30:29.720Z]   UNCATEGORIZED: https://theresanaiforthat.com/ai/aiso
[2026-03-07T17:30:29.720Z]   UNCATEGORIZED: https://workwithisland.com
[2026-03-07T17:30:29.720Z]   REGEX: li <- https://www.linkedin.com/company/getaiso
[2026-03-07T17:30:29.720Z]   UNCATEGORIZED: https://www.mind.eu.com/retail/fr/search-ai-comment-la-start-up-aiso-a-multiplie-par-cinq-la-visibilite-de-le-commercant-americain-particle
[2026-03-07T17:30:29.721Z]   UNCATEGORIZED: https://www.producthunt.com/posts/aiso
[2026-03-07T17:30:29.721Z]   UNCATEGORIZED: https://www.stay-u-nique.com
[2026-03-07T17:30:29.721Z]   REGEX: ytp <- https://www.youtube.com/@Aiso-AISearchOptimization
[2026-03-07T17:30:29.721Z] Programmatic result: ws:2, li:1, ytp:1 | 12 uncategorized
[2026-03-07T17:30:29.721Z] Sending uncategorized links + HTML sections to AI for analysis...
[2026-03-07T17:30:29.722Z] Saved AI prompt (9639 chars) to ai_prompt.txt
[2026-03-07T17:31:29.593Z] Saved AI response to ai_response.json
[2026-03-07T17:31:29.593Z] ── Parsing AI response (4 lines) ──
[2026-03-07T17:31:29.593Z]   AI LINK: https://www.producthunt.com/posts/aiso
[2026-03-07T17:31:29.593Z]   AI LINK: https://theresanaiforthat.com/ai/aiso/
[2026-03-07T17:31:29.593Z]   AI LINK: https://www.youtube.com/@Aiso-AISearchOptimization
[2026-03-07T17:31:29.593Z]   AI LINK: https://www.linkedin.com/company/getaiso/
[2026-03-07T17:31:29.594Z] AI returned 4 valid links
[2026-03-07T17:31:29.594Z] ── Categorizing 4 AI-returned links ──
[2026-03-07T17:31:29.594Z]   AI→URLS: https://www.producthunt.com/posts/aiso
[2026-03-07T17:31:29.594Z]   AI→URLS: https://theresanaiforthat.com/ai/aiso (cleaned from https://theresanaiforthat.com/ai/aiso/)
[2026-03-07T17:31:29.594Z]   AI→REGEX: ytp <- https://www.youtube.com/@Aiso-AISearchOptimization (duplicate, skipped)
[2026-03-07T17:31:29.594Z]   AI→REGEX: li <- https://www.linkedin.com/company/getaiso/ (duplicate, skipped)
[2026-03-07T17:31:29.595Z] ── Step 2b: Footer/header uncategorized links ──
[2026-03-07T17:31:29.595Z] Footer/header origins (6):
[2026-03-07T17:31:29.595Z]   FOOTER/HEADER ORIGIN: https://searchengineland.com
[2026-03-07T17:31:29.595Z]   FOOTER/HEADER ORIGIN: https://www.mind.eu.com
[2026-03-07T17:31:29.595Z]   FOOTER/HEADER ORIGIN: https://www.producthunt.com
[2026-03-07T17:31:29.595Z]   FOOTER/HEADER ORIGIN: https://theresanaiforthat.com
[2026-03-07T17:31:29.595Z]   FOOTER/HEADER ORIGIN: https://www.youtube.com
[2026-03-07T17:31:29.595Z]   FOOTER/HEADER ORIGIN: https://www.linkedin.com
[2026-03-07T17:31:29.595Z]   SKIP (not in footer/header): https://animaapp.com
[2026-03-07T17:31:29.595Z]   SKIP (not in footer/header): https://justlaser.com
[2026-03-07T17:31:29.596Z]   SKIP (not in footer/header): https://linguana.com
[2026-03-07T17:31:29.596Z]   SKIP (not in footer/header): https://particleformen.com
[2026-03-07T17:31:29.596Z]   ADDED: urls <- https://searchengineland.com/schema-ai-overviews-structured-data-visibility-462353
[2026-03-07T17:31:29.596Z]   SKIP (not in footer/header): https://sophiahigh.school
[2026-03-07T17:31:29.596Z]   SKIP (not in footer/header): https://tally.so/r/wMMD9E
[2026-03-07T17:31:29.596Z]   SKIP (AI claimed): https://theresanaiforthat.com/ai/aiso
[2026-03-07T17:31:29.596Z]   SKIP (not in footer/header): https://workwithisland.com
[2026-03-07T17:31:29.596Z]   ADDED: urls <- https://www.mind.eu.com/retail/fr/search-ai-comment-la-start-up-aiso-a-multiplie-par-cinq-la-visibilite-de-le-commercant-americain-particle
[2026-03-07T17:31:29.596Z]   SKIP (AI claimed): https://www.producthunt.com/posts/aiso
[2026-03-07T17:31:29.596Z]   SKIP (not in footer/header): https://www.stay-u-nique.com
[2026-03-07T17:31:29.597Z] Step 2b result: added 2 uncategorized domains from footer/header
[2026-03-07T17:31:29.597Z] ── Step 3: Final dedup ──
[2026-03-07T17:31:29.597Z] Dedup: removed 0 of 4 URLs already in specialized fields
[2026-03-07T17:31:29.597Z] ── FINAL RESULT ──
[2026-03-07T17:31:29.597Z]   ws (2):
[2026-03-07T17:31:29.597Z]     - https://app.getaiso.com
[2026-03-07T17:31:29.597Z]     - https://www.getaiso.com
[2026-03-07T17:31:29.597Z]   li (1):
[2026-03-07T17:31:29.597Z]     - https://www.linkedin.com/company/getaiso
[2026-03-07T17:31:29.597Z]   ytp (1):
[2026-03-07T17:31:29.597Z]     - https://www.youtube.com/@aiso-aisearchoptimization
[2026-03-07T17:31:29.597Z]   urls (4):
[2026-03-07T17:31:29.598Z]     - https://searchengineland.com/schema-ai-overviews-structured-data-visibility-462353
[2026-03-07T17:31:29.598Z]     - https://theresanaiforthat.com/ai/aiso
[2026-03-07T17:31:29.598Z]     - https://www.mind.eu.com/retail/fr/search-ai-comment-la-start-up-aiso-a-multiplie-par-cinq-la-visibilite-de-le-commercant-americain-particle
[2026-03-07T17:31:29.598Z]     - https://www.producthunt.com/posts/aiso
[2026-03-07T17:31:29.598Z] Summary: ws:2, li:1, ytp:1, urls:4
[2026-03-07T17:31:29.598Z] Saved final result to result.json
[2026-03-07T17:31:29.599Z] Override fields: ws, li, ytp, urls
[2026-03-07T17:31:29.599Z] Finished at: 2026-03-07T17:31:29.599Z
