[2026-03-05T12:57:18.330Z] === Homepage AI Extractor: Pashoot Robotics ===
[2026-03-05T12:57:18.330Z] Started at: 2026-03-05T12:57:18.330Z
[2026-03-05T12:57:18.330Z] Log directory: E:\code\The Wall\mono\packages\scrapper\logs\homepage_ai_extractor\1772715438330_Pashoot_Robotics
[2026-03-05T12:57:18.331Z] Company: Pashoot Robotics
[2026-03-05T12:57:18.331Z] Website: pashoot-robotics.com
[2026-03-05T12:57:18.331Z] cbRank: 99045
[2026-03-05T12:57:18.331Z] Reasons: h
[2026-03-05T12:57:18.331Z] Fetching: https://pashoot-robotics.com
[2026-03-05T12:57:29.703Z] Network idle timeout — continuing with current state
[2026-03-05T12:57:29.786Z] Redirected: https://pashoot-robotics.com -> https://www.pashoot-robotics.com/
[2026-03-05T12:57:29.813Z] Saved HTML (648761 bytes) to page.html
[2026-03-05T12:57:29.817Z] Extracted 2 unique links from page
[2026-03-05T12:57:29.818Z] Saved 2 links to links.json
[2026-03-05T12:57:29.822Z] Extracted footer HTML (7027 chars)
[2026-03-05T12:57:29.822Z] Extracted header HTML (2925 chars)
[2026-03-05T12:57:29.827Z] Website (post-redirect): https://www.pashoot-robotics.com/ → origin: https://www.pashoot-robotics.com
[2026-03-05T12:57:29.827Z] External links: 1 (of 2 total)
[2026-03-05T12:57:29.827Z] ── All external links ──
[2026-03-05T12:57:29.827Z]   EXT: https://www.linkedin.com/company/76115456
[2026-03-05T12:57:29.828Z] ── Step 1: Programmatic categorization ──
[2026-03-05T12:57:29.828Z]   REGEX: li <- https://www.linkedin.com/company/76115456
[2026-03-05T12:57:29.828Z] Programmatic result: ws:1, li:1 | 0 uncategorized
[2026-03-05T12:57:29.828Z] Sending uncategorized links + HTML sections to AI for analysis...
[2026-03-05T12:57:29.829Z] Saved AI prompt (6236 chars) to ai_prompt.txt
[2026-03-05T12:58:03.407Z] Saved AI response to ai_response.json
[2026-03-05T12:58:03.407Z] ── Parsing AI response (2 lines) ──
[2026-03-05T12:58:03.408Z]   AI LINK: https://www.pashoot-robotics.com
[2026-03-05T12:58:03.408Z]   AI LINK: https://www.linkedin.com/company/76115456/
[2026-03-05T12:58:03.408Z] AI returned 2 valid links
[2026-03-05T12:58:03.408Z] ── Categorizing 2 AI-returned links ──
[2026-03-05T12:58:03.408Z]   AI→URLS: https://www.pashoot-robotics.com
[2026-03-05T12:58:03.408Z]   AI→REGEX: li <- https://www.linkedin.com/company/76115456/ (duplicate, skipped)
[2026-03-05T12:58:03.409Z] ── Step 2b: Footer/header uncategorized links ──
[2026-03-05T12:58:03.409Z] Footer/header origins (2):
[2026-03-05T12:58:03.409Z]   FOOTER/HEADER ORIGIN: https://www.pashoot-robotics.com
[2026-03-05T12:58:03.409Z]   FOOTER/HEADER ORIGIN: https://www.linkedin.com
[2026-03-05T12:58:03.409Z] Step 2b result: added 0 uncategorized domains from footer/header
[2026-03-05T12:58:03.409Z] ── Step 3: Final dedup ──
[2026-03-05T12:58:03.409Z] Dedup: removed 0 of 1 URLs already in specialized fields
[2026-03-05T12:58:03.409Z] ── FINAL RESULT ──
[2026-03-05T12:58:03.409Z]   ws (1):
[2026-03-05T12:58:03.409Z]     - https://www.pashoot-robotics.com
[2026-03-05T12:58:03.409Z]   li (1):
[2026-03-05T12:58:03.410Z]     - https://www.linkedin.com/company/76115456
[2026-03-05T12:58:03.410Z]   urls (1):
[2026-03-05T12:58:03.410Z]     - https://www.pashoot-robotics.com
[2026-03-05T12:58:03.410Z] Summary: ws:1, li:1, urls:1
[2026-03-05T12:58:03.410Z] Saved final result to result.json
[2026-03-05T12:58:03.410Z] Override fields: ws, li, urls
[2026-03-05T12:58:03.411Z] Finished at: 2026-03-05T12:58:03.411Z
