[2026-03-01T18:04:43.740Z] === Homepage AI Extractor: Twine Solutions ===
[2026-03-01T18:04:43.740Z] Started at: 2026-03-01T18:04:43.740Z
[2026-03-01T18:04:43.740Z] Log directory: E:\code\The Wall\mono\packages\scrapper\logs\homepage_ai_extractor\1772388283739_Twine_Solutions
[2026-03-01T18:04:43.740Z] Company: Twine Solutions
[2026-03-01T18:04:43.740Z] Website: twine-s.com
[2026-03-01T18:04:43.740Z] cbRank: 35123
[2026-03-01T18:04:43.740Z] Reasons: h
[2026-03-01T18:04:43.740Z] Fetching: https://twine-s.com
[2026-03-01T18:04:55.222Z] Network idle timeout — continuing with current state
[2026-03-01T18:04:55.327Z] Redirected: https://twine-s.com -> https://twine-s.com/
[2026-03-01T18:04:55.346Z] Saved HTML (129260 bytes) to page.html
[2026-03-01T18:04:55.366Z] Extracted 34 unique links from page
[2026-03-01T18:04:55.367Z] Saved 34 links to links.json
[2026-03-01T18:04:55.389Z] No footer section found in DOM
[2026-03-01T18:04:55.390Z] Extracted header HTML (5881 chars)
[2026-03-01T18:04:55.411Z] Website (post-redirect): https://twine-s.com/ → origin: https://twine-s.com
[2026-03-01T18:04:55.411Z] External links: 6 (of 34 total)
[2026-03-01T18:04:55.412Z] ── All external links ──
[2026-03-01T18:04:55.412Z]   EXT: https://twitter.com/twine_solutions
[2026-03-01T18:04:55.412Z]   EXT: https://www.facebook.com/TwineSolutions
[2026-03-01T18:04:55.412Z]   EXT: https://www.instagram.com/twine_solutions
[2026-03-01T18:04:55.412Z]   EXT: https://www.linkedin.com/company/twine-solutions-ltd
[2026-03-01T18:04:55.412Z]   EXT: https://www.ozglobalb2b.com
[2026-03-01T18:04:55.412Z]   EXT: https://www.youtube.com/channel/UCcXOfI6QXnLjCz82gWGtI4g
[2026-03-01T18:04:55.413Z] ── Step 1: Programmatic categorization ──
[2026-03-01T18:04:55.413Z]   REGEX: tw <- https://twitter.com/twine_solutions
[2026-03-01T18:04:55.413Z]   REGEX: fb <- https://www.facebook.com/TwineSolutions
[2026-03-01T18:04:55.413Z]   REGEX: ig <- https://www.instagram.com/twine_solutions
[2026-03-01T18:04:55.413Z]   REGEX: li <- https://www.linkedin.com/company/twine-solutions-ltd
[2026-03-01T18:04:55.413Z]   UNCATEGORIZED: https://www.ozglobalb2b.com
[2026-03-01T18:04:55.414Z]   REGEX: ytc <- https://www.youtube.com/channel/UCcXOfI6QXnLjCz82gWGtI4g
[2026-03-01T18:04:55.414Z] Programmatic result: ws:1, tw:1, fb:1, ig:1, li:1, ytc:1 | 1 uncategorized
[2026-03-01T18:04:55.414Z] Sending uncategorized links + HTML sections to AI for analysis...
[2026-03-01T18:04:55.415Z] Saved AI prompt (1972 chars) to ai_prompt.txt
[2026-03-01T18:05:01.108Z] Saved AI response to ai_response.json
[2026-03-01T18:05:01.109Z] ── Parsing AI response (1 lines) ──
[2026-03-01T18:05:01.109Z] AI returned 0 valid links
[2026-03-01T18:05:01.109Z] ── Categorizing 0 AI-returned links ──
[2026-03-01T18:05:01.110Z] ── Step 2b: Footer/header uncategorized links ──
[2026-03-01T18:05:01.110Z] Footer/header origins (1):
[2026-03-01T18:05:01.110Z]   FOOTER/HEADER ORIGIN: https://twine-s.com
[2026-03-01T18:05:01.110Z]   SKIP (not in footer/header): https://www.ozglobalb2b.com
[2026-03-01T18:05:01.110Z] Step 2b result: added 0 uncategorized domains from footer/header
[2026-03-01T18:05:01.110Z] ── Step 3: Final dedup ──
[2026-03-01T18:05:01.110Z] No urls to dedup
[2026-03-01T18:05:01.110Z] ── FINAL RESULT ──
[2026-03-01T18:05:01.110Z]   ws (1):
[2026-03-01T18:05:01.110Z]     - https://twine-s.com
[2026-03-01T18:05:01.111Z]   li (1):
[2026-03-01T18:05:01.111Z]     - https://www.linkedin.com/company/twine-solutions-ltd
[2026-03-01T18:05:01.111Z]   fb (1):
[2026-03-01T18:05:01.111Z]     - https://www.facebook.com/twinesolutions
[2026-03-01T18:05:01.111Z]   tw (1):
[2026-03-01T18:05:01.111Z]     - https://x.com/twine_solutions
[2026-03-01T18:05:01.111Z]   ig (1):
[2026-03-01T18:05:01.111Z]     - https://www.instagram.com/twine_solutions
[2026-03-01T18:05:01.111Z]   ytc (1):
[2026-03-01T18:05:01.111Z]     - https://www.youtube.com/channel/uccxofi6qxnljcz82gwgti4g
[2026-03-01T18:05:01.111Z] Summary: ws:1, tw:1, fb:1, ig:1, li:1, ytc:1
[2026-03-01T18:05:01.112Z] Saved final result to result.json
[2026-03-01T18:05:01.112Z] Override fields: ws, li, fb, tw, ig, ytc
[2026-03-01T18:05:01.112Z] Finished at: 2026-03-01T18:05:01.112Z
