[2026-03-06T04:42:08.874Z] === Homepage AI Extractor: Homrun ===
[2026-03-06T04:42:08.875Z] Started at: 2026-03-06T04:42:08.875Z
[2026-03-06T04:42:08.875Z] Log directory: E:\code\The Wall\mono\packages\scrapper\logs\homepage_ai_extractor\1772772128874_Homrun
[2026-03-06T04:42:08.875Z] Company: Homrun
[2026-03-06T04:42:08.875Z] Website: homrungroup.com
[2026-03-06T04:42:08.875Z] cbRank: 127028
[2026-03-06T04:42:08.875Z] Reasons: h
[2026-03-06T04:42:08.875Z] Fetching: https://homrungroup.com
[2026-03-06T04:42:14.039Z] Redirected: https://homrungroup.com -> https://homrungroup.com/
[2026-03-06T04:42:14.058Z] Saved HTML (573704 bytes) to page.html
[2026-03-06T04:42:14.062Z] Extracted 8 unique links from page
[2026-03-06T04:42:14.063Z] Saved 8 links to links.json
[2026-03-06T04:42:14.066Z] Extracted footer HTML (2761 chars)
[2026-03-06T04:42:14.066Z] Extracted header HTML (917 chars)
[2026-03-06T04:42:14.071Z] Website (post-redirect): https://homrungroup.com/ → origin: https://homrungroup.com
[2026-03-06T04:42:14.071Z] External links: 3 (of 8 total)
[2026-03-06T04:42:14.071Z] ── All external links ──
[2026-03-06T04:42:14.071Z]   EXT: https://www.facebook.com/homrungroup
[2026-03-06T04:42:14.072Z]   EXT: https://www.lifeline-art.com
[2026-03-06T04:42:14.072Z]   EXT: https://www.linkedin.com/company/homrun
[2026-03-06T04:42:14.072Z] ── Step 1: Programmatic categorization ──
[2026-03-06T04:42:14.072Z]   REGEX: fb <- https://www.facebook.com/homrungroup
[2026-03-06T04:42:14.072Z]   UNCATEGORIZED: https://www.lifeline-art.com
[2026-03-06T04:42:14.072Z]   REGEX: li <- https://www.linkedin.com/company/homrun
[2026-03-06T04:42:14.072Z] Programmatic result: ws:1, fb:1, li:1 | 1 uncategorized
[2026-03-06T04:42:14.072Z] Sending uncategorized links + HTML sections to AI for analysis...
[2026-03-06T04:42:14.073Z] Saved AI prompt (3598 chars) to ai_prompt.txt
[2026-03-06T04:42:27.855Z] Saved AI response to ai_response.json
[2026-03-06T04:42:27.856Z] ── Parsing AI response (1 lines) ──
[2026-03-06T04:42:27.856Z] AI returned 0 valid links
[2026-03-06T04:42:27.856Z] ── Categorizing 0 AI-returned links ──
[2026-03-06T04:42:27.856Z] ── Step 2b: Footer/header uncategorized links ──
[2026-03-06T04:42:27.856Z] Footer/header origins (1):
[2026-03-06T04:42:27.856Z]   FOOTER/HEADER ORIGIN: https://homrungroup.com
[2026-03-06T04:42:27.856Z]   SKIP (not in footer/header): https://www.lifeline-art.com
[2026-03-06T04:42:27.856Z] Step 2b result: added 0 uncategorized domains from footer/header
[2026-03-06T04:42:27.857Z] ── Step 3: Final dedup ──
[2026-03-06T04:42:27.857Z] No urls to dedup
[2026-03-06T04:42:27.857Z] ── FINAL RESULT ──
[2026-03-06T04:42:27.857Z]   ws (1):
[2026-03-06T04:42:27.857Z]     - https://homrungroup.com
[2026-03-06T04:42:27.857Z]   li (1):
[2026-03-06T04:42:27.857Z]     - https://www.linkedin.com/company/homrun
[2026-03-06T04:42:27.857Z]   fb (1):
[2026-03-06T04:42:27.857Z]     - https://www.facebook.com/homrungroup
[2026-03-06T04:42:27.857Z] Summary: ws:1, fb:1, li:1
[2026-03-06T04:42:27.859Z] Saved final result to result.json
[2026-03-06T04:42:27.859Z] Override fields: ws, li, fb
[2026-03-06T04:42:27.860Z] Finished at: 2026-03-06T04:42:27.860Z
