[2026-03-05T07:42:12.732Z] === Homepage AI Extractor: Pangea Biomed ===
[2026-03-05T07:42:12.732Z] Started at: 2026-03-05T07:42:12.732Z
[2026-03-05T07:42:12.732Z] Log directory: E:\code\The Wall\mono\packages\scrapper\logs\homepage_ai_extractor\1772696532731_Pangea_Biomed
[2026-03-05T07:42:12.732Z] Company: Pangea Biomed
[2026-03-05T07:42:12.732Z] Website: pangeabiomed.com
[2026-03-05T07:42:12.732Z] cbRank: 60888
[2026-03-05T07:42:12.732Z] Reasons: h
[2026-03-05T07:42:12.732Z] Fetching: https://pangeabiomed.com
[2026-03-05T07:42:14.577Z] Redirected: https://pangeabiomed.com -> https://pangeabiomed.com/
[2026-03-05T07:42:14.581Z] Saved HTML (44998 bytes) to page.html
[2026-03-05T07:42:14.584Z] Extracted 15 unique links from page
[2026-03-05T07:42:14.584Z] Saved 15 links to links.json
[2026-03-05T07:42:14.589Z] Extracted footer HTML (5245 chars)
[2026-03-05T07:42:14.589Z] Extracted header HTML (5077 chars)
[2026-03-05T07:42:14.594Z] Website (post-redirect): https://pangeabiomed.com/ → origin: https://pangeabiomed.com
[2026-03-05T07:42:14.594Z] External links: 4 (of 15 total)
[2026-03-05T07:42:14.595Z] ── All external links ──
[2026-03-05T07:42:14.595Z]   EXT: https://twitter.com/PangeaBiomed
[2026-03-05T07:42:14.595Z]   EXT: https://www.google.com/maps/place/%D7%94%D7%91%D7%A8%D7%96%D7%9C+2a,+%D7%AA%D7%9C+%D7%90%D7%91%D7%99%D7%91-%D7%99%D7%A4%D7%95%E2%80%AD/@32.1063605,34.8369437,17z/data=!3m1!4b1!4m5!3m4!1s0x151d4991874679f5:0x8e0c8a2a71d9000b!8m2!3d32.106356!4d34.834755
[2026-03-05T07:42:14.595Z]   EXT: https://www.linkedin.com/company/pangea-biomed
[2026-03-05T07:42:14.595Z]   EXT: https://www.youtube.com/channel/UC0tgNPLez863ZMHRGrs-HyQ
[2026-03-05T07:42:14.595Z] ── Step 1: Programmatic categorization ──
[2026-03-05T07:42:14.595Z]   REGEX: tw <- https://twitter.com/PangeaBiomed
[2026-03-05T07:42:14.596Z]   UNCATEGORIZED: https://www.google.com/maps/place/%D7%94%D7%91%D7%A8%D7%96%D7%9C+2a,+%D7%AA%D7%9C+%D7%90%D7%91%D7%99%D7%91-%D7%99%D7%A4%D7%95%E2%80%AD/@32.1063605,34.8369437,17z/data=!3m1!4b1!4m5!3m4!1s0x151d4991874679f5:0x8e0c8a2a71d9000b!8m2!3d32.106356!4d34.834755
[2026-03-05T07:42:14.596Z]   REGEX: li <- https://www.linkedin.com/company/pangea-biomed
[2026-03-05T07:42:14.596Z]   REGEX: ytc <- https://www.youtube.com/channel/UC0tgNPLez863ZMHRGrs-HyQ
[2026-03-05T07:42:14.596Z] Programmatic result: ws:1, tw:1, li:1, ytc:1 | 1 uncategorized
[2026-03-05T07:42:14.596Z] Sending uncategorized links + HTML sections to AI for analysis...
[2026-03-05T07:42:14.598Z] Saved AI prompt (4581 chars) to ai_prompt.txt
[2026-03-05T07:42:47.666Z] Saved AI response to ai_response.json
[2026-03-05T07:42:47.666Z] ── Parsing AI response (3 lines) ──
[2026-03-05T07:42:47.666Z]   AI LINK: https://www.linkedin.com/company/pangea-biomed
[2026-03-05T07:42:47.666Z]   AI LINK: https://www.youtube.com/channel/UC0tgNPLez863ZMHRGrs-HyQ
[2026-03-05T07:42:47.666Z]   AI LINK: https://twitter.com/PangeaBiomed
[2026-03-05T07:42:47.666Z] AI returned 3 valid links
[2026-03-05T07:42:47.666Z] ── Categorizing 3 AI-returned links ──
[2026-03-05T07:42:47.666Z]   AI→REGEX: li <- https://www.linkedin.com/company/pangea-biomed (duplicate, skipped)
[2026-03-05T07:42:47.667Z]   AI→REGEX: ytc <- https://www.youtube.com/channel/UC0tgNPLez863ZMHRGrs-HyQ (duplicate, skipped)
[2026-03-05T07:42:47.667Z]   AI→REGEX: tw <- https://twitter.com/PangeaBiomed (duplicate, skipped)
[2026-03-05T07:42:47.667Z] ── Step 2b: Footer/header uncategorized links ──
[2026-03-05T07:42:47.667Z] Footer/header origins (6):
[2026-03-05T07:42:47.667Z]   FOOTER/HEADER ORIGIN: https://pangeabiomed.com
[2026-03-05T07:42:47.667Z]   FOOTER/HEADER ORIGIN: https://www.linkedin.com
[2026-03-05T07:42:47.667Z]   FOOTER/HEADER ORIGIN: https://www.youtube.com
[2026-03-05T07:42:47.668Z]   FOOTER/HEADER ORIGIN: https://twitter.com
[2026-03-05T07:42:47.668Z]   FOOTER/HEADER ORIGIN: https://www.google.com
[2026-03-05T07:42:47.668Z]   FOOTER/HEADER ORIGIN: https://pangeamed.wpengine.com
[2026-03-05T07:42:47.668Z]   ADDED: urls <- https://www.google.com/maps/place/%D7%94%D7%91%D7%A8%D7%96%D7%9C+2a,+%D7%AA%D7%9C+%D7%90%D7%91%D7%99%D7%91-%D7%99%D7%A4%D7%95%E2%80%AD/@32.1063605,34.8369437,17z/data=!3m1!4b1!4m5!3m4!1s0x151d4991874679f5:0x8e0c8a2a71d9000b!8m2!3d32.106356!4d34.834755
[2026-03-05T07:42:47.668Z] Step 2b result: added 1 uncategorized domains from footer/header
[2026-03-05T07:42:47.668Z] ── Step 3: Final dedup ──
[2026-03-05T07:42:47.668Z] Dedup: removed 0 of 1 URLs already in specialized fields
[2026-03-05T07:42:47.668Z] ── FINAL RESULT ──
[2026-03-05T07:42:47.668Z]   ws (1):
[2026-03-05T07:42:47.668Z]     - https://pangeabiomed.com
[2026-03-05T07:42:47.668Z]   li (1):
[2026-03-05T07:42:47.669Z]     - https://www.linkedin.com/company/pangea-biomed
[2026-03-05T07:42:47.669Z]   tw (1):
[2026-03-05T07:42:47.669Z]     - https://x.com/pangeabiomed
[2026-03-05T07:42:47.669Z]   ytc (1):
[2026-03-05T07:42:47.669Z]     - https://www.youtube.com/channel/UC0tgNPLez863ZMHRGrs-HyQ
[2026-03-05T07:42:47.669Z]   urls (1):
[2026-03-05T07:42:47.669Z]     - https://www.google.com/maps/place/%D7%94%D7%91%D7%A8%D7%96%D7%9C+2a,+%D7%AA%D7%9C+%D7%90%D7%91%D7%99%D7%91-%D7%99%D7%A4%D7%95%E2%80%AD/@32.1063605,34.8369437,17z/data=!3m1!4b1!4m5!3m4!1s0x151d4991874679f5:0x8e0c8a2a71d9000b!8m2!3d32.106356!4d34.834755
[2026-03-05T07:42:47.669Z] Summary: ws:1, tw:1, li:1, ytc:1, urls:1
[2026-03-05T07:42:47.670Z] Saved final result to result.json
[2026-03-05T07:42:47.670Z] Override fields: ws, li, tw, ytc, urls
[2026-03-05T07:42:47.670Z] Finished at: 2026-03-05T07:42:47.670Z
