[2026-03-01T18:06:46.979Z] === Homepage AI Extractor: Atidot ===
[2026-03-01T18:06:46.981Z] Started at: 2026-03-01T18:06:46.981Z
[2026-03-01T18:06:46.981Z] Log directory: E:\code\The Wall\mono\packages\scrapper\logs\homepage_ai_extractor\1772388406978_Atidot
[2026-03-01T18:06:46.982Z] Company: Atidot
[2026-03-01T18:06:46.982Z] Website: atidot.com
[2026-03-01T18:06:46.982Z] cbRank: 35258
[2026-03-01T18:06:46.982Z] Reasons: h
[2026-03-01T18:06:46.982Z] Fetching: https://atidot.com
[2026-03-01T18:06:54.435Z] Redirected: https://atidot.com -> https://www.atidot.com/
[2026-03-01T18:06:54.444Z] Saved HTML (107050 bytes) to page.html
[2026-03-01T18:06:54.448Z] Extracted 30 unique links from page
[2026-03-01T18:06:54.450Z] Saved 30 links to links.json
[2026-03-01T18:06:54.455Z] Extracted footer HTML (9240 chars)
[2026-03-01T18:06:54.455Z] Extracted header HTML (4369 chars)
[2026-03-01T18:06:54.467Z] Website (post-redirect): https://www.atidot.com/ → origin: https://www.atidot.com
[2026-03-01T18:06:54.467Z] External links: 9 (of 30 total)
[2026-03-01T18:06:54.467Z] ── All external links ──
[2026-03-01T18:06:54.467Z]   EXT: https://app.atidot.co/login
[2026-03-01T18:06:54.467Z]   EXT: https://app.atidot.co/mapper
[2026-03-01T18:06:54.467Z]   EXT: https://twitter.com/AtidotIsrael
[2026-03-01T18:06:54.468Z]   EXT: https://www.enterprisetechsuccess.com/article/Next-Generation-Life-Insurance-for-Next-Gen-Customers/UG05RlBtME5pV0N2OHp1NWJUVmp4QT09
[2026-03-01T18:06:54.468Z]   EXT: https://www.facebook.com/Atidot-109325264860332
[2026-03-01T18:06:54.468Z]   EXT: https://www.instagram.com/atidotai
[2026-03-01T18:06:54.468Z]   EXT: https://www.insurtechinsights.com/guardian-and-atidot-partner-to-create-new-insurance-models-and-customer-experiences/?utm_source=Linkedin
[2026-03-01T18:06:54.468Z]   EXT: https://www.linkedin.com/company/atidot
[2026-03-01T18:06:54.468Z]   EXT: https://www.youtube.com/channel/UCzwAQpZzyUDGISbWKPMIRZg
[2026-03-01T18:06:54.468Z] ── Step 1: Programmatic categorization ──
[2026-03-01T18:06:54.468Z]   UNCATEGORIZED: https://app.atidot.co/login
[2026-03-01T18:06:54.468Z]   UNCATEGORIZED: https://app.atidot.co/mapper
[2026-03-01T18:06:54.468Z]   REGEX: tw <- https://twitter.com/AtidotIsrael
[2026-03-01T18:06:54.468Z]   UNCATEGORIZED: https://www.enterprisetechsuccess.com/article/Next-Generation-Life-Insurance-for-Next-Gen-Customers/UG05RlBtME5pV0N2OHp1NWJUVmp4QT09
[2026-03-01T18:06:54.468Z]   REGEX: fb <- https://www.facebook.com/Atidot-109325264860332
[2026-03-01T18:06:54.469Z]   REGEX: ig <- https://www.instagram.com/atidotai
[2026-03-01T18:06:54.469Z]   UNCATEGORIZED: https://www.insurtechinsights.com/guardian-and-atidot-partner-to-create-new-insurance-models-and-customer-experiences/?utm_source=Linkedin
[2026-03-01T18:06:54.469Z]   REGEX: li <- https://www.linkedin.com/company/atidot
[2026-03-01T18:06:54.469Z]   REGEX: ytc <- https://www.youtube.com/channel/UCzwAQpZzyUDGISbWKPMIRZg
[2026-03-01T18:06:54.469Z] Programmatic result: ws:1, tw:1, fb:1, ig:1, li:1, ytc:1 | 4 uncategorized
[2026-03-01T18:06:54.469Z] Sending uncategorized links + HTML sections to AI for analysis...
[2026-03-01T18:06:54.470Z] Saved AI prompt (8751 chars) to ai_prompt.txt
[2026-03-01T18:08:30.991Z] Saved AI response to ai_response.json
[2026-03-01T18:08:30.991Z] ── Parsing AI response (19 lines) ──
[2026-03-01T18:08:30.991Z]   AI LINK: https://www.atidot.com/
[2026-03-01T18:08:30.992Z]   AI LINK: https://app.atidot.co/login
[2026-03-01T18:08:30.992Z]   AI LINK: https://app.atidot.co/mapper
[2026-03-01T18:08:30.992Z]   AI LINK: https://www.atidot.com/privacy-notice/
[2026-03-01T18:08:30.992Z]   AI LINK: https://www.atidot.com/solutions/
[2026-03-01T18:08:30.992Z]   AI LINK: https://www.atidot.com/atidot-max/
[2026-03-01T18:08:30.992Z]   AI LINK: https://www.atidot.com/atidot-optimal/
[2026-03-01T18:08:30.992Z]   AI LINK: https://www.atidot.com/annuities-solutions/
[2026-03-01T18:08:30.992Z]   AI LINK: https://www.atidot.com/why-atidot/
[2026-03-01T18:08:30.992Z]   AI LINK: https://www.atidot.com/about/
[2026-03-01T18:08:30.992Z]   AI LINK: https://www.atidot.com/contact/
[2026-03-01T18:08:30.992Z]   AI LINK: https://www.atidot.com/career/
[2026-03-01T18:08:30.992Z]   AI LINK: https://www.atidot.com/resources/
[2026-03-01T18:08:30.992Z]   AI LINK: https://www.atidot.com/blog/
[2026-03-01T18:08:30.992Z]   AI LINK: https://www.linkedin.com/company/atidot/
[2026-03-01T18:08:30.992Z]   AI LINK: https://www.facebook.com/Atidot-109325264860332
[2026-03-01T18:08:30.992Z]   AI LINK: https://www.youtube.com/channel/UCzwAQpZzyUDGISbWKPMIRZg
[2026-03-01T18:08:30.993Z]   AI LINK: https://twitter.com/AtidotIsrael
[2026-03-01T18:08:30.993Z]   AI LINK: https://www.instagram.com/atidotai
[2026-03-01T18:08:30.993Z] AI returned 19 valid links
[2026-03-01T18:08:30.993Z] ── Categorizing 19 AI-returned links ──
[2026-03-01T18:08:30.993Z]   AI→URLS: https://www.atidot.com (cleaned from https://www.atidot.com/)
[2026-03-01T18:08:30.993Z]   AI→URLS: https://app.atidot.co/login
[2026-03-01T18:08:30.993Z]   AI→URLS: https://app.atidot.co/mapper
[2026-03-01T18:08:30.993Z]   AI→URLS: https://www.atidot.com/privacy-notice (cleaned from https://www.atidot.com/privacy-notice/)
[2026-03-01T18:08:30.993Z]   AI→URLS: https://www.atidot.com/solutions (cleaned from https://www.atidot.com/solutions/)
[2026-03-01T18:08:30.993Z]   AI→URLS: https://www.atidot.com/atidot-max (cleaned from https://www.atidot.com/atidot-max/)
[2026-03-01T18:08:30.993Z]   AI→URLS: https://www.atidot.com/atidot-optimal (cleaned from https://www.atidot.com/atidot-optimal/)
[2026-03-01T18:08:30.993Z]   AI→URLS: https://www.atidot.com/annuities-solutions (cleaned from https://www.atidot.com/annuities-solutions/)
[2026-03-01T18:08:30.993Z]   AI→URLS: https://www.atidot.com/why-atidot (cleaned from https://www.atidot.com/why-atidot/)
[2026-03-01T18:08:30.994Z]   AI→URLS: https://www.atidot.com/about (cleaned from https://www.atidot.com/about/)
[2026-03-01T18:08:30.994Z]   AI→URLS: https://www.atidot.com/contact (cleaned from https://www.atidot.com/contact/)
[2026-03-01T18:08:30.994Z]   AI→URLS: https://www.atidot.com/career (cleaned from https://www.atidot.com/career/)
[2026-03-01T18:08:30.994Z]   AI→URLS: https://www.atidot.com/resources (cleaned from https://www.atidot.com/resources/)
[2026-03-01T18:08:30.994Z]   AI→URLS: https://www.atidot.com/blog (cleaned from https://www.atidot.com/blog/)
[2026-03-01T18:08:30.994Z]   AI→REGEX: li <- https://www.linkedin.com/company/atidot/ (duplicate, skipped)
[2026-03-01T18:08:30.994Z]   AI→REGEX: fb <- https://www.facebook.com/Atidot-109325264860332 (duplicate, skipped)
[2026-03-01T18:08:30.994Z]   AI→REGEX: ytc <- https://www.youtube.com/channel/UCzwAQpZzyUDGISbWKPMIRZg (duplicate, skipped)
[2026-03-01T18:08:30.994Z]   AI→REGEX: tw <- https://twitter.com/AtidotIsrael (duplicate, skipped)
[2026-03-01T18:08:30.994Z]   AI→REGEX: ig <- https://www.instagram.com/atidotai (duplicate, skipped)
[2026-03-01T18:08:30.996Z] ── Step 2b: Footer/header uncategorized links ──
[2026-03-01T18:08:30.996Z] Footer/header origins (7):
[2026-03-01T18:08:30.996Z]   FOOTER/HEADER ORIGIN: https://www.atidot.com
[2026-03-01T18:08:30.996Z]   FOOTER/HEADER ORIGIN: https://www.linkedin.com
[2026-03-01T18:08:30.996Z]   FOOTER/HEADER ORIGIN: https://www.facebook.com
[2026-03-01T18:08:30.996Z]   FOOTER/HEADER ORIGIN: https://www.youtube.com
[2026-03-01T18:08:30.996Z]   FOOTER/HEADER ORIGIN: https://twitter.com
[2026-03-01T18:08:30.996Z]   FOOTER/HEADER ORIGIN: https://www.instagram.com
[2026-03-01T18:08:30.996Z]   FOOTER/HEADER ORIGIN: https://app.atidot.co
[2026-03-01T18:08:30.996Z]   SKIP (AI claimed): https://app.atidot.co/login
[2026-03-01T18:08:30.996Z]   SKIP (AI claimed): https://app.atidot.co/mapper
[2026-03-01T18:08:30.996Z]   SKIP (not in footer/header): https://www.enterprisetechsuccess.com/article/Next-Generation-Life-Insurance-for-Next-Gen-Customers/UG05RlBtME5pV0N2OHp1NWJUVmp4QT09
[2026-03-01T18:08:30.996Z]   SKIP (not in footer/header): https://www.insurtechinsights.com/guardian-and-atidot-partner-to-create-new-insurance-models-and-customer-experiences/?utm_source=Linkedin
[2026-03-01T18:08:30.996Z] Step 2b result: added 0 uncategorized domains from footer/header
[2026-03-01T18:08:30.996Z] ── Step 3: Final dedup ──
[2026-03-01T18:08:30.997Z] Dedup: removed 0 of 14 URLs already in specialized fields
[2026-03-01T18:08:30.997Z] ── FINAL RESULT ──
[2026-03-01T18:08:30.997Z]   ws (1):
[2026-03-01T18:08:30.997Z]     - https://www.atidot.com
[2026-03-01T18:08:30.997Z]   li (1):
[2026-03-01T18:08:30.997Z]     - https://www.linkedin.com/company/atidot
[2026-03-01T18:08:30.997Z]   fb (1):
[2026-03-01T18:08:30.997Z]     - https://www.facebook.com/atidot-109325264860332
[2026-03-01T18:08:30.997Z]   tw (1):
[2026-03-01T18:08:30.997Z]     - https://x.com/atidotisrael
[2026-03-01T18:08:30.997Z]   ig (1):
[2026-03-01T18:08:30.997Z]     - https://www.instagram.com/atidotai
[2026-03-01T18:08:30.997Z]   ytc (1):
[2026-03-01T18:08:30.997Z]     - https://www.youtube.com/channel/uczwaqpzzyudgisbwkpmirzg
[2026-03-01T18:08:30.998Z]   urls (14):
[2026-03-01T18:08:30.998Z]     - https://app.atidot.co/login
[2026-03-01T18:08:30.998Z]     - https://app.atidot.co/mapper
[2026-03-01T18:08:30.998Z]     - https://www.atidot.com
[2026-03-01T18:08:30.998Z]     - https://www.atidot.com/about
[2026-03-01T18:08:30.998Z]     - https://www.atidot.com/annuities-solutions
[2026-03-01T18:08:30.998Z]     - https://www.atidot.com/atidot-max
[2026-03-01T18:08:30.998Z]     - https://www.atidot.com/atidot-optimal
[2026-03-01T18:08:30.998Z]     - https://www.atidot.com/blog
[2026-03-01T18:08:30.998Z]     - https://www.atidot.com/career
[2026-03-01T18:08:30.998Z]     - https://www.atidot.com/contact
[2026-03-01T18:08:30.998Z]     - https://www.atidot.com/privacy-notice
[2026-03-01T18:08:30.998Z]     - https://www.atidot.com/resources
[2026-03-01T18:08:30.998Z]     - https://www.atidot.com/solutions
[2026-03-01T18:08:30.998Z]     - https://www.atidot.com/why-atidot
[2026-03-01T18:08:30.998Z] Summary: ws:1, tw:1, fb:1, ig:1, li:1, ytc:1, urls:14
[2026-03-01T18:08:30.999Z] Saved final result to result.json
[2026-03-01T18:08:30.999Z] Override fields: ws, li, fb, tw, ig, ytc, urls
[2026-03-01T18:08:30.999Z] Finished at: 2026-03-01T18:08:30.999Z
