[2026-03-07T17:09:37.853Z] === Homepage AI Extractor: Tamnoon ===
[2026-03-07T17:09:37.853Z] Started at: 2026-03-07T17:09:37.853Z
[2026-03-07T17:09:37.853Z] Log directory: E:\code\The Wall\mono\packages\scrapper\logs\homepage_ai_extractor\1772903377853_Tamnoon
[2026-03-07T17:09:37.853Z] Company: Tamnoon
[2026-03-07T17:09:37.853Z] Website: tamnoon.com
[2026-03-07T17:09:37.854Z] cbRank: 292947
[2026-03-07T17:09:37.854Z] Reasons: h
[2026-03-07T17:09:37.854Z] Fetching: https://tamnoon.com
[2026-03-07T17:09:42.383Z] Redirected: https://tamnoon.com -> https://tamnoon.com/
[2026-03-07T17:09:42.411Z] Saved HTML (853065 bytes) to page.html
[2026-03-07T17:09:42.417Z] Extracted 107 unique links from page
[2026-03-07T17:09:42.418Z] Saved 107 links to links.json
[2026-03-07T17:09:42.422Z] Extracted footer HTML (16347 chars)
[2026-03-07T17:09:42.422Z] Extracted header HTML (31983 chars)
[2026-03-07T17:09:42.427Z] Website (post-redirect): https://tamnoon.com/ → origin: https://tamnoon.com
[2026-03-07T17:09:42.427Z] External links: 8 (of 107 total)
[2026-03-07T17:09:42.428Z] ── All external links ──
[2026-03-07T17:09:42.428Z]   EXT: https://junami.co.il
[2026-03-07T17:09:42.428Z]   EXT: https://public.pairzon.com/login.html?bid=0897b131-ccfa-4980-b641-daabc940cb0e
[2026-03-07T17:09:42.428Z]   EXT: https://www.enable.co.il
[2026-03-07T17:09:42.428Z]   EXT: https://www.facebook.com/Tamnoon-109144062445658
[2026-03-07T17:09:42.428Z]   EXT: https://www.instagram.com/tamnoonf/?hl=en
[2026-03-07T17:09:42.428Z]   EXT: https://www.tiktok.com/@tamnoonfashion
[2026-03-07T17:09:42.428Z]   EXT: https://www.upress.co.il
[2026-03-07T17:09:42.428Z]   EXT: https://www.youtube.com/channel/UCCpgHaGN_OLesHoCv0EYQAQ
[2026-03-07T17:09:42.428Z] ── Step 1: Programmatic categorization ──
[2026-03-07T17:09:42.429Z]   UNCATEGORIZED: https://junami.co.il
[2026-03-07T17:09:42.429Z]   UNCATEGORIZED: https://public.pairzon.com/login.html?bid=0897b131-ccfa-4980-b641-daabc940cb0e
[2026-03-07T17:09:42.429Z]   UNCATEGORIZED: https://www.enable.co.il
[2026-03-07T17:09:42.429Z]   REGEX: fb <- https://www.facebook.com/Tamnoon-109144062445658
[2026-03-07T17:09:42.429Z]   REGEX: ig <- https://www.instagram.com/tamnoonf/?hl=en
[2026-03-07T17:09:42.429Z]   REGEX: tt <- https://www.tiktok.com/@tamnoonfashion
[2026-03-07T17:09:42.429Z]   UNCATEGORIZED: https://www.upress.co.il
[2026-03-07T17:09:42.429Z]   REGEX: ytc <- https://www.youtube.com/channel/UCCpgHaGN_OLesHoCv0EYQAQ
[2026-03-07T17:09:42.430Z] Programmatic result: ws:1, fb:1, ig:1, tt:1, ytc:1 | 4 uncategorized
[2026-03-07T17:09:42.430Z] Sending uncategorized links + HTML sections to AI for analysis...
[2026-03-07T17:09:42.432Z] Saved AI prompt (10337 chars) to ai_prompt.txt
[2026-03-07T17:10:50.669Z] Saved AI response to ai_response.json
[2026-03-07T17:10:50.670Z] ── Parsing AI response (4 lines) ──
[2026-03-07T17:10:50.670Z]   AI LINK: https://www.facebook.com/Tamnoon-109144062445658/
[2026-03-07T17:10:50.670Z]   AI LINK: https://www.instagram.com/tamnoonf/?hl=en
[2026-03-07T17:10:50.670Z]   AI LINK: https://www.youtube.com/channel/UCCpgHaGN_OLesHoCv0EYQAQ
[2026-03-07T17:10:50.670Z]   AI LINK: https://www.tiktok.com/@tamnoonfashion
[2026-03-07T17:10:50.670Z] AI returned 4 valid links
[2026-03-07T17:10:50.670Z] ── Categorizing 4 AI-returned links ──
[2026-03-07T17:10:50.670Z]   AI→REGEX: fb <- https://www.facebook.com/Tamnoon-109144062445658/ (duplicate, skipped)
[2026-03-07T17:10:50.671Z]   AI→REGEX: ig <- https://www.instagram.com/tamnoonf/?hl=en (duplicate, skipped)
[2026-03-07T17:10:50.671Z]   AI→REGEX: ytc <- https://www.youtube.com/channel/UCCpgHaGN_OLesHoCv0EYQAQ (duplicate, skipped)
[2026-03-07T17:10:50.671Z]   AI→REGEX: tt <- https://www.tiktok.com/@tamnoonfashion (duplicate, skipped)
[2026-03-07T17:10:50.671Z] ── Step 2b: Footer/header uncategorized links ──
[2026-03-07T17:10:50.671Z] Footer/header origins (6):
[2026-03-07T17:10:50.671Z]   FOOTER/HEADER ORIGIN: https://tamnoon.com
[2026-03-07T17:10:50.671Z]   FOOTER/HEADER ORIGIN: https://public.pairzon.com
[2026-03-07T17:10:50.672Z]   FOOTER/HEADER ORIGIN: https://www.facebook.com
[2026-03-07T17:10:50.672Z]   FOOTER/HEADER ORIGIN: https://www.instagram.com
[2026-03-07T17:10:50.672Z]   FOOTER/HEADER ORIGIN: https://www.youtube.com
[2026-03-07T17:10:50.672Z]   FOOTER/HEADER ORIGIN: https://www.tiktok.com
[2026-03-07T17:10:50.672Z]   SKIP (not in footer/header): https://junami.co.il
[2026-03-07T17:10:50.672Z]   ADDED: urls <- https://public.pairzon.com/login.html (cleaned from https://public.pairzon.com/login.html?bid=0897b131-ccfa-4980-b641-daabc940cb0e)
[2026-03-07T17:10:50.672Z]   SKIP (not in footer/header): https://www.enable.co.il
[2026-03-07T17:10:50.672Z]   SKIP (not in footer/header): https://www.upress.co.il
[2026-03-07T17:10:50.672Z] Step 2b result: added 1 uncategorized domains from footer/header
[2026-03-07T17:10:50.672Z] ── Step 3: Final dedup ──
[2026-03-07T17:10:50.672Z] Dedup: removed 0 of 1 URLs already in specialized fields
[2026-03-07T17:10:50.672Z] ── FINAL RESULT ──
[2026-03-07T17:10:50.672Z]   ws (1):
[2026-03-07T17:10:50.672Z]     - https://tamnoon.com
[2026-03-07T17:10:50.673Z]   fb (1):
[2026-03-07T17:10:50.673Z]     - https://www.facebook.com/tamnoon-109144062445658
[2026-03-07T17:10:50.673Z]   ig (1):
[2026-03-07T17:10:50.673Z]     - https://www.instagram.com/tamnoonf
[2026-03-07T17:10:50.673Z]   ytc (1):
[2026-03-07T17:10:50.673Z]     - https://www.youtube.com/channel/UCCpgHaGN_OLesHoCv0EYQAQ
[2026-03-07T17:10:50.673Z]   tt (1):
[2026-03-07T17:10:50.673Z]     - https://www.tiktok.com/@tamnoonfashion
[2026-03-07T17:10:50.673Z]   urls (1):
[2026-03-07T17:10:50.673Z]     - https://public.pairzon.com/login.html
[2026-03-07T17:10:50.673Z] Summary: ws:1, fb:1, ig:1, tt:1, ytc:1, urls:1
[2026-03-07T17:10:50.674Z] Saved final result to result.json
[2026-03-07T17:10:50.674Z] Override fields: ws, fb, ig, ytc, tt, urls
[2026-03-07T17:10:50.674Z] Finished at: 2026-03-07T17:10:50.674Z
