[2026-03-06T04:37:19.696Z] === Homepage AI Extractor: PNY ===
[2026-03-06T04:37:19.696Z] Started at: 2026-03-06T04:37:19.696Z
[2026-03-06T04:37:19.696Z] Log directory: E:\code\The Wall\mono\packages\scrapper\logs\homepage_ai_extractor\1772771839696_PNY
[2026-03-06T04:37:19.696Z] Company: PNY
[2026-03-06T04:37:19.696Z] Website: ridepny.com
[2026-03-06T04:37:19.696Z] cbRank: 126541
[2026-03-06T04:37:19.697Z] Reasons: h
[2026-03-06T04:37:19.697Z] Fetching: https://ridepny.com
[2026-03-06T04:37:30.983Z] Network idle timeout — continuing with current state
[2026-03-06T04:37:31.041Z] Dismissed cookie consent popup via: button:has-text("Accept all")
[2026-03-06T04:37:39.042Z] Redirected: https://ridepny.com -> https://www.ridepny.com/
[2026-03-06T04:37:39.080Z] Saved HTML (1221181 bytes) to page.html
[2026-03-06T04:37:39.082Z] Extracted 6 unique links from page
[2026-03-06T04:37:39.084Z] Saved 6 links to links.json
[2026-03-06T04:37:39.086Z] Extracted footer HTML (1547 chars)
[2026-03-06T04:37:39.086Z] Extracted header HTML (8241 chars)
[2026-03-06T04:37:39.090Z] Website (post-redirect): https://www.ridepny.com/ → origin: https://www.ridepny.com
[2026-03-06T04:37:39.090Z] External links: 3 (of 6 total)
[2026-03-06T04:37:39.091Z] ── All external links ──
[2026-03-06T04:37:39.091Z]   EXT: https://www.linkedin.com/company/ridepny
[2026-03-06T04:37:39.091Z]   EXT: https://www.skynettechnologies.com/all-in-one-accessibility
[2026-03-06T04:37:39.091Z]   EXT: https://www.skynettechnologies.com/report-accessibility-problem
[2026-03-06T04:37:39.091Z] ── Step 1: Programmatic categorization ──
[2026-03-06T04:37:39.091Z]   REGEX: li <- https://www.linkedin.com/company/ridepny
[2026-03-06T04:37:39.091Z]   UNCATEGORIZED: https://www.skynettechnologies.com/all-in-one-accessibility
[2026-03-06T04:37:39.091Z]   UNCATEGORIZED: https://www.skynettechnologies.com/report-accessibility-problem
[2026-03-06T04:37:39.092Z] Programmatic result: ws:1, li:1 | 2 uncategorized
[2026-03-06T04:37:39.092Z] Sending uncategorized links + HTML sections to AI for analysis...
[2026-03-06T04:37:39.092Z] Saved AI prompt (3303 chars) to ai_prompt.txt
[2026-03-06T04:37:54.513Z] Saved AI response to ai_response.json
[2026-03-06T04:37:54.513Z] ── Parsing AI response (1 lines) ──
[2026-03-06T04:37:54.513Z]   AI LINK: https://www.linkedin.com/company/ridepny/
[2026-03-06T04:37:54.513Z] AI returned 1 valid links
[2026-03-06T04:37:54.513Z] ── Categorizing 1 AI-returned links ──
[2026-03-06T04:37:54.513Z]   AI→REGEX: li <- https://www.linkedin.com/company/ridepny/ (duplicate, skipped)
[2026-03-06T04:37:54.514Z] ── Step 2b: Footer/header uncategorized links ──
[2026-03-06T04:37:54.514Z] Footer/header origins (2):
[2026-03-06T04:37:54.514Z]   FOOTER/HEADER ORIGIN: https://www.linkedin.com
[2026-03-06T04:37:54.514Z]   FOOTER/HEADER ORIGIN: https://www.ridepny.com
[2026-03-06T04:37:54.514Z]   SKIP (not in footer/header): https://www.skynettechnologies.com/all-in-one-accessibility
[2026-03-06T04:37:54.514Z]   SKIP (not in footer/header): https://www.skynettechnologies.com/report-accessibility-problem
[2026-03-06T04:37:54.514Z] Step 2b result: added 0 uncategorized domains from footer/header
[2026-03-06T04:37:54.514Z] ── Step 3: Final dedup ──
[2026-03-06T04:37:54.514Z] No urls to dedup
[2026-03-06T04:37:54.514Z] ── FINAL RESULT ──
[2026-03-06T04:37:54.514Z]   ws (1):
[2026-03-06T04:37:54.515Z]     - https://www.ridepny.com
[2026-03-06T04:37:54.515Z]   li (1):
[2026-03-06T04:37:54.515Z]     - https://www.linkedin.com/company/ridepny
[2026-03-06T04:37:54.515Z] Summary: ws:1, li:1
[2026-03-06T04:37:54.515Z] Saved final result to result.json
[2026-03-06T04:37:54.515Z] Override fields: ws, li
[2026-03-06T04:37:54.515Z] Finished at: 2026-03-06T04:37:54.515Z
