[2026-03-01T19:59:11.785Z] === Homepage AI Extractor: HiveWare ===
[2026-03-01T19:59:11.785Z] Started at: 2026-03-01T19:59:11.785Z
[2026-03-01T19:59:11.785Z] Log directory: E:\code\The Wall\mono\packages\scrapper\logs\homepage_ai_extractor\1772395151784_HiveWare
[2026-03-01T19:59:11.785Z] Company: HiveWare
[2026-03-01T19:59:11.785Z] Website: hiveware.io
[2026-03-01T19:59:11.785Z] cbRank: 41678
[2026-03-01T19:59:11.785Z] Reasons: h
[2026-03-01T19:59:11.785Z] Fetching: https://hiveware.io
[2026-03-01T19:59:24.081Z] Network idle timeout — continuing with current state
[2026-03-01T19:59:24.222Z] Dismissed cookie consent popup via: button:has-text("Allow all")
[2026-03-01T19:59:24.732Z] Redirected: https://hiveware.io -> https://hiveware.io/
[2026-03-01T19:59:24.749Z] Saved HTML (442584 bytes) to page.html
[2026-03-01T19:59:24.753Z] Extracted 21 unique links from page
[2026-03-01T19:59:24.754Z] Saved 21 links to links.json
[2026-03-01T19:59:24.762Z] No footer section found in DOM
[2026-03-01T19:59:24.762Z] Extracted header HTML (1178 chars)
[2026-03-01T19:59:24.768Z] Website (post-redirect): https://hiveware.io/ → origin: https://hiveware.io
[2026-03-01T19:59:24.768Z] External links: 10 (of 21 total)
[2026-03-01T19:59:24.768Z] ── All external links ──
[2026-03-01T19:59:24.768Z]   EXT: https://business.safety.google/privacy
[2026-03-01T19:59:24.769Z]   EXT: https://legal.hubspot.com/privacy-policy
[2026-03-01T19:59:24.769Z]   EXT: https://support.comeet.co/section/terms-and-policies
[2026-03-01T19:59:24.769Z]   EXT: https://www.amazon.com/gp/help/customer/display.html/ref=footer_privacy?ie=UTF8&nodeId=468496
[2026-03-01T19:59:24.769Z]   EXT: https://www.cookiebot.com
[2026-03-01T19:59:24.769Z]   EXT: https://www.cookiebot.com/en/what-is-behind-powered-by-cookiebot/?utm_source=banner_cb&utm_medium=referral&utm_content=v2
[2026-03-01T19:59:24.769Z]   EXT: https://www.cookiebot.com/goto/privacy-policy
[2026-03-01T19:59:24.769Z]   EXT: https://www.facebook.com/policy.php
[2026-03-01T19:59:24.769Z]   EXT: https://www.linkedin.com/company/hivewaretech%20
[2026-03-01T19:59:24.769Z]   EXT: https://www.linkedin.com/legal/privacy-policy
[2026-03-01T19:59:24.769Z] ── Step 1: Programmatic categorization ──
[2026-03-01T19:59:24.770Z]   UNCATEGORIZED: https://business.safety.google/privacy
[2026-03-01T19:59:24.770Z]   UNCATEGORIZED: https://legal.hubspot.com/privacy-policy
[2026-03-01T19:59:24.770Z]   UNCATEGORIZED: https://support.comeet.co/section/terms-and-policies
[2026-03-01T19:59:24.770Z]   UNCATEGORIZED: https://www.amazon.com/gp/help/customer/display.html/ref=footer_privacy?ie=UTF8&nodeId=468496
[2026-03-01T19:59:24.770Z]   UNCATEGORIZED: https://www.cookiebot.com
[2026-03-01T19:59:24.770Z]   UNCATEGORIZED: https://www.cookiebot.com/en/what-is-behind-powered-by-cookiebot/?utm_source=banner_cb&utm_medium=referral&utm_content=v2
[2026-03-01T19:59:24.770Z]   UNCATEGORIZED: https://www.cookiebot.com/goto/privacy-policy
[2026-03-01T19:59:24.770Z]   REGEX: li <- https://www.linkedin.com/company/hivewaretech%20
[2026-03-01T19:59:24.771Z] ── Step 1b: Resolving 2 regex-domain URLs via redirect ──
[2026-03-01T19:59:24.771Z]   SKIP (regex domain, no match): https://www.facebook.com/policy.php
[2026-03-01T19:59:24.771Z]   SKIP (regex domain, no match): https://www.linkedin.com/legal/privacy-policy
[2026-03-01T19:59:24.771Z] Programmatic result: ws:1, li:1 | 7 uncategorized
[2026-03-01T19:59:24.771Z] Sending uncategorized links + HTML sections to AI for analysis...
[2026-03-01T19:59:24.772Z] Saved AI prompt (2356 chars) to ai_prompt.txt
[2026-03-01T19:59:31.417Z] Saved AI response to ai_response.json
[2026-03-01T19:59:31.417Z] ── Parsing AI response (1 lines) ──
[2026-03-01T19:59:31.417Z] AI returned 0 valid links
[2026-03-01T19:59:31.417Z] ── Categorizing 0 AI-returned links ──
[2026-03-01T19:59:31.417Z] ── Step 2b: Footer/header uncategorized links ──
[2026-03-01T19:59:31.417Z] Footer/header origins (1):
[2026-03-01T19:59:31.418Z]   FOOTER/HEADER ORIGIN: https://hiveware.io
[2026-03-01T19:59:31.418Z]   SKIP (not in footer/header): https://business.safety.google/privacy
[2026-03-01T19:59:31.418Z]   SKIP (not in footer/header): https://legal.hubspot.com/privacy-policy
[2026-03-01T19:59:31.418Z]   SKIP (not in footer/header): https://support.comeet.co/section/terms-and-policies
[2026-03-01T19:59:31.418Z]   SKIP (not in footer/header): https://www.amazon.com/gp/help/customer/display.html/ref=footer_privacy?ie=UTF8&nodeId=468496
[2026-03-01T19:59:31.418Z]   SKIP (not in footer/header): https://www.cookiebot.com
[2026-03-01T19:59:31.418Z]   SKIP (not in footer/header): https://www.cookiebot.com/en/what-is-behind-powered-by-cookiebot/?utm_source=banner_cb&utm_medium=referral&utm_content=v2
[2026-03-01T19:59:31.418Z]   SKIP (not in footer/header): https://www.cookiebot.com/goto/privacy-policy
[2026-03-01T19:59:31.418Z] Step 2b result: added 0 uncategorized domains from footer/header
[2026-03-01T19:59:31.418Z] ── Step 3: Final dedup ──
[2026-03-01T19:59:31.418Z] No urls to dedup
[2026-03-01T19:59:31.418Z] ── FINAL RESULT ──
[2026-03-01T19:59:31.418Z]   ws (1):
[2026-03-01T19:59:31.418Z]     - https://hiveware.io
[2026-03-01T19:59:31.418Z]   li (1):
[2026-03-01T19:59:31.419Z]     - https://www.linkedin.com/company/hivewaretech%20
[2026-03-01T19:59:31.419Z] Summary: ws:1, li:1
[2026-03-01T19:59:31.419Z] Saved final result to result.json
[2026-03-01T19:59:31.419Z] Override fields: ws, li
[2026-03-01T19:59:31.419Z] Finished at: 2026-03-01T19:59:31.419Z
