[2026-03-05T06:50:44.779Z] === Homepage AI Extractor: MedicannX ===
[2026-03-05T06:50:44.779Z] Started at: 2026-03-05T06:50:44.779Z
[2026-03-05T06:50:44.779Z] Log directory: E:\code\The Wall\mono\packages\scrapper\logs\homepage_ai_extractor\1772693444779_MedicannX
[2026-03-05T06:50:44.779Z] Company: MedicannX
[2026-03-05T06:50:44.779Z] Website: medicannx.com
[2026-03-05T06:50:44.779Z] cbRank: 55411
[2026-03-05T06:50:44.780Z] Reasons: h
[2026-03-05T06:50:44.780Z] Fetching: https://medicannx.com
[2026-03-05T06:50:48.817Z] Redirected: https://medicannx.com -> https://medicannx.com/
[2026-03-05T06:50:48.823Z] Saved HTML (136329 bytes) to page.html
[2026-03-05T06:50:48.827Z] Extracted 3 unique links from page
[2026-03-05T06:50:48.827Z] Saved 3 links to links.json
[2026-03-05T06:50:48.831Z] Extracted footer HTML (1073 chars)
[2026-03-05T06:50:48.831Z] Extracted header HTML (6285 chars)
[2026-03-05T06:50:48.835Z] Website (post-redirect): https://medicannx.com/ → origin: https://medicannx.com
[2026-03-05T06:50:48.835Z] External links: 2 (of 3 total)
[2026-03-05T06:50:48.835Z] ── All external links ──
[2026-03-05T06:50:48.835Z]   EXT: https://amitmoreno.com
[2026-03-05T06:50:48.835Z]   EXT: https://wpastra.com
[2026-03-05T06:50:48.835Z] ── Step 1: Programmatic categorization ──
[2026-03-05T06:50:48.836Z]   UNCATEGORIZED: https://amitmoreno.com
[2026-03-05T06:50:48.836Z]   UNCATEGORIZED: https://wpastra.com
[2026-03-05T06:50:48.836Z] Programmatic result: ws:1 | 2 uncategorized
[2026-03-05T06:50:48.836Z] Sending uncategorized links + HTML sections to AI for analysis...
[2026-03-05T06:50:48.837Z] Saved AI prompt (2368 chars) to ai_prompt.txt
[2026-03-05T06:50:57.283Z] Saved AI response to ai_response.json
[2026-03-05T06:50:57.283Z] ── Parsing AI response (1 lines) ──
[2026-03-05T06:50:57.283Z]   AI LINK: https://wpastra.com
[2026-03-05T06:50:57.283Z] AI returned 1 valid links
[2026-03-05T06:50:57.283Z] ── Categorizing 1 AI-returned links ──
[2026-03-05T06:50:57.283Z]   AI→URLS: https://wpastra.com
[2026-03-05T06:50:57.284Z] ── Step 2b: Footer/header uncategorized links ──
[2026-03-05T06:50:57.284Z] Footer/header origins (2):
[2026-03-05T06:50:57.284Z]   FOOTER/HEADER ORIGIN: https://wpastra.com
[2026-03-05T06:50:57.284Z]   FOOTER/HEADER ORIGIN: https://medicannx.com
[2026-03-05T06:50:57.284Z]   SKIP (not in footer/header): https://amitmoreno.com
[2026-03-05T06:50:57.284Z]   SKIP (AI claimed): https://wpastra.com
[2026-03-05T06:50:57.284Z] Step 2b result: added 0 uncategorized domains from footer/header
[2026-03-05T06:50:57.284Z] ── Step 3: Final dedup ──
[2026-03-05T06:50:57.284Z] Dedup: removed 0 of 1 URLs already in specialized fields
[2026-03-05T06:50:57.284Z] ── FINAL RESULT ──
[2026-03-05T06:50:57.284Z]   ws (1):
[2026-03-05T06:50:57.284Z]     - https://medicannx.com
[2026-03-05T06:50:57.285Z]   urls (1):
[2026-03-05T06:50:57.285Z]     - https://wpastra.com
[2026-03-05T06:50:57.285Z] Summary: ws:1, urls:1
[2026-03-05T06:50:57.287Z] Saved final result to result.json
[2026-03-05T06:50:57.287Z] Override fields: ws, urls
[2026-03-05T06:50:57.287Z] Finished at: 2026-03-05T06:50:57.287Z
