[2026-03-05T10:07:01.123Z] === Homepage AI Extractor: Lowental Hybrid ===
[2026-03-05T10:07:01.123Z] Started at: 2026-03-05T10:07:01.123Z
[2026-03-05T10:07:01.123Z] Log directory: E:\code\The Wall\mono\packages\scrapper\logs\homepage_ai_extractor\1772705221122_Lowental_Hybrid
[2026-03-05T10:07:01.123Z] Company: Lowental Hybrid
[2026-03-05T10:07:01.123Z] Website: lowental-hybrid.com
[2026-03-05T10:07:01.123Z] cbRank: 79246
[2026-03-05T10:07:01.124Z] Reasons: h
[2026-03-05T10:07:01.124Z] Fetching: https://lowental-hybrid.com
[2026-03-05T10:07:12.411Z] Network idle timeout — continuing with current state
[2026-03-05T10:07:12.467Z] Redirected: https://lowental-hybrid.com -> https://www.lowental-hybrid.com/
[2026-03-05T10:07:12.512Z] Saved HTML (1469323 bytes) to page.html
[2026-03-05T10:07:12.515Z] Extracted 24 unique links from page
[2026-03-05T10:07:12.516Z] Saved 24 links to links.json
[2026-03-05T10:07:12.520Z] Extracted footer HTML (34204 chars)
[2026-03-05T10:07:12.520Z] Extracted header HTML (36094 chars)
[2026-03-05T10:07:12.524Z] Website (post-redirect): https://www.lowental-hybrid.com/ → origin: https://www.lowental-hybrid.com
[2026-03-05T10:07:12.525Z] External links: 6 (of 24 total)
[2026-03-05T10:07:12.525Z] ── All external links ──
[2026-03-05T10:07:12.525Z]   EXT: https://www.enable.co.il
[2026-03-05T10:07:12.525Z]   EXT: https://www.linkedin.com/company/lowental-hybrid-ltd
[2026-03-05T10:07:12.525Z]   EXT: https://www.linkedin.com/in/amikam-norkin-8ba74b2b4
[2026-03-05T10:07:12.525Z]   EXT: https://www.linkedin.com/in/doron-fridman-160563260
[2026-03-05T10:07:12.525Z]   EXT: https://www.linkedin.com/in/itay-lowental-8a920a1a0
[2026-03-05T10:07:12.525Z]   EXT: https://www.upress.co.il
[2026-03-05T10:07:12.525Z] ── Step 1: Programmatic categorization ──
[2026-03-05T10:07:12.525Z]   UNCATEGORIZED: https://www.enable.co.il
[2026-03-05T10:07:12.526Z]   REGEX: li <- https://www.linkedin.com/company/lowental-hybrid-ltd
[2026-03-05T10:07:12.526Z]   UNCATEGORIZED: https://www.upress.co.il
[2026-03-05T10:07:12.526Z] ── Step 1b: Resolving 3 regex-domain URLs via redirect ──
[2026-03-05T10:07:12.526Z]   SKIP (regex domain, no match): https://www.linkedin.com/in/amikam-norkin-8ba74b2b4
[2026-03-05T10:07:12.526Z]   SKIP (regex domain, no match): https://www.linkedin.com/in/doron-fridman-160563260
[2026-03-05T10:07:12.526Z]   SKIP (regex domain, no match): https://www.linkedin.com/in/itay-lowental-8a920a1a0
[2026-03-05T10:07:12.526Z] Programmatic result: ws:1, li:1 | 2 uncategorized
[2026-03-05T10:07:12.526Z] Sending uncategorized links + HTML sections to AI for analysis...
[2026-03-05T10:07:12.527Z] Saved AI prompt (15370 chars) to ai_prompt.txt
[2026-03-05T10:08:22.974Z] Saved AI response to ai_response.json
[2026-03-05T10:08:22.975Z] ── Parsing AI response (1 lines) ──
[2026-03-05T10:08:22.975Z]   AI LINK: https://www.linkedin.com/company/lowental-hybrid-ltd/
[2026-03-05T10:08:22.975Z] AI returned 1 valid links
[2026-03-05T10:08:22.975Z] ── Categorizing 1 AI-returned links ──
[2026-03-05T10:08:22.975Z]   AI→REGEX: li <- https://www.linkedin.com/company/lowental-hybrid-ltd/ (duplicate, skipped)
[2026-03-05T10:08:22.975Z] ── Step 2b: Footer/header uncategorized links ──
[2026-03-05T10:08:22.975Z] Footer/header origins (2):
[2026-03-05T10:08:22.975Z]   FOOTER/HEADER ORIGIN: https://www.linkedin.com
[2026-03-05T10:08:22.975Z]   FOOTER/HEADER ORIGIN: https://www.lowental-hybrid.com
[2026-03-05T10:08:22.975Z]   SKIP (not in footer/header): https://www.enable.co.il
[2026-03-05T10:08:22.976Z]   SKIP (not in footer/header): https://www.upress.co.il
[2026-03-05T10:08:22.976Z] Step 2b result: added 0 uncategorized domains from footer/header
[2026-03-05T10:08:22.976Z] ── Step 3: Final dedup ──
[2026-03-05T10:08:22.976Z] No urls to dedup
[2026-03-05T10:08:22.976Z] ── FINAL RESULT ──
[2026-03-05T10:08:22.976Z]   ws (1):
[2026-03-05T10:08:22.976Z]     - https://www.lowental-hybrid.com
[2026-03-05T10:08:22.976Z]   li (1):
[2026-03-05T10:08:22.976Z]     - https://www.linkedin.com/company/lowental-hybrid-ltd
[2026-03-05T10:08:22.976Z] Summary: ws:1, li:1
[2026-03-05T10:08:22.978Z] Saved final result to result.json
[2026-03-05T10:08:22.978Z] Override fields: ws, li
[2026-03-05T10:08:22.978Z] Finished at: 2026-03-05T10:08:22.978Z
