[2026-03-05T06:42:31.418Z] === Homepage AI Extractor: Bank Hapoalim ===
[2026-03-05T06:42:31.418Z] Started at: 2026-03-05T06:42:31.418Z
[2026-03-05T06:42:31.418Z] Log directory: E:\code\The Wall\mono\packages\scrapper\logs\homepage_ai_extractor\1772692951417_Bank_Hapoalim
[2026-03-05T06:42:31.418Z] Company: Bank Hapoalim
[2026-03-05T06:42:31.418Z] Website: bankhapoalim.com
[2026-03-05T06:42:31.418Z] cbRank: 53715
[2026-03-05T06:42:31.418Z] Reasons: h
[2026-03-05T06:42:31.418Z] Fetching: https://bankhapoalim.com
[2026-03-05T06:42:34.443Z] Redirected: https://bankhapoalim.com -> https://www.bankhapoalim.com/en
[2026-03-05T06:42:34.447Z] Saved HTML (48103 bytes) to page.html
[2026-03-05T06:42:34.450Z] Extracted 38 unique links from page
[2026-03-05T06:42:34.451Z] Saved 38 links to links.json
[2026-03-05T06:42:34.454Z] Extracted footer HTML (7011 chars)
[2026-03-05T06:42:34.454Z] Extracted header HTML (11922 chars)
[2026-03-05T06:42:34.459Z] Website (post-redirect): https://www.bankhapoalim.com/en → origin: https://www.bankhapoalim.com
[2026-03-05T06:42:34.460Z] External links: 18 (of 38 total)
[2026-03-05T06:42:34.460Z] ── All external links ──
[2026-03-05T06:42:34.460Z]   EXT: https://accountmanagement.poalimlinks.co.il/deeplink/default
[2026-03-05T06:42:34.460Z]   EXT: https://login.bankhapoalim.co.il
[2026-03-05T06:42:34.460Z]   EXT: https://login.bankhapoalim.co.il/ng-portals/auth/en
[2026-03-05T06:42:34.460Z]   EXT: https://poalimlinks.co.il/deeplink/adult
[2026-03-05T06:42:34.460Z]   EXT: https://secure.poalimcm.com/poalimcm.com/fintech/overview
[2026-03-05T06:42:34.460Z]   EXT: https://static.bankhapoalim.co.il/business
[2026-03-05T06:42:34.460Z]   EXT: https://tradeapp.page.link/CM
[2026-03-05T06:42:34.460Z]   EXT: https://twitter.com/PoaliMarkeTweet
[2026-03-05T06:42:34.460Z]   EXT: https://www.bankhapoalim-corp.biz/he
[2026-03-05T06:42:34.461Z]   EXT: https://www.bankhapoalim.biz
[2026-03-05T06:42:34.461Z]   EXT: https://www.bankhapoalim.co.il/he
[2026-03-05T06:42:34.461Z]   EXT: https://www.bankhapoalim.co.il/he/fee-list
[2026-03-05T06:42:34.461Z]   EXT: https://www.bankhapoalim.co.il/he/jobs-site
[2026-03-05T06:42:34.461Z]   EXT: https://www.bhiusa.com
[2026-03-05T06:42:34.461Z]   EXT: https://www.bitpay.co.il
[2026-03-05T06:42:34.461Z]   EXT: https://www.facebook.com/BankHapoalimSocial
[2026-03-05T06:42:34.461Z]   EXT: https://www.instagram.com/poalimbank/?igshid=gasygeq4gd2
[2026-03-05T06:42:34.461Z]   EXT: https://www.youtube.com/user/BankHapoalim
[2026-03-05T06:42:34.461Z] ── Step 1: Programmatic categorization ──
[2026-03-05T06:42:34.461Z]   UNCATEGORIZED: https://accountmanagement.poalimlinks.co.il/deeplink/default
[2026-03-05T06:42:34.461Z]   UNCATEGORIZED: https://login.bankhapoalim.co.il
[2026-03-05T06:42:34.462Z]   UNCATEGORIZED: https://login.bankhapoalim.co.il/ng-portals/auth/en
[2026-03-05T06:42:34.462Z]   UNCATEGORIZED: https://poalimlinks.co.il/deeplink/adult
[2026-03-05T06:42:34.462Z]   UNCATEGORIZED: https://secure.poalimcm.com/poalimcm.com/fintech/overview
[2026-03-05T06:42:34.462Z]   UNCATEGORIZED: https://static.bankhapoalim.co.il/business
[2026-03-05T06:42:34.462Z]   UNCATEGORIZED: https://tradeapp.page.link/CM
[2026-03-05T06:42:34.462Z]   REGEX: tw <- https://twitter.com/PoaliMarkeTweet
[2026-03-05T06:42:34.462Z]   UNCATEGORIZED: https://www.bankhapoalim-corp.biz/he
[2026-03-05T06:42:34.462Z]   UNCATEGORIZED: https://www.bankhapoalim.biz
[2026-03-05T06:42:34.462Z]   UNCATEGORIZED: https://www.bankhapoalim.co.il/he
[2026-03-05T06:42:34.463Z]   UNCATEGORIZED: https://www.bankhapoalim.co.il/he/fee-list
[2026-03-05T06:42:34.463Z]   UNCATEGORIZED: https://www.bankhapoalim.co.il/he/jobs-site
[2026-03-05T06:42:34.463Z]   UNCATEGORIZED: https://www.bhiusa.com
[2026-03-05T06:42:34.463Z]   UNCATEGORIZED: https://www.bitpay.co.il
[2026-03-05T06:42:34.463Z]   REGEX: fb <- https://www.facebook.com/BankHapoalimSocial
[2026-03-05T06:42:34.463Z]   REGEX: ig <- https://www.instagram.com/poalimbank/?igshid=gasygeq4gd2
[2026-03-05T06:42:34.463Z]   REGEX: ytp <- https://www.youtube.com/user/BankHapoalim
[2026-03-05T06:42:34.463Z] Programmatic result: ws:1, tw:1, fb:1, ig:1, ytp:1 | 14 uncategorized
[2026-03-05T06:42:34.463Z] Sending uncategorized links + HTML sections to AI for analysis...
[2026-03-05T06:42:34.464Z] Saved AI prompt (6289 chars) to ai_prompt.txt
[2026-03-05T06:43:44.840Z] Saved AI response to ai_response.json
[2026-03-05T06:43:44.840Z] ── Parsing AI response (14 lines) ──
[2026-03-05T06:43:44.840Z]   AI LINK: https://www.bankhapoalim.co.il/he/fee-list
[2026-03-05T06:43:44.840Z]   AI LINK: https://www.bhiusa.com/
[2026-03-05T06:43:44.840Z]   AI LINK: https://secure.poalimcm.com/poalimcm.com/fintech/overview
[2026-03-05T06:43:44.840Z]   AI LINK: https://www.bankhapoalim.co.il/he
[2026-03-05T06:43:44.840Z]   AI LINK: https://www.bankhapoalim.biz/
[2026-03-05T06:43:44.840Z]   AI LINK: https://www.bankhapoalim-corp.biz/he
[2026-03-05T06:43:44.840Z]   AI LINK: https://www.bankhapoalim.co.il/he/jobs-site
[2026-03-05T06:43:44.840Z]   AI LINK: https://accountmanagement.poalimlinks.co.il/deeplink/default
[2026-03-05T06:43:44.841Z]   AI LINK: https://tradeapp.page.link/CM
[2026-03-05T06:43:44.841Z]   AI LINK: https://static.bankhapoalim.co.il/business
[2026-03-05T06:43:44.841Z]   AI LINK: https://www.facebook.com/BankHapoalimSocial
[2026-03-05T06:43:44.841Z]   AI LINK: https://www.instagram.com/poalimbank/?igshid=gasygeq4gd2
[2026-03-05T06:43:44.841Z]   AI LINK: https://twitter.com/PoaliMarkeTweet
[2026-03-05T06:43:44.841Z]   AI LINK: https://www.youtube.com/user/BankHapoalim
[2026-03-05T06:43:44.841Z] AI returned 14 valid links
[2026-03-05T06:43:44.841Z] ── Categorizing 14 AI-returned links ──
[2026-03-05T06:43:44.841Z]   AI→URLS: https://www.bankhapoalim.co.il/he/fee-list
[2026-03-05T06:43:44.841Z]   AI→URLS: https://www.bhiusa.com (cleaned from https://www.bhiusa.com/)
[2026-03-05T06:43:44.842Z]   AI→URLS: https://secure.poalimcm.com/poalimcm.com/fintech/overview
[2026-03-05T06:43:44.842Z]   AI→URLS: https://www.bankhapoalim.co.il/he
[2026-03-05T06:43:44.842Z]   AI→URLS: https://www.bankhapoalim.biz (cleaned from https://www.bankhapoalim.biz/)
[2026-03-05T06:43:44.842Z]   AI→URLS: https://www.bankhapoalim-corp.biz/he
[2026-03-05T06:43:44.842Z]   AI→URLS: https://www.bankhapoalim.co.il/he/jobs-site
[2026-03-05T06:43:44.842Z]   AI→URLS: https://accountmanagement.poalimlinks.co.il/deeplink/default
[2026-03-05T06:43:44.842Z]   AI→URLS: https://tradeapp.page.link/CM
[2026-03-05T06:43:44.842Z]   AI→URLS: https://static.bankhapoalim.co.il/business
[2026-03-05T06:43:44.842Z]   AI→REGEX: fb <- https://www.facebook.com/BankHapoalimSocial (duplicate, skipped)
[2026-03-05T06:43:44.842Z]   AI→REGEX: ig <- https://www.instagram.com/poalimbank/?igshid=gasygeq4gd2 (duplicate, skipped)
[2026-03-05T06:43:44.843Z]   AI→REGEX: tw <- https://twitter.com/PoaliMarkeTweet (duplicate, skipped)
[2026-03-05T06:43:44.843Z]   AI→REGEX: ytp <- https://www.youtube.com/user/BankHapoalim (duplicate, skipped)
[2026-03-05T06:43:44.843Z] ── Step 2b: Footer/header uncategorized links ──
[2026-03-05T06:43:44.843Z] Footer/header origins (16):
[2026-03-05T06:43:44.843Z]   FOOTER/HEADER ORIGIN: https://www.bankhapoalim.co.il
[2026-03-05T06:43:44.843Z]   FOOTER/HEADER ORIGIN: https://www.bankhapoalim.com
[2026-03-05T06:43:44.843Z]   FOOTER/HEADER ORIGIN: https://www.bhiusa.com
[2026-03-05T06:43:44.844Z]   FOOTER/HEADER ORIGIN: https://secure.poalimcm.com
[2026-03-05T06:43:44.844Z]   FOOTER/HEADER ORIGIN: https://www.bankhapoalim.biz
[2026-03-05T06:43:44.844Z]   FOOTER/HEADER ORIGIN: https://www.bankhapoalim-corp.biz
[2026-03-05T06:43:44.844Z]   FOOTER/HEADER ORIGIN: https://accountmanagement.poalimlinks.co.il
[2026-03-05T06:43:44.844Z]   FOOTER/HEADER ORIGIN: https://tradeapp.page.link
[2026-03-05T06:43:44.844Z]   FOOTER/HEADER ORIGIN: https://static.bankhapoalim.co.il
[2026-03-05T06:43:44.844Z]   FOOTER/HEADER ORIGIN: https://poalimlinks.co.il
[2026-03-05T06:43:44.844Z]   FOOTER/HEADER ORIGIN: https://www.bitpay.co.il
[2026-03-05T06:43:44.844Z]   FOOTER/HEADER ORIGIN: https://www.facebook.com
[2026-03-05T06:43:44.844Z]   FOOTER/HEADER ORIGIN: https://www.instagram.com
[2026-03-05T06:43:44.844Z]   FOOTER/HEADER ORIGIN: https://twitter.com
[2026-03-05T06:43:44.844Z]   FOOTER/HEADER ORIGIN: https://www.youtube.com
[2026-03-05T06:43:44.844Z]   FOOTER/HEADER ORIGIN: https://login.bankhapoalim.co.il
[2026-03-05T06:43:44.844Z]   SKIP (AI claimed): https://accountmanagement.poalimlinks.co.il/deeplink/default
[2026-03-05T06:43:44.844Z]   ADDED: urls <- https://login.bankhapoalim.co.il
[2026-03-05T06:43:44.845Z]   ADDED: urls <- https://login.bankhapoalim.co.il/ng-portals/auth/en
[2026-03-05T06:43:44.845Z]   ADDED: urls <- https://poalimlinks.co.il/deeplink/adult
[2026-03-05T06:43:44.845Z]   SKIP (AI claimed): https://secure.poalimcm.com/poalimcm.com/fintech/overview
[2026-03-05T06:43:44.845Z]   SKIP (AI claimed): https://static.bankhapoalim.co.il/business
[2026-03-05T06:43:44.845Z]   SKIP (AI claimed): https://tradeapp.page.link/CM
[2026-03-05T06:43:44.845Z]   SKIP (AI claimed): https://www.bankhapoalim-corp.biz/he
[2026-03-05T06:43:44.845Z]   SKIP (AI claimed): https://www.bankhapoalim.biz
[2026-03-05T06:43:44.845Z]   SKIP (AI claimed): https://www.bankhapoalim.co.il/he
[2026-03-05T06:43:44.845Z]   SKIP (AI claimed): https://www.bankhapoalim.co.il/he/fee-list
[2026-03-05T06:43:44.845Z]   SKIP (AI claimed): https://www.bankhapoalim.co.il/he/jobs-site
[2026-03-05T06:43:44.845Z]   SKIP (AI claimed): https://www.bhiusa.com
[2026-03-05T06:43:44.845Z]   ADDED: urls <- https://www.bitpay.co.il
[2026-03-05T06:43:44.846Z] Step 2b result: added 4 uncategorized domains from footer/header
[2026-03-05T06:43:44.846Z] ── Step 3: Final dedup ──
[2026-03-05T06:43:44.846Z] Dedup: removed 0 of 14 URLs already in specialized fields
[2026-03-05T06:43:44.846Z] ── FINAL RESULT ──
[2026-03-05T06:43:44.846Z]   ws (1):
[2026-03-05T06:43:44.846Z]     - https://www.bankhapoalim.com
[2026-03-05T06:43:44.846Z]   fb (1):
[2026-03-05T06:43:44.846Z]     - https://www.facebook.com/bankhapoalimsocial
[2026-03-05T06:43:44.846Z]   tw (1):
[2026-03-05T06:43:44.846Z]     - https://x.com/poalimarketweet
[2026-03-05T06:43:44.846Z]   ig (1):
[2026-03-05T06:43:44.846Z]     - https://www.instagram.com/poalimbank
[2026-03-05T06:43:44.846Z]   ytp (1):
[2026-03-05T06:43:44.846Z]     - https://www.youtube.com/@bankhapoalim
[2026-03-05T06:43:44.846Z]   urls (14):
[2026-03-05T06:43:44.846Z]     - https://accountmanagement.poalimlinks.co.il/deeplink/default
[2026-03-05T06:43:44.846Z]     - https://login.bankhapoalim.co.il
[2026-03-05T06:43:44.847Z]     - https://login.bankhapoalim.co.il/ng-portals/auth/en
[2026-03-05T06:43:44.847Z]     - https://poalimlinks.co.il/deeplink/adult
[2026-03-05T06:43:44.847Z]     - https://secure.poalimcm.com/poalimcm.com/fintech/overview
[2026-03-05T06:43:44.847Z]     - https://static.bankhapoalim.co.il/business
[2026-03-05T06:43:44.847Z]     - https://tradeapp.page.link/CM
[2026-03-05T06:43:44.847Z]     - https://www.bankhapoalim-corp.biz/he
[2026-03-05T06:43:44.847Z]     - https://www.bankhapoalim.biz
[2026-03-05T06:43:44.847Z]     - https://www.bankhapoalim.co.il/he
[2026-03-05T06:43:44.847Z]     - https://www.bankhapoalim.co.il/he/fee-list
[2026-03-05T06:43:44.847Z]     - https://www.bankhapoalim.co.il/he/jobs-site
[2026-03-05T06:43:44.847Z]     - https://www.bhiusa.com
[2026-03-05T06:43:44.847Z]     - https://www.bitpay.co.il
[2026-03-05T06:43:44.847Z] Summary: ws:1, tw:1, fb:1, ig:1, ytp:1, urls:14
[2026-03-05T06:43:44.848Z] Saved final result to result.json
[2026-03-05T06:43:44.848Z] Override fields: ws, fb, tw, ig, ytp, urls
[2026-03-05T06:43:44.848Z] Finished at: 2026-03-05T06:43:44.848Z
