[2026-03-01T17:45:59.672Z] === Homepage AI Extractor: C2A Security ===
[2026-03-01T17:45:59.674Z] Started at: 2026-03-01T17:45:59.674Z
[2026-03-01T17:45:59.674Z] Log directory: E:\code\The Wall\mono\packages\scrapper\logs\homepage_ai_extractor\1772387159671_C2A_Security
[2026-03-01T17:45:59.674Z] Company: C2A Security
[2026-03-01T17:45:59.674Z] Website: c2a-sec.com
[2026-03-01T17:45:59.674Z] cbRank: 34351
[2026-03-01T17:45:59.675Z] Reasons: h
[2026-03-01T17:45:59.675Z] Fetching: https://c2a-sec.com
[2026-03-01T17:46:04.907Z] Redirected: https://c2a-sec.com -> https://c2a-sec.com/
[2026-03-01T17:46:04.951Z] Saved HTML (1276544 bytes) to page.html
[2026-03-01T17:46:04.957Z] Extracted 26 unique links from page
[2026-03-01T17:46:04.958Z] Saved 26 links to links.json
[2026-03-01T17:46:04.965Z] Extracted footer HTML (15541 chars)
[2026-03-01T17:46:04.965Z] Extracted header HTML (28864 chars)
[2026-03-01T17:46:04.973Z] Website (post-redirect): https://c2a-sec.com/ → origin: https://c2a-sec.com
[2026-03-01T17:46:04.973Z] External links: 8 (of 26 total)
[2026-03-01T17:46:04.974Z] ── All external links ──
[2026-03-01T17:46:04.974Z]   EXT: https://twitter.com/C2A_Security
[2026-03-01T17:46:04.974Z]   EXT: https://twitter.com/i/flow/login?redirect_after_login=%2FC2A_Security
[2026-03-01T17:46:04.974Z]   EXT: https://www.facebook.com/p/C2A-Security-100089639169833
[2026-03-01T17:46:04.974Z]   EXT: https://www.facebook.com/profile.php?id=100089639169833
[2026-03-01T17:46:04.974Z]   EXT: https://www.linkedin.com/company/c2a-security
[2026-03-01T17:46:04.974Z]   EXT: https://www.linkedin.com/in/auldinfluence
[2026-03-01T17:46:04.974Z]   EXT: https://www.linkedin.com/in/geoffrey-mann-9a75b2b2
[2026-03-01T17:46:04.974Z]   EXT: https://www.linkedin.com/in/ken-zalevsky
[2026-03-01T17:46:04.974Z] ── Step 1: Programmatic categorization ──
[2026-03-01T17:46:04.975Z]   REGEX: tw <- https://twitter.com/C2A_Security
[2026-03-01T17:46:04.975Z]   REGEX: fb <- https://www.facebook.com/p/C2A-Security-100089639169833
[2026-03-01T17:46:04.975Z]   REGEX: li <- https://www.linkedin.com/company/c2a-security
[2026-03-01T17:46:04.975Z] ── Step 1b: Resolving 5 regex-domain URLs via redirect ──
[2026-03-01T17:46:04.975Z]   SKIP (regex domain, no match): https://twitter.com/i/flow/login?redirect_after_login=%2FC2A_Security
[2026-03-01T17:46:06.963Z]   RESOLVE: https://www.facebook.com/profile.php?id=100089639169833 → https://www.facebook.com/people/C2A-Security/100089639169833
[2026-03-01T17:46:06.978Z]   SKIP (resolved but still no regex match): https://www.facebook.com/people/C2A-Security/100089639169833 (from https://www.facebook.com/profile.php?id=100089639169833)
[2026-03-01T17:46:06.979Z]   SKIP (regex domain, no match): https://www.linkedin.com/in/auldinfluence
[2026-03-01T17:46:06.979Z]   SKIP (regex domain, no match): https://www.linkedin.com/in/geoffrey-mann-9a75b2b2
[2026-03-01T17:46:06.979Z]   SKIP (regex domain, no match): https://www.linkedin.com/in/ken-zalevsky
[2026-03-01T17:46:06.979Z] Programmatic result: ws:1, tw:1, fb:1, li:1 | 0 uncategorized
[2026-03-01T17:46:06.979Z] Sending uncategorized links + HTML sections to AI for analysis...
[2026-03-01T17:46:06.980Z] Saved AI prompt (6668 chars) to ai_prompt.txt
[2026-03-01T17:46:43.436Z] Saved AI response to ai_response.json
[2026-03-01T17:46:43.436Z] ── Parsing AI response (3 lines) ──
[2026-03-01T17:46:43.436Z]   AI LINK: https://www.linkedin.com/company/c2a-security
[2026-03-01T17:46:43.436Z]   AI LINK: https://twitter.com/C2A_Security
[2026-03-01T17:46:43.436Z]   AI LINK: https://www.facebook.com/profile.php?id=100089639169833
[2026-03-01T17:46:43.437Z] AI returned 3 valid links
[2026-03-01T17:46:43.437Z] ── Categorizing 3 AI-returned links ──
[2026-03-01T17:46:43.437Z]   AI→REGEX: li <- https://www.linkedin.com/company/c2a-security (duplicate, skipped)
[2026-03-01T17:46:43.437Z]   AI→REGEX: tw <- https://twitter.com/C2A_Security (duplicate, skipped)
[2026-03-01T17:46:45.543Z]   RESOLVE: https://www.facebook.com/profile.php?id=100089639169833 → https://www.facebook.com/people/C2A-Security/100089639169833
[2026-03-01T17:46:45.548Z]   AI→SKIP (resolved but still no regex match): https://www.facebook.com/people/C2A-Security/100089639169833 (from https://www.facebook.com/profile.php?id=100089639169833)
[2026-03-01T17:46:45.550Z] ── Step 2b: Footer/header uncategorized links ──
[2026-03-01T17:46:45.550Z] Footer/header origins (4):
[2026-03-01T17:46:45.550Z]   FOOTER/HEADER ORIGIN: https://www.linkedin.com
[2026-03-01T17:46:45.550Z]   FOOTER/HEADER ORIGIN: https://twitter.com
[2026-03-01T17:46:45.550Z]   FOOTER/HEADER ORIGIN: https://www.facebook.com
[2026-03-01T17:46:45.550Z]   FOOTER/HEADER ORIGIN: https://c2a-sec.com
[2026-03-01T17:46:45.550Z] Step 2b result: added 0 uncategorized domains from footer/header
[2026-03-01T17:46:45.550Z] ── Step 3: Final dedup ──
[2026-03-01T17:46:45.551Z] No urls to dedup
[2026-03-01T17:46:45.551Z] ── FINAL RESULT ──
[2026-03-01T17:46:45.551Z]   ws (1):
[2026-03-01T17:46:45.551Z]     - https://c2a-sec.com
[2026-03-01T17:46:45.551Z]   li (1):
[2026-03-01T17:46:45.551Z]     - https://www.linkedin.com/company/c2a-security
[2026-03-01T17:46:45.551Z]   fb (1):
[2026-03-01T17:46:45.551Z]     - https://www.facebook.com/p
[2026-03-01T17:46:45.551Z]   tw (1):
[2026-03-01T17:46:45.551Z]     - https://x.com/c2a_security
[2026-03-01T17:46:45.551Z] Summary: ws:1, tw:1, fb:1, li:1
[2026-03-01T17:46:45.552Z] Saved final result to result.json
[2026-03-01T17:46:45.552Z] Override fields: ws, li, fb, tw
[2026-03-01T17:46:45.552Z] Finished at: 2026-03-01T17:46:45.552Z
