[2026-02-27T05:30:42.096Z] === Homepage AI Extractor: Magenta Medical ===
[2026-02-27T05:30:42.096Z] Started at: 2026-02-27T05:30:42.096Z
[2026-02-27T05:30:42.096Z] Log directory: E:\code\The Wall\mono\packages\scrapper\logs\homepage_ai_extractor\1772170242095_Magenta_Medical
[2026-02-27T05:30:42.097Z] Company: Magenta Medical
[2026-02-27T05:30:42.097Z] Website: magentamed.com
[2026-02-27T05:30:42.097Z] cbRank: 19401
[2026-02-27T05:30:42.097Z] Reasons: h
[2026-02-27T05:30:42.097Z] Fetching: https://magentamed.com
[2026-02-27T05:30:46.066Z] Dismissed cookie consent popup via: button:has-text("Accept all")
[2026-02-27T05:30:46.575Z] Redirected: https://magentamed.com -> https://magentamed.com/
[2026-02-27T05:30:46.584Z] Saved HTML (93745 bytes) to page.html
[2026-02-27T05:30:46.588Z] Extracted 10 unique links from page
[2026-02-27T05:30:46.590Z] Saved 10 links to links.json
[2026-02-27T05:30:46.596Z] Extracted footer HTML (2842 chars)
[2026-02-27T05:30:46.596Z] Extracted header HTML (2561 chars)
[2026-02-27T05:30:46.602Z] Website (post-redirect): https://magentamed.com/
[2026-02-27T05:30:46.602Z] External links: 3 (of 10 total)
[2026-02-27T05:30:46.602Z] ── All external links ──
[2026-02-27T05:30:46.602Z]   EXT: https://il.linkedin.com/company/magenta-medical
[2026-02-27T05:30:46.602Z]   EXT: https://www.madebyomnis.com
[2026-02-27T05:30:46.603Z]   EXT: https://x.com/MagentaMed
[2026-02-27T05:30:46.603Z] ── Step 1: Programmatic categorization ──
[2026-02-27T05:30:46.603Z]   REGEX: li <- https://il.linkedin.com/company/magenta-medical
[2026-02-27T05:30:46.603Z]   UNCATEGORIZED: https://www.madebyomnis.com
[2026-02-27T05:30:46.603Z]   REGEX: tw <- https://x.com/MagentaMed
[2026-02-27T05:30:46.603Z] Programmatic result: ws:1, li:1, tw:1 | 1 uncategorized
[2026-02-27T05:30:46.604Z] Sending uncategorized links + HTML sections to AI for analysis...
[2026-02-27T05:30:46.605Z] Saved AI prompt (3899 chars) to ai_prompt.txt
[2026-02-27T05:31:05.200Z] Saved AI response to ai_response.json
[2026-02-27T05:31:05.200Z] ── Parsing AI response (2 lines) ──
[2026-02-27T05:31:05.201Z]   AI LINK: https://il.linkedin.com/company/magenta-medical
[2026-02-27T05:31:05.201Z]   AI LINK: https://x.com/MagentaMed
[2026-02-27T05:31:05.201Z] AI returned 2 valid links
[2026-02-27T05:31:05.201Z] ── Categorizing 2 AI-returned links ──
[2026-02-27T05:31:05.202Z]   AI→REGEX: li <- https://il.linkedin.com/company/magenta-medical (duplicate, skipped)
[2026-02-27T05:31:05.202Z]   AI→REGEX: tw <- https://x.com/MagentaMed (duplicate, skipped)
[2026-02-27T05:31:05.202Z] ── Step 2b: Footer/header uncategorized links ──
[2026-02-27T05:31:05.203Z] Footer/header origins (4):
[2026-02-27T05:31:05.203Z]   FOOTER/HEADER ORIGIN: https://magentamed.com
[2026-02-27T05:31:05.203Z]   FOOTER/HEADER ORIGIN: https://il.linkedin.com
[2026-02-27T05:31:05.203Z]   FOOTER/HEADER ORIGIN: https://x.com
[2026-02-27T05:31:05.203Z]   FOOTER/HEADER ORIGIN: https://www.madebyomnis.com
[2026-02-27T05:31:05.204Z]   ADDED: urls <- https://www.madebyomnis.com
[2026-02-27T05:31:05.204Z] Step 2b result: added 1 uncategorized domains from footer/header
[2026-02-27T05:31:05.204Z] ── Step 3: Final dedup ──
[2026-02-27T05:31:05.204Z] Dedup: removed 0 of 1 URLs already in specialized fields
[2026-02-27T05:31:05.205Z] ── FINAL RESULT ──
[2026-02-27T05:31:05.205Z]   ws (1):
[2026-02-27T05:31:05.205Z]     - https://magentamed.com/
[2026-02-27T05:31:05.205Z]   li (1):
[2026-02-27T05:31:05.205Z]     - https://www.linkedin.com/company/magenta-medical
[2026-02-27T05:31:05.205Z]   tw (1):
[2026-02-27T05:31:05.205Z]     - https://x.com/magentamed
[2026-02-27T05:31:05.206Z]   urls (1):
[2026-02-27T05:31:05.206Z]     - https://www.madebyomnis.com
[2026-02-27T05:31:05.206Z] Summary: ws:1, li:1, tw:1, urls:1
[2026-02-27T05:31:05.208Z] Saved final result to result.json
[2026-02-27T05:31:05.209Z] Override fields: ws, li, tw, urls
[2026-02-27T05:31:05.209Z] Finished at: 2026-02-27T05:31:05.209Z
