[2026-03-06T03:13:50.314Z] === Homepage AI Extractor: LEADERS ===
[2026-03-06T03:13:50.314Z] Started at: 2026-03-06T03:13:50.314Z
[2026-03-06T03:13:50.314Z] Log directory: E:\code\The Wall\mono\packages\scrapper\logs\homepage_ai_extractor\1772766830314_LEADERS
[2026-03-06T03:13:50.314Z] Company: LEADERS
[2026-03-06T03:13:50.314Z] Website: ldrsgroup.com
[2026-03-06T03:13:50.314Z] cbRank: 113196
[2026-03-06T03:13:50.315Z] Reasons: h
[2026-03-06T03:13:50.315Z] Fetching: https://ldrsgroup.com
[2026-03-06T03:13:51.954Z] Redirected: https://ldrsgroup.com -> https://ldrsgroup.com/
[2026-03-06T03:13:51.966Z] Saved HTML (364422 bytes) to page.html
[2026-03-06T03:13:51.969Z] Extracted 33 unique links from page
[2026-03-06T03:13:51.970Z] Saved 33 links to links.json
[2026-03-06T03:13:51.973Z] Extracted footer HTML (22250 chars)
[2026-03-06T03:13:51.974Z] Extracted header HTML (27575 chars)
[2026-03-06T03:13:51.978Z] Website (post-redirect): https://ldrsgroup.com/ → origin: https://ldrsgroup.com
[2026-03-06T03:13:51.978Z]   SUBDOMAIN: customers.ldrsgroup.com (added to ws)
[2026-03-06T03:13:51.978Z] Website subdomains found: 1
[2026-03-06T03:13:51.979Z] External links: 4 (of 33 total)
[2026-03-06T03:13:51.979Z] ── All external links ──
[2026-03-06T03:13:51.979Z]   EXT: https://erannizri.com
[2026-03-06T03:13:51.979Z]   EXT: https://www.facebook.com/ldrsgroup
[2026-03-06T03:13:51.979Z]   EXT: https://www.instagram.com/ldrs_group/?hl=en
[2026-03-06T03:13:51.979Z]   EXT: https://www.youtube.com/@ldrsgroup8977
[2026-03-06T03:13:51.979Z] ── Step 1: Programmatic categorization ──
[2026-03-06T03:13:51.979Z]   UNCATEGORIZED: https://erannizri.com
[2026-03-06T03:13:51.979Z]   REGEX: fb <- https://www.facebook.com/ldrsgroup
[2026-03-06T03:13:51.979Z]   REGEX: ig <- https://www.instagram.com/ldrs_group/?hl=en
[2026-03-06T03:13:51.979Z]   REGEX: ytp <- https://www.youtube.com/@ldrsgroup8977
[2026-03-06T03:13:51.980Z] Programmatic result: ws:2, fb:1, ig:1, ytp:1 | 1 uncategorized
[2026-03-06T03:13:51.980Z] Sending uncategorized links + HTML sections to AI for analysis...
[2026-03-06T03:13:51.980Z] Saved AI prompt (11761 chars) to ai_prompt.txt
[2026-03-06T03:14:54.027Z] Saved AI response to ai_response.json
[2026-03-06T03:14:54.028Z] ── Parsing AI response (3 lines) ──
[2026-03-06T03:14:54.028Z]   AI LINK: https://www.instagram.com/ldrs_group/?hl=en
[2026-03-06T03:14:54.028Z]   AI LINK: https://www.youtube.com/@ldrsgroup8977
[2026-03-06T03:14:54.028Z]   AI LINK: https://www.facebook.com/ldrsgroup/
[2026-03-06T03:14:54.028Z] AI returned 3 valid links
[2026-03-06T03:14:54.028Z] ── Categorizing 3 AI-returned links ──
[2026-03-06T03:14:54.028Z]   AI→REGEX: ig <- https://www.instagram.com/ldrs_group/?hl=en (duplicate, skipped)
[2026-03-06T03:14:54.028Z]   AI→REGEX: ytp <- https://www.youtube.com/@ldrsgroup8977 (duplicate, skipped)
[2026-03-06T03:14:54.029Z]   AI→REGEX: fb <- https://www.facebook.com/ldrsgroup/ (duplicate, skipped)
[2026-03-06T03:14:54.029Z] ── Step 2b: Footer/header uncategorized links ──
[2026-03-06T03:14:54.029Z] Footer/header origins (5):
[2026-03-06T03:14:54.029Z]   FOOTER/HEADER ORIGIN: https://ldrsgroup.com
[2026-03-06T03:14:54.029Z]   FOOTER/HEADER ORIGIN: https://customers.ldrsgroup.com
[2026-03-06T03:14:54.029Z]   FOOTER/HEADER ORIGIN: https://www.instagram.com
[2026-03-06T03:14:54.029Z]   FOOTER/HEADER ORIGIN: https://www.youtube.com
[2026-03-06T03:14:54.029Z]   FOOTER/HEADER ORIGIN: https://www.facebook.com
[2026-03-06T03:14:54.029Z]   SKIP (not in footer/header): https://erannizri.com
[2026-03-06T03:14:54.029Z] Step 2b result: added 0 uncategorized domains from footer/header
[2026-03-06T03:14:54.029Z] ── Step 3: Final dedup ──
[2026-03-06T03:14:54.029Z] No urls to dedup
[2026-03-06T03:14:54.030Z] ── FINAL RESULT ──
[2026-03-06T03:14:54.030Z]   ws (2):
[2026-03-06T03:14:54.030Z]     - https://customers.ldrsgroup.com
[2026-03-06T03:14:54.030Z]     - https://ldrsgroup.com
[2026-03-06T03:14:54.030Z]   fb (1):
[2026-03-06T03:14:54.030Z]     - https://www.facebook.com/ldrsgroup
[2026-03-06T03:14:54.030Z]   ig (1):
[2026-03-06T03:14:54.030Z]     - https://www.instagram.com/ldrs_group
[2026-03-06T03:14:54.030Z]   ytp (1):
[2026-03-06T03:14:54.030Z]     - https://www.youtube.com/@ldrsgroup8977
[2026-03-06T03:14:54.030Z] Summary: ws:2, fb:1, ig:1, ytp:1
[2026-03-06T03:14:54.035Z] Saved final result to result.json
[2026-03-06T03:14:54.035Z] Override fields: ws, fb, ig, ytp
[2026-03-06T03:14:54.035Z] Finished at: 2026-03-06T03:14:54.035Z
