[2026-02-27T04:23:51.407Z] === Homepage AI Extractor: Grain ===
[2026-02-27T04:23:51.407Z] Started at: 2026-02-27T04:23:51.407Z
[2026-02-27T04:23:51.408Z] Log directory: E:\code\The Wall\mono\packages\scrapper\logs\homepage_ai_extractor\1772166231404_Grain
[2026-02-27T04:23:51.408Z] Company: Grain
[2026-02-27T04:23:51.408Z] Website: grainfinance.co
[2026-02-27T04:23:51.408Z] cbRank: 13531
[2026-02-27T04:23:51.409Z] Reasons: h
[2026-02-27T04:23:51.409Z] Fetching: https://grainfinance.co
[2026-02-27T04:23:56.590Z] Dismissed cookie consent popup via: button:has-text("Accept all")
[2026-02-27T04:23:57.105Z] Redirected: https://grainfinance.co -> https://www.grainfinance.com/
[2026-02-27T04:23:57.173Z] Saved HTML (1397299 bytes) to page.html
[2026-02-27T04:23:57.177Z] Extracted 18 unique links from page
[2026-02-27T04:23:57.179Z] Saved 18 links to links.json
[2026-02-27T04:23:57.185Z] Extracted footer HTML (18025 chars)
[2026-02-27T04:23:57.185Z] Extracted header HTML (30012 chars)
[2026-02-27T04:23:57.192Z] Website (post-redirect): https://www.grainfinance.com/
[2026-02-27T04:23:57.192Z] External links: 3 (of 18 total)
[2026-02-27T04:23:57.192Z] ── All external links ──
[2026-02-27T04:23:57.192Z]   EXT: https://console.grainfinance.co/?__hstc=152811494.6164e8ce6ffb6881080b84df940c4285.1772166234041.1772166234041.1772166234041.1&__hssc=152811494.1.1772166234041&__hsfp=d0f2dd4d2556806003a75809cbd25bec
[2026-02-27T04:23:57.192Z]   EXT: https://twitter.com/grainfinance_co
[2026-02-27T04:23:57.192Z]   EXT: https://www.linkedin.com/company/grainfinance/mycompany/?viewAsMember=true
[2026-02-27T04:23:57.193Z] ── Step 1: Programmatic categorization ──
[2026-02-27T04:23:57.193Z]   UNCATEGORIZED: https://console.grainfinance.co/?__hstc=152811494.6164e8ce6ffb6881080b84df940c4285.1772166234041.1772166234041.1772166234041.1&__hssc=152811494.1.1772166234041&__hsfp=d0f2dd4d2556806003a75809cbd25bec
[2026-02-27T04:23:57.193Z]   REGEX: tw <- https://twitter.com/grainfinance_co
[2026-02-27T04:23:57.193Z]   REGEX: li <- https://www.linkedin.com/company/grainfinance/mycompany/?viewAsMember=true
[2026-02-27T04:23:57.193Z] Programmatic result: ws:1, tw:1, li:1 | 1 uncategorized
[2026-02-27T04:23:57.193Z] Sending uncategorized links + HTML sections to AI for analysis...
[2026-02-27T04:23:57.194Z] Saved AI prompt (11204 chars) to ai_prompt.txt
[2026-02-27T04:25:02.679Z] Saved AI response to ai_response.json
[2026-02-27T04:25:02.680Z] ── Parsing AI response (2 lines) ──
[2026-02-27T04:25:02.680Z]   AI LINK: https://twitter.com/grainfinance_co
[2026-02-27T04:25:02.680Z]   AI LINK: https://www.linkedin.com/company/grainfinance/mycompany/?viewAsMember=true
[2026-02-27T04:25:02.680Z] AI returned 2 valid links
[2026-02-27T04:25:02.680Z] ── Categorizing 2 AI-returned links ──
[2026-02-27T04:25:02.681Z]   AI→REGEX: tw <- https://twitter.com/grainfinance_co (duplicate, skipped)
[2026-02-27T04:25:02.681Z]   AI→REGEX: li <- https://www.linkedin.com/company/grainfinance/mycompany/?viewAsMember=true (duplicate, skipped)
[2026-02-27T04:25:02.682Z] ── Step 2b: Footer/header uncategorized links ──
[2026-02-27T04:25:02.682Z] Footer/header origins (4):
[2026-02-27T04:25:02.682Z]   FOOTER/HEADER ORIGIN: https://www.grainfinance.com
[2026-02-27T04:25:02.682Z]   FOOTER/HEADER ORIGIN: https://twitter.com
[2026-02-27T04:25:02.682Z]   FOOTER/HEADER ORIGIN: https://www.linkedin.com
[2026-02-27T04:25:02.682Z]   FOOTER/HEADER ORIGIN: https://console.grainfinance.co
[2026-02-27T04:25:02.683Z]   ADDED: urls <- https://console.grainfinance.co (cleaned from https://console.grainfinance.co/?__hstc=152811494.6164e8ce6ffb6881080b84df940c4285.1772166234041.1772166234041.1772166234041.1&__hssc=152811494.1.1772166234041&__hsfp=d0f2dd4d2556806003a75809cbd25bec)
[2026-02-27T04:25:02.683Z] Step 2b result: added 1 uncategorized domains from footer/header
[2026-02-27T04:25:02.683Z] ── Step 3: Final dedup ──
[2026-02-27T04:25:02.683Z] Dedup: removed 0 of 1 URLs already in specialized fields
[2026-02-27T04:25:02.683Z] ── FINAL RESULT ──
[2026-02-27T04:25:02.684Z]   ws (1):
[2026-02-27T04:25:02.684Z]     - https://www.grainfinance.com/
[2026-02-27T04:25:02.684Z]   li (1):
[2026-02-27T04:25:02.684Z]     - https://www.linkedin.com/company/grainfinance
[2026-02-27T04:25:02.684Z]   tw (1):
[2026-02-27T04:25:02.684Z]     - https://x.com/grainfinance_co
[2026-02-27T04:25:02.685Z]   urls (1):
[2026-02-27T04:25:02.685Z]     - https://console.grainfinance.co
[2026-02-27T04:25:02.685Z] Summary: ws:1, tw:1, li:1, urls:1
[2026-02-27T04:25:02.687Z] Saved final result to result.json
[2026-02-27T04:25:02.687Z] Override fields: ws, li, tw, urls
[2026-02-27T04:25:02.687Z] Finished at: 2026-02-27T04:25:02.687Z
