[2026-03-13T04:21:54.891Z] === Homepage AI Extractor: VSENSE ===
[2026-03-13T04:21:54.891Z] Started at: 2026-03-13T04:21:54.891Z
[2026-03-13T04:21:54.891Z] Log directory: E:\code\The Wall\mono\packages\scrapper\logs\homepage_ai_extractor\1773375714891_VSENSE
[2026-03-13T04:21:54.892Z] Company: VSENSE
[2026-03-13T04:21:54.892Z] Website: vsense.co.il
[2026-03-13T04:21:54.892Z] cbRank: 979072
[2026-03-13T04:21:54.892Z] Reasons: h
[2026-03-13T04:21:54.892Z] Fetching: https://vsense.co.il
[2026-03-13T04:21:56.730Z] Redirected: https://vsense.co.il -> https://vsense.co.il/
[2026-03-13T04:21:56.734Z] Saved HTML (3499 bytes) to page.html
[2026-03-13T04:21:56.738Z] Extracted 1 unique links from page
[2026-03-13T04:21:56.739Z] Saved 1 links to links.json
[2026-03-13T04:21:56.744Z] No footer section found in DOM
[2026-03-13T04:21:56.744Z] No header section found in DOM
[2026-03-13T04:21:56.750Z] Website (post-redirect): https://vsense.co.il/ → origin: https://vsense.co.il
[2026-03-13T04:21:56.750Z] External links: 0 (of 1 total)
[2026-03-13T04:21:56.750Z] ── All external links ──
[2026-03-13T04:21:56.750Z] ── Step 1: Programmatic categorization ──
[2026-03-13T04:21:56.750Z] Programmatic result: ws:1 | 0 uncategorized
[2026-03-13T04:21:56.750Z] No uncategorized links and no HTML sections — skipping AI analysis
[2026-03-13T04:21:56.751Z] ── Step 2b: Footer/header uncategorized links ──
[2026-03-13T04:21:56.751Z] Footer/header origins (0):
[2026-03-13T04:21:56.751Z] Step 2b result: added 0 uncategorized domains from footer/header
[2026-03-13T04:21:56.751Z] ── Step 2c: YouTube channel handle resolution ──
[2026-03-13T04:21:56.751Z]   YOUTUBE: no ytc entries to resolve
[2026-03-13T04:21:56.751Z] ── Step 3: Final dedup ──
[2026-03-13T04:21:56.751Z] No urls to dedup
[2026-03-13T04:21:56.752Z] ── FINAL RESULT ──
[2026-03-13T04:21:56.752Z]   ws (1):
[2026-03-13T04:21:56.752Z]     - https://vsense.co.il
[2026-03-13T04:21:56.752Z] Summary: ws:1
[2026-03-13T04:21:56.753Z] Saved final result to result.json
[2026-03-13T04:21:56.753Z] Override fields: ws
[2026-03-13T04:21:56.753Z] Finished at: 2026-03-13T04:21:56.753Z
