[2026-03-05T08:01:18.097Z] === Homepage AI Extractor: Refundit ===
[2026-03-05T08:01:18.097Z] Started at: 2026-03-05T08:01:18.097Z
[2026-03-05T08:01:18.097Z] Log directory: E:\code\The Wall\mono\packages\scrapper\logs\homepage_ai_extractor\1772697678097_Refundit
[2026-03-05T08:01:18.097Z] Company: Refundit
[2026-03-05T08:01:18.097Z] Website: refundit.tax
[2026-03-05T08:01:18.097Z] cbRank: 63008
[2026-03-05T08:01:18.098Z] Reasons: h
[2026-03-05T08:01:18.098Z] Fetching: https://refundit.tax
[2026-03-05T08:01:20.718Z] Redirected: https://refundit.tax -> https://refundit.tax/
[2026-03-05T08:01:20.745Z] Saved HTML (811624 bytes) to page.html
[2026-03-05T08:01:20.749Z] Extracted 38 unique links from page
[2026-03-05T08:01:20.750Z] Saved 38 links to links.json
[2026-03-05T08:01:20.754Z] No footer section found in DOM
[2026-03-05T08:01:20.754Z] Extracted header HTML (7610 chars)
[2026-03-05T08:01:20.760Z] Website (post-redirect): https://refundit.tax/ → origin: https://refundit.tax
[2026-03-05T08:01:20.760Z] External links: 21 (of 38 total)
[2026-03-05T08:01:20.760Z] ── All external links ──
[2026-03-05T08:01:20.760Z]   EXT: http://barill.co.il
[2026-03-05T08:01:20.761Z]   EXT: https://apps.apple.com/il/app/refundit/id1373203298
[2026-03-05T08:01:20.761Z]   EXT: https://f2f.co.il
[2026-03-05T08:01:20.761Z]   EXT: https://go.onelink.me/1Mof/12f500b4
[2026-03-05T08:01:20.761Z]   EXT: https://kanaalz.knack.be/nieuws/refundit-helpt-buitenlandse-toeristen-bij-het-tax-free-shoppen/video-normal-1428627.html?cookie_check=1571231540
[2026-03-05T08:01:20.761Z]   EXT: https://play.google.com/store/apps/details?id=com.refundit
[2026-03-05T08:01:20.761Z]   EXT: https://www.enable.co.il
[2026-03-05T08:01:20.761Z]   EXT: https://www.europapress.es/turismo/fitur/noticia-refundit-ganador-primera-ompeticion-startups-turismo-organizada-omt-globalia-20190123194054.html
[2026-03-05T08:01:20.761Z]   EXT: https://www.facebook.com/Refundit.tax
[2026-03-05T08:01:20.761Z]   EXT: https://www.forbes.com/sites/ikebrannon/2021/04/29/the-eu-may-end-a-clandestine-revenue-stream-for-luxury-retailers/?sh=660371b952eb
[2026-03-05T08:01:20.761Z]   EXT: https://www.ft.com/content/9530852c-9b9d-4677-9b09-de7d12460f92
[2026-03-05T08:01:20.762Z]   EXT: https://www.haaretz.com/israel-news/business/technation-new-app-lets-tourists-get-vat-refunds-online-1.6192708
[2026-03-05T08:01:20.762Z]   EXT: https://www.instagram.com/refundit.tax
[2026-03-05T08:01:20.762Z]   EXT: https://www.kathimerini.gr/1006026/gallery/ta3idia/ta3idiwtika-nea/hnwmena-e8nh-kaloyn-toyristikes-start-ups
[2026-03-05T08:01:20.762Z]   EXT: https://www.lecho.be/tech-media/technologie/le-cofondateur-de-waze-lance-une-app-en-belgique/10097082.html
[2026-03-05T08:01:20.762Z]   EXT: https://www.linkedin.com/company/refundit-ltd
[2026-03-05T08:01:20.762Z]   EXT: https://www.nieuwsblad.be/cnt/dmf20190213_04173234
[2026-03-05T08:01:20.762Z]   EXT: https://www.phocuswire.com/Startup-Stage-Refundit
[2026-03-05T08:01:20.762Z]   EXT: https://www.tourmag.com/Detaxe-la-start-up-Refundit-debarque-en-Europe_a100663.html
[2026-03-05T08:01:20.762Z]   EXT: https://www.upress.co.il
[2026-03-05T08:01:20.762Z]   EXT: https://www.youtube.com/channel/UC2Dn9LpLDFF0SwNvPg0LKsw
[2026-03-05T08:01:20.762Z] ── Step 1: Programmatic categorization ──
[2026-03-05T08:01:20.763Z]   UNCATEGORIZED: http://barill.co.il
[2026-03-05T08:01:20.763Z]   UNCATEGORIZED: https://apps.apple.com/il/app/refundit/id1373203298
[2026-03-05T08:01:20.763Z]   UNCATEGORIZED: https://f2f.co.il
[2026-03-05T08:01:20.763Z]   UNCATEGORIZED: https://go.onelink.me/1Mof/12f500b4
[2026-03-05T08:01:20.763Z]   UNCATEGORIZED: https://kanaalz.knack.be/nieuws/refundit-helpt-buitenlandse-toeristen-bij-het-tax-free-shoppen/video-normal-1428627.html?cookie_check=1571231540
[2026-03-05T08:01:20.763Z]   REGEX: android_app_ids <- com.refundit (from https://play.google.com/store/apps/details?id=com.refundit)
[2026-03-05T08:01:20.763Z]   UNCATEGORIZED: https://www.enable.co.il
[2026-03-05T08:01:20.763Z]   UNCATEGORIZED: https://www.europapress.es/turismo/fitur/noticia-refundit-ganador-primera-ompeticion-startups-turismo-organizada-omt-globalia-20190123194054.html
[2026-03-05T08:01:20.763Z]   REGEX: fb <- https://www.facebook.com/Refundit.tax
[2026-03-05T08:01:20.764Z]   UNCATEGORIZED: https://www.forbes.com/sites/ikebrannon/2021/04/29/the-eu-may-end-a-clandestine-revenue-stream-for-luxury-retailers/?sh=660371b952eb
[2026-03-05T08:01:20.764Z]   UNCATEGORIZED: https://www.ft.com/content/9530852c-9b9d-4677-9b09-de7d12460f92
[2026-03-05T08:01:20.764Z]   UNCATEGORIZED: https://www.haaretz.com/israel-news/business/technation-new-app-lets-tourists-get-vat-refunds-online-1.6192708
[2026-03-05T08:01:20.764Z]   REGEX: ig <- https://www.instagram.com/refundit.tax
[2026-03-05T08:01:20.764Z]   UNCATEGORIZED: https://www.kathimerini.gr/1006026/gallery/ta3idia/ta3idiwtika-nea/hnwmena-e8nh-kaloyn-toyristikes-start-ups
[2026-03-05T08:01:20.764Z]   UNCATEGORIZED: https://www.lecho.be/tech-media/technologie/le-cofondateur-de-waze-lance-une-app-en-belgique/10097082.html
[2026-03-05T08:01:20.764Z]   REGEX: li <- https://www.linkedin.com/company/refundit-ltd
[2026-03-05T08:01:20.764Z]   UNCATEGORIZED: https://www.nieuwsblad.be/cnt/dmf20190213_04173234
[2026-03-05T08:01:20.765Z]   UNCATEGORIZED: https://www.phocuswire.com/Startup-Stage-Refundit
[2026-03-05T08:01:20.765Z]   UNCATEGORIZED: https://www.tourmag.com/Detaxe-la-start-up-Refundit-debarque-en-Europe_a100663.html
[2026-03-05T08:01:20.765Z]   UNCATEGORIZED: https://www.upress.co.il
[2026-03-05T08:01:20.765Z]   REGEX: ytc <- https://www.youtube.com/channel/UC2Dn9LpLDFF0SwNvPg0LKsw
[2026-03-05T08:01:20.765Z] Programmatic result: ws:1, android_app_ids:1, fb:1, ig:1, li:1, ytc:1 | 16 uncategorized
[2026-03-05T08:01:20.765Z] Sending uncategorized links + HTML sections to AI for analysis...
[2026-03-05T08:01:20.766Z] Saved AI prompt (3131 chars) to ai_prompt.txt
[2026-03-05T08:01:37.779Z] Saved AI response to ai_response.json
[2026-03-05T08:01:37.779Z] ── Parsing AI response (1 lines) ──
[2026-03-05T08:01:37.779Z]   AI LINK: https://apps.apple.com/il/app/refundit/id1373203298
[2026-03-05T08:01:37.779Z] AI returned 1 valid links
[2026-03-05T08:01:37.779Z] ── Categorizing 1 AI-returned links ──
[2026-03-05T08:01:37.780Z]   AI→URLS: https://apps.apple.com/il/app/refundit/id1373203298
[2026-03-05T08:01:37.780Z] ── Step 2b: Footer/header uncategorized links ──
[2026-03-05T08:01:37.780Z] Footer/header origins (2):
[2026-03-05T08:01:37.780Z]   FOOTER/HEADER ORIGIN: https://refundit.tax
[2026-03-05T08:01:37.780Z]   FOOTER/HEADER ORIGIN: https://go.onelink.me
[2026-03-05T08:01:37.780Z]   SKIP (not in footer/header): http://barill.co.il
[2026-03-05T08:01:37.780Z]   SKIP (AI claimed): https://apps.apple.com/il/app/refundit/id1373203298
[2026-03-05T08:01:37.780Z]   SKIP (not in footer/header): https://f2f.co.il
[2026-03-05T08:01:37.781Z]   ADDED: urls <- https://go.onelink.me/1Mof/12f500b4
[2026-03-05T08:01:37.781Z]   SKIP (not in footer/header): https://kanaalz.knack.be/nieuws/refundit-helpt-buitenlandse-toeristen-bij-het-tax-free-shoppen/video-normal-1428627.html?cookie_check=1571231540
[2026-03-05T08:01:37.781Z]   SKIP (not in footer/header): https://www.enable.co.il
[2026-03-05T08:01:37.781Z]   SKIP (not in footer/header): https://www.europapress.es/turismo/fitur/noticia-refundit-ganador-primera-ompeticion-startups-turismo-organizada-omt-globalia-20190123194054.html
[2026-03-05T08:01:37.781Z]   SKIP (not in footer/header): https://www.forbes.com/sites/ikebrannon/2021/04/29/the-eu-may-end-a-clandestine-revenue-stream-for-luxury-retailers/?sh=660371b952eb
[2026-03-05T08:01:37.781Z]   SKIP (not in footer/header): https://www.ft.com/content/9530852c-9b9d-4677-9b09-de7d12460f92
[2026-03-05T08:01:37.781Z]   SKIP (not in footer/header): https://www.haaretz.com/israel-news/business/technation-new-app-lets-tourists-get-vat-refunds-online-1.6192708
[2026-03-05T08:01:37.781Z]   SKIP (not in footer/header): https://www.kathimerini.gr/1006026/gallery/ta3idia/ta3idiwtika-nea/hnwmena-e8nh-kaloyn-toyristikes-start-ups
[2026-03-05T08:01:37.781Z]   SKIP (not in footer/header): https://www.lecho.be/tech-media/technologie/le-cofondateur-de-waze-lance-une-app-en-belgique/10097082.html
[2026-03-05T08:01:37.782Z]   SKIP (not in footer/header): https://www.nieuwsblad.be/cnt/dmf20190213_04173234
[2026-03-05T08:01:37.782Z]   SKIP (not in footer/header): https://www.phocuswire.com/Startup-Stage-Refundit
[2026-03-05T08:01:37.782Z]   SKIP (not in footer/header): https://www.tourmag.com/Detaxe-la-start-up-Refundit-debarque-en-Europe_a100663.html
[2026-03-05T08:01:37.782Z]   SKIP (not in footer/header): https://www.upress.co.il
[2026-03-05T08:01:37.782Z] Step 2b result: added 1 uncategorized domains from footer/header
[2026-03-05T08:01:37.782Z] ── Step 3: Final dedup ──
[2026-03-05T08:01:37.782Z] Dedup: removed 0 of 2 URLs already in specialized fields
[2026-03-05T08:01:37.782Z] ── FINAL RESULT ──
[2026-03-05T08:01:37.782Z]   ws (1):
[2026-03-05T08:01:37.782Z]     - https://refundit.tax
[2026-03-05T08:01:37.782Z]   li (1):
[2026-03-05T08:01:37.782Z]     - https://www.linkedin.com/company/refundit-ltd
[2026-03-05T08:01:37.783Z]   fb (1):
[2026-03-05T08:01:37.783Z]     - https://www.facebook.com/refundit.tax
[2026-03-05T08:01:37.783Z]   ig (1):
[2026-03-05T08:01:37.783Z]     - https://www.instagram.com/refundit.tax
[2026-03-05T08:01:37.783Z]   ytc (1):
[2026-03-05T08:01:37.783Z]     - https://www.youtube.com/channel/UC2Dn9LpLDFF0SwNvPg0LKsw
[2026-03-05T08:01:37.783Z]   urls (2):
[2026-03-05T08:01:37.783Z]     - https://apps.apple.com/il/app/refundit/id1373203298
[2026-03-05T08:01:37.783Z]     - https://go.onelink.me/1Mof/12f500b4
[2026-03-05T08:01:37.783Z]   android_app_ids (1):
[2026-03-05T08:01:37.783Z]     - com.refundit
[2026-03-05T08:01:37.783Z] Summary: ws:1, android_app_ids:1, fb:1, ig:1, li:1, ytc:1, urls:2
[2026-03-05T08:01:37.784Z] Saved final result to result.json
[2026-03-05T08:01:37.784Z] Override fields: ws, li, fb, ig, ytc, urls, android_app_ids
[2026-03-05T08:01:37.784Z] Finished at: 2026-03-05T08:01:37.784Z
