[2026-03-07T19:27:42.065Z] === Homepage AI Extractor: VISIONIX ===
[2026-03-07T19:27:42.065Z] Started at: 2026-03-07T19:27:42.065Z
[2026-03-07T19:27:42.065Z] Log directory: E:\code\The Wall\mono\packages\scrapper\logs\homepage_ai_extractor\1772911662065_VISIONIX
[2026-03-07T19:27:42.065Z] Company: VISIONIX
[2026-03-07T19:27:42.065Z] Website: visionix.com
[2026-03-07T19:27:42.066Z] cbRank: 327765
[2026-03-07T19:27:42.066Z] Reasons: h
[2026-03-07T19:27:42.066Z] Fetching: https://visionix.com
[2026-03-07T19:27:49.611Z] Redirected: https://visionix.com -> https://www.visionix.com/us/
[2026-03-07T19:27:49.618Z] Saved HTML (198599 bytes) to page.html
[2026-03-07T19:27:49.624Z] Extracted 52 unique links from page
[2026-03-07T19:27:49.625Z] Saved 52 links to links.json
[2026-03-07T19:27:49.630Z] Extracted footer HTML (16688 chars)
[2026-03-07T19:27:49.631Z] Extracted header HTML (50362 chars)
[2026-03-07T19:27:49.635Z] Website (post-redirect): https://www.visionix.com/us/ → origin: https://www.visionix.com
[2026-03-07T19:27:49.635Z]   SUBDOMAIN: academy.visionix.com (added to ws)
[2026-03-07T19:27:49.635Z]   SUBDOMAIN: blog.visionix.com (added to ws)
[2026-03-07T19:27:49.635Z]   SUBDOMAIN: site.visionix.com (added to ws)
[2026-03-07T19:27:49.635Z] Website subdomains found: 3
[2026-03-07T19:27:49.635Z] External links: 5 (of 52 total)
[2026-03-07T19:27:49.635Z] ── All external links ──
[2026-03-07T19:27:49.635Z]   EXT: https://www.facebook.com/visionixUSA
[2026-03-07T19:27:49.636Z]   EXT: https://www.linkedin.com/company/luneau-technology-usa
[2026-03-07T19:27:49.636Z]   EXT: https://www.youtube.com/channel/UCbcikSPunlFDj7M3od0S_fA
[2026-03-07T19:27:49.636Z]   EXT: https://youtu.be/BJB1OMqGJ_A
[2026-03-07T19:27:49.636Z]   EXT: https://youtu.be/ddU_8kNsXiU
[2026-03-07T19:27:49.636Z] ── Step 1: Programmatic categorization ──
[2026-03-07T19:27:49.636Z]   REGEX: fb <- https://www.facebook.com/visionixUSA
[2026-03-07T19:27:49.636Z]   REGEX: li <- https://www.linkedin.com/company/luneau-technology-usa
[2026-03-07T19:27:49.636Z]   REGEX: ytc <- https://www.youtube.com/channel/UCbcikSPunlFDj7M3od0S_fA
[2026-03-07T19:27:49.636Z]   UNCATEGORIZED: https://youtu.be/BJB1OMqGJ_A
[2026-03-07T19:27:49.636Z]   UNCATEGORIZED: https://youtu.be/ddU_8kNsXiU
[2026-03-07T19:27:49.637Z] Programmatic result: ws:4, fb:1, li:1, ytc:1 | 2 uncategorized
[2026-03-07T19:27:49.637Z] Sending uncategorized links + HTML sections to AI for analysis...
[2026-03-07T19:27:49.637Z] Saved AI prompt (10055 chars) to ai_prompt.txt
[2026-03-07T19:28:54.542Z] Saved AI response to ai_response.json
[2026-03-07T19:28:54.542Z] ── Parsing AI response (5 lines) ──
[2026-03-07T19:28:54.542Z]   AI LINK: https://www.visionix.com/us/
[2026-03-07T19:28:54.542Z]   AI LINK: https://www.facebook.com/visionixUSA
[2026-03-07T19:28:54.543Z]   AI LINK: https://www.linkedin.com/company/luneau-technology-usa
[2026-03-07T19:28:54.543Z]   AI LINK: https://www.youtube.com/channel/UCbcikSPunlFDj7M3od0S_fA
[2026-03-07T19:28:54.543Z]   AI LINK: https://academy.visionix.com/us/
[2026-03-07T19:28:54.543Z] AI returned 5 valid links
[2026-03-07T19:28:54.543Z] ── Categorizing 5 AI-returned links ──
[2026-03-07T19:28:54.543Z]   AI→URLS: https://www.visionix.com/us (cleaned from https://www.visionix.com/us/)
[2026-03-07T19:28:54.543Z]   AI→REGEX: fb <- https://www.facebook.com/visionixUSA (duplicate, skipped)
[2026-03-07T19:28:54.543Z]   AI→REGEX: li <- https://www.linkedin.com/company/luneau-technology-usa (duplicate, skipped)
[2026-03-07T19:28:54.543Z]   AI→REGEX: ytc <- https://www.youtube.com/channel/UCbcikSPunlFDj7M3od0S_fA (duplicate, skipped)
[2026-03-07T19:28:54.544Z]   AI→URLS: https://academy.visionix.com/us (cleaned from https://academy.visionix.com/us/)
[2026-03-07T19:28:54.544Z] ── Step 2b: Footer/header uncategorized links ──
[2026-03-07T19:28:54.544Z] Footer/header origins (6):
[2026-03-07T19:28:54.544Z]   FOOTER/HEADER ORIGIN: https://www.visionix.com
[2026-03-07T19:28:54.544Z]   FOOTER/HEADER ORIGIN: https://www.facebook.com
[2026-03-07T19:28:54.545Z]   FOOTER/HEADER ORIGIN: https://www.linkedin.com
[2026-03-07T19:28:54.545Z]   FOOTER/HEADER ORIGIN: https://www.youtube.com
[2026-03-07T19:28:54.545Z]   FOOTER/HEADER ORIGIN: https://academy.visionix.com
[2026-03-07T19:28:54.545Z]   FOOTER/HEADER ORIGIN: https://site.visionix.com
[2026-03-07T19:28:54.545Z]   SKIP (not in footer/header): https://youtu.be/BJB1OMqGJ_A
[2026-03-07T19:28:54.545Z]   SKIP (not in footer/header): https://youtu.be/ddU_8kNsXiU
[2026-03-07T19:28:54.545Z] Step 2b result: added 0 uncategorized domains from footer/header
[2026-03-07T19:28:54.545Z] ── Step 3: Final dedup ──
[2026-03-07T19:28:54.545Z] Dedup: removed 0 of 2 URLs already in specialized fields
[2026-03-07T19:28:54.545Z] ── FINAL RESULT ──
[2026-03-07T19:28:54.545Z]   ws (4):
[2026-03-07T19:28:54.545Z]     - https://academy.visionix.com
[2026-03-07T19:28:54.546Z]     - https://blog.visionix.com
[2026-03-07T19:28:54.546Z]     - https://site.visionix.com
[2026-03-07T19:28:54.546Z]     - https://www.visionix.com
[2026-03-07T19:28:54.546Z]   li (1):
[2026-03-07T19:28:54.546Z]     - https://www.linkedin.com/company/luneau-technology-usa
[2026-03-07T19:28:54.546Z]   fb (1):
[2026-03-07T19:28:54.546Z]     - https://www.facebook.com/visionixusa
[2026-03-07T19:28:54.546Z]   ytc (1):
[2026-03-07T19:28:54.546Z]     - https://www.youtube.com/channel/UCbcikSPunlFDj7M3od0S_fA
[2026-03-07T19:28:54.546Z]   urls (2):
[2026-03-07T19:28:54.546Z]     - https://academy.visionix.com/us
[2026-03-07T19:28:54.546Z]     - https://www.visionix.com/us
[2026-03-07T19:28:54.546Z] Summary: ws:4, fb:1, li:1, ytc:1, urls:2
[2026-03-07T19:28:54.547Z] Saved final result to result.json
[2026-03-07T19:28:54.547Z] Override fields: ws, li, fb, ytc
[2026-03-07T19:28:54.547Z] Finished at: 2026-03-07T19:28:54.547Z
