[2026-03-06T05:25:11.841Z] === Homepage AI Extractor: Odysight.AI ===
[2026-03-06T05:25:11.841Z] Started at: 2026-03-06T05:25:11.841Z
[2026-03-06T05:25:11.841Z] Log directory: E:\code\The Wall\mono\packages\scrapper\logs\homepage_ai_extractor\1772774711840_Odysight.AI
[2026-03-06T05:25:11.841Z] Company: Odysight.AI
[2026-03-06T05:25:11.841Z] Website: odysight.ai
[2026-03-06T05:25:11.841Z] cbRank: 133478
[2026-03-06T05:25:11.841Z] Reasons: h
[2026-03-06T05:25:11.841Z] Fetching: https://odysight.ai
[2026-03-06T05:25:16.619Z] Redirected: https://odysight.ai -> https://www.odysight.ai/
[2026-03-06T05:25:16.627Z] Saved HTML (230987 bytes) to page.html
[2026-03-06T05:25:16.633Z] Extracted 45 unique links from page
[2026-03-06T05:25:16.634Z] Saved 45 links to links.json
[2026-03-06T05:25:16.638Z] Extracted footer HTML (12497 chars)
[2026-03-06T05:25:16.638Z] Extracted header HTML (43029 chars)
[2026-03-06T05:25:16.642Z] Website (post-redirect): https://www.odysight.ai/ → origin: https://www.odysight.ai
[2026-03-06T05:25:16.643Z] External links: 5 (of 45 total)
[2026-03-06T05:25:16.643Z] ── All external links ──
[2026-03-06T05:25:16.643Z]   EXT: https://cookiedatabase.org/tcf/purposes
[2026-03-06T05:25:16.643Z]   EXT: https://twitter.com/Odysight.ai
[2026-03-06T05:25:16.643Z]   EXT: https://www.linkedin.com/company/odysightai
[2026-03-06T05:25:16.643Z]   EXT: https://www.sec.gov/edgar/browse/?CIK=1577445&owner=exclude
[2026-03-06T05:25:16.643Z]   EXT: https://www.youtube.com/@odysightai
[2026-03-06T05:25:16.643Z] ── Step 1: Programmatic categorization ──
[2026-03-06T05:25:16.643Z]   UNCATEGORIZED: https://cookiedatabase.org/tcf/purposes
[2026-03-06T05:25:16.643Z]   REGEX: tw <- https://twitter.com/Odysight.ai
[2026-03-06T05:25:16.644Z]   REGEX: li <- https://www.linkedin.com/company/odysightai
[2026-03-06T05:25:16.644Z]   UNCATEGORIZED: https://www.sec.gov/edgar/browse/?CIK=1577445&owner=exclude
[2026-03-06T05:25:16.644Z]   REGEX: ytp <- https://www.youtube.com/@odysightai
[2026-03-06T05:25:16.644Z] Programmatic result: ws:1, tw:1, li:1, ytp:1 | 2 uncategorized
[2026-03-06T05:25:16.644Z] Sending uncategorized links + HTML sections to AI for analysis...
[2026-03-06T05:25:16.646Z] Saved AI prompt (7220 chars) to ai_prompt.txt
[2026-03-06T05:25:54.163Z] Saved AI response to ai_response.json
[2026-03-06T05:25:54.163Z] ── Parsing AI response (3 lines) ──
[2026-03-06T05:25:54.163Z]   AI LINK: https://twitter.com/Odysight.ai
[2026-03-06T05:25:54.163Z]   AI LINK: https://www.linkedin.com/company/odysightai/
[2026-03-06T05:25:54.163Z]   AI LINK: https://www.youtube.com/@odysightai
[2026-03-06T05:25:54.163Z] AI returned 3 valid links
[2026-03-06T05:25:54.164Z] ── Categorizing 3 AI-returned links ──
[2026-03-06T05:25:54.164Z]   AI→REGEX: tw <- https://twitter.com/Odysight.ai (duplicate, skipped)
[2026-03-06T05:25:54.164Z]   AI→REGEX: li <- https://www.linkedin.com/company/odysightai/ (duplicate, skipped)
[2026-03-06T05:25:54.164Z]   AI→REGEX: ytp <- https://www.youtube.com/@odysightai (duplicate, skipped)
[2026-03-06T05:25:54.165Z] ── Step 2b: Footer/header uncategorized links ──
[2026-03-06T05:25:54.165Z] Footer/header origins (5):
[2026-03-06T05:25:54.165Z]   FOOTER/HEADER ORIGIN: https://twitter.com
[2026-03-06T05:25:54.165Z]   FOOTER/HEADER ORIGIN: https://www.linkedin.com
[2026-03-06T05:25:54.165Z]   FOOTER/HEADER ORIGIN: https://www.youtube.com
[2026-03-06T05:25:54.165Z]   FOOTER/HEADER ORIGIN: https://www.odysight.ai
[2026-03-06T05:25:54.165Z]   FOOTER/HEADER ORIGIN: https://www.sec.gov
[2026-03-06T05:25:54.165Z]   SKIP (not in footer/header): https://cookiedatabase.org/tcf/purposes
[2026-03-06T05:25:54.165Z]   ADDED: urls <- https://www.sec.gov/edgar/browse (cleaned from https://www.sec.gov/edgar/browse/?CIK=1577445&owner=exclude)
[2026-03-06T05:25:54.165Z] Step 2b result: added 1 uncategorized domains from footer/header
[2026-03-06T05:25:54.165Z] ── Step 3: Final dedup ──
[2026-03-06T05:25:54.166Z] Dedup: removed 0 of 1 URLs already in specialized fields
[2026-03-06T05:25:54.166Z] ── FINAL RESULT ──
[2026-03-06T05:25:54.166Z]   ws (1):
[2026-03-06T05:25:54.166Z]     - https://www.odysight.ai
[2026-03-06T05:25:54.166Z]   li (1):
[2026-03-06T05:25:54.166Z]     - https://www.linkedin.com/company/odysightai
[2026-03-06T05:25:54.166Z]   tw (1):
[2026-03-06T05:25:54.166Z]     - https://x.com/odysight.ai
[2026-03-06T05:25:54.166Z]   ytp (1):
[2026-03-06T05:25:54.166Z]     - https://www.youtube.com/@odysightai
[2026-03-06T05:25:54.166Z]   urls (1):
[2026-03-06T05:25:54.166Z]     - https://www.sec.gov/edgar/browse
[2026-03-06T05:25:54.167Z] Summary: ws:1, tw:1, li:1, ytp:1, urls:1
[2026-03-06T05:25:54.167Z] Saved final result to result.json
[2026-03-06T05:25:54.167Z] Override fields: ws, li, tw, ytp, urls
[2026-03-06T05:25:54.167Z] Finished at: 2026-03-06T05:25:54.167Z
