[2026-03-06T07:28:11.454Z] === Homepage AI Extractor: Airovation Technologies ===
[2026-03-06T07:28:11.454Z] Started at: 2026-03-06T07:28:11.454Z
[2026-03-06T07:28:11.454Z] Log directory: E:\code\The Wall\mono\packages\scrapper\logs\homepage_ai_extractor\1772782091453_Airovation_Technologies
[2026-03-06T07:28:11.454Z] Company: Airovation Technologies
[2026-03-06T07:28:11.454Z] Website: airovation-tech.com
[2026-03-06T07:28:11.454Z] cbRank: 151951
[2026-03-06T07:28:11.454Z] Reasons: h
[2026-03-06T07:28:11.454Z] Fetching: https://airovation-tech.com
[2026-03-06T07:28:23.111Z] Network idle timeout — continuing with current state
[2026-03-06T07:28:23.163Z] Redirected: https://airovation-tech.com -> https://www.airovation-tech.com/
[2026-03-06T07:28:23.182Z] Saved HTML (586625 bytes) to page.html
[2026-03-06T07:28:23.186Z] Extracted 12 unique links from page
[2026-03-06T07:28:23.186Z] Saved 12 links to links.json
[2026-03-06T07:28:23.189Z] Extracted footer HTML (2943 chars)
[2026-03-06T07:28:23.189Z] Extracted header HTML (7435 chars)
[2026-03-06T07:28:23.193Z] Website (post-redirect): https://www.airovation-tech.com/ → origin: https://www.airovation-tech.com
[2026-03-06T07:28:23.193Z] External links: 2 (of 12 total)
[2026-03-06T07:28:23.193Z] ── All external links ──
[2026-03-06T07:28:23.193Z]   EXT: https://www.linkedin.com/company/airovation-technologies
[2026-03-06T07:28:23.194Z]   EXT: https://www.youtube.com/channel/UCsNTtdSOe7wliqJqoxXI9hQ
[2026-03-06T07:28:23.194Z] ── Step 1: Programmatic categorization ──
[2026-03-06T07:28:23.194Z]   REGEX: li <- https://www.linkedin.com/company/airovation-technologies
[2026-03-06T07:28:23.194Z]   REGEX: ytc <- https://www.youtube.com/channel/UCsNTtdSOe7wliqJqoxXI9hQ
[2026-03-06T07:28:23.194Z] Programmatic result: ws:1, li:1, ytc:1 | 0 uncategorized
[2026-03-06T07:28:23.194Z] Sending uncategorized links + HTML sections to AI for analysis...
[2026-03-06T07:28:23.195Z] Saved AI prompt (4302 chars) to ai_prompt.txt
[2026-03-06T07:28:51.798Z] Saved AI response to ai_response.json
[2026-03-06T07:28:51.798Z] ── Parsing AI response (2 lines) ──
[2026-03-06T07:28:51.798Z]   AI LINK: https://www.youtube.com/channel/UCsNTtdSOe7wliqJqoxXI9hQ
[2026-03-06T07:28:51.799Z]   AI LINK: https://www.linkedin.com/company/airovation-technologies/
[2026-03-06T07:28:51.799Z] AI returned 2 valid links
[2026-03-06T07:28:51.799Z] ── Categorizing 2 AI-returned links ──
[2026-03-06T07:28:51.799Z]   AI→REGEX: ytc <- https://www.youtube.com/channel/UCsNTtdSOe7wliqJqoxXI9hQ (duplicate, skipped)
[2026-03-06T07:28:51.799Z]   AI→REGEX: li <- https://www.linkedin.com/company/airovation-technologies/ (duplicate, skipped)
[2026-03-06T07:28:51.799Z] ── Step 2b: Footer/header uncategorized links ──
[2026-03-06T07:28:51.799Z] Footer/header origins (3):
[2026-03-06T07:28:51.799Z]   FOOTER/HEADER ORIGIN: https://www.youtube.com
[2026-03-06T07:28:51.799Z]   FOOTER/HEADER ORIGIN: https://www.linkedin.com
[2026-03-06T07:28:51.799Z]   FOOTER/HEADER ORIGIN: https://www.airovation-tech.com
[2026-03-06T07:28:51.800Z] Step 2b result: added 0 uncategorized domains from footer/header
[2026-03-06T07:28:51.800Z] ── Step 3: Final dedup ──
[2026-03-06T07:28:51.800Z] No urls to dedup
[2026-03-06T07:28:51.800Z] ── FINAL RESULT ──
[2026-03-06T07:28:51.800Z]   ws (1):
[2026-03-06T07:28:51.800Z]     - https://www.airovation-tech.com
[2026-03-06T07:28:51.800Z]   li (1):
[2026-03-06T07:28:51.800Z]     - https://www.linkedin.com/company/airovation-technologies
[2026-03-06T07:28:51.800Z]   ytc (1):
[2026-03-06T07:28:51.800Z]     - https://www.youtube.com/channel/UCsNTtdSOe7wliqJqoxXI9hQ
[2026-03-06T07:28:51.800Z] Summary: ws:1, li:1, ytc:1
[2026-03-06T07:28:51.801Z] Saved final result to result.json
[2026-03-06T07:28:51.801Z] Override fields: ws, li, ytc
[2026-03-06T07:28:51.801Z] Finished at: 2026-03-06T07:28:51.801Z
