[2026-03-06T05:01:05.928Z] === Homepage AI Extractor: Xenia ===
[2026-03-06T05:01:05.928Z] Started at: 2026-03-06T05:01:05.928Z
[2026-03-06T05:01:05.928Z] Log directory: E:\code\The Wall\mono\packages\scrapper\logs\homepage_ai_extractor\1772773265927_Xenia
[2026-03-06T05:01:05.928Z] Company: Xenia
[2026-03-06T05:01:05.928Z] Website: xeniago.com
[2026-03-06T05:01:05.928Z] cbRank: 130490
[2026-03-06T05:01:05.928Z] Reasons: h
[2026-03-06T05:01:05.928Z] Fetching: https://xeniago.com
[2026-03-06T05:01:09.061Z] Redirected: https://xeniago.com -> https://www.xeniago.com/
[2026-03-06T05:01:09.073Z] Saved HTML (390517 bytes) to page.html
[2026-03-06T05:01:09.076Z] Extracted 2 unique links from page
[2026-03-06T05:01:09.076Z] Saved 2 links to links.json
[2026-03-06T05:01:09.079Z] Extracted footer HTML (1908 chars)
[2026-03-06T05:01:09.079Z] Extracted header HTML (3622 chars)
[2026-03-06T05:01:09.083Z] Website (post-redirect): https://www.xeniago.com/ → origin: https://www.xeniago.com
[2026-03-06T05:01:09.083Z] External links: 1 (of 2 total)
[2026-03-06T05:01:09.083Z] ── All external links ──
[2026-03-06T05:01:09.083Z]   EXT: https://www.linkedin.com/in/shmulik-bilgoray-502177b9
[2026-03-06T05:01:09.083Z] ── Step 1: Programmatic categorization ──
[2026-03-06T05:01:09.084Z] ── Step 1b: Resolving 1 regex-domain URLs via redirect ──
[2026-03-06T05:01:09.084Z]   SKIP (regex domain, no match): https://www.linkedin.com/in/shmulik-bilgoray-502177b9
[2026-03-06T05:01:09.084Z] Programmatic result: ws:1 | 0 uncategorized
[2026-03-06T05:01:09.084Z] Sending uncategorized links + HTML sections to AI for analysis...
[2026-03-06T05:01:09.086Z] Saved AI prompt (3337 chars) to ai_prompt.txt
[2026-03-06T05:01:27.182Z] Saved AI response to ai_response.json
[2026-03-06T05:01:27.183Z] ── Parsing AI response (1 lines) ──
[2026-03-06T05:01:27.183Z]   AI LINK: https://www.linkedin.com/in/shmulik-bilgoray-502177b9/
[2026-03-06T05:01:27.183Z] AI returned 1 valid links
[2026-03-06T05:01:27.183Z] ── Categorizing 1 AI-returned links ──
[2026-03-06T05:01:27.183Z]   AI→SKIP (regex domain, no match): https://www.linkedin.com/in/shmulik-bilgoray-502177b9/
[2026-03-06T05:01:27.183Z] ── Step 2b: Footer/header uncategorized links ──
[2026-03-06T05:01:27.183Z] Footer/header origins (2):
[2026-03-06T05:01:27.184Z]   FOOTER/HEADER ORIGIN: https://www.linkedin.com
[2026-03-06T05:01:27.184Z]   FOOTER/HEADER ORIGIN: https://www.xeniago.com
[2026-03-06T05:01:27.184Z] Step 2b result: added 0 uncategorized domains from footer/header
[2026-03-06T05:01:27.184Z] ── Step 3: Final dedup ──
[2026-03-06T05:01:27.184Z] No urls to dedup
[2026-03-06T05:01:27.184Z] ── FINAL RESULT ──
[2026-03-06T05:01:27.184Z]   ws (1):
[2026-03-06T05:01:27.184Z]     - https://www.xeniago.com
[2026-03-06T05:01:27.184Z] Summary: ws:1
[2026-03-06T05:01:27.185Z] Saved final result to result.json
[2026-03-06T05:01:27.185Z] Override fields: ws
[2026-03-06T05:01:27.185Z] Finished at: 2026-03-06T05:01:27.185Z
