[2026-03-07T12:52:33.152Z] === Homepage AI Extractor: Jojoba Desert ===
[2026-03-07T12:52:33.152Z] Started at: 2026-03-07T12:52:33.152Z
[2026-03-07T12:52:33.152Z] Log directory: E:\code\The Wall\mono\packages\scrapper\logs\homepage_ai_extractor\1772887953151_Jojoba_Desert
[2026-03-07T12:52:33.152Z] Company: Jojoba Desert
[2026-03-07T12:52:33.152Z] Website: jojobadesert.com
[2026-03-07T12:52:33.152Z] cbRank: 234871
[2026-03-07T12:52:33.152Z] Reasons: h
[2026-03-07T12:52:33.152Z] Fetching: https://jojobadesert.com
[2026-03-07T12:52:39.441Z] Redirected: https://jojobadesert.com -> https://www.jojobadesert.com/
[2026-03-07T12:52:39.448Z] Saved HTML (194887 bytes) to page.html
[2026-03-07T12:52:39.453Z] Extracted 40 unique links from page
[2026-03-07T12:52:39.454Z] Saved 40 links to links.json
[2026-03-07T12:52:39.474Z] Extracted footer HTML (15937 chars)
[2026-03-07T12:52:39.474Z] Extracted header HTML (30993 chars)
[2026-03-07T12:52:39.480Z] Website (post-redirect): https://www.jojobadesert.com/ → origin: https://www.jojobadesert.com
[2026-03-07T12:52:39.480Z] External links: 5 (of 40 total)
[2026-03-07T12:52:39.480Z] ── All external links ──
[2026-03-07T12:52:39.480Z]   EXT: http://www.stgltd.com
[2026-03-07T12:52:39.480Z]   EXT: https://www.facebook.com/jojoba.desert
[2026-03-07T12:52:39.481Z]   EXT: https://www.instagram.com/jojoba.desert
[2026-03-07T12:52:39.481Z]   EXT: https://www.linkedin.com/company/jojoba-desert-a.c.s-ltd.
[2026-03-07T12:52:39.481Z]   EXT: https://www.youtube.com/c/JojobaDesert
[2026-03-07T12:52:39.481Z] ── Step 1: Programmatic categorization ──
[2026-03-07T12:52:39.481Z]   UNCATEGORIZED: http://www.stgltd.com
[2026-03-07T12:52:39.481Z]   REGEX: fb <- https://www.facebook.com/jojoba.desert
[2026-03-07T12:52:39.481Z]   REGEX: ig <- https://www.instagram.com/jojoba.desert
[2026-03-07T12:52:39.481Z]   REGEX: li <- https://www.linkedin.com/company/jojoba-desert-a.c.s-ltd.
[2026-03-07T12:52:39.481Z]   REGEX: ytp <- https://www.youtube.com/c/JojobaDesert
[2026-03-07T12:52:39.482Z] Programmatic result: ws:1, fb:1, ig:1, li:1, ytp:1 | 1 uncategorized
[2026-03-07T12:52:39.482Z] Sending uncategorized links + HTML sections to AI for analysis...
[2026-03-07T12:52:39.488Z] Saved AI prompt (8531 chars) to ai_prompt.txt
[2026-03-07T12:53:28.101Z] Saved AI response to ai_response.json
[2026-03-07T12:53:28.102Z] ── Parsing AI response (4 lines) ──
[2026-03-07T12:53:28.102Z]   AI LINK: https://www.facebook.com/jojoba.desert/
[2026-03-07T12:53:28.102Z]   AI LINK: https://www.linkedin.com/company/jojoba-desert-a.c.s-ltd./
[2026-03-07T12:53:28.102Z]   AI LINK: https://www.instagram.com/jojoba.desert/
[2026-03-07T12:53:28.102Z]   AI LINK: https://www.youtube.com/c/JojobaDesert
[2026-03-07T12:53:28.102Z] AI returned 4 valid links
[2026-03-07T12:53:28.102Z] ── Categorizing 4 AI-returned links ──
[2026-03-07T12:53:28.102Z]   AI→REGEX: fb <- https://www.facebook.com/jojoba.desert/ (duplicate, skipped)
[2026-03-07T12:53:28.103Z]   AI→REGEX: li <- https://www.linkedin.com/company/jojoba-desert-a.c.s-ltd./ (duplicate, skipped)
[2026-03-07T12:53:28.103Z]   AI→REGEX: ig <- https://www.instagram.com/jojoba.desert/ (duplicate, skipped)
[2026-03-07T12:53:28.103Z]   AI→REGEX: ytp <- https://www.youtube.com/c/JojobaDesert (duplicate, skipped)
[2026-03-07T12:53:28.103Z] ── Step 2b: Footer/header uncategorized links ──
[2026-03-07T12:53:28.103Z] Footer/header origins (6):
[2026-03-07T12:53:28.103Z]   FOOTER/HEADER ORIGIN: https://www.facebook.com
[2026-03-07T12:53:28.104Z]   FOOTER/HEADER ORIGIN: https://www.linkedin.com
[2026-03-07T12:53:28.104Z]   FOOTER/HEADER ORIGIN: https://www.instagram.com
[2026-03-07T12:53:28.104Z]   FOOTER/HEADER ORIGIN: https://www.youtube.com
[2026-03-07T12:53:28.104Z]   FOOTER/HEADER ORIGIN: https://www.jojobadesert.com
[2026-03-07T12:53:28.104Z]   FOOTER/HEADER ORIGIN: http://www.stgltd.com
[2026-03-07T12:53:28.104Z]   ADDED: urls <- http://www.stgltd.com
[2026-03-07T12:53:28.104Z] Step 2b result: added 1 uncategorized domains from footer/header
[2026-03-07T12:53:28.104Z] ── Step 3: Final dedup ──
[2026-03-07T12:53:28.104Z] Dedup: removed 0 of 1 URLs already in specialized fields
[2026-03-07T12:53:28.104Z] ── FINAL RESULT ──
[2026-03-07T12:53:28.104Z]   ws (1):
[2026-03-07T12:53:28.104Z]     - https://www.jojobadesert.com
[2026-03-07T12:53:28.104Z]   li (1):
[2026-03-07T12:53:28.105Z]     - https://www.linkedin.com/company/jojoba-desert-a.c.s-ltd.
[2026-03-07T12:53:28.105Z]   fb (1):
[2026-03-07T12:53:28.105Z]     - https://www.facebook.com/jojoba.desert
[2026-03-07T12:53:28.105Z]   ig (1):
[2026-03-07T12:53:28.105Z]     - https://www.instagram.com/jojoba.desert
[2026-03-07T12:53:28.105Z]   ytp (1):
[2026-03-07T12:53:28.105Z]     - https://www.youtube.com/@jojobadesert
[2026-03-07T12:53:28.105Z]   urls (1):
[2026-03-07T12:53:28.105Z]     - http://www.stgltd.com
[2026-03-07T12:53:28.105Z] Summary: ws:1, fb:1, ig:1, li:1, ytp:1, urls:1
[2026-03-07T12:53:28.106Z] Saved final result to result.json
[2026-03-07T12:53:28.106Z] Override fields: ws, li, fb, ig, ytp, urls
[2026-03-07T12:53:28.106Z] Finished at: 2026-03-07T12:53:28.106Z
