[2026-03-06T09:22:08.445Z] === Homepage AI Extractor: Results Digital ===
[2026-03-06T09:22:08.445Z] Started at: 2026-03-06T09:22:08.445Z
[2026-03-06T09:22:08.445Z] Log directory: E:\code\The Wall\mono\packages\scrapper\logs\homepage_ai_extractor\1772788928445_Results_Digital
[2026-03-06T09:22:08.445Z] Company: Results Digital
[2026-03-06T09:22:08.445Z] Website: resultsdigital.org
[2026-03-06T09:22:08.445Z] cbRank: 186282
[2026-03-06T09:22:08.446Z] Reasons: h
[2026-03-06T09:22:08.446Z] Fetching: https://resultsdigital.org
[2026-03-06T09:22:19.763Z] Network idle timeout — continuing with current state
[2026-03-06T09:22:19.806Z] Redirected: https://resultsdigital.org -> https://www.resultsdigital.org/
[2026-03-06T09:22:19.821Z] Saved HTML (453514 bytes) to page.html
[2026-03-06T09:22:19.825Z] Extracted 10 unique links from page
[2026-03-06T09:22:19.825Z] Saved 10 links to links.json
[2026-03-06T09:22:19.829Z] Extracted footer HTML (11167 chars)
[2026-03-06T09:22:19.829Z] Extracted header HTML (8776 chars)
[2026-03-06T09:22:19.835Z] Website (post-redirect): https://www.resultsdigital.org/ → origin: https://www.resultsdigital.org
[2026-03-06T09:22:19.835Z] External links: 3 (of 10 total)
[2026-03-06T09:22:19.835Z] ── All external links ──
[2026-03-06T09:22:19.835Z]   EXT: http://resultsgroupus.com
[2026-03-06T09:22:19.835Z]   EXT: https://www.instagram.com/results_group
[2026-03-06T09:22:19.835Z]   EXT: https://www.tiktok.com/@resultsgroup?_r=1&_t=ZS-92QnmolMOoC
[2026-03-06T09:22:19.835Z] ── Step 1: Programmatic categorization ──
[2026-03-06T09:22:19.836Z]   UNCATEGORIZED: http://resultsgroupus.com
[2026-03-06T09:22:19.836Z]   REGEX: ig <- https://www.instagram.com/results_group
[2026-03-06T09:22:19.836Z]   REGEX: tt <- https://www.tiktok.com/@resultsgroup?_r=1&_t=ZS-92QnmolMOoC
[2026-03-06T09:22:19.836Z] Programmatic result: ws:1, ig:1, tt:1 | 1 uncategorized
[2026-03-06T09:22:19.836Z] Sending uncategorized links + HTML sections to AI for analysis...
[2026-03-06T09:22:19.837Z] Saved AI prompt (8894 chars) to ai_prompt.txt
[2026-03-06T09:23:20.541Z] Saved AI response to ai_response.json
[2026-03-06T09:23:20.542Z] ── Parsing AI response (2 lines) ──
[2026-03-06T09:23:20.542Z]   AI LINK: https://www.tiktok.com/@resultsgroup?_r=1&_t=ZS-92QnmolMOoC
[2026-03-06T09:23:20.542Z]   AI LINK: https://www.instagram.com/results_group/
[2026-03-06T09:23:20.542Z] AI returned 2 valid links
[2026-03-06T09:23:20.542Z] ── Categorizing 2 AI-returned links ──
[2026-03-06T09:23:20.542Z]   AI→REGEX: tt <- https://www.tiktok.com/@resultsgroup?_r=1&_t=ZS-92QnmolMOoC (duplicate, skipped)
[2026-03-06T09:23:20.542Z]   AI→REGEX: ig <- https://www.instagram.com/results_group/ (duplicate, skipped)
[2026-03-06T09:23:20.543Z] ── Step 2b: Footer/header uncategorized links ──
[2026-03-06T09:23:20.543Z] Footer/header origins (4):
[2026-03-06T09:23:20.543Z]   FOOTER/HEADER ORIGIN: https://www.resultsdigital.org
[2026-03-06T09:23:20.543Z]   FOOTER/HEADER ORIGIN: https://www.tiktok.com
[2026-03-06T09:23:20.543Z]   FOOTER/HEADER ORIGIN: https://www.instagram.com
[2026-03-06T09:23:20.543Z]   FOOTER/HEADER ORIGIN: http://resultsgroupus.com
[2026-03-06T09:23:20.543Z]   ADDED: urls <- http://resultsgroupus.com
[2026-03-06T09:23:20.543Z] Step 2b result: added 1 uncategorized domains from footer/header
[2026-03-06T09:23:20.543Z] ── Step 3: Final dedup ──
[2026-03-06T09:23:20.543Z] Dedup: removed 0 of 1 URLs already in specialized fields
[2026-03-06T09:23:20.543Z] ── FINAL RESULT ──
[2026-03-06T09:23:20.544Z]   ws (1):
[2026-03-06T09:23:20.544Z]     - https://www.resultsdigital.org
[2026-03-06T09:23:20.544Z]   ig (1):
[2026-03-06T09:23:20.544Z]     - https://www.instagram.com/results_group
[2026-03-06T09:23:20.544Z]   tt (1):
[2026-03-06T09:23:20.544Z]     - https://www.tiktok.com/@resultsgroup
[2026-03-06T09:23:20.544Z]   urls (1):
[2026-03-06T09:23:20.544Z]     - http://resultsgroupus.com
[2026-03-06T09:23:20.544Z] Summary: ws:1, ig:1, tt:1, urls:1
[2026-03-06T09:23:20.545Z] Saved final result to result.json
[2026-03-06T09:23:20.545Z] Override fields: ws, ig, tt
[2026-03-06T09:23:20.545Z] Finished at: 2026-03-06T09:23:20.545Z
