[2026-03-06T09:38:02.882Z] === Homepage AI Extractor: DEAN ===
[2026-03-06T09:38:02.882Z] Started at: 2026-03-06T09:38:02.882Z
[2026-03-06T09:38:02.882Z] Log directory: E:\code\The Wall\mono\packages\scrapper\logs\homepage_ai_extractor\1772789882881_DEAN
[2026-03-06T09:38:02.882Z] Company: DEAN
[2026-03-06T09:38:02.882Z] Website: deanintelligence.com
[2026-03-06T09:38:02.882Z] cbRank: 189891
[2026-03-06T09:38:02.882Z] Reasons: h
[2026-03-06T09:38:02.882Z] Fetching: https://deanintelligence.com
[2026-03-06T09:38:13.712Z] Network idle timeout — continuing with current state
[2026-03-06T09:38:13.755Z] Redirected: https://deanintelligence.com -> https://deanintelligence.com/
[2026-03-06T09:38:13.760Z] Saved HTML (124526 bytes) to page.html
[2026-03-06T09:38:13.763Z] Extracted 5 unique links from page
[2026-03-06T09:38:13.764Z] Saved 5 links to links.json
[2026-03-06T09:38:13.767Z] Extracted footer HTML (13117 chars)
[2026-03-06T09:38:13.767Z] Extracted header HTML (5796 chars)
[2026-03-06T09:38:13.773Z] Website (post-redirect): https://deanintelligence.com/ → origin: https://deanintelligence.com
[2026-03-06T09:38:13.774Z] External links: 4 (of 5 total)
[2026-03-06T09:38:13.774Z] ── All external links ──
[2026-03-06T09:38:13.774Z]   EXT: https://ms.godaddy.com/r?e=eyJ2IjoiMS4xNCIsImF2Ijo1ODgwNjU5LCJhdCI6MjQ0NywiYnQiOjAsImNtIjo1OTI1Mjg2OTEsImNoIjo1NDQ0NSwiY2siOnt9LCJjciI6NjU3MDk3NDc2LCJkaSI6IjMyZTg3NDFmNjI2MzQxMWNiMzE1YjMxNzJiOTZiZjQ3IiwiZGoiOjAsImlpIjoiZDQ5MWU1NjczOWE0NDZiMTk1NTdiMmI1N2NjM2Y0NTAiLCJsZSI6WzJdLCJkbSI6MywiZmMiOjgzMTM0NjM1NCwiZmwiOjc5NTIyNjgyNSwiaXAiOiI2NC4yMDIuMTYwLjAiLCJudyI6MTA2NjMsInBjIjoxLCJvcCI6MSwibXAiOjEsImRwIjoxLCJkbiI6MSwiZGciOjEsImVjIjoxLCJnbSI6MCwiZXAiOm51bGwsInByIjoyNTA4MDQsInJ0IjoyLCJycyI6NTAwLCJzYSI6Ijg2Iiwic2IiOiJpLTAyNjYyZDhjYjQwYzgxYmI5Iiwic3AiOjE5MjIxODMsInN0IjoxMjc2MjY0LCJ1ayI6InVlMS1jNTk2NzY0YmJlMjU0NDAyYWY4ZjQ4OWM2NDMzNDdhNCIsInpuIjozMDc0OTUsInptIjpbMzA3NDk1XSwidHMiOjE3NzI3ODk4ODQ1NDcsInBuIjoiZ2Qtd2FtLXBvczEiLCJnYyI6dHJ1ZSwiZ0MiOnRydWUsImdzIjoibm9uZSIsImRjIjoxLCJ0eiI6IkFtZXJpY2EvVG9yb250byIsInVyIjoiaHR0cHM6Ly93d3cuZ29kYWRkeS5jb20vbG9nby1tYWtlciJ9&s=32pTUh12TnfVQupQkbPQvAhjXcc&omsId=baseline&psName=WAM_BANNER_V1&uawVersion=2.2.1&property:publisher_website_key=wam.md5.30ec445b08120cc83f3867b38ffe438d&impressionId=d491e56739a446b19557b2b57cc3f450
[2026-03-06T09:38:13.774Z]   EXT: https://policies.google.com/privacy
[2026-03-06T09:38:13.774Z]   EXT: https://policies.google.com/terms
[2026-03-06T09:38:13.774Z]   EXT: https://www.godaddy.com/websites/website-builder?isc=pwugc&utm_source=wsb&utm_medium=applications&utm_campaign=en-us_corp_applications_base
[2026-03-06T09:38:13.774Z] ── Step 1: Programmatic categorization ──
[2026-03-06T09:38:13.774Z]   UNCATEGORIZED: https://ms.godaddy.com/r?e=eyJ2IjoiMS4xNCIsImF2Ijo1ODgwNjU5LCJhdCI6MjQ0NywiYnQiOjAsImNtIjo1OTI1Mjg2OTEsImNoIjo1NDQ0NSwiY2siOnt9LCJjciI6NjU3MDk3NDc2LCJkaSI6IjMyZTg3NDFmNjI2MzQxMWNiMzE1YjMxNzJiOTZiZjQ3IiwiZGoiOjAsImlpIjoiZDQ5MWU1NjczOWE0NDZiMTk1NTdiMmI1N2NjM2Y0NTAiLCJsZSI6WzJdLCJkbSI6MywiZmMiOjgzMTM0NjM1NCwiZmwiOjc5NTIyNjgyNSwiaXAiOiI2NC4yMDIuMTYwLjAiLCJudyI6MTA2NjMsInBjIjoxLCJvcCI6MSwibXAiOjEsImRwIjoxLCJkbiI6MSwiZGciOjEsImVjIjoxLCJnbSI6MCwiZXAiOm51bGwsInByIjoyNTA4MDQsInJ0IjoyLCJycyI6NTAwLCJzYSI6Ijg2Iiwic2IiOiJpLTAyNjYyZDhjYjQwYzgxYmI5Iiwic3AiOjE5MjIxODMsInN0IjoxMjc2MjY0LCJ1ayI6InVlMS1jNTk2NzY0YmJlMjU0NDAyYWY4ZjQ4OWM2NDMzNDdhNCIsInpuIjozMDc0OTUsInptIjpbMzA3NDk1XSwidHMiOjE3NzI3ODk4ODQ1NDcsInBuIjoiZ2Qtd2FtLXBvczEiLCJnYyI6dHJ1ZSwiZ0MiOnRydWUsImdzIjoibm9uZSIsImRjIjoxLCJ0eiI6IkFtZXJpY2EvVG9yb250byIsInVyIjoiaHR0cHM6Ly93d3cuZ29kYWRkeS5jb20vbG9nby1tYWtlciJ9&s=32pTUh12TnfVQupQkbPQvAhjXcc&omsId=baseline&psName=WAM_BANNER_V1&uawVersion=2.2.1&property:publisher_website_key=wam.md5.30ec445b08120cc83f3867b38ffe438d&impressionId=d491e56739a446b19557b2b57cc3f450
[2026-03-06T09:38:13.775Z]   UNCATEGORIZED: https://policies.google.com/privacy
[2026-03-06T09:38:13.775Z]   UNCATEGORIZED: https://policies.google.com/terms
[2026-03-06T09:38:13.775Z]   UNCATEGORIZED: https://www.godaddy.com/websites/website-builder?isc=pwugc&utm_source=wsb&utm_medium=applications&utm_campaign=en-us_corp_applications_base
[2026-03-06T09:38:13.775Z] Programmatic result: ws:1 | 4 uncategorized
[2026-03-06T09:38:13.775Z] Sending uncategorized links + HTML sections to AI for analysis...
[2026-03-06T09:38:13.776Z] Saved AI prompt (4201 chars) to ai_prompt.txt
[2026-03-06T09:38:35.179Z] Saved AI response to ai_response.json
[2026-03-06T09:38:35.179Z] ── Parsing AI response (1 lines) ──
[2026-03-06T09:38:35.180Z]   AI LINK: https://www.deanintelligence.com
[2026-03-06T09:38:35.180Z] AI returned 1 valid links
[2026-03-06T09:38:35.180Z] ── Categorizing 1 AI-returned links ──
[2026-03-06T09:38:35.180Z]   AI→URLS: https://www.deanintelligence.com
[2026-03-06T09:38:35.180Z] ── Step 2b: Footer/header uncategorized links ──
[2026-03-06T09:38:35.180Z] Footer/header origins (1):
[2026-03-06T09:38:35.180Z]   FOOTER/HEADER ORIGIN: https://www.godaddy.com
[2026-03-06T09:38:35.180Z]   SKIP (not in footer/header): https://ms.godaddy.com/r?e=eyJ2IjoiMS4xNCIsImF2Ijo1ODgwNjU5LCJhdCI6MjQ0NywiYnQiOjAsImNtIjo1OTI1Mjg2OTEsImNoIjo1NDQ0NSwiY2siOnt9LCJjciI6NjU3MDk3NDc2LCJkaSI6IjMyZTg3NDFmNjI2MzQxMWNiMzE1YjMxNzJiOTZiZjQ3IiwiZGoiOjAsImlpIjoiZDQ5MWU1NjczOWE0NDZiMTk1NTdiMmI1N2NjM2Y0NTAiLCJsZSI6WzJdLCJkbSI6MywiZmMiOjgzMTM0NjM1NCwiZmwiOjc5NTIyNjgyNSwiaXAiOiI2NC4yMDIuMTYwLjAiLCJudyI6MTA2NjMsInBjIjoxLCJvcCI6MSwibXAiOjEsImRwIjoxLCJkbiI6MSwiZGciOjEsImVjIjoxLCJnbSI6MCwiZXAiOm51bGwsInByIjoyNTA4MDQsInJ0IjoyLCJycyI6NTAwLCJzYSI6Ijg2Iiwic2IiOiJpLTAyNjYyZDhjYjQwYzgxYmI5Iiwic3AiOjE5MjIxODMsInN0IjoxMjc2MjY0LCJ1ayI6InVlMS1jNTk2NzY0YmJlMjU0NDAyYWY4ZjQ4OWM2NDMzNDdhNCIsInpuIjozMDc0OTUsInptIjpbMzA3NDk1XSwidHMiOjE3NzI3ODk4ODQ1NDcsInBuIjoiZ2Qtd2FtLXBvczEiLCJnYyI6dHJ1ZSwiZ0MiOnRydWUsImdzIjoibm9uZSIsImRjIjoxLCJ0eiI6IkFtZXJpY2EvVG9yb250byIsInVyIjoiaHR0cHM6Ly93d3cuZ29kYWRkeS5jb20vbG9nby1tYWtlciJ9&s=32pTUh12TnfVQupQkbPQvAhjXcc&omsId=baseline&psName=WAM_BANNER_V1&uawVersion=2.2.1&property:publisher_website_key=wam.md5.30ec445b08120cc83f3867b38ffe438d&impressionId=d491e56739a446b19557b2b57cc3f450
[2026-03-06T09:38:35.181Z]   SKIP (not in footer/header): https://policies.google.com/privacy
[2026-03-06T09:38:35.181Z]   SKIP (not in footer/header): https://policies.google.com/terms
[2026-03-06T09:38:35.181Z]   ADDED: urls <- https://www.godaddy.com/websites/website-builder (cleaned from https://www.godaddy.com/websites/website-builder?isc=pwugc&utm_source=wsb&utm_medium=applications&utm_campaign=en-us_corp_applications_base)
[2026-03-06T09:38:35.181Z] Step 2b result: added 1 uncategorized domains from footer/header
[2026-03-06T09:38:35.181Z] ── Step 3: Final dedup ──
[2026-03-06T09:38:35.181Z] Dedup: removed 0 of 2 URLs already in specialized fields
[2026-03-06T09:38:35.181Z] ── FINAL RESULT ──
[2026-03-06T09:38:35.181Z]   ws (1):
[2026-03-06T09:38:35.181Z]     - https://deanintelligence.com
[2026-03-06T09:38:35.181Z]   urls (2):
[2026-03-06T09:38:35.181Z]     - https://www.deanintelligence.com
[2026-03-06T09:38:35.181Z]     - https://www.godaddy.com/websites/website-builder
[2026-03-06T09:38:35.182Z] Summary: ws:1, urls:2
[2026-03-06T09:38:35.182Z] Saved final result to result.json
[2026-03-06T09:38:35.182Z] Override fields: ws, urls
[2026-03-06T09:38:35.182Z] Finished at: 2026-03-06T09:38:35.182Z
