[2026-03-05T13:14:14.219Z] === Homepage AI Extractor: Stem Cell Medicine ===
[2026-03-05T13:14:14.219Z] Started at: 2026-03-05T13:14:14.219Z
[2026-03-05T13:14:14.219Z] Log directory: E:\code\The Wall\mono\packages\scrapper\logs\homepage_ai_extractor\1772716454218_Stem_Cell_Medicine
[2026-03-05T13:14:14.219Z] Company: Stem Cell Medicine
[2026-03-05T13:14:14.219Z] Website: stemcell-medicine.com
[2026-03-05T13:14:14.219Z] cbRank: 102419
[2026-03-05T13:14:14.219Z] Reasons: h
[2026-03-05T13:14:14.219Z] Fetching: https://stemcell-medicine.com
[2026-03-05T13:14:16.691Z] Redirected: https://stemcell-medicine.com -> https://www.stemcell-medicine.com/
[2026-03-05T13:14:16.695Z] Saved HTML (64535 bytes) to page.html
[2026-03-05T13:14:16.698Z] Extracted 11 unique links from page
[2026-03-05T13:14:16.698Z] Saved 11 links to links.json
[2026-03-05T13:14:16.701Z] Extracted footer HTML (2663 chars)
[2026-03-05T13:14:16.701Z] Extracted header HTML (7944 chars)
[2026-03-05T13:14:16.705Z] Website (post-redirect): https://www.stemcell-medicine.com/ → origin: https://www.stemcell-medicine.com
[2026-03-05T13:14:16.705Z] External links: 2 (of 11 total)
[2026-03-05T13:14:16.705Z] ── All external links ──
[2026-03-05T13:14:16.705Z]   EXT: http://www.foothold-systems.co.il
[2026-03-05T13:14:16.705Z]   EXT: http://www.portnov-mishan.com
[2026-03-05T13:14:16.705Z] ── Step 1: Programmatic categorization ──
[2026-03-05T13:14:16.705Z]   UNCATEGORIZED: http://www.foothold-systems.co.il
[2026-03-05T13:14:16.705Z]   UNCATEGORIZED: http://www.portnov-mishan.com
[2026-03-05T13:14:16.705Z] Programmatic result: ws:1 | 2 uncategorized
[2026-03-05T13:14:16.706Z] Sending uncategorized links + HTML sections to AI for analysis...
[2026-03-05T13:14:16.706Z] Saved AI prompt (3357 chars) to ai_prompt.txt
[2026-03-05T13:14:28.216Z] Saved AI response to ai_response.json
[2026-03-05T13:14:28.216Z] ── Parsing AI response (1 lines) ──
[2026-03-05T13:14:28.217Z] AI returned 0 valid links
[2026-03-05T13:14:28.217Z] ── Categorizing 0 AI-returned links ──
[2026-03-05T13:14:28.217Z] ── Step 2b: Footer/header uncategorized links ──
[2026-03-05T13:14:28.217Z] Footer/header origins (3):
[2026-03-05T13:14:28.217Z]   FOOTER/HEADER ORIGIN: http://www.foothold-systems.co.il
[2026-03-05T13:14:28.217Z]   FOOTER/HEADER ORIGIN: http://www.portnov-mishan.com
[2026-03-05T13:14:28.217Z]   FOOTER/HEADER ORIGIN: https://www.stemcell-medicine.com
[2026-03-05T13:14:28.217Z]   ADDED: urls <- http://www.foothold-systems.co.il
[2026-03-05T13:14:28.218Z]   ADDED: urls <- http://www.portnov-mishan.com
[2026-03-05T13:14:28.218Z] Step 2b result: added 2 uncategorized domains from footer/header
[2026-03-05T13:14:28.218Z] ── Step 3: Final dedup ──
[2026-03-05T13:14:28.218Z] Dedup: removed 0 of 2 URLs already in specialized fields
[2026-03-05T13:14:28.218Z] ── FINAL RESULT ──
[2026-03-05T13:14:28.218Z]   ws (1):
[2026-03-05T13:14:28.218Z]     - https://www.stemcell-medicine.com
[2026-03-05T13:14:28.218Z]   urls (2):
[2026-03-05T13:14:28.218Z]     - http://www.foothold-systems.co.il
[2026-03-05T13:14:28.218Z]     - http://www.portnov-mishan.com
[2026-03-05T13:14:28.218Z] Summary: ws:1, urls:2
[2026-03-05T13:14:28.219Z] Saved final result to result.json
[2026-03-05T13:14:28.219Z] Override fields: ws, urls
[2026-03-05T13:14:28.219Z] Finished at: 2026-03-05T13:14:28.219Z
