[2026-03-06T02:41:12.648Z] === Homepage AI Extractor: Brandbow ===
[2026-03-06T02:41:12.648Z] Started at: 2026-03-06T02:41:12.648Z
[2026-03-06T02:41:12.648Z] Log directory: E:\code\The Wall\mono\packages\scrapper\logs\homepage_ai_extractor\1772764872648_Brandbow
[2026-03-06T02:41:12.648Z] Company: Brandbow
[2026-03-06T02:41:12.648Z] Website: brandbow.com
[2026-03-06T02:41:12.648Z] cbRank: 107067
[2026-03-06T02:41:12.649Z] Reasons: h
[2026-03-06T02:41:12.649Z] Fetching: https://brandbow.com
[2026-03-06T02:41:14.558Z] Redirected: https://brandbow.com -> https://brandbow.com/
[2026-03-06T02:41:14.564Z] Saved HTML (101179 bytes) to page.html
[2026-03-06T02:41:14.567Z] Extracted 13 unique links from page
[2026-03-06T02:41:14.567Z] Saved 13 links to links.json
[2026-03-06T02:41:14.573Z] Extracted footer HTML (6537 chars)
[2026-03-06T02:41:14.573Z] Extracted header HTML (3887 chars)
[2026-03-06T02:41:14.577Z] Website (post-redirect): https://brandbow.com/ → origin: https://brandbow.com
[2026-03-06T02:41:14.577Z] External links: 2 (of 13 total)
[2026-03-06T02:41:14.577Z] ── All external links ──
[2026-03-06T02:41:14.577Z]   EXT: https://app.f4ntec.com/login
[2026-03-06T02:41:14.577Z]   EXT: https://il.linkedin.com/company/f4ntec?trk=public_profile_experience-item_profile-section-card_subtitle-click
[2026-03-06T02:41:14.577Z] ── Step 1: Programmatic categorization ──
[2026-03-06T02:41:14.577Z]   UNCATEGORIZED: https://app.f4ntec.com/login
[2026-03-06T02:41:14.578Z]   REGEX: li <- https://il.linkedin.com/company/f4ntec?trk=public_profile_experience-item_profile-section-card_subtitle-click
[2026-03-06T02:41:14.578Z] Programmatic result: ws:1, li:1 | 1 uncategorized
[2026-03-06T02:41:14.578Z] Sending uncategorized links + HTML sections to AI for analysis...
[2026-03-06T02:41:14.579Z] Saved AI prompt (6041 chars) to ai_prompt.txt
[2026-03-06T02:41:57.138Z] Saved AI response to ai_response.json
[2026-03-06T02:41:57.138Z] ── Parsing AI response (7 lines) ──
[2026-03-06T02:41:57.138Z]   AI LINK: https://brandbow.com/
[2026-03-06T02:41:57.138Z]   AI LINK: https://brandbow.com/about-us/
[2026-03-06T02:41:57.138Z]   AI LINK: https://brandbow.com/careers/
[2026-03-06T02:41:57.138Z]   AI LINK: https://brandbow.com/terms-of-service/
[2026-03-06T02:41:57.138Z]   AI LINK: https://brandbow.com/privacy-policy-2/
[2026-03-06T02:41:57.138Z]   AI LINK: https://brandbow.com/sales-channels-and-selling-entities/
[2026-03-06T02:41:57.138Z]   AI LINK: https://il.linkedin.com/company/f4ntec?trk=public_profile_experience-item_profile-section-card_subtitle-click
[2026-03-06T02:41:57.139Z] AI returned 7 valid links
[2026-03-06T02:41:57.139Z] ── Categorizing 7 AI-returned links ──
[2026-03-06T02:41:57.139Z]   AI→URLS: https://brandbow.com (cleaned from https://brandbow.com/)
[2026-03-06T02:41:57.139Z]   AI→URLS: https://brandbow.com/about-us (cleaned from https://brandbow.com/about-us/)
[2026-03-06T02:41:57.139Z]   AI→URLS: https://brandbow.com/careers (cleaned from https://brandbow.com/careers/)
[2026-03-06T02:41:57.139Z]   AI→URLS: https://brandbow.com/terms-of-service (cleaned from https://brandbow.com/terms-of-service/)
[2026-03-06T02:41:57.139Z]   AI→URLS: https://brandbow.com/privacy-policy-2 (cleaned from https://brandbow.com/privacy-policy-2/)
[2026-03-06T02:41:57.140Z]   AI→URLS: https://brandbow.com/sales-channels-and-selling-entities (cleaned from https://brandbow.com/sales-channels-and-selling-entities/)
[2026-03-06T02:41:57.140Z]   AI→REGEX: li <- https://il.linkedin.com/company/f4ntec?trk=public_profile_experience-item_profile-section-card_subtitle-click (duplicate, skipped)
[2026-03-06T02:41:57.140Z] ── Step 2b: Footer/header uncategorized links ──
[2026-03-06T02:41:57.140Z] Footer/header origins (3):
[2026-03-06T02:41:57.140Z]   FOOTER/HEADER ORIGIN: https://brandbow.com
[2026-03-06T02:41:57.140Z]   FOOTER/HEADER ORIGIN: https://il.linkedin.com
[2026-03-06T02:41:57.140Z]   FOOTER/HEADER ORIGIN: https://app.f4ntec.com
[2026-03-06T02:41:57.140Z]   ADDED: urls <- https://app.f4ntec.com/login
[2026-03-06T02:41:57.141Z] Step 2b result: added 1 uncategorized domains from footer/header
[2026-03-06T02:41:57.141Z] ── Step 3: Final dedup ──
[2026-03-06T02:41:57.141Z] Dedup: removed 0 of 7 URLs already in specialized fields
[2026-03-06T02:41:57.141Z] ── FINAL RESULT ──
[2026-03-06T02:41:57.141Z]   ws (1):
[2026-03-06T02:41:57.141Z]     - https://brandbow.com
[2026-03-06T02:41:57.141Z]   li (1):
[2026-03-06T02:41:57.141Z]     - https://www.linkedin.com/company/f4ntec
[2026-03-06T02:41:57.141Z]   urls (7):
[2026-03-06T02:41:57.141Z]     - https://app.f4ntec.com/login
[2026-03-06T02:41:57.141Z]     - https://brandbow.com
[2026-03-06T02:41:57.141Z]     - https://brandbow.com/about-us
[2026-03-06T02:41:57.142Z]     - https://brandbow.com/careers
[2026-03-06T02:41:57.142Z]     - https://brandbow.com/privacy-policy-2
[2026-03-06T02:41:57.142Z]     - https://brandbow.com/sales-channels-and-selling-entities
[2026-03-06T02:41:57.142Z]     - https://brandbow.com/terms-of-service
[2026-03-06T02:41:57.142Z] Summary: ws:1, li:1, urls:7
[2026-03-06T02:41:57.142Z] Saved final result to result.json
[2026-03-06T02:41:57.143Z] Override fields: ws, li, urls
[2026-03-06T02:41:57.143Z] Finished at: 2026-03-06T02:41:57.143Z
