[2026-03-01T19:30:49.911Z] === Homepage AI Extractor: Kando ===
[2026-03-01T19:30:49.911Z] Started at: 2026-03-01T19:30:49.911Z
[2026-03-01T19:30:49.911Z] Log directory: E:\code\The Wall\mono\packages\scrapper\logs\homepage_ai_extractor\1772393449910_Kando
[2026-03-01T19:30:49.911Z] Company: Kando
[2026-03-01T19:30:49.911Z] Website: kando.eco
[2026-03-01T19:30:49.912Z] cbRank: 39983
[2026-03-01T19:30:49.912Z] Reasons: h
[2026-03-01T19:30:49.912Z] Fetching: https://kando.eco
[2026-03-01T19:31:05.250Z] Network idle timeout — continuing with current state
[2026-03-01T19:31:05.351Z] Redirected: https://kando.eco -> https://www.kando.eco/
[2026-03-01T19:31:05.365Z] Saved HTML (194196 bytes) to page.html
[2026-03-01T19:31:05.371Z] Extracted 27 unique links from page
[2026-03-01T19:31:05.372Z] Saved 27 links to links.json
[2026-03-01T19:31:05.379Z] Extracted footer HTML (5658 chars)
[2026-03-01T19:31:05.379Z] Extracted header HTML (4426 chars)
[2026-03-01T19:31:05.390Z] Website (post-redirect): https://www.kando.eco/ → origin: https://www.kando.eco
[2026-03-01T19:31:05.391Z]   SUBDOMAIN: app.kando.eco (added to ws)
[2026-03-01T19:31:05.391Z]   SUBDOMAIN: impact.kando.eco (added to ws)
[2026-03-01T19:31:05.391Z]   SUBDOMAIN: new.kando.eco (added to ws)
[2026-03-01T19:31:05.391Z] Website subdomains found: 3
[2026-03-01T19:31:05.391Z] External links: 4 (of 27 total)
[2026-03-01T19:31:05.392Z] ── All external links ──
[2026-03-01T19:31:05.392Z]   EXT: https://www.facebook.com/KandoClear
[2026-03-01T19:31:05.392Z]   EXT: https://www.linkedin.com/company/kando-environmental-services
[2026-03-01T19:31:05.392Z]   EXT: https://www.youtube.com/@kandoClear
[2026-03-01T19:31:05.392Z]   EXT: https://x.com/kandoclear
[2026-03-01T19:31:05.392Z] ── Step 1: Programmatic categorization ──
[2026-03-01T19:31:05.392Z]   REGEX: fb <- https://www.facebook.com/KandoClear
[2026-03-01T19:31:05.393Z]   REGEX: li <- https://www.linkedin.com/company/kando-environmental-services
[2026-03-01T19:31:05.393Z]   REGEX: ytp <- https://www.youtube.com/@kandoClear
[2026-03-01T19:31:05.393Z]   REGEX: tw <- https://x.com/kandoclear
[2026-03-01T19:31:05.393Z] Programmatic result: ws:4, fb:1, li:1, ytp:1, tw:1 | 0 uncategorized
[2026-03-01T19:31:05.393Z] Sending uncategorized links + HTML sections to AI for analysis...
[2026-03-01T19:31:05.394Z] Saved AI prompt (4466 chars) to ai_prompt.txt
[2026-03-01T19:31:33.450Z] Saved AI response to ai_response.json
[2026-03-01T19:31:33.450Z] ── Parsing AI response (5 lines) ──
[2026-03-01T19:31:33.450Z]   AI LINK: https://www.kando.eco
[2026-03-01T19:31:33.450Z]   AI LINK: https://www.linkedin.com/company/kando-environmental-services/
[2026-03-01T19:31:33.450Z]   AI LINK: https://x.com/kandoclear
[2026-03-01T19:31:33.450Z]   AI LINK: https://www.facebook.com/KandoClear/
[2026-03-01T19:31:33.450Z]   AI LINK: https://www.youtube.com/@kandoClear
[2026-03-01T19:31:33.450Z] AI returned 5 valid links
[2026-03-01T19:31:33.450Z] ── Categorizing 5 AI-returned links ──
[2026-03-01T19:31:33.451Z]   AI→URLS: https://www.kando.eco
[2026-03-01T19:31:33.451Z]   AI→REGEX: li <- https://www.linkedin.com/company/kando-environmental-services/ (duplicate, skipped)
[2026-03-01T19:31:33.451Z]   AI→REGEX: tw <- https://x.com/kandoclear (duplicate, skipped)
[2026-03-01T19:31:33.451Z]   AI→REGEX: fb <- https://www.facebook.com/KandoClear/ (duplicate, skipped)
[2026-03-01T19:31:33.451Z]   AI→REGEX: ytp <- https://www.youtube.com/@kandoClear (duplicate, skipped)
[2026-03-01T19:31:33.451Z] ── Step 2b: Footer/header uncategorized links ──
[2026-03-01T19:31:33.451Z] Footer/header origins (6):
[2026-03-01T19:31:33.451Z]   FOOTER/HEADER ORIGIN: https://www.kando.eco
[2026-03-01T19:31:33.452Z]   FOOTER/HEADER ORIGIN: https://www.linkedin.com
[2026-03-01T19:31:33.452Z]   FOOTER/HEADER ORIGIN: https://x.com
[2026-03-01T19:31:33.452Z]   FOOTER/HEADER ORIGIN: https://www.facebook.com
[2026-03-01T19:31:33.452Z]   FOOTER/HEADER ORIGIN: https://www.youtube.com
[2026-03-01T19:31:33.452Z]   FOOTER/HEADER ORIGIN: https://new.kando.eco
[2026-03-01T19:31:33.452Z] Step 2b result: added 0 uncategorized domains from footer/header
[2026-03-01T19:31:33.452Z] ── Step 3: Final dedup ──
[2026-03-01T19:31:33.452Z] Dedup: removed 0 of 1 URLs already in specialized fields
[2026-03-01T19:31:33.452Z] ── FINAL RESULT ──
[2026-03-01T19:31:33.452Z]   ws (4):
[2026-03-01T19:31:33.452Z]     - https://app.kando.eco
[2026-03-01T19:31:33.452Z]     - https://impact.kando.eco
[2026-03-01T19:31:33.452Z]     - https://new.kando.eco
[2026-03-01T19:31:33.452Z]     - https://www.kando.eco
[2026-03-01T19:31:33.452Z]   li (1):
[2026-03-01T19:31:33.452Z]     - https://www.linkedin.com/company/kando-environmental-services
[2026-03-01T19:31:33.452Z]   fb (1):
[2026-03-01T19:31:33.453Z]     - https://www.facebook.com/kandoclear
[2026-03-01T19:31:33.453Z]   tw (1):
[2026-03-01T19:31:33.453Z]     - https://x.com/kandoclear
[2026-03-01T19:31:33.453Z]   ytp (1):
[2026-03-01T19:31:33.453Z]     - https://www.youtube.com/@kandoclear
[2026-03-01T19:31:33.453Z]   urls (1):
[2026-03-01T19:31:33.453Z]     - https://www.kando.eco
[2026-03-01T19:31:33.453Z] Summary: ws:4, fb:1, li:1, ytp:1, tw:1, urls:1
[2026-03-01T19:31:33.454Z] Saved final result to result.json
[2026-03-01T19:31:33.454Z] Override fields: ws, li, fb, tw, ytp, urls
[2026-03-01T19:31:33.454Z] Finished at: 2026-03-01T19:31:33.454Z
