[2026-03-05T11:05:40.204Z] === Homepage AI Extractor: Storywise ===
[2026-03-05T11:05:40.205Z] Started at: 2026-03-05T11:05:40.205Z
[2026-03-05T11:05:40.205Z] Log directory: E:\code\The Wall\mono\packages\scrapper\logs\homepage_ai_extractor\1772708740204_Storywise
[2026-03-05T11:05:40.205Z] Company: Storywise
[2026-03-05T11:05:40.205Z] Website: storywise.ai
[2026-03-05T11:05:40.205Z] cbRank: 85029
[2026-03-05T11:05:40.205Z] Reasons: h
[2026-03-05T11:05:40.205Z] Fetching: https://storywise.ai
[2026-03-05T11:05:41.499Z] Redirected: https://storywise.ai -> https://www.storywise.ai/
[2026-03-05T11:05:41.501Z] Saved HTML (2545 bytes) to page.html
[2026-03-05T11:05:41.503Z] Extracted 2 unique links from page
[2026-03-05T11:05:41.503Z] Saved 2 links to links.json
[2026-03-05T11:05:41.506Z] No footer section found in DOM
[2026-03-05T11:05:41.506Z] No header section found in DOM
[2026-03-05T11:05:41.510Z] Website (post-redirect): https://www.storywise.ai/ → origin: https://www.storywise.ai
[2026-03-05T11:05:41.510Z] External links: 2 (of 2 total)
[2026-03-05T11:05:41.510Z] ── All external links ──
[2026-03-05T11:05:41.510Z]   EXT: https://www.storywisenetwork.com
[2026-03-05T11:05:41.510Z]   EXT: https://www.storywisepublishers.com
[2026-03-05T11:05:41.510Z] ── Step 1: Programmatic categorization ──
[2026-03-05T11:05:41.511Z]   UNCATEGORIZED: https://www.storywisenetwork.com
[2026-03-05T11:05:41.511Z]   UNCATEGORIZED: https://www.storywisepublishers.com
[2026-03-05T11:05:41.511Z] Programmatic result: ws:1 | 2 uncategorized
[2026-03-05T11:05:41.511Z] Sending uncategorized links + HTML sections to AI for analysis...
[2026-03-05T11:05:41.512Z] Saved AI prompt (1997 chars) to ai_prompt.txt
[2026-03-05T11:05:51.033Z] Saved AI response to ai_response.json
[2026-03-05T11:05:51.033Z] ── Parsing AI response (2 lines) ──
[2026-03-05T11:05:51.033Z]   AI LINK: https://www.storywisenetwork.com
[2026-03-05T11:05:51.033Z]   AI LINK: https://www.storywisepublishers.com
[2026-03-05T11:05:51.033Z] AI returned 2 valid links
[2026-03-05T11:05:51.033Z] ── Categorizing 2 AI-returned links ──
[2026-03-05T11:05:51.033Z]   AI→URLS: https://www.storywisenetwork.com
[2026-03-05T11:05:51.033Z]   AI→URLS: https://www.storywisepublishers.com
[2026-03-05T11:05:51.034Z] ── Step 2b: Footer/header uncategorized links ──
[2026-03-05T11:05:51.034Z] Footer/header origins (0):
[2026-03-05T11:05:51.034Z]   SKIP (AI claimed): https://www.storywisenetwork.com
[2026-03-05T11:05:51.034Z]   SKIP (AI claimed): https://www.storywisepublishers.com
[2026-03-05T11:05:51.034Z] Step 2b result: added 0 uncategorized domains from footer/header
[2026-03-05T11:05:51.034Z] ── Step 3: Final dedup ──
[2026-03-05T11:05:51.034Z] Dedup: removed 0 of 2 URLs already in specialized fields
[2026-03-05T11:05:51.034Z] ── FINAL RESULT ──
[2026-03-05T11:05:51.034Z]   ws (1):
[2026-03-05T11:05:51.034Z]     - https://www.storywise.ai
[2026-03-05T11:05:51.034Z]   urls (2):
[2026-03-05T11:05:51.034Z]     - https://www.storywisenetwork.com
[2026-03-05T11:05:51.034Z]     - https://www.storywisepublishers.com
[2026-03-05T11:05:51.035Z] Summary: ws:1, urls:2
[2026-03-05T11:05:51.035Z] Saved final result to result.json
[2026-03-05T11:05:51.035Z] Override fields: ws, urls
[2026-03-05T11:05:51.035Z] Finished at: 2026-03-05T11:05:51.035Z
