[2026-03-07T13:26:28.867Z] === Homepage AI Extractor: Drupe Mobile ===
[2026-03-07T13:26:28.867Z] Started at: 2026-03-07T13:26:28.867Z
[2026-03-07T13:26:28.867Z] Log directory: E:\code\The Wall\mono\packages\scrapper\logs\homepage_ai_extractor\1772889988866_Drupe_Mobile
[2026-03-07T13:26:28.867Z] Company: Drupe Mobile
[2026-03-07T13:26:28.867Z] Website: getdrupe.com
[2026-03-07T13:26:28.868Z] cbRank: 241767
[2026-03-07T13:26:28.868Z] Reasons: h
[2026-03-07T13:26:28.868Z] Fetching: https://getdrupe.com
[2026-03-07T13:26:32.724Z] Redirected: https://getdrupe.com -> https://www.getdrupe.com/
[2026-03-07T13:26:32.729Z] Saved HTML (112638 bytes) to page.html
[2026-03-07T13:26:32.733Z] Extracted 20 unique links from page
[2026-03-07T13:26:32.734Z] Saved 20 links to links.json
[2026-03-07T13:26:32.736Z] Extracted footer HTML (2213 chars)
[2026-03-07T13:26:32.736Z] Extracted header HTML (839 chars)
[2026-03-07T13:26:32.740Z] Website (post-redirect): https://www.getdrupe.com/ → origin: https://www.getdrupe.com
[2026-03-07T13:26:32.740Z]   SUBDOMAIN: help.getdrupe.com (added to ws)
[2026-03-07T13:26:32.740Z] Website subdomains found: 1
[2026-03-07T13:26:32.740Z] External links: 12 (of 20 total)
[2026-03-07T13:26:32.740Z] ── All external links ──
[2026-03-07T13:26:32.740Z]   EXT: https://apps.apple.com/app/apple-store/id1244510953
[2026-03-07T13:26:32.740Z]   EXT: https://gizmodo.com/our-favorite-android-ios-and-windows-phone-apps-of-th-1693686255
[2026-03-07T13:26:32.741Z]   EXT: https://play.google.com/store/apps/details?id=mobi.drupe.app&referrer=utm_source%3DWebsite%26utm_campaign%3Dwebsite_button
[2026-03-07T13:26:32.741Z]   EXT: https://techcrunch.com/2016/07/07/drupe-reimagines-the-address-book-with-3-million-in-funding
[2026-03-07T13:26:32.741Z]   EXT: https://twitter.com/getdrupe
[2026-03-07T13:26:32.741Z]   EXT: https://www.androidauthority.com/drupe-contact-friends-597048
[2026-03-07T13:26:32.741Z]   EXT: https://www.androidpolice.com/2015/03/25/drupe-gives-boring-phone-contacts-a-contextual-gesture-based-makeover
[2026-03-07T13:26:32.741Z]   EXT: https://www.businessinsider.in/21-Android-only-apps-that-will-make-your-iPhone-friends-jealous/Drupe-brings-all-the-ways-you-can-contact-someone-into-your-phonebook-/slideshow/49864907.cms
[2026-03-07T13:26:32.741Z]   EXT: https://www.dl.dropboxusercontent.com/s/qpm3px8tt5p8w6e/Media%20Kit.zip?dl=0
[2026-03-07T13:26:32.741Z]   EXT: https://www.facebook.com/getdrupe
[2026-03-07T13:26:32.741Z]   EXT: https://www.forbes.com/sites/ilyapozin/2015/03/26/why-androids-winning-the-battle-right-now/?sh=764e8a6eb3d0
[2026-03-07T13:26:32.741Z]   EXT: https://www.youtube.com/channel/UCL3K47ScTwfUYjrBqDHzhFg
[2026-03-07T13:26:32.741Z] ── Step 1: Programmatic categorization ──
[2026-03-07T13:26:32.741Z]   UNCATEGORIZED: https://apps.apple.com/app/apple-store/id1244510953
[2026-03-07T13:26:32.741Z]   UNCATEGORIZED: https://gizmodo.com/our-favorite-android-ios-and-windows-phone-apps-of-th-1693686255
[2026-03-07T13:26:32.742Z]   REGEX: android_app_ids <- mobi.drupe.app (from https://play.google.com/store/apps/details?id=mobi.drupe.app&referrer=utm_source%3DWebsite%26utm_campaign%3Dwebsite_button)
[2026-03-07T13:26:32.742Z]   UNCATEGORIZED: https://techcrunch.com/2016/07/07/drupe-reimagines-the-address-book-with-3-million-in-funding
[2026-03-07T13:26:32.742Z]   REGEX: tw <- https://twitter.com/getdrupe
[2026-03-07T13:26:32.742Z]   UNCATEGORIZED: https://www.androidauthority.com/drupe-contact-friends-597048
[2026-03-07T13:26:32.742Z]   UNCATEGORIZED: https://www.androidpolice.com/2015/03/25/drupe-gives-boring-phone-contacts-a-contextual-gesture-based-makeover
[2026-03-07T13:26:32.742Z]   UNCATEGORIZED: https://www.businessinsider.in/21-Android-only-apps-that-will-make-your-iPhone-friends-jealous/Drupe-brings-all-the-ways-you-can-contact-someone-into-your-phonebook-/slideshow/49864907.cms
[2026-03-07T13:26:32.742Z]   UNCATEGORIZED: https://www.dl.dropboxusercontent.com/s/qpm3px8tt5p8w6e/Media%20Kit.zip?dl=0
[2026-03-07T13:26:32.742Z]   REGEX: fb <- https://www.facebook.com/getdrupe
[2026-03-07T13:26:32.742Z]   UNCATEGORIZED: https://www.forbes.com/sites/ilyapozin/2015/03/26/why-androids-winning-the-battle-right-now/?sh=764e8a6eb3d0
[2026-03-07T13:26:32.743Z]   REGEX: ytc <- https://www.youtube.com/channel/UCL3K47ScTwfUYjrBqDHzhFg
[2026-03-07T13:26:32.743Z] Programmatic result: ws:2, android_app_ids:1, tw:1, fb:1, ytc:1 | 8 uncategorized
[2026-03-07T13:26:32.743Z] Sending uncategorized links + HTML sections to AI for analysis...
[2026-03-07T13:26:32.743Z] Saved AI prompt (4396 chars) to ai_prompt.txt
[2026-03-07T13:27:03.594Z] Saved AI response to ai_response.json
[2026-03-07T13:27:03.594Z] ── Parsing AI response (4 lines) ──
[2026-03-07T13:27:03.594Z]   AI LINK: https://apps.apple.com/app/apple-store/id1244510953
[2026-03-07T13:27:03.594Z]   AI LINK: https://www.facebook.com/getdrupe
[2026-03-07T13:27:03.594Z]   AI LINK: https://twitter.com/getdrupe
[2026-03-07T13:27:03.594Z]   AI LINK: https://www.youtube.com/channel/UCL3K47ScTwfUYjrBqDHzhFg
[2026-03-07T13:27:03.594Z] AI returned 4 valid links
[2026-03-07T13:27:03.594Z] ── Categorizing 4 AI-returned links ──
[2026-03-07T13:27:03.595Z]   AI→URLS: https://apps.apple.com/app/apple-store/id1244510953
[2026-03-07T13:27:03.595Z]   AI→REGEX: fb <- https://www.facebook.com/getdrupe (duplicate, skipped)
[2026-03-07T13:27:03.595Z]   AI→REGEX: tw <- https://twitter.com/getdrupe (duplicate, skipped)
[2026-03-07T13:27:03.595Z]   AI→REGEX: ytc <- https://www.youtube.com/channel/UCL3K47ScTwfUYjrBqDHzhFg (duplicate, skipped)
[2026-03-07T13:27:03.595Z] ── Step 2b: Footer/header uncategorized links ──
[2026-03-07T13:27:03.595Z] Footer/header origins (5):
[2026-03-07T13:27:03.595Z]   FOOTER/HEADER ORIGIN: https://help.getdrupe.com
[2026-03-07T13:27:03.595Z]   FOOTER/HEADER ORIGIN: https://www.dl.dropboxusercontent.com
[2026-03-07T13:27:03.596Z]   FOOTER/HEADER ORIGIN: https://www.facebook.com
[2026-03-07T13:27:03.596Z]   FOOTER/HEADER ORIGIN: https://twitter.com
[2026-03-07T13:27:03.596Z]   FOOTER/HEADER ORIGIN: https://www.youtube.com
[2026-03-07T13:27:03.596Z]   SKIP (AI claimed): https://apps.apple.com/app/apple-store/id1244510953
[2026-03-07T13:27:03.596Z]   SKIP (not in footer/header): https://gizmodo.com/our-favorite-android-ios-and-windows-phone-apps-of-th-1693686255
[2026-03-07T13:27:03.596Z]   SKIP (not in footer/header): https://techcrunch.com/2016/07/07/drupe-reimagines-the-address-book-with-3-million-in-funding
[2026-03-07T13:27:03.596Z]   SKIP (not in footer/header): https://www.androidauthority.com/drupe-contact-friends-597048
[2026-03-07T13:27:03.596Z]   SKIP (not in footer/header): https://www.androidpolice.com/2015/03/25/drupe-gives-boring-phone-contacts-a-contextual-gesture-based-makeover
[2026-03-07T13:27:03.596Z]   SKIP (not in footer/header): https://www.businessinsider.in/21-Android-only-apps-that-will-make-your-iPhone-friends-jealous/Drupe-brings-all-the-ways-you-can-contact-someone-into-your-phonebook-/slideshow/49864907.cms
[2026-03-07T13:27:03.596Z]   SKIP (noise): https://www.dl.dropboxusercontent.com/s/qpm3px8tt5p8w6e/Media%20Kit.zip?dl=0
[2026-03-07T13:27:03.597Z]   SKIP (not in footer/header): https://www.forbes.com/sites/ilyapozin/2015/03/26/why-androids-winning-the-battle-right-now/?sh=764e8a6eb3d0
[2026-03-07T13:27:03.597Z] Step 2b result: added 0 uncategorized domains from footer/header
[2026-03-07T13:27:03.597Z] ── Step 3: Final dedup ──
[2026-03-07T13:27:03.597Z] Dedup: removed 0 of 1 URLs already in specialized fields
[2026-03-07T13:27:03.597Z] ── FINAL RESULT ──
[2026-03-07T13:27:03.597Z]   ws (2):
[2026-03-07T13:27:03.597Z]     - https://help.getdrupe.com
[2026-03-07T13:27:03.597Z]     - https://www.getdrupe.com
[2026-03-07T13:27:03.597Z]   fb (1):
[2026-03-07T13:27:03.597Z]     - https://www.facebook.com/getdrupe
[2026-03-07T13:27:03.597Z]   tw (1):
[2026-03-07T13:27:03.597Z]     - https://x.com/getdrupe
[2026-03-07T13:27:03.597Z]   ytc (1):
[2026-03-07T13:27:03.597Z]     - https://www.youtube.com/channel/UCL3K47ScTwfUYjrBqDHzhFg
[2026-03-07T13:27:03.598Z]   urls (1):
[2026-03-07T13:27:03.598Z]     - https://apps.apple.com/app/apple-store/id1244510953
[2026-03-07T13:27:03.598Z]   android_app_ids (1):
[2026-03-07T13:27:03.598Z]     - mobi.drupe.app
[2026-03-07T13:27:03.598Z] Summary: ws:2, android_app_ids:1, tw:1, fb:1, ytc:1, urls:1
[2026-03-07T13:27:03.598Z] Saved final result to result.json
[2026-03-07T13:27:03.599Z] Override fields: ws, fb, tw, ytc, urls, android_app_ids
[2026-03-07T13:27:03.599Z] Finished at: 2026-03-07T13:27:03.599Z
