[2026-03-01T20:19:32.409Z] === Homepage AI Extractor: Medcase Health ===
[2026-03-01T20:19:32.410Z] Started at: 2026-03-01T20:19:32.410Z
[2026-03-01T20:19:32.410Z] Log directory: E:\code\The Wall\mono\packages\scrapper\logs\homepage_ai_extractor\1772396372408_Medcase_Health
[2026-03-01T20:19:32.410Z] Company: Medcase Health
[2026-03-01T20:19:32.410Z] Website: medcase.health
[2026-03-01T20:19:32.410Z] cbRank: 43269
[2026-03-01T20:19:32.411Z] Reasons: h
[2026-03-01T20:19:32.411Z] Fetching: https://medcase.health
[2026-03-01T20:19:36.346Z] Redirected: https://medcase.health -> https://medcase.health/
[2026-03-01T20:19:36.406Z] Saved HTML (986403 bytes) to page.html
[2026-03-01T20:19:36.443Z] Extracted 31 unique links from page
[2026-03-01T20:19:36.444Z] Saved 31 links to links.json
[2026-03-01T20:19:36.488Z] Extracted footer HTML (1622 chars)
[2026-03-01T20:19:36.488Z] Extracted header HTML (11765 chars)
[2026-03-01T20:19:36.496Z] Website (post-redirect): https://medcase.health/ → origin: https://medcase.health
[2026-03-01T20:19:36.497Z]   SUBDOMAIN: app.medcase.health (added to ws)
[2026-03-01T20:19:36.497Z]   SUBDOMAIN: portal.medcase.health (added to ws)
[2026-03-01T20:19:36.497Z] Website subdomains found: 2
[2026-03-01T20:19:36.497Z] External links: 2 (of 31 total)
[2026-03-01T20:19:36.497Z] ── All external links ──
[2026-03-01T20:19:36.497Z]   EXT: https://mobile.twitter.com/medcasehealth
[2026-03-01T20:19:36.497Z]   EXT: https://www.linkedin.com/company/medcasehealth
[2026-03-01T20:19:36.498Z] ── Step 1: Programmatic categorization ──
[2026-03-01T20:19:36.498Z]   REGEX: tw <- https://mobile.twitter.com/medcasehealth
[2026-03-01T20:19:36.498Z]   REGEX: li <- https://www.linkedin.com/company/medcasehealth
[2026-03-01T20:19:36.498Z] Programmatic result: ws:3, tw:1, li:1 | 0 uncategorized
[2026-03-01T20:19:36.498Z] Sending uncategorized links + HTML sections to AI for analysis...
[2026-03-01T20:19:36.499Z] Saved AI prompt (2854 chars) to ai_prompt.txt
[2026-03-01T20:19:50.374Z] Saved AI response to ai_response.json
[2026-03-01T20:19:50.374Z] ── Parsing AI response (5 lines) ──
[2026-03-01T20:19:50.374Z]   AI IGNORED (not a URL): /terms-of-use
[2026-03-01T20:19:50.374Z]   AI IGNORED (not a URL): /privacy-policy
[2026-03-01T20:19:50.374Z]   AI IGNORED (not a URL): /fr
[2026-03-01T20:19:50.374Z]   AI IGNORED (not a URL): /es
[2026-03-01T20:19:50.374Z]   AI IGNORED (not a URL): /de
[2026-03-01T20:19:50.374Z] AI returned 0 valid links
[2026-03-01T20:19:50.375Z] ── Categorizing 0 AI-returned links ──
[2026-03-01T20:19:50.376Z] ── Step 2b: Footer/header uncategorized links ──
[2026-03-01T20:19:50.376Z] Footer/header origins (2):
[2026-03-01T20:19:50.376Z]   FOOTER/HEADER ORIGIN: https://portal.medcase.health
[2026-03-01T20:19:50.376Z]   FOOTER/HEADER ORIGIN: https://app.medcase.health
[2026-03-01T20:19:50.376Z] Step 2b result: added 0 uncategorized domains from footer/header
[2026-03-01T20:19:50.376Z] ── Step 3: Final dedup ──
[2026-03-01T20:19:50.376Z] No urls to dedup
[2026-03-01T20:19:50.376Z] ── FINAL RESULT ──
[2026-03-01T20:19:50.376Z]   ws (3):
[2026-03-01T20:19:50.376Z]     - https://app.medcase.health
[2026-03-01T20:19:50.376Z]     - https://medcase.health
[2026-03-01T20:19:50.376Z]     - https://portal.medcase.health
[2026-03-01T20:19:50.376Z]   li (1):
[2026-03-01T20:19:50.377Z]     - https://www.linkedin.com/company/medcasehealth
[2026-03-01T20:19:50.377Z]   tw (1):
[2026-03-01T20:19:50.377Z]     - https://x.com/medcasehealth
[2026-03-01T20:19:50.377Z] Summary: ws:3, tw:1, li:1
[2026-03-01T20:19:50.377Z] Saved final result to result.json
[2026-03-01T20:19:50.377Z] Override fields: ws, li, tw
[2026-03-01T20:19:50.377Z] Finished at: 2026-03-01T20:19:50.377Z
