[2026-03-05T10:42:15.317Z] === Homepage AI Extractor: Compugen ===
[2026-03-05T10:42:15.318Z] Started at: 2026-03-05T10:42:15.318Z
[2026-03-05T10:42:15.318Z] Log directory: E:\code\The Wall\mono\packages\scrapper\logs\homepage_ai_extractor\1772707335317_Compugen
[2026-03-05T10:42:15.318Z] Company: Compugen
[2026-03-05T10:42:15.318Z] Website: cgen.com
[2026-03-05T10:42:15.318Z] cbRank: 83585
[2026-03-05T10:42:15.318Z] Reasons: h
[2026-03-05T10:42:15.318Z] Fetching: https://cgen.com
[2026-03-05T10:42:18.720Z] Dismissed cookie consent popup via: button:has-text("Accept all")
[2026-03-05T10:42:19.236Z] Redirected: https://cgen.com -> https://cgen.com/overview/default.aspx
[2026-03-05T10:42:19.245Z] Saved HTML (206170 bytes) to page.html
[2026-03-05T10:42:19.249Z] Extracted 53 unique links from page
[2026-03-05T10:42:19.250Z] Saved 53 links to links.json
[2026-03-05T10:42:19.257Z] Extracted footer HTML (66019 chars)
[2026-03-05T10:42:19.257Z] Extracted header HTML (72597 chars)
[2026-03-05T10:42:19.262Z] Website (post-redirect): https://cgen.com/overview/default.aspx → origin: https://cgen.com
[2026-03-05T10:42:19.263Z] External links: 4 (of 53 total)
[2026-03-05T10:42:19.263Z] ── All external links ──
[2026-03-05T10:42:19.263Z]   EXT: https://twitter.com/CompugenLtd
[2026-03-05T10:42:19.263Z]   EXT: https://www.linkedin.com/company/compugen-ltd.
[2026-03-05T10:42:19.263Z]   EXT: https://www.q4inc.com/platform/q4-platform/default.aspx
[2026-03-05T10:42:19.263Z]   EXT: https://x.com/CompugenLtd
[2026-03-05T10:42:19.263Z] ── Step 1: Programmatic categorization ──
[2026-03-05T10:42:19.264Z]   REGEX: tw <- https://twitter.com/CompugenLtd
[2026-03-05T10:42:19.264Z]   REGEX: li <- https://www.linkedin.com/company/compugen-ltd.
[2026-03-05T10:42:19.264Z]   UNCATEGORIZED: https://www.q4inc.com/platform/q4-platform/default.aspx
[2026-03-05T10:42:19.264Z]   REGEX: tw <- https://x.com/CompugenLtd (duplicate, skipped)
[2026-03-05T10:42:19.264Z] Programmatic result: ws:1, tw:1, li:1 | 1 uncategorized
[2026-03-05T10:42:19.264Z] Sending uncategorized links + HTML sections to AI for analysis...
[2026-03-05T10:42:19.266Z] Saved AI prompt (50151 chars) to ai_prompt.txt
[2026-03-05T10:48:21.038Z] Saved AI response to ai_response.json
[2026-03-05T10:48:21.038Z] ── Parsing AI response (2 lines) ──
[2026-03-05T10:48:21.038Z]   AI LINK: https://www.linkedin.com/company/compugen-ltd./
[2026-03-05T10:48:21.038Z]   AI LINK: https://twitter.com/CompugenLtd
[2026-03-05T10:48:21.038Z] AI returned 2 valid links
[2026-03-05T10:48:21.038Z] ── Categorizing 2 AI-returned links ──
[2026-03-05T10:48:21.039Z]   AI→REGEX: li <- https://www.linkedin.com/company/compugen-ltd./ (duplicate, skipped)
[2026-03-05T10:48:21.039Z]   AI→REGEX: tw <- https://twitter.com/CompugenLtd (duplicate, skipped)
[2026-03-05T10:48:21.040Z] ── Step 2b: Footer/header uncategorized links ──
[2026-03-05T10:48:21.040Z] Footer/header origins (7):
[2026-03-05T10:48:21.040Z]   FOOTER/HEADER ORIGIN: https://cgen.com
[2026-03-05T10:48:21.040Z]   FOOTER/HEADER ORIGIN: https://www.linkedin.com
[2026-03-05T10:48:21.040Z]   FOOTER/HEADER ORIGIN: https://twitter.com
[2026-03-05T10:48:21.040Z]   FOOTER/HEADER ORIGIN: https://www.q4inc.com
[2026-03-05T10:48:21.040Z]   FOOTER/HEADER ORIGIN: https://www.cgen.com
[2026-03-05T10:48:21.040Z]   FOOTER/HEADER ORIGIN: http://cgen.com
[2026-03-05T10:48:21.040Z]   FOOTER/HEADER ORIGIN: https://x.com
[2026-03-05T10:48:21.040Z]   ADDED: urls <- https://www.q4inc.com/platform/q4-platform/default.aspx
[2026-03-05T10:48:21.040Z] Step 2b result: added 1 uncategorized domains from footer/header
[2026-03-05T10:48:21.040Z] ── Step 3: Final dedup ──
[2026-03-05T10:48:21.040Z] Dedup: removed 0 of 1 URLs already in specialized fields
[2026-03-05T10:48:21.040Z] ── FINAL RESULT ──
[2026-03-05T10:48:21.041Z]   ws (1):
[2026-03-05T10:48:21.041Z]     - https://cgen.com
[2026-03-05T10:48:21.041Z]   li (1):
[2026-03-05T10:48:21.041Z]     - https://www.linkedin.com/company/compugen-ltd.
[2026-03-05T10:48:21.041Z]   tw (1):
[2026-03-05T10:48:21.041Z]     - https://x.com/compugenltd
[2026-03-05T10:48:21.041Z]   urls (1):
[2026-03-05T10:48:21.041Z]     - https://www.q4inc.com/platform/q4-platform/default.aspx
[2026-03-05T10:48:21.041Z] Summary: ws:1, tw:1, li:1, urls:1
[2026-03-05T10:48:21.041Z] Saved final result to result.json
[2026-03-05T10:48:21.042Z] Override fields: ws, li, tw, urls
[2026-03-05T10:48:21.042Z] Finished at: 2026-03-05T10:48:21.042Z
