[2026-03-19T05:25:43.197Z] === Homepage AI Extractor: Active Cool ===
[2026-03-19T05:25:43.197Z] Started at: 2026-03-19T05:25:43.197Z
[2026-03-19T05:25:43.197Z] Log directory: C:\Users\ahmed\code\mono\packages\scrapper\logs\homepage_ai_extractor\1773897943196_Active_Cool
[2026-03-19T05:25:43.197Z] Company: Active Cool
[2026-03-19T05:25:43.197Z] Website: activecool.com
[2026-03-19T05:25:43.197Z] cbRank: 1944773
[2026-03-19T05:25:43.197Z] Reasons: h
[2026-03-19T05:25:43.197Z] Fetching: https://activecool.com
[2026-03-19T05:25:44.141Z] Redirected: https://activecool.com -> https://activecool.com/
[2026-03-19T05:25:44.144Z] Saved HTML (6603 bytes) to page.html
[2026-03-19T05:25:44.179Z] Extracted 9 unique links from page
[2026-03-19T05:25:44.179Z] Saved 9 links to links.json
[2026-03-19T05:25:44.239Z] No footer section found in DOM
[2026-03-19T05:25:44.239Z] No header section found in DOM
[2026-03-19T05:25:44.283Z] Website (post-redirect): https://activecool.com/ → origin: https://activecool.com
[2026-03-19T05:25:44.283Z] External links: 0 (of 9 total)
[2026-03-19T05:25:44.283Z] ── All external links ──
[2026-03-19T05:25:44.284Z] ── Step 1: Programmatic categorization ──
[2026-03-19T05:25:44.284Z] Programmatic result: ws:1 | 0 uncategorized
[2026-03-19T05:25:44.284Z] No uncategorized links and no HTML sections — skipping AI analysis
[2026-03-19T05:25:44.284Z] ── Step 2b: Footer/header uncategorized links ──
[2026-03-19T05:25:44.284Z] Footer/header origins (0):
[2026-03-19T05:25:44.284Z] Step 2b result: added 0 uncategorized domains from footer/header
[2026-03-19T05:25:44.284Z] ── Step 2c: YouTube channel handle resolution ──
[2026-03-19T05:25:44.284Z]   YOUTUBE: no ytc entries to resolve
[2026-03-19T05:25:44.284Z] ── Step 3: Final dedup ──
[2026-03-19T05:25:44.284Z] No urls to dedup
[2026-03-19T05:25:44.284Z] ── FINAL RESULT ──
[2026-03-19T05:25:44.284Z]   ws (1):
[2026-03-19T05:25:44.284Z]     - https://activecool.com
[2026-03-19T05:25:44.284Z] Summary: ws:1
[2026-03-19T05:25:44.285Z] Saved final result to result.json
[2026-03-19T05:25:44.285Z] Override fields: ws
[2026-03-19T05:25:44.285Z] Finished at: 2026-03-19T05:25:44.285Z
