[2026-03-06T02:38:52.831Z] === Homepage AI Extractor: Magneto Thrombectomy ===
[2026-03-06T02:38:52.831Z] Started at: 2026-03-06T02:38:52.831Z
[2026-03-06T02:38:52.831Z] Log directory: E:\code\The Wall\mono\packages\scrapper\logs\homepage_ai_extractor\1772764732831_Magneto_Thrombectomy
[2026-03-06T02:38:52.831Z] Company: Magneto Thrombectomy
[2026-03-06T02:38:52.831Z] Website: magts.com
[2026-03-06T02:38:52.831Z] cbRank: 106183
[2026-03-06T02:38:52.832Z] Reasons: h
[2026-03-06T02:38:52.832Z] Fetching: https://magts.com
[2026-03-06T02:39:03.777Z] Network idle timeout — continuing with current state
[2026-03-06T02:39:03.840Z] Redirected: https://magts.com -> https://www.magts.com/
[2026-03-06T02:39:03.886Z] Saved HTML (1287237 bytes) to page.html
[2026-03-06T02:39:03.890Z] Extracted 7 unique links from page
[2026-03-06T02:39:03.891Z] Saved 7 links to links.json
[2026-03-06T02:39:03.895Z] Extracted footer HTML (383 chars)
[2026-03-06T02:39:03.896Z] Extracted header HTML (8239 chars)
[2026-03-06T02:39:03.900Z] Website (post-redirect): https://www.magts.com/ → origin: https://www.magts.com
[2026-03-06T02:39:03.901Z] External links: 6 (of 7 total)
[2026-03-06T02:39:03.901Z] ── All external links ──
[2026-03-06T02:39:03.901Z]   EXT: https://www.linkedin.com/company/magneto-thrombectomy-solutions/?originalSubdomain=il
[2026-03-06T02:39:03.901Z]   EXT: https://www.linkedin.com/in/assaf-torjman-892b38116?lipi=urn%3Ali%3Apage%3Ad_flagship3_profile_view_base_contact_details%3BSbKrLmabQGSpagUGXH1%2FIA%3D%3D
[2026-03-06T02:39:03.901Z]   EXT: https://www.linkedin.com/in/benny-dilmoney-3564601
[2026-03-06T02:39:03.901Z]   EXT: https://www.linkedin.com/in/rafi-benary-5916b914?lipi=urn%3Ali%3Apage%3Ad_flagship3_profile_view_base_contact_details%3Bt7IJvU%2BORPGt8OaPTuyO6g%3D%3D
[2026-03-06T02:39:03.901Z]   EXT: https://www.linkedin.com/in/tami-abudi-46015111
[2026-03-06T02:39:03.901Z]   EXT: https://www.linkedin.com/in/yuval-taff-7b589aa7
[2026-03-06T02:39:03.901Z] ── Step 1: Programmatic categorization ──
[2026-03-06T02:39:03.902Z]   REGEX: li <- https://www.linkedin.com/company/magneto-thrombectomy-solutions/?originalSubdomain=il
[2026-03-06T02:39:03.902Z] ── Step 1b: Resolving 5 regex-domain URLs via redirect ──
[2026-03-06T02:39:03.902Z]   SKIP (regex domain, no match): https://www.linkedin.com/in/assaf-torjman-892b38116?lipi=urn%3Ali%3Apage%3Ad_flagship3_profile_view_base_contact_details%3BSbKrLmabQGSpagUGXH1%2FIA%3D%3D
[2026-03-06T02:39:03.902Z]   SKIP (regex domain, no match): https://www.linkedin.com/in/benny-dilmoney-3564601
[2026-03-06T02:39:03.902Z]   SKIP (regex domain, no match): https://www.linkedin.com/in/rafi-benary-5916b914?lipi=urn%3Ali%3Apage%3Ad_flagship3_profile_view_base_contact_details%3Bt7IJvU%2BORPGt8OaPTuyO6g%3D%3D
[2026-03-06T02:39:03.903Z]   SKIP (regex domain, no match): https://www.linkedin.com/in/tami-abudi-46015111
[2026-03-06T02:39:03.903Z]   SKIP (regex domain, no match): https://www.linkedin.com/in/yuval-taff-7b589aa7
[2026-03-06T02:39:03.903Z] Programmatic result: ws:1, li:1 | 0 uncategorized
[2026-03-06T02:39:03.903Z] Sending uncategorized links + HTML sections to AI for analysis...
[2026-03-06T02:39:03.903Z] Saved AI prompt (2215 chars) to ai_prompt.txt
[2026-03-06T02:39:10.146Z] Saved AI response to ai_response.json
[2026-03-06T02:39:10.146Z] ── Parsing AI response (1 lines) ──
[2026-03-06T02:39:10.146Z] AI returned 0 valid links
[2026-03-06T02:39:10.146Z] ── Categorizing 0 AI-returned links ──
[2026-03-06T02:39:10.147Z] ── Step 2b: Footer/header uncategorized links ──
[2026-03-06T02:39:10.147Z] Footer/header origins (1):
[2026-03-06T02:39:10.147Z]   FOOTER/HEADER ORIGIN: https://www.magts.com
[2026-03-06T02:39:10.147Z] Step 2b result: added 0 uncategorized domains from footer/header
[2026-03-06T02:39:10.147Z] ── Step 3: Final dedup ──
[2026-03-06T02:39:10.147Z] No urls to dedup
[2026-03-06T02:39:10.147Z] ── FINAL RESULT ──
[2026-03-06T02:39:10.147Z]   ws (1):
[2026-03-06T02:39:10.147Z]     - https://www.magts.com
[2026-03-06T02:39:10.147Z]   li (1):
[2026-03-06T02:39:10.147Z]     - https://www.linkedin.com/company/magneto-thrombectomy-solutions
[2026-03-06T02:39:10.148Z] Summary: ws:1, li:1
[2026-03-06T02:39:10.148Z] Saved final result to result.json
[2026-03-06T02:39:10.148Z] Override fields: ws, li
[2026-03-06T02:39:10.148Z] Finished at: 2026-03-06T02:39:10.148Z
