[2026-03-01T22:03:32.780Z] === Homepage AI Extractor: SonicEdge ===
[2026-03-01T22:03:32.780Z] Started at: 2026-03-01T22:03:32.780Z
[2026-03-01T22:03:32.780Z] Log directory: E:\code\The Wall\mono\packages\scrapper\logs\homepage_ai_extractor\1772402612779_SonicEdge
[2026-03-01T22:03:32.780Z] Company: SonicEdge
[2026-03-01T22:03:32.781Z] Website: sonicedge.io
[2026-03-01T22:03:32.781Z] cbRank: 48999
[2026-03-01T22:03:32.781Z] Reasons: h
[2026-03-01T22:03:32.781Z] Fetching: https://sonicedge.io
[2026-03-01T22:03:36.028Z] Redirected: https://sonicedge.io -> https://sonicedge.io/
[2026-03-01T22:03:36.036Z] Saved HTML (107669 bytes) to page.html
[2026-03-01T22:03:36.040Z] Extracted 11 unique links from page
[2026-03-01T22:03:36.041Z] Saved 11 links to links.json
[2026-03-01T22:03:36.047Z] No footer section found in DOM
[2026-03-01T22:03:36.047Z] Extracted header HTML (1980 chars)
[2026-03-01T22:03:36.052Z] Website (post-redirect): https://sonicedge.io/ → origin: https://sonicedge.io
[2026-03-01T22:03:36.053Z] External links: 1 (of 11 total)
[2026-03-01T22:03:36.053Z] ── All external links ──
[2026-03-01T22:03:36.053Z]   EXT: https://www.sciencedirect.com/science/article/pii/S092442472401080X?dgcid=coauthor
[2026-03-01T22:03:36.053Z] ── Step 1: Programmatic categorization ──
[2026-03-01T22:03:36.053Z]   UNCATEGORIZED: https://www.sciencedirect.com/science/article/pii/S092442472401080X?dgcid=coauthor
[2026-03-01T22:03:36.053Z] Programmatic result: ws:1 | 1 uncategorized
[2026-03-01T22:03:36.053Z] Sending uncategorized links + HTML sections to AI for analysis...
[2026-03-01T22:03:36.054Z] Saved AI prompt (2009 chars) to ai_prompt.txt
[2026-03-01T22:03:41.548Z] Saved AI response to ai_response.json
[2026-03-01T22:03:41.548Z] ── Parsing AI response (1 lines) ──
[2026-03-01T22:03:41.549Z] AI returned 0 valid links
[2026-03-01T22:03:41.549Z] ── Categorizing 0 AI-returned links ──
[2026-03-01T22:03:41.549Z] ── Step 2b: Footer/header uncategorized links ──
[2026-03-01T22:03:41.549Z] Footer/header origins (1):
[2026-03-01T22:03:41.549Z]   FOOTER/HEADER ORIGIN: https://sonicedge.io
[2026-03-01T22:03:41.549Z]   SKIP (not in footer/header): https://www.sciencedirect.com/science/article/pii/S092442472401080X?dgcid=coauthor
[2026-03-01T22:03:41.549Z] Step 2b result: added 0 uncategorized domains from footer/header
[2026-03-01T22:03:41.549Z] ── Step 3: Final dedup ──
[2026-03-01T22:03:41.549Z] No urls to dedup
[2026-03-01T22:03:41.549Z] ── FINAL RESULT ──
[2026-03-01T22:03:41.549Z]   ws (1):
[2026-03-01T22:03:41.550Z]     - https://sonicedge.io
[2026-03-01T22:03:41.550Z] Summary: ws:1
[2026-03-01T22:03:41.550Z] Saved final result to result.json
[2026-03-01T22:03:41.550Z] Override fields: ws
[2026-03-01T22:03:41.550Z] Finished at: 2026-03-01T22:03:41.550Z
