[2026-02-26T23:56:48.624Z] === Homepage AI Extractor: RepAir ===
[2026-02-26T23:56:48.624Z] Started at: 2026-02-26T23:56:48.624Z
[2026-02-26T23:56:48.624Z] Log directory: E:\code\The Wall\mono\packages\scrapper\logs\homepage_ai_extractor\1772150208622_RepAir
[2026-02-26T23:56:48.624Z] Company: RepAir
[2026-02-26T23:56:48.625Z] Website: repair-carbon.com
[2026-02-26T23:56:48.625Z] cbRank: 7473
[2026-02-26T23:56:48.625Z] Reasons: h
[2026-02-26T23:56:48.625Z] Fetching: https://repair-carbon.com
[2026-02-26T23:56:59.857Z] Network idle timeout — continuing with current state
[2026-02-26T23:56:59.901Z] Redirected: https://repair-carbon.com -> https://www.repair-carbon.com/
[2026-02-26T23:56:59.906Z] Saved HTML (54443 bytes) to page.html
[2026-02-26T23:56:59.910Z] Extracted 28 unique links from page
[2026-02-26T23:56:59.911Z] Saved 28 links to links.json
[2026-02-26T23:56:59.914Z] Extracted footer HTML (1850 chars)
[2026-02-26T23:56:59.914Z] Extracted header HTML (1753 chars)
[2026-02-26T23:56:59.918Z] Website (post-redirect): https://www.repair-carbon.com/
[2026-02-26T23:56:59.919Z] External links: 21 (of 28 total)
[2026-02-26T23:56:59.919Z] ── All external links ──
[2026-02-26T23:56:59.919Z]   EXT: https://aerospaceglobalnews.com/opinion/direct-air-capture-sustainable-aviation-fuel
[2026-02-26T23:56:59.919Z]   EXT: https://app.mvpr.io/company/repair-carbon
[2026-02-26T23:56:59.919Z]   EXT: https://carbonherald.com/repair-carbon-and-c-questra-launch-europes-first-onshore-dac-project
[2026-02-26T23:56:59.919Z]   EXT: https://climateinsider.com/2025/07/23/repair-forges-tech-to-pull-carbon-from-low-concentration-sources
[2026-02-26T23:56:59.919Z]   EXT: https://climatetechdigital.com/carbon-capture/repair-carbon-pioneering-the-future-of-direct-air-capture
[2026-02-26T23:56:59.919Z]   EXT: https://decarbonfuse.com/posts/repair-raises-15-million-to-scale-electromechanical-carbon-capture-solution
[2026-02-26T23:56:59.920Z]   EXT: https://innotechtoday.com/assembly-lines-for-fresh-air-what-carbon-capture-can-learn-from-tesla
[2026-02-26T23:56:59.920Z]   EXT: https://innotechtoday.com/repair-carbon-raises-15m-to-scale-new-breakthrough-tech
[2026-02-26T23:56:59.920Z]   EXT: https://startupsmagazine.co.uk/article-repair-carbon-raises-15m-commercialise-breakthrough-technology
[2026-02-26T23:56:59.920Z]   EXT: https://subscriber.politicopro.com/article/eenews/2025/01/22/shell-backs-carbon-removal-hub-at-dawn-of-trump-era-00199659
[2026-02-26T23:56:59.920Z]   EXT: https://sustainabilitymag.com/net-zero/repair-shell-mitsubishi-the-worlds-largest-dac-plant
[2026-02-26T23:56:59.920Z]   EXT: https://tech.eu/2024/08/19/c-questra-and-repair-carbon-launch-eu-s-first-onshore-direct-air-capture-and-storage-project
[2026-02-26T23:56:59.920Z]   EXT: https://techcrunch.com/2025/04/24/repair-carbon-is-making-carbon-removal-machines-inspired-by-batteries
[2026-02-26T23:56:59.920Z]   EXT: https://www.businessgreen.com/news/4348030/eu-repair-questra-unveil-plans-direct-air-co2-removal-project
[2026-02-26T23:56:59.920Z]   EXT: https://www.enlit.world/library/how-gas-turbines-with-carbon-capture-could-power-ai-s-future
[2026-02-26T23:56:59.920Z]   EXT: https://www.environmentenergyleader.com/stories/op-ed-cleaning-the-air-without-choking-the-grid,49431
[2026-02-26T23:56:59.920Z]   EXT: https://www.euronews.com/next/2024/08/19/eu-to-get-its-first-onshore-carbon-removal-and-storage-facility-in-france
[2026-02-26T23:56:59.920Z]   EXT: https://www.linkedin.com/company/repair-carbon
[2026-02-26T23:56:59.920Z]   EXT: https://www.theengineer.co.uk/content/opinion/comment-decoding-aluminium-s-carbon-challenge-will-change-the-way-we-think-about-emissions
[2026-02-26T23:56:59.920Z]   EXT: https://www.upstreamonline.com/carbon-capture/shell-backed-project-boosts-startups-dac-tech-development/2-1-1768563
[2026-02-26T23:56:59.921Z]   EXT: https://www.washingtonpost.com/world/2024/05/17/kenya-ruto-green-energy-investment
[2026-02-26T23:56:59.921Z] ── Step 1: Programmatic categorization ──
[2026-02-26T23:56:59.921Z]   UNCATEGORIZED: https://aerospaceglobalnews.com/opinion/direct-air-capture-sustainable-aviation-fuel
[2026-02-26T23:56:59.921Z]   UNCATEGORIZED: https://app.mvpr.io/company/repair-carbon
[2026-02-26T23:56:59.921Z]   UNCATEGORIZED: https://carbonherald.com/repair-carbon-and-c-questra-launch-europes-first-onshore-dac-project
[2026-02-26T23:56:59.921Z]   UNCATEGORIZED: https://climateinsider.com/2025/07/23/repair-forges-tech-to-pull-carbon-from-low-concentration-sources
[2026-02-26T23:56:59.921Z]   UNCATEGORIZED: https://climatetechdigital.com/carbon-capture/repair-carbon-pioneering-the-future-of-direct-air-capture
[2026-02-26T23:56:59.921Z]   UNCATEGORIZED: https://decarbonfuse.com/posts/repair-raises-15-million-to-scale-electromechanical-carbon-capture-solution
[2026-02-26T23:56:59.921Z]   UNCATEGORIZED: https://innotechtoday.com/assembly-lines-for-fresh-air-what-carbon-capture-can-learn-from-tesla
[2026-02-26T23:56:59.921Z]   UNCATEGORIZED: https://innotechtoday.com/repair-carbon-raises-15m-to-scale-new-breakthrough-tech
[2026-02-26T23:56:59.921Z]   UNCATEGORIZED: https://startupsmagazine.co.uk/article-repair-carbon-raises-15m-commercialise-breakthrough-technology
[2026-02-26T23:56:59.921Z]   UNCATEGORIZED: https://subscriber.politicopro.com/article/eenews/2025/01/22/shell-backs-carbon-removal-hub-at-dawn-of-trump-era-00199659
[2026-02-26T23:56:59.922Z]   UNCATEGORIZED: https://sustainabilitymag.com/net-zero/repair-shell-mitsubishi-the-worlds-largest-dac-plant
[2026-02-26T23:56:59.922Z]   UNCATEGORIZED: https://tech.eu/2024/08/19/c-questra-and-repair-carbon-launch-eu-s-first-onshore-direct-air-capture-and-storage-project
[2026-02-26T23:56:59.922Z]   UNCATEGORIZED: https://techcrunch.com/2025/04/24/repair-carbon-is-making-carbon-removal-machines-inspired-by-batteries
[2026-02-26T23:56:59.922Z]   UNCATEGORIZED: https://www.businessgreen.com/news/4348030/eu-repair-questra-unveil-plans-direct-air-co2-removal-project
[2026-02-26T23:56:59.922Z]   UNCATEGORIZED: https://www.enlit.world/library/how-gas-turbines-with-carbon-capture-could-power-ai-s-future
[2026-02-26T23:56:59.922Z]   UNCATEGORIZED: https://www.environmentenergyleader.com/stories/op-ed-cleaning-the-air-without-choking-the-grid,49431
[2026-02-26T23:56:59.922Z]   UNCATEGORIZED: https://www.euronews.com/next/2024/08/19/eu-to-get-its-first-onshore-carbon-removal-and-storage-facility-in-france
[2026-02-26T23:56:59.922Z]   REGEX: li <- https://www.linkedin.com/company/repair-carbon
[2026-02-26T23:56:59.922Z]   UNCATEGORIZED: https://www.theengineer.co.uk/content/opinion/comment-decoding-aluminium-s-carbon-challenge-will-change-the-way-we-think-about-emissions
[2026-02-26T23:56:59.922Z]   UNCATEGORIZED: https://www.upstreamonline.com/carbon-capture/shell-backed-project-boosts-startups-dac-tech-development/2-1-1768563
[2026-02-26T23:56:59.922Z]   UNCATEGORIZED: https://www.washingtonpost.com/world/2024/05/17/kenya-ruto-green-energy-investment
[2026-02-26T23:56:59.923Z] Programmatic result: ws:1, li:1 | 20 uncategorized
[2026-02-26T23:56:59.923Z] Sending uncategorized links + HTML sections to AI for analysis...
[2026-02-26T23:56:59.924Z] Saved AI prompt (5232 chars) to ai_prompt.txt
[2026-02-26T23:57:25.668Z] Saved AI response to ai_response.json
[2026-02-26T23:57:25.668Z] ── Parsing AI response (2 lines) ──
[2026-02-26T23:57:25.668Z]   AI LINK: https://www.linkedin.com/company/repair-carbon/
[2026-02-26T23:57:25.668Z]   AI LINK: https://app.mvpr.io/company/repair-carbon
[2026-02-26T23:57:25.668Z] AI returned 2 valid links
[2026-02-26T23:57:25.669Z] ── Categorizing 2 AI-returned links ──
[2026-02-26T23:57:25.669Z]   AI→REGEX: li <- https://www.linkedin.com/company/repair-carbon/ (duplicate, skipped)
[2026-02-26T23:57:25.669Z]   AI→URLS: https://app.mvpr.io/company/repair-carbon
[2026-02-26T23:57:25.669Z] ── Step 2b: Footer/header uncategorized links ──
[2026-02-26T23:57:25.669Z] Footer/header origins (2):
[2026-02-26T23:57:25.669Z]   FOOTER/HEADER ORIGIN: https://www.linkedin.com
[2026-02-26T23:57:25.669Z]   FOOTER/HEADER ORIGIN: https://app.mvpr.io
[2026-02-26T23:57:25.669Z]   SKIP (not in footer/header): https://aerospaceglobalnews.com/opinion/direct-air-capture-sustainable-aviation-fuel
[2026-02-26T23:57:25.669Z]   SKIP (AI claimed): https://app.mvpr.io/company/repair-carbon
[2026-02-26T23:57:25.669Z]   SKIP (not in footer/header): https://carbonherald.com/repair-carbon-and-c-questra-launch-europes-first-onshore-dac-project
[2026-02-26T23:57:25.669Z]   SKIP (not in footer/header): https://climateinsider.com/2025/07/23/repair-forges-tech-to-pull-carbon-from-low-concentration-sources
[2026-02-26T23:57:25.670Z]   SKIP (not in footer/header): https://climatetechdigital.com/carbon-capture/repair-carbon-pioneering-the-future-of-direct-air-capture
[2026-02-26T23:57:25.670Z]   SKIP (not in footer/header): https://decarbonfuse.com/posts/repair-raises-15-million-to-scale-electromechanical-carbon-capture-solution
[2026-02-26T23:57:25.670Z]   SKIP (not in footer/header): https://innotechtoday.com/assembly-lines-for-fresh-air-what-carbon-capture-can-learn-from-tesla
[2026-02-26T23:57:25.670Z]   SKIP (not in footer/header): https://innotechtoday.com/repair-carbon-raises-15m-to-scale-new-breakthrough-tech
[2026-02-26T23:57:25.670Z]   SKIP (not in footer/header): https://startupsmagazine.co.uk/article-repair-carbon-raises-15m-commercialise-breakthrough-technology
[2026-02-26T23:57:25.670Z]   SKIP (not in footer/header): https://subscriber.politicopro.com/article/eenews/2025/01/22/shell-backs-carbon-removal-hub-at-dawn-of-trump-era-00199659
[2026-02-26T23:57:25.670Z]   SKIP (not in footer/header): https://sustainabilitymag.com/net-zero/repair-shell-mitsubishi-the-worlds-largest-dac-plant
[2026-02-26T23:57:25.670Z]   SKIP (not in footer/header): https://tech.eu/2024/08/19/c-questra-and-repair-carbon-launch-eu-s-first-onshore-direct-air-capture-and-storage-project
[2026-02-26T23:57:25.670Z]   SKIP (not in footer/header): https://techcrunch.com/2025/04/24/repair-carbon-is-making-carbon-removal-machines-inspired-by-batteries
[2026-02-26T23:57:25.670Z]   SKIP (not in footer/header): https://www.businessgreen.com/news/4348030/eu-repair-questra-unveil-plans-direct-air-co2-removal-project
[2026-02-26T23:57:25.670Z]   SKIP (not in footer/header): https://www.enlit.world/library/how-gas-turbines-with-carbon-capture-could-power-ai-s-future
[2026-02-26T23:57:25.670Z]   SKIP (not in footer/header): https://www.environmentenergyleader.com/stories/op-ed-cleaning-the-air-without-choking-the-grid,49431
[2026-02-26T23:57:25.670Z]   SKIP (not in footer/header): https://www.euronews.com/next/2024/08/19/eu-to-get-its-first-onshore-carbon-removal-and-storage-facility-in-france
[2026-02-26T23:57:25.670Z]   SKIP (not in footer/header): https://www.theengineer.co.uk/content/opinion/comment-decoding-aluminium-s-carbon-challenge-will-change-the-way-we-think-about-emissions
[2026-02-26T23:57:25.670Z]   SKIP (not in footer/header): https://www.upstreamonline.com/carbon-capture/shell-backed-project-boosts-startups-dac-tech-development/2-1-1768563
[2026-02-26T23:57:25.671Z]   SKIP (not in footer/header): https://www.washingtonpost.com/world/2024/05/17/kenya-ruto-green-energy-investment
[2026-02-26T23:57:25.671Z] Step 2b result: added 0 uncategorized domains from footer/header
[2026-02-26T23:57:25.671Z] ── Step 3: Final dedup ──
[2026-02-26T23:57:25.671Z] Dedup: removed 0 of 1 URLs already in specialized fields
[2026-02-26T23:57:25.671Z] ── FINAL RESULT ──
[2026-02-26T23:57:25.671Z]   ws (1):
[2026-02-26T23:57:25.671Z]     - https://www.repair-carbon.com/
[2026-02-26T23:57:25.671Z]   li (1):
[2026-02-26T23:57:25.671Z]     - https://www.linkedin.com/company/repair-carbon
[2026-02-26T23:57:25.671Z]   urls (1):
[2026-02-26T23:57:25.671Z]     - https://app.mvpr.io/company/repair-carbon
[2026-02-26T23:57:25.671Z] Summary: ws:1, li:1, urls:1
[2026-02-26T23:57:25.672Z] Saved final result to result.json
[2026-02-26T23:57:25.672Z] Override fields: ws, li, urls
[2026-02-26T23:57:25.672Z] Finished at: 2026-02-26T23:57:25.672Z
