[2026-03-07T14:59:01.891Z] === Homepage AI Extractor: DenovAI Biotech ===
[2026-03-07T14:59:01.891Z] Started at: 2026-03-07T14:59:01.891Z
[2026-03-07T14:59:01.891Z] Log directory: E:\code\The Wall\mono\packages\scrapper\logs\homepage_ai_extractor\1772895541891_DenovAI_Biotech
[2026-03-07T14:59:01.891Z] Company: DenovAI Biotech
[2026-03-07T14:59:01.891Z] Website: denovai.com
[2026-03-07T14:59:01.891Z] cbRank: 267771
[2026-03-07T14:59:01.892Z] Reasons: h
[2026-03-07T14:59:01.892Z] Fetching: https://denovai.com
[2026-03-07T14:59:12.572Z] Network idle timeout — continuing with current state
[2026-03-07T14:59:12.618Z] Redirected: https://denovai.com -> https://denovai.com/
[2026-03-07T14:59:12.624Z] Saved HTML (117194 bytes) to page.html
[2026-03-07T14:59:12.627Z] Extracted 14 unique links from page
[2026-03-07T14:59:12.628Z] Saved 14 links to links.json
[2026-03-07T14:59:12.631Z] Extracted footer HTML (2138 chars)
[2026-03-07T14:59:12.631Z] Extracted header HTML (7845 chars)
[2026-03-07T14:59:12.636Z] Website (post-redirect): https://denovai.com/ → origin: https://denovai.com
[2026-03-07T14:59:12.636Z] External links: 12 (of 14 total)
[2026-03-07T14:59:12.636Z] ── All external links ──
[2026-03-07T14:59:12.636Z]   EXT: http://aionlabs.com
[2026-03-07T14:59:12.636Z]   EXT: http://www.astrazeneca.com
[2026-03-07T14:59:12.636Z]   EXT: https://aws.amazon.com
[2026-03-07T14:59:12.636Z]   EXT: https://bio.mx
[2026-03-07T14:59:12.637Z]   EXT: https://ibf.fund
[2026-03-07T14:59:12.637Z]   EXT: https://policies.google.com/privacy
[2026-03-07T14:59:12.637Z]   EXT: https://policies.google.com/terms
[2026-03-07T14:59:12.637Z]   EXT: https://www.amiti.vc
[2026-03-07T14:59:12.637Z]   EXT: https://www.godaddy.com/websites/website-builder?isc=pwugc&utm_source=wsb&utm_medium=applications&utm_campaign=en-il_corp_applications_base
[2026-03-07T14:59:12.637Z]   EXT: https://www.merckgroup.com/en
[2026-03-07T14:59:12.637Z]   EXT: https://www.pfizer.com
[2026-03-07T14:59:12.637Z]   EXT: https://www.tevapharm.com
[2026-03-07T14:59:12.637Z] ── Step 1: Programmatic categorization ──
[2026-03-07T14:59:12.637Z]   UNCATEGORIZED: http://aionlabs.com
[2026-03-07T14:59:12.637Z]   UNCATEGORIZED: http://www.astrazeneca.com
[2026-03-07T14:59:12.637Z]   UNCATEGORIZED: https://aws.amazon.com
[2026-03-07T14:59:12.637Z]   UNCATEGORIZED: https://bio.mx
[2026-03-07T14:59:12.637Z]   UNCATEGORIZED: https://ibf.fund
[2026-03-07T14:59:12.638Z]   UNCATEGORIZED: https://policies.google.com/privacy
[2026-03-07T14:59:12.638Z]   UNCATEGORIZED: https://policies.google.com/terms
[2026-03-07T14:59:12.638Z]   UNCATEGORIZED: https://www.amiti.vc
[2026-03-07T14:59:12.638Z]   UNCATEGORIZED: https://www.godaddy.com/websites/website-builder?isc=pwugc&utm_source=wsb&utm_medium=applications&utm_campaign=en-il_corp_applications_base
[2026-03-07T14:59:12.638Z]   UNCATEGORIZED: https://www.merckgroup.com/en
[2026-03-07T14:59:12.638Z]   UNCATEGORIZED: https://www.pfizer.com
[2026-03-07T14:59:12.638Z]   UNCATEGORIZED: https://www.tevapharm.com
[2026-03-07T14:59:12.638Z] Programmatic result: ws:1 | 12 uncategorized
[2026-03-07T14:59:12.638Z] Sending uncategorized links + HTML sections to AI for analysis...
[2026-03-07T14:59:12.639Z] Saved AI prompt (3358 chars) to ai_prompt.txt
[2026-03-07T14:59:23.852Z] Saved AI response to ai_response.json
[2026-03-07T14:59:23.852Z] ── Parsing AI response (1 lines) ──
[2026-03-07T14:59:23.852Z] AI returned 0 valid links
[2026-03-07T14:59:23.852Z] ── Categorizing 0 AI-returned links ──
[2026-03-07T14:59:23.852Z] ── Step 2b: Footer/header uncategorized links ──
[2026-03-07T14:59:23.852Z] Footer/header origins (1):
[2026-03-07T14:59:23.852Z]   FOOTER/HEADER ORIGIN: https://www.godaddy.com
[2026-03-07T14:59:23.852Z]   SKIP (not in footer/header): http://aionlabs.com
[2026-03-07T14:59:23.853Z]   SKIP (not in footer/header): http://www.astrazeneca.com
[2026-03-07T14:59:23.853Z]   SKIP (not in footer/header): https://aws.amazon.com
[2026-03-07T14:59:23.853Z]   SKIP (not in footer/header): https://bio.mx
[2026-03-07T14:59:23.853Z]   SKIP (not in footer/header): https://ibf.fund
[2026-03-07T14:59:23.853Z]   SKIP (not in footer/header): https://policies.google.com/privacy
[2026-03-07T14:59:23.853Z]   SKIP (not in footer/header): https://policies.google.com/terms
[2026-03-07T14:59:23.853Z]   SKIP (not in footer/header): https://www.amiti.vc
[2026-03-07T14:59:23.853Z]   ADDED: urls <- https://www.godaddy.com/websites/website-builder (cleaned from https://www.godaddy.com/websites/website-builder?isc=pwugc&utm_source=wsb&utm_medium=applications&utm_campaign=en-il_corp_applications_base)
[2026-03-07T14:59:23.853Z]   SKIP (not in footer/header): https://www.merckgroup.com/en
[2026-03-07T14:59:23.853Z]   SKIP (not in footer/header): https://www.pfizer.com
[2026-03-07T14:59:23.853Z]   SKIP (not in footer/header): https://www.tevapharm.com
[2026-03-07T14:59:23.853Z] Step 2b result: added 1 uncategorized domains from footer/header
[2026-03-07T14:59:23.854Z] ── Step 3: Final dedup ──
[2026-03-07T14:59:23.854Z] Dedup: removed 0 of 1 URLs already in specialized fields
[2026-03-07T14:59:23.854Z] ── FINAL RESULT ──
[2026-03-07T14:59:23.854Z]   ws (1):
[2026-03-07T14:59:23.854Z]     - https://denovai.com
[2026-03-07T14:59:23.854Z]   urls (1):
[2026-03-07T14:59:23.854Z]     - https://www.godaddy.com/websites/website-builder
[2026-03-07T14:59:23.854Z] Summary: ws:1, urls:1
[2026-03-07T14:59:23.854Z] Saved final result to result.json
[2026-03-07T14:59:23.855Z] Override fields: ws, urls
[2026-03-07T14:59:23.855Z] Finished at: 2026-03-07T14:59:23.855Z
