[2026-03-06T04:45:06.862Z] === Homepage AI Extractor: Advanced Radar Technologies ===
[2026-03-06T04:45:06.863Z] Started at: 2026-03-06T04:45:06.863Z
[2026-03-06T04:45:06.863Z] Log directory: E:\code\The Wall\mono\packages\scrapper\logs\homepage_ai_extractor\1772772306862_Advanced_Radar_Technologies
[2026-03-06T04:45:06.863Z] Company: Advanced Radar Technologies
[2026-03-06T04:45:06.863Z] Website: advancedradartechnologies.com
[2026-03-06T04:45:06.863Z] cbRank: 128061
[2026-03-06T04:45:06.863Z] Reasons: h
[2026-03-06T04:45:06.863Z] Fetching: https://advancedradartechnologies.com
[2026-03-06T04:45:09.244Z] Dismissed cookie consent popup via: button:has-text("Accept all")
[2026-03-06T04:45:12.197Z] Redirected: https://advancedradartechnologies.com -> https://www.advancedradartechnologies.com/
[2026-03-06T04:45:12.206Z] Saved HTML (87607 bytes) to page.html
[2026-03-06T04:45:12.210Z] Extracted 37 unique links from page
[2026-03-06T04:45:12.212Z] Saved 37 links to links.json
[2026-03-06T04:45:12.216Z] Extracted footer HTML (3927 chars)
[2026-03-06T04:45:12.216Z] Extracted header HTML (20643 chars)
[2026-03-06T04:45:12.219Z] Website (post-redirect): https://www.advancedradartechnologies.com/ → origin: https://www.advancedradartechnologies.com
[2026-03-06T04:45:12.220Z] External links: 1 (of 37 total)
[2026-03-06T04:45:12.220Z] ── All external links ──
[2026-03-06T04:45:12.220Z]   EXT: https://www.linkedin.com/company/advanced-radar-technologies-art-
[2026-03-06T04:45:12.220Z] ── Step 1: Programmatic categorization ──
[2026-03-06T04:45:12.220Z]   REGEX: li <- https://www.linkedin.com/company/advanced-radar-technologies-art-
[2026-03-06T04:45:12.220Z] Programmatic result: ws:1, li:1 | 0 uncategorized
[2026-03-06T04:45:12.220Z] Sending uncategorized links + HTML sections to AI for analysis...
[2026-03-06T04:45:12.221Z] Saved AI prompt (3638 chars) to ai_prompt.txt
[2026-03-06T04:45:28.569Z] Saved AI response to ai_response.json
[2026-03-06T04:45:28.569Z] ── Parsing AI response (1 lines) ──
[2026-03-06T04:45:28.570Z]   AI LINK: https://www.linkedin.com/company/advanced-radar-technologies-art-/
[2026-03-06T04:45:28.570Z] AI returned 1 valid links
[2026-03-06T04:45:28.570Z] ── Categorizing 1 AI-returned links ──
[2026-03-06T04:45:28.570Z]   AI→REGEX: li <- https://www.linkedin.com/company/advanced-radar-technologies-art-/ (duplicate, skipped)
[2026-03-06T04:45:28.571Z] ── Step 2b: Footer/header uncategorized links ──
[2026-03-06T04:45:28.571Z] Footer/header origins (1):
[2026-03-06T04:45:28.571Z]   FOOTER/HEADER ORIGIN: https://www.linkedin.com
[2026-03-06T04:45:28.571Z] Step 2b result: added 0 uncategorized domains from footer/header
[2026-03-06T04:45:28.571Z] ── Step 3: Final dedup ──
[2026-03-06T04:45:28.571Z] No urls to dedup
[2026-03-06T04:45:28.571Z] ── FINAL RESULT ──
[2026-03-06T04:45:28.571Z]   ws (1):
[2026-03-06T04:45:28.571Z]     - https://www.advancedradartechnologies.com
[2026-03-06T04:45:28.572Z]   li (1):
[2026-03-06T04:45:28.572Z]     - https://www.linkedin.com/company/advanced-radar-technologies-art-
[2026-03-06T04:45:28.572Z] Summary: ws:1, li:1
[2026-03-06T04:45:28.574Z] Saved final result to result.json
[2026-03-06T04:45:28.574Z] Override fields: ws, li
[2026-03-06T04:45:28.574Z] Finished at: 2026-03-06T04:45:28.574Z
