[2026-03-17T17:05:09.082Z] === Homepage AI Extractor: Bengigi Studio ===
[2026-03-17T17:05:09.082Z] Started at: 2026-03-17T17:05:09.082Z
[2026-03-17T17:05:09.082Z] Log directory: C:\Users\ahmed\code\mono\packages\scrapper\logs\homepage_ai_extractor\1773767109081_Bengigi_Studio
[2026-03-17T17:05:09.082Z] Company: Bengigi Studio
[2026-03-17T17:05:09.082Z] Website: bengigi.com
[2026-03-17T17:05:09.082Z] cbRank: 1209837
[2026-03-17T17:05:09.082Z] Reasons: h
[2026-03-17T17:05:09.082Z] Fetching: https://bengigi.com
[2026-03-17T17:05:20.862Z] Redirected: https://bengigi.com -> https://www.bengigi.com/
[2026-03-17T17:05:20.869Z] Saved HTML (191600 bytes) to page.html
[2026-03-17T17:05:20.872Z] Extracted 11 unique links from page
[2026-03-17T17:05:20.872Z] Saved 11 links to links.json
[2026-03-17T17:05:20.874Z] No footer section found in DOM
[2026-03-17T17:05:20.874Z] No header section found in DOM
[2026-03-17T17:05:20.877Z] Website (post-redirect): https://www.bengigi.com/ → origin: https://www.bengigi.com
[2026-03-17T17:05:20.877Z] External links: 1 (of 11 total)
[2026-03-17T17:05:20.877Z] ── All external links ──
[2026-03-17T17:05:20.877Z]   EXT: https://play.google.com/store/apps/details?id=com.bengigi.stopkim
[2026-03-17T17:05:20.877Z] ── Step 1: Programmatic categorization ──
[2026-03-17T17:05:20.877Z]   REGEX: android_app_ids <- com.bengigi.stopkim (from https://play.google.com/store/apps/details?id=com.bengigi.stopkim)
[2026-03-17T17:05:20.877Z] Programmatic result: ws:1, android_app_ids:1 | 0 uncategorized
[2026-03-17T17:05:20.877Z] No uncategorized links and no HTML sections — skipping AI analysis
[2026-03-17T17:05:20.877Z] ── Step 2b: Footer/header uncategorized links ──
[2026-03-17T17:05:20.877Z] Footer/header origins (0):
[2026-03-17T17:05:20.877Z] Step 2b result: added 0 uncategorized domains from footer/header
[2026-03-17T17:05:20.877Z] ── Step 2c: YouTube channel handle resolution ──
[2026-03-17T17:05:20.877Z]   YOUTUBE: no ytc entries to resolve
[2026-03-17T17:05:20.877Z] ── Step 3: Final dedup ──
[2026-03-17T17:05:20.877Z] No urls to dedup
[2026-03-17T17:05:20.877Z] ── FINAL RESULT ──
[2026-03-17T17:05:20.877Z]   ws (1):
[2026-03-17T17:05:20.878Z]     - https://www.bengigi.com
[2026-03-17T17:05:20.878Z]   android_app_ids (1):
[2026-03-17T17:05:20.878Z]     - com.bengigi.stopkim
[2026-03-17T17:05:20.878Z] Summary: ws:1, android_app_ids:1
[2026-03-17T17:05:20.878Z] Saved final result to result.json
[2026-03-17T17:05:20.878Z] Override fields: ws, android_app_ids
[2026-03-17T17:05:20.878Z] Finished at: 2026-03-17T17:05:20.878Z
