[2026-03-05T11:14:04.624Z] === Homepage AI Extractor: Smart Medical Systems ===
[2026-03-05T11:14:04.625Z] Started at: 2026-03-05T11:14:04.625Z
[2026-03-05T11:14:04.625Z] Log directory: E:\code\The Wall\mono\packages\scrapper\logs\homepage_ai_extractor\1772709244624_Smart_Medical_Systems
[2026-03-05T11:14:04.625Z] Company: Smart Medical Systems
[2026-03-05T11:14:04.625Z] Website: smartmedsys.com
[2026-03-05T11:14:04.625Z] cbRank: 85647
[2026-03-05T11:14:04.625Z] Reasons: h
[2026-03-05T11:14:04.625Z] Fetching: https://smartmedsys.com
[2026-03-05T11:14:08.756Z] Dismissed cookie consent popup via: button:has-text("Accept all")
[2026-03-05T11:14:09.272Z] Redirected: https://smartmedsys.com -> https://smartmedsys.com/
[2026-03-05T11:14:09.286Z] Saved HTML (354336 bytes) to page.html
[2026-03-05T11:14:09.290Z] Extracted 33 unique links from page
[2026-03-05T11:14:09.290Z] Saved 33 links to links.json
[2026-03-05T11:14:09.296Z] Extracted footer HTML (360 chars)
[2026-03-05T11:14:09.296Z] Extracted header HTML (9037 chars)
[2026-03-05T11:14:09.301Z] Website (post-redirect): https://smartmedsys.com/ → origin: https://smartmedsys.com
[2026-03-05T11:14:09.302Z] External links: 8 (of 33 total)
[2026-03-05T11:14:09.302Z] ── All external links ──
[2026-03-05T11:14:09.302Z]   EXT: https://generatepress.com
[2026-03-05T11:14:09.302Z]   EXT: https://vimeo.com/631620805
[2026-03-05T11:14:09.302Z]   EXT: https://vimeo.com/632807281
[2026-03-05T11:14:09.302Z]   EXT: https://vimeo.com/693606898
[2026-03-05T11:14:09.302Z]   EXT: https://www.cookieyes.com/product/cookie-consent/?ref=cypbcyb&utm_source=cookie-banner&utm_medium=fl-branding
[2026-03-05T11:14:09.302Z]   EXT: https://www.cookieyes.com/product/cookie-consent/?ref=cypbcyb&utm_source=cookie-banner&utm_medium=sl-branding
[2026-03-05T11:14:09.302Z]   EXT: https://www.thieme-connect.com/products/ejournals/abstract/10.1055/s-0034-1391437
[2026-03-05T11:14:09.302Z]   EXT: https://www.youtube.com/watch?time_continue=2&v=nUfWe6yyPl0
[2026-03-05T11:14:09.302Z] ── Step 1: Programmatic categorization ──
[2026-03-05T11:14:09.303Z]   UNCATEGORIZED: https://generatepress.com
[2026-03-05T11:14:09.303Z]   UNCATEGORIZED: https://vimeo.com/631620805
[2026-03-05T11:14:09.303Z]   UNCATEGORIZED: https://vimeo.com/632807281
[2026-03-05T11:14:09.303Z]   UNCATEGORIZED: https://vimeo.com/693606898
[2026-03-05T11:14:09.303Z]   UNCATEGORIZED: https://www.cookieyes.com/product/cookie-consent/?ref=cypbcyb&utm_source=cookie-banner&utm_medium=fl-branding
[2026-03-05T11:14:09.303Z]   UNCATEGORIZED: https://www.cookieyes.com/product/cookie-consent/?ref=cypbcyb&utm_source=cookie-banner&utm_medium=sl-branding
[2026-03-05T11:14:09.304Z]   UNCATEGORIZED: https://www.thieme-connect.com/products/ejournals/abstract/10.1055/s-0034-1391437
[2026-03-05T11:14:09.304Z] ── Step 1b: Resolving 1 regex-domain URLs via redirect ──
[2026-03-05T11:14:09.304Z]   SKIP (regex domain, no match): https://www.youtube.com/watch?time_continue=2&v=nUfWe6yyPl0
[2026-03-05T11:14:09.304Z] Programmatic result: ws:1 | 7 uncategorized
[2026-03-05T11:14:09.304Z] Sending uncategorized links + HTML sections to AI for analysis...
[2026-03-05T11:14:09.305Z] Saved AI prompt (2607 chars) to ai_prompt.txt
[2026-03-05T11:14:17.343Z] Saved AI response to ai_response.json
[2026-03-05T11:14:17.343Z] ── Parsing AI response (1 lines) ──
[2026-03-05T11:14:17.343Z] AI returned 0 valid links
[2026-03-05T11:14:17.344Z] ── Categorizing 0 AI-returned links ──
[2026-03-05T11:14:17.344Z] ── Step 2b: Footer/header uncategorized links ──
[2026-03-05T11:14:17.344Z] Footer/header origins (2):
[2026-03-05T11:14:17.344Z]   FOOTER/HEADER ORIGIN: https://generatepress.com
[2026-03-05T11:14:17.344Z]   FOOTER/HEADER ORIGIN: https://smartmedsys.com
[2026-03-05T11:14:17.344Z]   ADDED: urls <- https://generatepress.com
[2026-03-05T11:14:17.344Z]   SKIP (not in footer/header): https://vimeo.com/631620805
[2026-03-05T11:14:17.345Z]   SKIP (not in footer/header): https://vimeo.com/632807281
[2026-03-05T11:14:17.345Z]   SKIP (not in footer/header): https://vimeo.com/693606898
[2026-03-05T11:14:17.345Z]   SKIP (not in footer/header): https://www.cookieyes.com/product/cookie-consent/?ref=cypbcyb&utm_source=cookie-banner&utm_medium=fl-branding
[2026-03-05T11:14:17.345Z]   SKIP (not in footer/header): https://www.cookieyes.com/product/cookie-consent/?ref=cypbcyb&utm_source=cookie-banner&utm_medium=sl-branding
[2026-03-05T11:14:17.345Z]   SKIP (not in footer/header): https://www.thieme-connect.com/products/ejournals/abstract/10.1055/s-0034-1391437
[2026-03-05T11:14:17.345Z] Step 2b result: added 1 uncategorized domains from footer/header
[2026-03-05T11:14:17.345Z] ── Step 3: Final dedup ──
[2026-03-05T11:14:17.345Z] Dedup: removed 0 of 1 URLs already in specialized fields
[2026-03-05T11:14:17.345Z] ── FINAL RESULT ──
[2026-03-05T11:14:17.345Z]   ws (1):
[2026-03-05T11:14:17.345Z]     - https://smartmedsys.com
[2026-03-05T11:14:17.345Z]   urls (1):
[2026-03-05T11:14:17.346Z]     - https://generatepress.com
[2026-03-05T11:14:17.346Z] Summary: ws:1, urls:1
[2026-03-05T11:14:17.346Z] Saved final result to result.json
[2026-03-05T11:14:17.346Z] Override fields: ws, urls
[2026-03-05T11:14:17.346Z] Finished at: 2026-03-05T11:14:17.346Z
