[2026-03-17T09:23:14.989Z] === Homepage AI Extractor: TrusCont ===
[2026-03-17T09:23:14.989Z] Started at: 2026-03-17T09:23:14.989Z
[2026-03-17T09:23:14.989Z] Log directory: C:\Users\ahmed\code\mono\packages\scrapper\logs\homepage_ai_extractor\1773739394988_TrusCont
[2026-03-17T09:23:14.989Z] Company: TrusCont
[2026-03-17T09:23:14.990Z] Website: truscont.com
[2026-03-17T09:23:14.990Z] cbRank: 1613542
[2026-03-17T09:23:14.990Z] Reasons: h
[2026-03-17T09:23:14.990Z] Fetching: https://truscont.com
[2026-03-17T09:23:16.919Z] Redirected: https://truscont.com -> https://truscont.com/
[2026-03-17T09:23:16.922Z] Saved HTML (58557 bytes) to page.html
[2026-03-17T09:23:16.924Z] Extracted 27 unique links from page
[2026-03-17T09:23:16.925Z] Saved 27 links to links.json
[2026-03-17T09:23:16.928Z] No footer section found in DOM
[2026-03-17T09:23:16.928Z] No header section found in DOM
[2026-03-17T09:23:16.931Z] Website (post-redirect): https://truscont.com/ → origin: https://truscont.com
[2026-03-17T09:23:16.931Z] External links: 0 (of 27 total)
[2026-03-17T09:23:16.931Z] ── All external links ──
[2026-03-17T09:23:16.931Z] ── Step 1: Programmatic categorization ──
[2026-03-17T09:23:16.931Z] Programmatic result: ws:1 | 0 uncategorized
[2026-03-17T09:23:16.932Z] No uncategorized links and no HTML sections — skipping AI analysis
[2026-03-17T09:23:16.932Z] ── Step 2b: Footer/header uncategorized links ──
[2026-03-17T09:23:16.932Z] Footer/header origins (0):
[2026-03-17T09:23:16.932Z] Step 2b result: added 0 uncategorized domains from footer/header
[2026-03-17T09:23:16.932Z] ── Step 2c: YouTube channel handle resolution ──
[2026-03-17T09:23:16.932Z]   YOUTUBE: no ytc entries to resolve
[2026-03-17T09:23:16.932Z] ── Step 3: Final dedup ──
[2026-03-17T09:23:16.932Z] No urls to dedup
[2026-03-17T09:23:16.932Z] ── FINAL RESULT ──
[2026-03-17T09:23:16.932Z]   ws (1):
[2026-03-17T09:23:16.932Z]     - https://truscont.com
[2026-03-17T09:23:16.932Z] Summary: ws:1
[2026-03-17T09:23:16.935Z] Saved final result to result.json
[2026-03-17T09:23:16.935Z] Override fields: ws
[2026-03-17T09:23:16.935Z] Finished at: 2026-03-17T09:23:16.935Z
