[2026-03-07T12:53:59.546Z] === Homepage AI Extractor: Yodfat Engineers ===
[2026-03-07T12:53:59.546Z] Started at: 2026-03-07T12:53:59.546Z
[2026-03-07T12:53:59.546Z] Log directory: E:\code\The Wall\mono\packages\scrapper\logs\homepage_ai_extractor\1772888039545_Yodfat_Engineers
[2026-03-07T12:53:59.546Z] Company: Yodfat Engineers
[2026-03-07T12:53:59.546Z] Website: yodfatengineers.com
[2026-03-07T12:53:59.546Z] cbRank: 235045
[2026-03-07T12:53:59.546Z] Reasons: h
[2026-03-07T12:53:59.546Z] Fetching: https://yodfatengineers.com
[2026-03-07T12:54:10.443Z] Network idle timeout — continuing with current state
[2026-03-07T12:54:10.487Z] Redirected: https://yodfatengineers.com -> https://www.yodfatengineers.com/
[2026-03-07T12:54:10.504Z] Saved HTML (546576 bytes) to page.html
[2026-03-07T12:54:10.507Z] Extracted 5 unique links from page
[2026-03-07T12:54:10.508Z] Saved 5 links to links.json
[2026-03-07T12:54:10.511Z] Extracted footer HTML (14763 chars)
[2026-03-07T12:54:10.511Z] Extracted header HTML (9212 chars)
[2026-03-07T12:54:10.515Z] Website (post-redirect): https://www.yodfatengineers.com/ → origin: https://www.yodfatengineers.com
[2026-03-07T12:54:10.515Z] External links: 1 (of 5 total)
[2026-03-07T12:54:10.515Z] ── All external links ──
[2026-03-07T12:54:10.516Z]   EXT: https://www.linkedin.com/in/danny-sherban-15112314
[2026-03-07T12:54:10.516Z] ── Step 1: Programmatic categorization ──
[2026-03-07T12:54:10.516Z] ── Step 1b: Resolving 1 regex-domain URLs via redirect ──
[2026-03-07T12:54:10.516Z]   SKIP (regex domain, no match): https://www.linkedin.com/in/danny-sherban-15112314
[2026-03-07T12:54:10.516Z] Programmatic result: ws:1 | 0 uncategorized
[2026-03-07T12:54:10.516Z] Sending uncategorized links + HTML sections to AI for analysis...
[2026-03-07T12:54:10.517Z] Saved AI prompt (7041 chars) to ai_prompt.txt
[2026-03-07T12:54:45.794Z] Saved AI response to ai_response.json
[2026-03-07T12:54:45.794Z] ── Parsing AI response (1 lines) ──
[2026-03-07T12:54:45.794Z]   AI LINK: https://www.linkedin.com/in/danny-sherban-15112314/
[2026-03-07T12:54:45.794Z] AI returned 1 valid links
[2026-03-07T12:54:45.794Z] ── Categorizing 1 AI-returned links ──
[2026-03-07T12:54:45.795Z]   AI→SKIP (regex domain, no match): https://www.linkedin.com/in/danny-sherban-15112314/
[2026-03-07T12:54:45.795Z] ── Step 2b: Footer/header uncategorized links ──
[2026-03-07T12:54:45.795Z] Footer/header origins (2):
[2026-03-07T12:54:45.795Z]   FOOTER/HEADER ORIGIN: https://www.linkedin.com
[2026-03-07T12:54:45.795Z]   FOOTER/HEADER ORIGIN: https://www.yodfatengineers.com
[2026-03-07T12:54:45.795Z] Step 2b result: added 0 uncategorized domains from footer/header
[2026-03-07T12:54:45.795Z] ── Step 3: Final dedup ──
[2026-03-07T12:54:45.795Z] No urls to dedup
[2026-03-07T12:54:45.795Z] ── FINAL RESULT ──
[2026-03-07T12:54:45.795Z]   ws (1):
[2026-03-07T12:54:45.795Z]     - https://www.yodfatengineers.com
[2026-03-07T12:54:45.796Z] Summary: ws:1
[2026-03-07T12:54:45.796Z] Saved final result to result.json
[2026-03-07T12:54:45.796Z] Override fields: ws
[2026-03-07T12:54:45.796Z] Finished at: 2026-03-07T12:54:45.796Z
