[2026-03-06T10:09:39.866Z] === Homepage AI Extractor: StellarNova ===
[2026-03-06T10:09:39.867Z] Started at: 2026-03-06T10:09:39.867Z
[2026-03-06T10:09:39.867Z] Log directory: E:\code\The Wall\mono\packages\scrapper\logs\homepage_ai_extractor\1772791779866_StellarNova
[2026-03-06T10:09:39.867Z] Company: StellarNova
[2026-03-06T10:09:39.867Z] Website: stellarnova.co
[2026-03-06T10:09:39.867Z] cbRank: 198291
[2026-03-06T10:09:39.867Z] Reasons: h
[2026-03-06T10:09:39.867Z] Fetching: https://stellarnova.co
[2026-03-06T10:09:50.575Z] Network idle timeout — continuing with current state
[2026-03-06T10:09:50.620Z] Redirected: https://stellarnova.co -> https://stellarnova.co/
[2026-03-06T10:09:50.628Z] Saved HTML (197699 bytes) to page.html
[2026-03-06T10:09:50.631Z] Extracted 7 unique links from page
[2026-03-06T10:09:50.632Z] Saved 7 links to links.json
[2026-03-06T10:09:50.636Z] Extracted footer HTML (13498 chars)
[2026-03-06T10:09:50.636Z] Extracted header HTML (2176 chars)
[2026-03-06T10:09:50.642Z] Website (post-redirect): https://stellarnova.co/ → origin: https://stellarnova.co
[2026-03-06T10:09:50.642Z] External links: 6 (of 7 total)
[2026-03-06T10:09:50.642Z] ── All external links ──
[2026-03-06T10:09:50.642Z]   EXT: https://policies.google.com/privacy
[2026-03-06T10:09:50.642Z]   EXT: https://policies.google.com/terms
[2026-03-06T10:09:50.642Z]   EXT: https://www.amazon.com/Books-Noah-Pickholtz/s?rh=n%3A283155%2Cp_27%3ANoah%2BPickholtz
[2026-03-06T10:09:50.642Z]   EXT: https://www.godaddy.com/websites/website-builder?isc=pwugc&utm_source=wsb&utm_medium=applications&utm_campaign=en-us_corp_applications_base
[2026-03-06T10:09:50.642Z]   EXT: https://www.linkedin.com/in/margot-stern-b9a8144
[2026-03-06T10:09:50.642Z]   EXT: https://www.linkedin.com/in/noahpickholtz
[2026-03-06T10:09:50.642Z] ── Step 1: Programmatic categorization ──
[2026-03-06T10:09:50.643Z]   UNCATEGORIZED: https://policies.google.com/privacy
[2026-03-06T10:09:50.643Z]   UNCATEGORIZED: https://policies.google.com/terms
[2026-03-06T10:09:50.643Z]   UNCATEGORIZED: https://www.amazon.com/Books-Noah-Pickholtz/s?rh=n%3A283155%2Cp_27%3ANoah%2BPickholtz
[2026-03-06T10:09:50.643Z]   UNCATEGORIZED: https://www.godaddy.com/websites/website-builder?isc=pwugc&utm_source=wsb&utm_medium=applications&utm_campaign=en-us_corp_applications_base
[2026-03-06T10:09:50.643Z] ── Step 1b: Resolving 2 regex-domain URLs via redirect ──
[2026-03-06T10:09:50.643Z]   SKIP (regex domain, no match): https://www.linkedin.com/in/margot-stern-b9a8144
[2026-03-06T10:09:50.644Z]   SKIP (regex domain, no match): https://www.linkedin.com/in/noahpickholtz
[2026-03-06T10:09:50.644Z] Programmatic result: ws:1 | 4 uncategorized
[2026-03-06T10:09:50.644Z] Sending uncategorized links + HTML sections to AI for analysis...
[2026-03-06T10:09:50.644Z] Saved AI prompt (3388 chars) to ai_prompt.txt
[2026-03-06T10:10:01.695Z] Saved AI response to ai_response.json
[2026-03-06T10:10:01.695Z] ── Parsing AI response (1 lines) ──
[2026-03-06T10:10:01.695Z] AI returned 0 valid links
[2026-03-06T10:10:01.695Z] ── Categorizing 0 AI-returned links ──
[2026-03-06T10:10:01.696Z] ── Step 2b: Footer/header uncategorized links ──
[2026-03-06T10:10:01.696Z] Footer/header origins (1):
[2026-03-06T10:10:01.696Z]   FOOTER/HEADER ORIGIN: https://www.godaddy.com
[2026-03-06T10:10:01.696Z]   SKIP (not in footer/header): https://policies.google.com/privacy
[2026-03-06T10:10:01.696Z]   SKIP (not in footer/header): https://policies.google.com/terms
[2026-03-06T10:10:01.696Z]   SKIP (not in footer/header): https://www.amazon.com/Books-Noah-Pickholtz/s?rh=n%3A283155%2Cp_27%3ANoah%2BPickholtz
[2026-03-06T10:10:01.696Z]   ADDED: urls <- https://www.godaddy.com/websites/website-builder (cleaned from https://www.godaddy.com/websites/website-builder?isc=pwugc&utm_source=wsb&utm_medium=applications&utm_campaign=en-us_corp_applications_base)
[2026-03-06T10:10:01.696Z] Step 2b result: added 1 uncategorized domains from footer/header
[2026-03-06T10:10:01.696Z] ── Step 3: Final dedup ──
[2026-03-06T10:10:01.697Z] Dedup: removed 0 of 1 URLs already in specialized fields
[2026-03-06T10:10:01.697Z] ── FINAL RESULT ──
[2026-03-06T10:10:01.697Z]   ws (1):
[2026-03-06T10:10:01.697Z]     - https://stellarnova.co
[2026-03-06T10:10:01.697Z]   urls (1):
[2026-03-06T10:10:01.697Z]     - https://www.godaddy.com/websites/website-builder
[2026-03-06T10:10:01.697Z] Summary: ws:1, urls:1
[2026-03-06T10:10:01.697Z] Saved final result to result.json
[2026-03-06T10:10:01.698Z] Override fields: ws, urls
[2026-03-06T10:10:01.698Z] Finished at: 2026-03-06T10:10:01.698Z
