[2026-03-01T22:33:18.395Z] === Homepage AI Extractor: Opster ===
[2026-03-01T22:33:18.395Z] Started at: 2026-03-01T22:33:18.395Z
[2026-03-01T22:33:18.395Z] Log directory: E:\code\The Wall\mono\packages\scrapper\logs\homepage_ai_extractor\1772404398393_Opster
[2026-03-01T22:33:18.395Z] Company: Opster
[2026-03-01T22:33:18.395Z] Website: opster.com
[2026-03-01T22:33:18.395Z] cbRank: 50691
[2026-03-01T22:33:18.395Z] Reasons: h
[2026-03-01T22:33:18.395Z] Fetching: https://opster.com
[2026-03-01T22:33:21.563Z] Redirected: https://opster.com -> https://opster.com/
[2026-03-01T22:33:21.570Z] Saved HTML (90540 bytes) to page.html
[2026-03-01T22:33:21.574Z] Extracted 20 unique links from page
[2026-03-01T22:33:21.575Z] Saved 20 links to links.json
[2026-03-01T22:33:21.580Z] Extracted footer HTML (5656 chars)
[2026-03-01T22:33:21.580Z] Extracted header HTML (4929 chars)
[2026-03-01T22:33:21.594Z] Website (post-redirect): https://opster.com/ → origin: https://opster.com
[2026-03-01T22:33:21.595Z]   SUBDOMAIN: autoops.opster.com (added to ws)
[2026-03-01T22:33:21.595Z] Website subdomains found: 1
[2026-03-01T22:33:21.595Z] External links: 6 (of 20 total)
[2026-03-01T22:33:21.595Z] ── All external links ──
[2026-03-01T22:33:21.595Z]   EXT: http://elastic.co/platform/autoops
[2026-03-01T22:33:21.595Z]   EXT: https://twitter.com/OpsterHQ
[2026-03-01T22:33:21.595Z]   EXT: https://wordpress.org/plugins/gdpr-cookie-compliance
[2026-03-01T22:33:21.595Z]   EXT: https://www.elastic.co/blog/elasticsearch-autoops-on-prem
[2026-03-01T22:33:21.596Z]   EXT: https://www.facebook.com/OpsterHQ
[2026-03-01T22:33:21.596Z]   EXT: https://www.linkedin.com/company/opster
[2026-03-01T22:33:21.596Z] ── Step 1: Programmatic categorization ──
[2026-03-01T22:33:21.596Z]   UNCATEGORIZED: http://elastic.co/platform/autoops
[2026-03-01T22:33:21.596Z]   REGEX: tw <- https://twitter.com/OpsterHQ
[2026-03-01T22:33:21.596Z]   UNCATEGORIZED: https://wordpress.org/plugins/gdpr-cookie-compliance
[2026-03-01T22:33:21.596Z]   UNCATEGORIZED: https://www.elastic.co/blog/elasticsearch-autoops-on-prem
[2026-03-01T22:33:21.596Z]   REGEX: fb <- https://www.facebook.com/OpsterHQ
[2026-03-01T22:33:21.596Z]   REGEX: li <- https://www.linkedin.com/company/opster
[2026-03-01T22:33:21.597Z] Programmatic result: ws:2, tw:1, fb:1, li:1 | 3 uncategorized
[2026-03-01T22:33:21.597Z] Sending uncategorized links + HTML sections to AI for analysis...
[2026-03-01T22:33:21.597Z] Saved AI prompt (5309 chars) to ai_prompt.txt
[2026-03-01T22:33:48.322Z] Saved AI response to ai_response.json
[2026-03-01T22:33:48.322Z] ── Parsing AI response (3 lines) ──
[2026-03-01T22:33:48.322Z]   AI LINK: https://www.facebook.com/OpsterHQ/
[2026-03-01T22:33:48.322Z]   AI LINK: https://www.linkedin.com/company/opster/
[2026-03-01T22:33:48.322Z]   AI LINK: https://twitter.com/OpsterHQ
[2026-03-01T22:33:48.322Z] AI returned 3 valid links
[2026-03-01T22:33:48.322Z] ── Categorizing 3 AI-returned links ──
[2026-03-01T22:33:48.323Z]   AI→REGEX: fb <- https://www.facebook.com/OpsterHQ/ (duplicate, skipped)
[2026-03-01T22:33:48.323Z]   AI→REGEX: li <- https://www.linkedin.com/company/opster/ (duplicate, skipped)
[2026-03-01T22:33:48.323Z]   AI→REGEX: tw <- https://twitter.com/OpsterHQ (duplicate, skipped)
[2026-03-01T22:33:48.323Z] ── Step 2b: Footer/header uncategorized links ──
[2026-03-01T22:33:48.323Z] Footer/header origins (5):
[2026-03-01T22:33:48.323Z]   FOOTER/HEADER ORIGIN: https://opster.com
[2026-03-01T22:33:48.323Z]   FOOTER/HEADER ORIGIN: https://www.facebook.com
[2026-03-01T22:33:48.323Z]   FOOTER/HEADER ORIGIN: https://www.linkedin.com
[2026-03-01T22:33:48.323Z]   FOOTER/HEADER ORIGIN: https://twitter.com
[2026-03-01T22:33:48.324Z]   FOOTER/HEADER ORIGIN: https://autoops.opster.com
[2026-03-01T22:33:48.324Z]   SKIP (not in footer/header): http://elastic.co/platform/autoops
[2026-03-01T22:33:48.324Z]   SKIP (not in footer/header): https://wordpress.org/plugins/gdpr-cookie-compliance
[2026-03-01T22:33:48.324Z]   SKIP (not in footer/header): https://www.elastic.co/blog/elasticsearch-autoops-on-prem
[2026-03-01T22:33:48.324Z] Step 2b result: added 0 uncategorized domains from footer/header
[2026-03-01T22:33:48.324Z] ── Step 3: Final dedup ──
[2026-03-01T22:33:48.324Z] No urls to dedup
[2026-03-01T22:33:48.324Z] ── FINAL RESULT ──
[2026-03-01T22:33:48.324Z]   ws (2):
[2026-03-01T22:33:48.324Z]     - https://autoops.opster.com
[2026-03-01T22:33:48.324Z]     - https://opster.com
[2026-03-01T22:33:48.324Z]   li (1):
[2026-03-01T22:33:48.324Z]     - https://www.linkedin.com/company/opster
[2026-03-01T22:33:48.324Z]   fb (1):
[2026-03-01T22:33:48.325Z]     - https://www.facebook.com/opsterhq
[2026-03-01T22:33:48.325Z]   tw (1):
[2026-03-01T22:33:48.325Z]     - https://x.com/opsterhq
[2026-03-01T22:33:48.325Z] Summary: ws:2, tw:1, fb:1, li:1
[2026-03-01T22:33:48.326Z] Saved final result to result.json
[2026-03-01T22:33:48.326Z] Override fields: ws, li, fb, tw
[2026-03-01T22:33:48.326Z] Finished at: 2026-03-01T22:33:48.326Z
