[2026-03-05T10:23:45.808Z] === Homepage AI Extractor: Safeguard Applied Innovation ===
[2026-03-05T10:23:45.808Z] Started at: 2026-03-05T10:23:45.808Z
[2026-03-05T10:23:45.808Z] Log directory: E:\code\The Wall\mono\packages\scrapper\logs\homepage_ai_extractor\1772706225808_Safeguard_Applied_Innovation
[2026-03-05T10:23:45.809Z] Company: Safeguard Applied Innovation
[2026-03-05T10:23:45.809Z] Website: safeguard.co.il
[2026-03-05T10:23:45.809Z] cbRank: 81459
[2026-03-05T10:23:45.809Z] Reasons: h
[2026-03-05T10:23:45.809Z] Fetching: https://safeguard.co.il
[2026-03-05T10:23:47.841Z] Redirected: https://safeguard.co.il -> https://safeguard.co.il/
[2026-03-05T10:23:47.846Z] Saved HTML (65883 bytes) to page.html
[2026-03-05T10:23:47.849Z] Extracted 25 unique links from page
[2026-03-05T10:23:47.850Z] Saved 25 links to links.json
[2026-03-05T10:23:47.854Z] Extracted footer HTML (5701 chars)
[2026-03-05T10:23:47.854Z] Extracted header HTML (5217 chars)
[2026-03-05T10:23:47.857Z] Website (post-redirect): https://safeguard.co.il/ → origin: https://safeguard.co.il
[2026-03-05T10:23:47.858Z] External links: 8 (of 25 total)
[2026-03-05T10:23:47.858Z] ── All external links ──
[2026-03-05T10:23:47.858Z]   EXT: https://apps.apple.com/us/app/safeguard-ai/id1591798436
[2026-03-05T10:23:47.858Z]   EXT: https://irita.co.il
[2026-03-05T10:23:47.858Z]   EXT: https://ozglobalb2b.com
[2026-03-05T10:23:47.858Z]   EXT: https://play.google.com/store/apps/details?id=com.safeguardai.safety
[2026-03-05T10:23:47.858Z]   EXT: https://rgbcode.com
[2026-03-05T10:23:47.858Z]   EXT: https://safeguardai.com
[2026-03-05T10:23:47.858Z]   EXT: https://web.safeguardapps.com/#
[2026-03-05T10:23:47.858Z]   EXT: https://www.linkedin.com/company/otoos
[2026-03-05T10:23:47.858Z] ── Step 1: Programmatic categorization ──
[2026-03-05T10:23:47.859Z]   UNCATEGORIZED: https://apps.apple.com/us/app/safeguard-ai/id1591798436
[2026-03-05T10:23:47.859Z]   UNCATEGORIZED: https://irita.co.il
[2026-03-05T10:23:47.859Z]   UNCATEGORIZED: https://ozglobalb2b.com
[2026-03-05T10:23:47.859Z]   REGEX: android_app_ids <- com.safeguardai.safety (from https://play.google.com/store/apps/details?id=com.safeguardai.safety)
[2026-03-05T10:23:47.859Z]   UNCATEGORIZED: https://rgbcode.com
[2026-03-05T10:23:47.859Z]   UNCATEGORIZED: https://safeguardai.com
[2026-03-05T10:23:47.859Z]   UNCATEGORIZED: https://web.safeguardapps.com/#
[2026-03-05T10:23:47.859Z]   REGEX: li <- https://www.linkedin.com/company/otoos
[2026-03-05T10:23:47.859Z] Programmatic result: ws:1, android_app_ids:1, li:1 | 6 uncategorized
[2026-03-05T10:23:47.859Z] Sending uncategorized links + HTML sections to AI for analysis...
[2026-03-05T10:23:47.861Z] Saved AI prompt (5347 chars) to ai_prompt.txt
[2026-03-05T10:24:22.752Z] Saved AI response to ai_response.json
[2026-03-05T10:24:22.753Z] ── Parsing AI response (4 lines) ──
[2026-03-05T10:24:22.753Z]   AI LINK: https://apps.apple.com/us/app/safeguard-ai/id1591798436
[2026-03-05T10:24:22.753Z]   AI LINK: https://play.google.com/store/apps/details?id=com.safeguardai.safety
[2026-03-05T10:24:22.753Z]   AI LINK: https://www.linkedin.com/company/otoos
[2026-03-05T10:24:22.753Z]   AI LINK: https://safeguardai.com
[2026-03-05T10:24:22.753Z] AI returned 4 valid links
[2026-03-05T10:24:22.753Z] ── Categorizing 4 AI-returned links ──
[2026-03-05T10:24:22.754Z]   AI→URLS: https://apps.apple.com/us/app/safeguard-ai/id1591798436
[2026-03-05T10:24:22.754Z]   AI→REGEX: android_app_ids <- com.safeguardai.safety (duplicate, skipped)
[2026-03-05T10:24:22.754Z]   AI→REGEX: li <- https://www.linkedin.com/company/otoos (duplicate, skipped)
[2026-03-05T10:24:22.754Z]   AI→URLS: https://safeguardai.com
[2026-03-05T10:24:22.754Z] ── Step 2b: Footer/header uncategorized links ──
[2026-03-05T10:24:22.754Z] Footer/header origins (9):
[2026-03-05T10:24:22.754Z]   FOOTER/HEADER ORIGIN: https://safeguard.co.il
[2026-03-05T10:24:22.754Z]   FOOTER/HEADER ORIGIN: https://play.google.com
[2026-03-05T10:24:22.755Z]   FOOTER/HEADER ORIGIN: https://apps.apple.com
[2026-03-05T10:24:22.755Z]   FOOTER/HEADER ORIGIN: https://www.linkedin.com
[2026-03-05T10:24:22.755Z]   FOOTER/HEADER ORIGIN: https://safeguardai.com
[2026-03-05T10:24:22.755Z]   FOOTER/HEADER ORIGIN: https://ozglobalb2b.com
[2026-03-05T10:24:22.755Z]   FOOTER/HEADER ORIGIN: https://irita.co.il
[2026-03-05T10:24:22.755Z]   FOOTER/HEADER ORIGIN: https://rgbcode.com
[2026-03-05T10:24:22.755Z]   FOOTER/HEADER ORIGIN: https://web.safeguardapps.com
[2026-03-05T10:24:22.755Z]   SKIP (AI claimed): https://apps.apple.com/us/app/safeguard-ai/id1591798436
[2026-03-05T10:24:22.755Z]   ADDED: urls <- https://irita.co.il
[2026-03-05T10:24:22.755Z]   ADDED: urls <- https://ozglobalb2b.com
[2026-03-05T10:24:22.755Z]   ADDED: urls <- https://rgbcode.com
[2026-03-05T10:24:22.755Z]   SKIP (AI claimed): https://safeguardai.com
[2026-03-05T10:24:22.756Z]   ADDED: urls <- https://web.safeguardapps.com (cleaned from https://web.safeguardapps.com/#)
[2026-03-05T10:24:22.756Z] Step 2b result: added 4 uncategorized domains from footer/header
[2026-03-05T10:24:22.756Z] ── Step 3: Final dedup ──
[2026-03-05T10:24:22.756Z] Dedup: removed 0 of 6 URLs already in specialized fields
[2026-03-05T10:24:22.756Z] ── FINAL RESULT ──
[2026-03-05T10:24:22.756Z]   ws (1):
[2026-03-05T10:24:22.756Z]     - https://safeguard.co.il
[2026-03-05T10:24:22.756Z]   li (1):
[2026-03-05T10:24:22.756Z]     - https://www.linkedin.com/company/otoos
[2026-03-05T10:24:22.756Z]   urls (6):
[2026-03-05T10:24:22.756Z]     - https://apps.apple.com/us/app/safeguard-ai/id1591798436
[2026-03-05T10:24:22.756Z]     - https://irita.co.il
[2026-03-05T10:24:22.757Z]     - https://ozglobalb2b.com
[2026-03-05T10:24:22.757Z]     - https://rgbcode.com
[2026-03-05T10:24:22.757Z]     - https://safeguardai.com
[2026-03-05T10:24:22.757Z]     - https://web.safeguardapps.com
[2026-03-05T10:24:22.757Z]   android_app_ids (1):
[2026-03-05T10:24:22.757Z]     - com.safeguardai.safety
[2026-03-05T10:24:22.757Z] Summary: ws:1, android_app_ids:1, li:1, urls:6
[2026-03-05T10:24:22.758Z] Saved final result to result.json
[2026-03-05T10:24:22.758Z] Override fields: ws, li, urls, android_app_ids
[2026-03-05T10:24:22.758Z] Finished at: 2026-03-05T10:24:22.758Z
