[2026-03-06T07:26:26.766Z] === Homepage AI Extractor: Heven Drones ===
[2026-03-06T07:26:26.766Z] Started at: 2026-03-06T07:26:26.766Z
[2026-03-06T07:26:26.766Z] Log directory: E:\code\The Wall\mono\packages\scrapper\logs\homepage_ai_extractor\1772781986764_Heven_Drones
[2026-03-06T07:26:26.766Z] Company: Heven Drones
[2026-03-06T07:26:26.766Z] Website: hevendrones.com
[2026-03-06T07:26:26.766Z] cbRank: 151540
[2026-03-06T07:26:26.766Z] Reasons: h
[2026-03-06T07:26:26.766Z] Fetching: https://hevendrones.com
[2026-03-06T07:26:32.923Z] Redirected: https://hevendrones.com -> https://hevendrones.com/
[2026-03-06T07:26:32.931Z] Saved HTML (171076 bytes) to page.html
[2026-03-06T07:26:32.935Z] Extracted 26 unique links from page
[2026-03-06T07:26:32.936Z] Saved 26 links to links.json
[2026-03-06T07:26:32.940Z] Extracted footer HTML (8490 chars)
[2026-03-06T07:26:32.940Z] Extracted header HTML (23487 chars)
[2026-03-06T07:26:32.945Z] Website (post-redirect): https://hevendrones.com/ → origin: https://hevendrones.com
[2026-03-06T07:26:32.946Z] External links: 8 (of 26 total)
[2026-03-06T07:26:32.946Z] ── All external links ──
[2026-03-06T07:26:32.946Z]   EXT: https://nationalinterest.org/blog/buzz/why-pentagon-eyeing-hydrogen-powered-drone-bw-012526
[2026-03-06T07:26:32.946Z]   EXT: https://twitter.com/HevenDrones
[2026-03-06T07:26:32.946Z]   EXT: https://www.defensedaily.com/quantum-tech-firm-ionq-invests-in-partners-with-drone-company-heven/unmanned-systems
[2026-03-06T07:26:32.946Z]   EXT: https://www.executivebiz.com/articles/heven-aerotech-heven-aerotech-ai-vp
[2026-03-06T07:26:32.946Z]   EXT: https://www.executivebiz.com/articles/heven-aerotech-kimberly-crooker-contracts-procurement-vp
[2026-03-06T07:26:32.946Z]   EXT: https://www.linkedin.com/company/hevendrones
[2026-03-06T07:26:32.946Z]   EXT: https://www.washingtontechnology.com/companies/2026/02/operations-tech-and-talent-leadership-moves-across-market/411417
[2026-03-06T07:26:32.946Z]   EXT: https://www.youtube.com/@HevenDrones
[2026-03-06T07:26:32.946Z] ── Step 1: Programmatic categorization ──
[2026-03-06T07:26:32.947Z]   UNCATEGORIZED: https://nationalinterest.org/blog/buzz/why-pentagon-eyeing-hydrogen-powered-drone-bw-012526
[2026-03-06T07:26:32.947Z]   REGEX: tw <- https://twitter.com/HevenDrones
[2026-03-06T07:26:32.947Z]   UNCATEGORIZED: https://www.defensedaily.com/quantum-tech-firm-ionq-invests-in-partners-with-drone-company-heven/unmanned-systems
[2026-03-06T07:26:32.947Z]   UNCATEGORIZED: https://www.executivebiz.com/articles/heven-aerotech-heven-aerotech-ai-vp
[2026-03-06T07:26:32.947Z]   UNCATEGORIZED: https://www.executivebiz.com/articles/heven-aerotech-kimberly-crooker-contracts-procurement-vp
[2026-03-06T07:26:32.947Z]   REGEX: li <- https://www.linkedin.com/company/hevendrones
[2026-03-06T07:26:32.947Z]   UNCATEGORIZED: https://www.washingtontechnology.com/companies/2026/02/operations-tech-and-talent-leadership-moves-across-market/411417
[2026-03-06T07:26:32.948Z]   REGEX: ytp <- https://www.youtube.com/@HevenDrones
[2026-03-06T07:26:32.948Z] Programmatic result: ws:1, tw:1, li:1, ytp:1 | 5 uncategorized
[2026-03-06T07:26:32.948Z] Sending uncategorized links + HTML sections to AI for analysis...
[2026-03-06T07:26:32.948Z] Saved AI prompt (5817 chars) to ai_prompt.txt
[2026-03-06T07:27:01.481Z] Saved AI response to ai_response.json
[2026-03-06T07:27:01.482Z] ── Parsing AI response (3 lines) ──
[2026-03-06T07:27:01.482Z]   AI LINK: https://twitter.com/HevenDrones
[2026-03-06T07:27:01.482Z]   AI LINK: https://www.youtube.com/@HevenDrones
[2026-03-06T07:27:01.482Z]   AI LINK: https://www.linkedin.com/company/hevendrones
[2026-03-06T07:27:01.482Z] AI returned 3 valid links
[2026-03-06T07:27:01.482Z] ── Categorizing 3 AI-returned links ──
[2026-03-06T07:27:01.483Z]   AI→REGEX: tw <- https://twitter.com/HevenDrones (duplicate, skipped)
[2026-03-06T07:27:01.483Z]   AI→REGEX: ytp <- https://www.youtube.com/@HevenDrones (duplicate, skipped)
[2026-03-06T07:27:01.483Z]   AI→REGEX: li <- https://www.linkedin.com/company/hevendrones (duplicate, skipped)
[2026-03-06T07:27:01.483Z] ── Step 2b: Footer/header uncategorized links ──
[2026-03-06T07:27:01.483Z] Footer/header origins (4):
[2026-03-06T07:27:01.483Z]   FOOTER/HEADER ORIGIN: https://twitter.com
[2026-03-06T07:27:01.483Z]   FOOTER/HEADER ORIGIN: https://www.youtube.com
[2026-03-06T07:27:01.483Z]   FOOTER/HEADER ORIGIN: https://www.linkedin.com
[2026-03-06T07:27:01.484Z]   FOOTER/HEADER ORIGIN: https://hevendrones.com
[2026-03-06T07:27:01.484Z]   SKIP (not in footer/header): https://nationalinterest.org/blog/buzz/why-pentagon-eyeing-hydrogen-powered-drone-bw-012526
[2026-03-06T07:27:01.484Z]   SKIP (not in footer/header): https://www.defensedaily.com/quantum-tech-firm-ionq-invests-in-partners-with-drone-company-heven/unmanned-systems
[2026-03-06T07:27:01.484Z]   SKIP (not in footer/header): https://www.executivebiz.com/articles/heven-aerotech-heven-aerotech-ai-vp
[2026-03-06T07:27:01.484Z]   SKIP (not in footer/header): https://www.executivebiz.com/articles/heven-aerotech-kimberly-crooker-contracts-procurement-vp
[2026-03-06T07:27:01.484Z]   SKIP (not in footer/header): https://www.washingtontechnology.com/companies/2026/02/operations-tech-and-talent-leadership-moves-across-market/411417
[2026-03-06T07:27:01.484Z] Step 2b result: added 0 uncategorized domains from footer/header
[2026-03-06T07:27:01.484Z] ── Step 3: Final dedup ──
[2026-03-06T07:27:01.484Z] No urls to dedup
[2026-03-06T07:27:01.484Z] ── FINAL RESULT ──
[2026-03-06T07:27:01.484Z]   ws (1):
[2026-03-06T07:27:01.484Z]     - https://hevendrones.com
[2026-03-06T07:27:01.485Z]   li (1):
[2026-03-06T07:27:01.485Z]     - https://www.linkedin.com/company/hevendrones
[2026-03-06T07:27:01.485Z]   tw (1):
[2026-03-06T07:27:01.485Z]     - https://x.com/hevendrones
[2026-03-06T07:27:01.485Z]   ytp (1):
[2026-03-06T07:27:01.485Z]     - https://www.youtube.com/@hevendrones
[2026-03-06T07:27:01.485Z] Summary: ws:1, tw:1, li:1, ytp:1
[2026-03-06T07:27:01.486Z] Saved final result to result.json
[2026-03-06T07:27:01.486Z] Override fields: ws, li, tw, ytp
[2026-03-06T07:27:01.486Z] Finished at: 2026-03-06T07:27:01.486Z
