[2026-03-17T00:30:29.385Z] === Homepage AI Extractor: Gymex ===
[2026-03-17T00:30:29.385Z] Started at: 2026-03-17T00:30:29.385Z
[2026-03-17T00:30:29.385Z] Log directory: C:\Users\ahmed\code\mono\packages\scrapper\logs\homepage_ai_extractor\1773707429385_Gymex
[2026-03-17T00:30:29.385Z] Company: Gymex
[2026-03-17T00:30:29.386Z] Website: gymex.com
[2026-03-17T00:30:29.386Z] cbRank: 1296535
[2026-03-17T00:30:29.386Z] Reasons: h
[2026-03-17T00:30:29.386Z] Fetching: https://gymex.com
[2026-03-17T00:30:30.983Z] Redirected: https://gymex.com -> https://gymex.com/
[2026-03-17T00:30:31.051Z] Saved HTML (3778654 bytes) to page.html
[2026-03-17T00:30:31.054Z] Extracted 5 unique links from page
[2026-03-17T00:30:31.055Z] Saved 5 links to links.json
[2026-03-17T00:30:31.057Z] No footer section found in DOM
[2026-03-17T00:30:31.057Z] No header section found in DOM
[2026-03-17T00:30:31.060Z] Website (post-redirect): https://gymex.com/ → origin: https://gymex.com
[2026-03-17T00:30:31.060Z] External links: 0 (of 5 total)
[2026-03-17T00:30:31.060Z] ── All external links ──
[2026-03-17T00:30:31.060Z] ── Step 1: Programmatic categorization ──
[2026-03-17T00:30:31.060Z] Programmatic result: ws:1 | 0 uncategorized
[2026-03-17T00:30:31.060Z] No uncategorized links and no HTML sections — skipping AI analysis
[2026-03-17T00:30:31.060Z] ── Step 2b: Footer/header uncategorized links ──
[2026-03-17T00:30:31.060Z] Footer/header origins (0):
[2026-03-17T00:30:31.060Z] Step 2b result: added 0 uncategorized domains from footer/header
[2026-03-17T00:30:31.060Z] ── Step 2c: YouTube channel handle resolution ──
[2026-03-17T00:30:31.060Z]   YOUTUBE: no ytc entries to resolve
[2026-03-17T00:30:31.060Z] ── Step 3: Final dedup ──
[2026-03-17T00:30:31.060Z] No urls to dedup
[2026-03-17T00:30:31.061Z] ── FINAL RESULT ──
[2026-03-17T00:30:31.061Z]   ws (1):
[2026-03-17T00:30:31.061Z]     - https://gymex.com
[2026-03-17T00:30:31.061Z] Summary: ws:1
[2026-03-17T00:30:31.064Z] Saved final result to result.json
[2026-03-17T00:30:31.064Z] Override fields: ws
[2026-03-17T00:30:31.064Z] Finished at: 2026-03-17T00:30:31.064Z
