[2026-03-01T20:18:38.621Z] === Homepage AI Extractor: DreaMed Diabetes ===
[2026-03-01T20:18:38.621Z] Started at: 2026-03-01T20:18:38.621Z
[2026-03-01T20:18:38.622Z] Log directory: E:\code\The Wall\mono\packages\scrapper\logs\homepage_ai_extractor\1772396318621_DreaMed_Diabetes
[2026-03-01T20:18:38.622Z] Company: DreaMed Diabetes
[2026-03-01T20:18:38.622Z] Website: dreamed-diabetes.com
[2026-03-01T20:18:38.622Z] cbRank: 43155
[2026-03-01T20:18:38.622Z] Reasons: h
[2026-03-01T20:18:38.622Z] Fetching: https://dreamed-diabetes.com
[2026-03-01T20:18:42.336Z] Dismissed cookie consent popup via: button:has-text("OK")
[2026-03-01T20:18:42.845Z] Redirected: https://dreamed-diabetes.com -> https://dreamed-diabetes.com/
[2026-03-01T20:18:42.849Z] Saved HTML (43781 bytes) to page.html
[2026-03-01T20:18:42.852Z] Extracted 2 unique links from page
[2026-03-01T20:18:42.852Z] Saved 2 links to links.json
[2026-03-01T20:18:42.856Z] No footer section found in DOM
[2026-03-01T20:18:42.856Z] No header section found in DOM
[2026-03-01T20:18:42.863Z] Website (post-redirect): https://dreamed-diabetes.com/ → origin: https://dreamed-diabetes.com
[2026-03-01T20:18:42.863Z] External links: 2 (of 2 total)
[2026-03-01T20:18:42.863Z] ── All external links ──
[2026-03-01T20:18:42.863Z]   EXT: https://dreamed.ai
[2026-03-01T20:18:42.863Z]   EXT: https://www.codenroll.co.il
[2026-03-01T20:18:42.863Z] ── Step 1: Programmatic categorization ──
[2026-03-01T20:18:42.863Z]   UNCATEGORIZED: https://dreamed.ai
[2026-03-01T20:18:42.864Z]   UNCATEGORIZED: https://www.codenroll.co.il
[2026-03-01T20:18:42.864Z] Programmatic result: ws:1 | 2 uncategorized
[2026-03-01T20:18:42.864Z] Sending uncategorized links + HTML sections to AI for analysis...
[2026-03-01T20:18:42.864Z] Saved AI prompt (1996 chars) to ai_prompt.txt
[2026-03-01T20:18:49.431Z] Saved AI response to ai_response.json
[2026-03-01T20:18:49.431Z] ── Parsing AI response (1 lines) ──
[2026-03-01T20:18:49.431Z]   AI LINK: https://dreamed.ai
[2026-03-01T20:18:49.431Z] AI returned 1 valid links
[2026-03-01T20:18:49.431Z] ── Categorizing 1 AI-returned links ──
[2026-03-01T20:18:49.432Z]   AI→URLS: https://dreamed.ai
[2026-03-01T20:18:49.432Z] ── Step 2b: Footer/header uncategorized links ──
[2026-03-01T20:18:49.432Z] Footer/header origins (0):
[2026-03-01T20:18:49.432Z]   SKIP (AI claimed): https://dreamed.ai
[2026-03-01T20:18:49.432Z]   SKIP (not in footer/header): https://www.codenroll.co.il
[2026-03-01T20:18:49.432Z] Step 2b result: added 0 uncategorized domains from footer/header
[2026-03-01T20:18:49.432Z] ── Step 3: Final dedup ──
[2026-03-01T20:18:49.432Z] Dedup: removed 0 of 1 URLs already in specialized fields
[2026-03-01T20:18:49.432Z] ── FINAL RESULT ──
[2026-03-01T20:18:49.433Z]   ws (1):
[2026-03-01T20:18:49.433Z]     - https://dreamed-diabetes.com
[2026-03-01T20:18:49.433Z]   urls (1):
[2026-03-01T20:18:49.433Z]     - https://dreamed.ai
[2026-03-01T20:18:49.433Z] Summary: ws:1, urls:1
[2026-03-01T20:18:49.433Z] Saved final result to result.json
[2026-03-01T20:18:49.434Z] Override fields: ws, urls
[2026-03-01T20:18:49.434Z] Finished at: 2026-03-01T20:18:49.434Z
