[2026-03-01T15:21:40.776Z] === Homepage AI Extractor: Tipa ===
[2026-03-01T15:21:40.778Z] Started at: 2026-03-01T15:21:40.778Z
[2026-03-01T15:21:40.779Z] Log directory: E:\code\The Wall\mono\packages\scrapper\logs\homepage_ai_extractor\1772378500774_Tipa
[2026-03-01T15:21:40.779Z] Company: Tipa
[2026-03-01T15:21:40.779Z] Website: tipa-corp.com
[2026-03-01T15:21:40.779Z] cbRank: 25785
[2026-03-01T15:21:40.779Z] Reasons: h
[2026-03-01T15:21:40.779Z] Fetching: https://tipa-corp.com
[2026-03-01T15:21:43.441Z] Redirected: https://tipa-corp.com -> https://tipa-corp.com/
[2026-03-01T15:21:43.681Z] Saved HTML (4859428 bytes) to page.html
[2026-03-01T15:21:43.691Z] Extracted 60 unique links from page
[2026-03-01T15:21:43.692Z] Saved 60 links to links.json
[2026-03-01T15:21:43.702Z] Extracted footer HTML (28829 chars)
[2026-03-01T15:21:43.702Z] Extracted header HTML (126359 chars)
[2026-03-01T15:21:43.713Z] Website (post-redirect): https://tipa-corp.com/ → origin: https://tipa-corp.com
[2026-03-01T15:21:43.714Z] External links: 12 (of 60 total)
[2026-03-01T15:21:43.714Z] ── All external links ──
[2026-03-01T15:21:43.714Z]   EXT: https://aicdn.speedsize.com/5d349058-d7e9-42af-aa10-81367194047c/tipa-corp.com/wp-content/uploads/2023/03/Tipa-FlyLow-5083-Gray-LR.jpg
[2026-03-01T15:21:43.714Z]   EXT: https://aicdn.speedsize.com/5d349058-d7e9-42af-aa10-81367194047c/tipa-corp.com/wp-content/uploads/2024/11/Apiece-Apart-1920.png
[2026-03-01T15:21:43.714Z]   EXT: https://aicdn.speedsize.com/5d349058-d7e9-42af-aa10-81367194047c/tipa-corp.com/wp-content/uploads/2024/11/skotch-and-soda_1920.png
[2026-03-01T15:21:43.714Z]   EXT: https://aicdn.speedsize.com/5d349058-d7e9-42af-aa10-81367194047c/tipa-corp.com/wp-content/uploads/2024/12/DSC_5133-wide.png
[2026-03-01T15:21:43.714Z]   EXT: https://aicdn.speedsize.com/5d349058-d7e9-42af-aa10-81367194047c/tipa-corp.com/wp-content/uploads/2024/12/Forest-Gum-1-WIDE-1080-1.png
[2026-03-01T15:21:43.714Z]   EXT: https://aicdn.speedsize.com/5d349058-d7e9-42af-aa10-81367194047c/tipa-corp.com/wp-content/uploads/2024/12/export-fresh-1080-1-1.png
[2026-03-01T15:21:43.715Z]   EXT: https://twitter.com/TIPACorp?lang=en
[2026-03-01T15:21:43.715Z]   EXT: https://www.facebook.com/TipaCorp/?fref=ts
[2026-03-01T15:21:43.715Z]   EXT: https://www.instagram.com/TipaCorp
[2026-03-01T15:21:43.715Z]   EXT: https://www.linkedin.com/company/tipa?trk=company_logo
[2026-03-01T15:21:43.715Z]   EXT: https://www.pinterest.com/TipaCorp
[2026-03-01T15:21:43.715Z]   EXT: https://www.youtube.com/channel/UC7ETnS-RhngfSPmzUbE6Mhw
[2026-03-01T15:21:43.715Z] ── Step 1: Programmatic categorization ──
[2026-03-01T15:21:43.715Z]   UNCATEGORIZED: https://aicdn.speedsize.com/5d349058-d7e9-42af-aa10-81367194047c/tipa-corp.com/wp-content/uploads/2023/03/Tipa-FlyLow-5083-Gray-LR.jpg
[2026-03-01T15:21:43.715Z]   UNCATEGORIZED: https://aicdn.speedsize.com/5d349058-d7e9-42af-aa10-81367194047c/tipa-corp.com/wp-content/uploads/2024/11/Apiece-Apart-1920.png
[2026-03-01T15:21:43.715Z]   UNCATEGORIZED: https://aicdn.speedsize.com/5d349058-d7e9-42af-aa10-81367194047c/tipa-corp.com/wp-content/uploads/2024/11/skotch-and-soda_1920.png
[2026-03-01T15:21:43.715Z]   UNCATEGORIZED: https://aicdn.speedsize.com/5d349058-d7e9-42af-aa10-81367194047c/tipa-corp.com/wp-content/uploads/2024/12/DSC_5133-wide.png
[2026-03-01T15:21:43.716Z]   UNCATEGORIZED: https://aicdn.speedsize.com/5d349058-d7e9-42af-aa10-81367194047c/tipa-corp.com/wp-content/uploads/2024/12/Forest-Gum-1-WIDE-1080-1.png
[2026-03-01T15:21:43.716Z]   UNCATEGORIZED: https://aicdn.speedsize.com/5d349058-d7e9-42af-aa10-81367194047c/tipa-corp.com/wp-content/uploads/2024/12/export-fresh-1080-1-1.png
[2026-03-01T15:21:43.719Z]   REGEX: tw <- https://twitter.com/TIPACorp?lang=en
[2026-03-01T15:21:43.719Z]   REGEX: fb <- https://www.facebook.com/TipaCorp/?fref=ts
[2026-03-01T15:21:43.719Z]   REGEX: ig <- https://www.instagram.com/TipaCorp
[2026-03-01T15:21:43.719Z]   REGEX: li <- https://www.linkedin.com/company/tipa?trk=company_logo
[2026-03-01T15:21:43.720Z]   UNCATEGORIZED: https://www.pinterest.com/TipaCorp
[2026-03-01T15:21:43.720Z]   REGEX: ytc <- https://www.youtube.com/channel/UC7ETnS-RhngfSPmzUbE6Mhw
[2026-03-01T15:21:43.720Z] Programmatic result: ws:1, tw:1, fb:1, ig:1, li:1, ytc:1 | 7 uncategorized
[2026-03-01T15:21:43.720Z] Sending uncategorized links + HTML sections to AI for analysis...
[2026-03-01T15:21:43.729Z] Saved AI prompt (17522 chars) to ai_prompt.txt
[2026-03-01T15:23:22.583Z] Saved AI response to ai_response.json
[2026-03-01T15:23:22.583Z] ── Parsing AI response (6 lines) ──
[2026-03-01T15:23:22.584Z]   AI LINK: https://www.pinterest.com/TipaCorp/
[2026-03-01T15:23:22.584Z]   AI LINK: https://www.instagram.com/TipaCorp/
[2026-03-01T15:23:22.584Z]   AI LINK: https://www.facebook.com/TipaCorp/?fref=ts
[2026-03-01T15:23:22.584Z]   AI LINK: https://www.linkedin.com/company/tipa?trk=company_logo
[2026-03-01T15:23:22.584Z]   AI LINK: https://twitter.com/TIPACorp?lang=en
[2026-03-01T15:23:22.584Z]   AI LINK: https://www.youtube.com/channel/UC7ETnS-RhngfSPmzUbE6Mhw
[2026-03-01T15:23:22.584Z] AI returned 6 valid links
[2026-03-01T15:23:22.584Z] ── Categorizing 6 AI-returned links ──
[2026-03-01T15:23:22.585Z]   AI→URLS: https://www.pinterest.com/TipaCorp (cleaned from https://www.pinterest.com/TipaCorp/)
[2026-03-01T15:23:22.585Z]   AI→REGEX: ig <- https://www.instagram.com/TipaCorp/ (duplicate, skipped)
[2026-03-01T15:23:22.585Z]   AI→REGEX: fb <- https://www.facebook.com/TipaCorp/?fref=ts (duplicate, skipped)
[2026-03-01T15:23:22.585Z]   AI→REGEX: li <- https://www.linkedin.com/company/tipa?trk=company_logo (duplicate, skipped)
[2026-03-01T15:23:22.585Z]   AI→REGEX: tw <- https://twitter.com/TIPACorp?lang=en (duplicate, skipped)
[2026-03-01T15:23:22.585Z]   AI→REGEX: ytc <- https://www.youtube.com/channel/UC7ETnS-RhngfSPmzUbE6Mhw (duplicate, skipped)
[2026-03-01T15:23:22.587Z] ── Step 2b: Footer/header uncategorized links ──
[2026-03-01T15:23:22.587Z] Footer/header origins (7):
[2026-03-01T15:23:22.587Z]   FOOTER/HEADER ORIGIN: https://tipa-corp.com
[2026-03-01T15:23:22.587Z]   FOOTER/HEADER ORIGIN: https://www.pinterest.com
[2026-03-01T15:23:22.587Z]   FOOTER/HEADER ORIGIN: https://www.instagram.com
[2026-03-01T15:23:22.587Z]   FOOTER/HEADER ORIGIN: https://www.facebook.com
[2026-03-01T15:23:22.587Z]   FOOTER/HEADER ORIGIN: https://www.linkedin.com
[2026-03-01T15:23:22.588Z]   FOOTER/HEADER ORIGIN: https://twitter.com
[2026-03-01T15:23:22.588Z]   FOOTER/HEADER ORIGIN: https://www.youtube.com
[2026-03-01T15:23:22.588Z]   SKIP (noise): https://aicdn.speedsize.com/5d349058-d7e9-42af-aa10-81367194047c/tipa-corp.com/wp-content/uploads/2023/03/Tipa-FlyLow-5083-Gray-LR.jpg
[2026-03-01T15:23:22.588Z]   SKIP (noise): https://aicdn.speedsize.com/5d349058-d7e9-42af-aa10-81367194047c/tipa-corp.com/wp-content/uploads/2024/11/Apiece-Apart-1920.png
[2026-03-01T15:23:22.588Z]   SKIP (noise): https://aicdn.speedsize.com/5d349058-d7e9-42af-aa10-81367194047c/tipa-corp.com/wp-content/uploads/2024/11/skotch-and-soda_1920.png
[2026-03-01T15:23:22.588Z]   SKIP (noise): https://aicdn.speedsize.com/5d349058-d7e9-42af-aa10-81367194047c/tipa-corp.com/wp-content/uploads/2024/12/DSC_5133-wide.png
[2026-03-01T15:23:22.588Z]   SKIP (noise): https://aicdn.speedsize.com/5d349058-d7e9-42af-aa10-81367194047c/tipa-corp.com/wp-content/uploads/2024/12/Forest-Gum-1-WIDE-1080-1.png
[2026-03-01T15:23:22.588Z]   SKIP (noise): https://aicdn.speedsize.com/5d349058-d7e9-42af-aa10-81367194047c/tipa-corp.com/wp-content/uploads/2024/12/export-fresh-1080-1-1.png
[2026-03-01T15:23:22.588Z]   SKIP (AI claimed): https://www.pinterest.com/TipaCorp
[2026-03-01T15:23:22.588Z] Step 2b result: added 0 uncategorized domains from footer/header
[2026-03-01T15:23:22.588Z] ── Step 3: Final dedup ──
[2026-03-01T15:23:22.588Z] Dedup: removed 0 of 1 URLs already in specialized fields
[2026-03-01T15:23:22.588Z] ── FINAL RESULT ──
[2026-03-01T15:23:22.588Z]   ws (1):
[2026-03-01T15:23:22.588Z]     - https://tipa-corp.com
[2026-03-01T15:23:22.588Z]   li (1):
[2026-03-01T15:23:22.589Z]     - https://www.linkedin.com/company/tipa
[2026-03-01T15:23:22.589Z]   fb (1):
[2026-03-01T15:23:22.589Z]     - https://www.facebook.com/tipacorp
[2026-03-01T15:23:22.589Z]   tw (1):
[2026-03-01T15:23:22.589Z]     - https://x.com/tipacorp
[2026-03-01T15:23:22.589Z]   ig (1):
[2026-03-01T15:23:22.589Z]     - https://www.instagram.com/tipacorp
[2026-03-01T15:23:22.589Z]   ytc (1):
[2026-03-01T15:23:22.589Z]     - https://www.youtube.com/channel/uc7etns-rhngfspmzube6mhw
[2026-03-01T15:23:22.589Z]   urls (1):
[2026-03-01T15:23:22.589Z]     - https://www.pinterest.com/TipaCorp
[2026-03-01T15:23:22.589Z] Summary: ws:1, tw:1, fb:1, ig:1, li:1, ytc:1, urls:1
[2026-03-01T15:23:22.590Z] Saved final result to result.json
[2026-03-01T15:23:22.590Z] Override fields: ws, li, fb, tw, ig, ytc, urls
[2026-03-01T15:23:22.590Z] Finished at: 2026-03-01T15:23:22.590Z
