[2026-02-27T05:52:55.956Z] === Homepage AI Extractor: NeuraLight ===
[2026-02-27T05:52:55.956Z] Started at: 2026-02-27T05:52:55.956Z
[2026-02-27T05:52:55.956Z] Log directory: E:\code\The Wall\mono\packages\scrapper\logs\homepage_ai_extractor\1772171575955_NeuraLight
[2026-02-27T05:52:55.956Z] Company: NeuraLight
[2026-02-27T05:52:55.957Z] Website: neuralight.ai
[2026-02-27T05:52:55.957Z] cbRank: 20914
[2026-02-27T05:52:55.957Z] Reasons: h
[2026-02-27T05:52:55.957Z] Fetching: https://neuralight.ai
[2026-02-27T05:53:00.041Z] Redirected: https://neuralight.ai -> https://neuralight.ai/
[2026-02-27T05:53:00.051Z] Saved HTML (181541 bytes) to page.html
[2026-02-27T05:53:00.056Z] Extracted 19 unique links from page
[2026-02-27T05:53:00.057Z] Saved 19 links to links.json
[2026-02-27T05:53:00.064Z] Extracted footer HTML (24966 chars)
[2026-02-27T05:53:00.064Z] Extracted header HTML (36502 chars)
[2026-02-27T05:53:00.070Z] Website (post-redirect): https://neuralight.ai/
[2026-02-27T05:53:00.070Z] External links: 8 (of 19 total)
[2026-02-27T05:53:00.071Z] ── All external links ──
[2026-02-27T05:53:00.071Z]   EXT: https://link.springer.com/article/10.1007/s00702-023-02681-y
[2026-02-27T05:53:00.071Z]   EXT: https://onlinelibrary.wiley.com/doi/10.1111/j.1755-3768.2022.0359
[2026-02-27T05:53:00.071Z]   EXT: https://www.frontiersin.org/journals/digital-health/articles/10.3389/fdgth.2024.1423790/full
[2026-02-27T05:53:00.071Z]   EXT: https://www.linkedin.com/company/neuralight
[2026-02-27T05:53:00.071Z]   EXT: https://www.mdpi.com/2076-3417/14/4/1519
[2026-02-27T05:53:00.071Z]   EXT: https://www.neurology.org/doi/10.1212/WNL.0000000000206429
[2026-02-27T05:53:00.072Z]   EXT: https://www.tandfonline.com/doi/full/10.1080/21678421.2023.2196315
[2026-02-27T05:53:00.072Z]   EXT: https://www.tandfonline.com/doi/full/10.1080/21678421.2024.2376732
[2026-02-27T05:53:00.072Z] ── Step 1: Programmatic categorization ──
[2026-02-27T05:53:00.072Z]   UNCATEGORIZED: https://link.springer.com/article/10.1007/s00702-023-02681-y
[2026-02-27T05:53:00.073Z]   UNCATEGORIZED: https://onlinelibrary.wiley.com/doi/10.1111/j.1755-3768.2022.0359
[2026-02-27T05:53:00.073Z]   UNCATEGORIZED: https://www.frontiersin.org/journals/digital-health/articles/10.3389/fdgth.2024.1423790/full
[2026-02-27T05:53:00.073Z]   REGEX: li <- https://www.linkedin.com/company/neuralight
[2026-02-27T05:53:00.073Z]   UNCATEGORIZED: https://www.mdpi.com/2076-3417/14/4/1519
[2026-02-27T05:53:00.073Z]   UNCATEGORIZED: https://www.neurology.org/doi/10.1212/WNL.0000000000206429
[2026-02-27T05:53:00.073Z]   UNCATEGORIZED: https://www.tandfonline.com/doi/full/10.1080/21678421.2023.2196315
[2026-02-27T05:53:00.073Z]   UNCATEGORIZED: https://www.tandfonline.com/doi/full/10.1080/21678421.2024.2376732
[2026-02-27T05:53:00.074Z] Programmatic result: ws:1, li:1 | 7 uncategorized
[2026-02-27T05:53:00.074Z] Sending uncategorized links + HTML sections to AI for analysis...
[2026-02-27T05:53:00.075Z] Saved AI prompt (7924 chars) to ai_prompt.txt
[2026-02-27T05:53:36.107Z] Saved AI response to ai_response.json
[2026-02-27T05:53:36.107Z] ── Parsing AI response (1 lines) ──
[2026-02-27T05:53:36.107Z]   AI LINK: https://www.linkedin.com/company/neuralight/
[2026-02-27T05:53:36.107Z] AI returned 1 valid links
[2026-02-27T05:53:36.107Z] ── Categorizing 1 AI-returned links ──
[2026-02-27T05:53:36.108Z]   AI→REGEX: li <- https://www.linkedin.com/company/neuralight/ (duplicate, skipped)
[2026-02-27T05:53:36.108Z] ── Step 2b: Footer/header uncategorized links ──
[2026-02-27T05:53:36.108Z] Footer/header origins (2):
[2026-02-27T05:53:36.108Z]   FOOTER/HEADER ORIGIN: https://neuralight.ai
[2026-02-27T05:53:36.108Z]   FOOTER/HEADER ORIGIN: https://www.linkedin.com
[2026-02-27T05:53:36.108Z]   SKIP (not in footer/header): https://link.springer.com/article/10.1007/s00702-023-02681-y
[2026-02-27T05:53:36.108Z]   SKIP (not in footer/header): https://onlinelibrary.wiley.com/doi/10.1111/j.1755-3768.2022.0359
[2026-02-27T05:53:36.108Z]   SKIP (not in footer/header): https://www.frontiersin.org/journals/digital-health/articles/10.3389/fdgth.2024.1423790/full
[2026-02-27T05:53:36.108Z]   SKIP (not in footer/header): https://www.mdpi.com/2076-3417/14/4/1519
[2026-02-27T05:53:36.108Z]   SKIP (not in footer/header): https://www.neurology.org/doi/10.1212/WNL.0000000000206429
[2026-02-27T05:53:36.109Z]   SKIP (not in footer/header): https://www.tandfonline.com/doi/full/10.1080/21678421.2023.2196315
[2026-02-27T05:53:36.109Z]   SKIP (not in footer/header): https://www.tandfonline.com/doi/full/10.1080/21678421.2024.2376732
[2026-02-27T05:53:36.109Z] Step 2b result: added 0 uncategorized domains from footer/header
[2026-02-27T05:53:36.109Z] ── Step 3: Final dedup ──
[2026-02-27T05:53:36.109Z] No urls to dedup
[2026-02-27T05:53:36.109Z] ── FINAL RESULT ──
[2026-02-27T05:53:36.109Z]   ws (1):
[2026-02-27T05:53:36.109Z]     - https://neuralight.ai/
[2026-02-27T05:53:36.109Z]   li (1):
[2026-02-27T05:53:36.109Z]     - https://www.linkedin.com/company/neuralight
[2026-02-27T05:53:36.109Z] Summary: ws:1, li:1
[2026-02-27T05:53:36.110Z] Saved final result to result.json
[2026-02-27T05:53:36.110Z] Override fields: ws, li
[2026-02-27T05:53:36.110Z] Finished at: 2026-02-27T05:53:36.110Z
