[2026-03-07T18:25:56.703Z] === Homepage AI Extractor: Scanovate ===
[2026-03-07T18:25:56.703Z] Started at: 2026-03-07T18:25:56.703Z
[2026-03-07T18:25:56.703Z] Log directory: E:\code\The Wall\mono\packages\scrapper\logs\homepage_ai_extractor\1772907956702_Scanovate
[2026-03-07T18:25:56.703Z] Company: Scanovate
[2026-03-07T18:25:56.703Z] Website: scanovate.com
[2026-03-07T18:25:56.703Z] cbRank: 305420
[2026-03-07T18:25:56.703Z] Reasons: h
[2026-03-07T18:25:56.703Z] Fetching: https://scanovate.com
[2026-03-07T18:25:59.156Z] Redirected: https://scanovate.com -> https://scanovate.com/
[2026-03-07T18:25:59.166Z] Saved HTML (256762 bytes) to page.html
[2026-03-07T18:25:59.170Z] Extracted 22 unique links from page
[2026-03-07T18:25:59.172Z] Saved 22 links to links.json
[2026-03-07T18:25:59.177Z] No footer section found in DOM
[2026-03-07T18:25:59.177Z] Extracted header HTML (83772 chars)
[2026-03-07T18:25:59.181Z] Website (post-redirect): https://scanovate.com/ → origin: https://scanovate.com
[2026-03-07T18:25:59.181Z] External links: 3 (of 22 total)
[2026-03-07T18:25:59.181Z] ── All external links ──
[2026-03-07T18:25:59.181Z]   EXT: https://twitter.com/Scanovate
[2026-03-07T18:25:59.182Z]   EXT: https://www.linkedin.com/company/scanovate
[2026-03-07T18:25:59.182Z]   EXT: https://www.smartfish.co.il
[2026-03-07T18:25:59.182Z] ── Step 1: Programmatic categorization ──
[2026-03-07T18:25:59.182Z]   REGEX: tw <- https://twitter.com/Scanovate
[2026-03-07T18:25:59.182Z]   REGEX: li <- https://www.linkedin.com/company/scanovate
[2026-03-07T18:25:59.182Z]   UNCATEGORIZED: https://www.smartfish.co.il
[2026-03-07T18:25:59.182Z] Programmatic result: ws:1, tw:1, li:1 | 1 uncategorized
[2026-03-07T18:25:59.182Z] Sending uncategorized links + HTML sections to AI for analysis...
[2026-03-07T18:25:59.183Z] Saved AI prompt (1954 chars) to ai_prompt.txt
[2026-03-07T18:26:04.663Z] Saved AI response to ai_response.json
[2026-03-07T18:26:04.663Z] ── Parsing AI response (1 lines) ──
[2026-03-07T18:26:04.663Z] AI returned 0 valid links
[2026-03-07T18:26:04.663Z] ── Categorizing 0 AI-returned links ──
[2026-03-07T18:26:04.663Z] ── Step 2b: Footer/header uncategorized links ──
[2026-03-07T18:26:04.663Z] Footer/header origins (1):
[2026-03-07T18:26:04.663Z]   FOOTER/HEADER ORIGIN: https://scanovate.com
[2026-03-07T18:26:04.664Z]   SKIP (not in footer/header): https://www.smartfish.co.il
[2026-03-07T18:26:04.664Z] Step 2b result: added 0 uncategorized domains from footer/header
[2026-03-07T18:26:04.664Z] ── Step 3: Final dedup ──
[2026-03-07T18:26:04.664Z] No urls to dedup
[2026-03-07T18:26:04.664Z] ── FINAL RESULT ──
[2026-03-07T18:26:04.664Z]   ws (1):
[2026-03-07T18:26:04.664Z]     - https://scanovate.com
[2026-03-07T18:26:04.664Z]   li (1):
[2026-03-07T18:26:04.664Z]     - https://www.linkedin.com/company/scanovate
[2026-03-07T18:26:04.664Z]   tw (1):
[2026-03-07T18:26:04.664Z]     - https://x.com/scanovate
[2026-03-07T18:26:04.665Z] Summary: ws:1, tw:1, li:1
[2026-03-07T18:26:04.666Z] Saved final result to result.json
[2026-03-07T18:26:04.667Z] Override fields: ws, li, tw
[2026-03-07T18:26:04.667Z] Finished at: 2026-03-07T18:26:04.667Z
