[2026-03-05T13:09:24.594Z] === Homepage AI Extractor: Arbitrip ===
[2026-03-05T13:09:24.594Z] Started at: 2026-03-05T13:09:24.594Z
[2026-03-05T13:09:24.594Z] Log directory: E:\code\The Wall\mono\packages\scrapper\logs\homepage_ai_extractor\1772716164594_Arbitrip
[2026-03-05T13:09:24.595Z] Company: Arbitrip
[2026-03-05T13:09:24.595Z] Website: arbitrip.com
[2026-03-05T13:09:24.595Z] cbRank: 101719
[2026-03-05T13:09:24.595Z] Reasons: h
[2026-03-05T13:09:24.595Z] Fetching: https://arbitrip.com
[2026-03-05T13:09:27.027Z] Redirected: https://arbitrip.com -> https://arbitrip.com/
[2026-03-05T13:09:27.039Z] Saved HTML (384841 bytes) to page.html
[2026-03-05T13:09:27.044Z] Extracted 11 unique links from page
[2026-03-05T13:09:27.045Z] Saved 11 links to links.json
[2026-03-05T13:09:27.048Z] No footer section found in DOM
[2026-03-05T13:09:27.048Z] Extracted header HTML (910 chars)
[2026-03-05T13:09:27.052Z] Website (post-redirect): https://arbitrip.com/ → origin: https://arbitrip.com
[2026-03-05T13:09:27.052Z]   SUBDOMAIN: app.arbitrip.com (added to ws)
[2026-03-05T13:09:27.052Z] Website subdomains found: 1
[2026-03-05T13:09:27.052Z] External links: 1 (of 11 total)
[2026-03-05T13:09:27.052Z] ── All external links ──
[2026-03-05T13:09:27.053Z]   EXT: https://www.linkedin.com/company/arbitrip
[2026-03-05T13:09:27.053Z] ── Step 1: Programmatic categorization ──
[2026-03-05T13:09:27.053Z]   REGEX: li <- https://www.linkedin.com/company/arbitrip
[2026-03-05T13:09:27.053Z] Programmatic result: ws:2, li:1 | 0 uncategorized
[2026-03-05T13:09:27.053Z] Sending uncategorized links + HTML sections to AI for analysis...
[2026-03-05T13:09:27.054Z] Saved AI prompt (1922 chars) to ai_prompt.txt
[2026-03-05T13:09:32.488Z] Saved AI response to ai_response.json
[2026-03-05T13:09:32.488Z] ── Parsing AI response (1 lines) ──
[2026-03-05T13:09:32.488Z] AI returned 0 valid links
[2026-03-05T13:09:32.489Z] ── Categorizing 0 AI-returned links ──
[2026-03-05T13:09:32.489Z] ── Step 2b: Footer/header uncategorized links ──
[2026-03-05T13:09:32.489Z] Footer/header origins (1):
[2026-03-05T13:09:32.489Z]   FOOTER/HEADER ORIGIN: https://arbitrip.com
[2026-03-05T13:09:32.489Z] Step 2b result: added 0 uncategorized domains from footer/header
[2026-03-05T13:09:32.489Z] ── Step 3: Final dedup ──
[2026-03-05T13:09:32.489Z] No urls to dedup
[2026-03-05T13:09:32.489Z] ── FINAL RESULT ──
[2026-03-05T13:09:32.489Z]   ws (2):
[2026-03-05T13:09:32.489Z]     - https://app.arbitrip.com
[2026-03-05T13:09:32.490Z]     - https://arbitrip.com
[2026-03-05T13:09:32.490Z]   li (1):
[2026-03-05T13:09:32.490Z]     - https://www.linkedin.com/company/arbitrip
[2026-03-05T13:09:32.490Z] Summary: ws:2, li:1
[2026-03-05T13:09:32.490Z] Saved final result to result.json
[2026-03-05T13:09:32.490Z] Override fields: ws, li
[2026-03-05T13:09:32.490Z] Finished at: 2026-03-05T13:09:32.490Z
