[2026-03-07T17:00:32.674Z] === Homepage AI Extractor: Supercreator.ai ===
[2026-03-07T17:00:32.674Z] Started at: 2026-03-07T17:00:32.674Z
[2026-03-07T17:00:32.675Z] Log directory: E:\code\The Wall\mono\packages\scrapper\logs\homepage_ai_extractor\1772902832674_Supercreator.ai
[2026-03-07T17:00:32.675Z] Company: Supercreator.ai
[2026-03-07T17:00:32.675Z] Website: supercreator.ai
[2026-03-07T17:00:32.675Z] cbRank: 289757
[2026-03-07T17:00:32.675Z] Reasons: h
[2026-03-07T17:00:32.675Z] Fetching: https://supercreator.ai
[2026-03-07T17:00:40.899Z] Redirected: https://supercreator.ai -> https://app.supercreator.ai/
[2026-03-07T17:00:40.902Z] Saved HTML (36816 bytes) to page.html
[2026-03-07T17:00:40.904Z] Extracted 2 unique links from page
[2026-03-07T17:00:40.906Z] Saved 2 links to links.json
[2026-03-07T17:00:40.909Z] Extracted footer HTML (522 chars)
[2026-03-07T17:00:40.910Z] Extracted header HTML (629 chars)
[2026-03-07T17:00:40.916Z] Website (post-redirect): https://app.supercreator.ai/ → origin: https://app.supercreator.ai
[2026-03-07T17:00:40.916Z] External links: 0 (of 2 total)
[2026-03-07T17:00:40.916Z] ── All external links ──
[2026-03-07T17:00:40.916Z] ── Step 1: Programmatic categorization ──
[2026-03-07T17:00:40.916Z] Programmatic result: ws:1 | 0 uncategorized
[2026-03-07T17:00:40.916Z] Sending uncategorized links + HTML sections to AI for analysis...
[2026-03-07T17:00:40.917Z] Saved AI prompt (2146 chars) to ai_prompt.txt
[2026-03-07T17:00:46.544Z] Saved AI response to ai_response.json
[2026-03-07T17:00:46.545Z] ── Parsing AI response (1 lines) ──
[2026-03-07T17:00:46.545Z] AI returned 0 valid links
[2026-03-07T17:00:46.545Z] ── Categorizing 0 AI-returned links ──
[2026-03-07T17:00:46.545Z] ── Step 2b: Footer/header uncategorized links ──
[2026-03-07T17:00:46.545Z] Footer/header origins (0):
[2026-03-07T17:00:46.545Z] Step 2b result: added 0 uncategorized domains from footer/header
[2026-03-07T17:00:46.545Z] ── Step 3: Final dedup ──
[2026-03-07T17:00:46.545Z] No urls to dedup
[2026-03-07T17:00:46.545Z] ── FINAL RESULT ──
[2026-03-07T17:00:46.546Z]   ws (1):
[2026-03-07T17:00:46.546Z]     - https://app.supercreator.ai
[2026-03-07T17:00:46.546Z] Summary: ws:1
[2026-03-07T17:00:46.546Z] Saved final result to result.json
[2026-03-07T17:00:46.546Z] Override fields: ws
[2026-03-07T17:00:46.546Z] Finished at: 2026-03-07T17:00:46.546Z
