[2026-02-27T04:42:42.694Z] === Homepage AI Extractor: Mine ===
[2026-02-27T04:42:42.695Z] Started at: 2026-02-27T04:42:42.695Z
[2026-02-27T04:42:42.695Z] Log directory: E:\code\The Wall\mono\packages\scrapper\logs\homepage_ai_extractor\1772167362693_Mine
[2026-02-27T04:42:42.695Z] Company: Mine
[2026-02-27T04:42:42.695Z] Website: mineos.ai
[2026-02-27T04:42:42.696Z] cbRank: 15382
[2026-02-27T04:42:42.696Z] Reasons: h
[2026-02-27T04:42:42.696Z] Fetching: https://mineos.ai
[2026-02-27T04:42:47.271Z] Dismissed cookie consent popup via: button:has-text("Allow all")
[2026-02-27T04:42:47.777Z] Redirected: https://mineos.ai -> https://www.mineos.ai/
[2026-02-27T04:42:48.086Z] Saved HTML (4757879 bytes) to page.html
[2026-02-27T04:42:48.292Z] Extracted 68 unique links from page
[2026-02-27T04:42:48.294Z] Saved 68 links to links.json
[2026-02-27T04:42:48.475Z] Extracted footer HTML (12994 chars)
[2026-02-27T04:42:48.476Z] Extracted header HTML (68476 chars)
[2026-02-27T04:42:48.490Z] Website (post-redirect): https://www.mineos.ai/
[2026-02-27T04:42:48.491Z]   SUBDOMAIN: developers.mineos.ai (added to ws)
[2026-02-27T04:42:48.491Z]   SUBDOMAIN: docs.mineos.ai (added to ws)
[2026-02-27T04:42:48.491Z] Website subdomains found: 2
[2026-02-27T04:42:48.492Z] External links: 16 (of 68 total)
[2026-02-27T04:42:48.492Z] ── All external links ──
[2026-02-27T04:42:48.492Z]   EXT: https://business.safety.google/privacy
[2026-02-27T04:42:48.492Z]   EXT: https://legal.hubspot.com/privacy-policy
[2026-02-27T04:42:48.492Z]   EXT: https://portal.saymine.com
[2026-02-27T04:42:48.493Z]   EXT: https://privacy.microsoft.com/en-US/privacystatement
[2026-02-27T04:42:48.493Z]   EXT: https://twitter.com/en/privacy
[2026-02-27T04:42:48.493Z]   EXT: https://www.adobe.com/privacy.html
[2026-02-27T04:42:48.493Z]   EXT: https://www.cookiebot.com
[2026-02-27T04:42:48.493Z]   EXT: https://www.cookiebot.com/en/what-is-behind-powered-by-cookiebot/?utm_source=banner_cb&utm_medium=referral&utm_content=v2
[2026-02-27T04:42:48.493Z]   EXT: https://www.cookiebot.com/goto/privacy-policy
[2026-02-27T04:42:48.493Z]   EXT: https://www.facebook.com/policy.php
[2026-02-27T04:42:48.494Z]   EXT: https://www.g2.com/products/mineos/reviews
[2026-02-27T04:42:48.494Z]   EXT: https://www.g2crowd.com/static/privacy
[2026-02-27T04:42:48.494Z]   EXT: https://www.linkedin.com/company/mineos
[2026-02-27T04:42:48.494Z]   EXT: https://www.linkedin.com/legal/privacy-policy
[2026-02-27T04:42:48.494Z]   EXT: https://www.taboola.com/privacy-policy
[2026-02-27T04:42:48.494Z]   EXT: https://www.zoominfo.com/legal/privacy-policy
[2026-02-27T04:42:48.495Z] ── Step 1: Programmatic categorization ──
[2026-02-27T04:42:48.495Z]   UNCATEGORIZED: https://business.safety.google/privacy
[2026-02-27T04:42:48.496Z]   UNCATEGORIZED: https://legal.hubspot.com/privacy-policy
[2026-02-27T04:42:48.496Z]   UNCATEGORIZED: https://portal.saymine.com
[2026-02-27T04:42:48.496Z]   UNCATEGORIZED: https://privacy.microsoft.com/en-US/privacystatement
[2026-02-27T04:42:48.496Z]   UNCATEGORIZED: https://www.adobe.com/privacy.html
[2026-02-27T04:42:48.496Z]   UNCATEGORIZED: https://www.cookiebot.com
[2026-02-27T04:42:48.497Z]   UNCATEGORIZED: https://www.cookiebot.com/en/what-is-behind-powered-by-cookiebot/?utm_source=banner_cb&utm_medium=referral&utm_content=v2
[2026-02-27T04:42:48.497Z]   UNCATEGORIZED: https://www.cookiebot.com/goto/privacy-policy
[2026-02-27T04:42:48.497Z]   UNCATEGORIZED: https://www.g2.com/products/mineos/reviews
[2026-02-27T04:42:48.497Z]   UNCATEGORIZED: https://www.g2crowd.com/static/privacy
[2026-02-27T04:42:48.497Z]   REGEX: li <- https://www.linkedin.com/company/mineos
[2026-02-27T04:42:48.498Z]   UNCATEGORIZED: https://www.taboola.com/privacy-policy
[2026-02-27T04:42:48.498Z]   UNCATEGORIZED: https://www.zoominfo.com/legal/privacy-policy
[2026-02-27T04:42:48.498Z] ── Step 1b: Resolving 3 regex-domain URLs via redirect ──
[2026-02-27T04:42:48.498Z]   SKIP (regex domain, no match): https://twitter.com/en/privacy
[2026-02-27T04:42:48.498Z]   SKIP (regex domain, no match): https://www.facebook.com/policy.php
[2026-02-27T04:42:48.498Z]   SKIP (regex domain, no match): https://www.linkedin.com/legal/privacy-policy
[2026-02-27T04:42:48.498Z] Programmatic result: ws:3, li:1 | 12 uncategorized
[2026-02-27T04:42:48.499Z] Sending uncategorized links + HTML sections to AI for analysis...
[2026-02-27T04:42:48.500Z] Saved AI prompt (12159 chars) to ai_prompt.txt
[2026-02-27T04:45:31.537Z] Saved AI response to ai_response.json
[2026-02-27T04:45:31.539Z] ── Parsing AI response (35 lines) ──
[2026-02-27T04:45:31.539Z]   AI LINK: https://www.mineos.ai/inventory-discovery
[2026-02-27T04:45:31.539Z]   AI LINK: https://www.mineos.ai/data-classification
[2026-02-27T04:45:31.539Z]   AI LINK: https://www.mineos.ai/dsr-automation
[2026-02-27T04:45:31.539Z]   AI LINK: https://www.mineos.ai/privacy-center
[2026-02-27T04:45:31.540Z]   AI LINK: https://www.mineos.ai/ai-governance
[2026-02-27T04:45:31.540Z]   AI LINK: https://www.mineos.ai/privacy-risk-management
[2026-02-27T04:45:31.540Z]   AI LINK: https://www.mineos.ai/third-party-risk-management
[2026-02-27T04:45:31.540Z]   AI LINK: https://www.mineos.ai/dspm
[2026-02-27T04:45:31.540Z]   AI LINK: https://www.mineos.ai/consent-management
[2026-02-27T04:45:31.540Z]   AI LINK: https://www.mineos.ai/integrations
[2026-02-27T04:45:31.540Z]   AI LINK: https://www.mineos.ai/mira-ai
[2026-02-27T04:45:31.540Z]   AI LINK: https://www.mineos.ai/ai-strategy-program
[2026-02-27T04:45:31.540Z]   AI LINK: https://www.mineos.ai/technologies/smart-data-sampling
[2026-02-27T04:45:31.540Z]   AI LINK: https://www.mineos.ai/technologies/autopilot
[2026-02-27T04:45:31.540Z]   AI LINK: https://www.mineos.ai/technologies/live-assessments
[2026-02-27T04:45:31.540Z]   AI LINK: https://www.mineos.ai/ropa-gdpr
[2026-02-27T04:45:31.541Z]   AI LINK: https://www.mineos.ai/dpa-sub-processor-mapping
[2026-02-27T04:45:31.541Z]   AI LINK: https://www.mineos.ai/shadow-it
[2026-02-27T04:45:31.541Z]   AI LINK: https://www.mineos.ai/vendor-risk-assessment
[2026-02-27T04:45:31.541Z]   AI LINK: https://www.mineos.ai/data-policies-enforcement
[2026-02-27T04:45:31.541Z]   AI LINK: https://www.mineos.ai/hub/articles
[2026-02-27T04:45:31.541Z]   AI LINK: https://www.mineos.ai/become-a-partner
[2026-02-27T04:45:31.541Z]   AI LINK: https://docs.mineos.ai/knowledge
[2026-02-27T04:45:31.541Z]   AI LINK: https://developers.mineos.ai/
[2026-02-27T04:45:31.541Z]   AI LINK: https://www.mineos.ai/about-security
[2026-02-27T04:45:31.541Z]   AI LINK: https://www.mineos.ai/hub/hub-glossary
[2026-02-27T04:45:31.541Z]   AI LINK: https://www.mineos.ai/case-studies
[2026-02-27T04:45:31.541Z]   AI LINK: https://www.mineos.ai/legal/portal-privacy-policy
[2026-02-27T04:45:31.541Z]   AI LINK: https://www.mineos.ai/legal
[2026-02-27T04:45:31.541Z]   AI LINK: https://www.mineos.ai/legal/do-not-sell-my-personal-information
[2026-02-27T04:45:31.541Z]   AI LINK: https://www.mineos.ai/about
[2026-02-27T04:45:31.542Z]   AI LINK: https://www.mineos.ai/g2-leader
[2026-02-27T04:45:31.542Z]   AI LINK: https://www.mineos.ai/contact
[2026-02-27T04:45:31.542Z]   AI LINK: https://www.mineos.ai/careers
[2026-02-27T04:45:31.542Z]   AI LINK: https://www.linkedin.com/company/mineos/
[2026-02-27T04:45:31.542Z] AI returned 35 valid links
[2026-02-27T04:45:31.542Z] ── Categorizing 35 AI-returned links ──
[2026-02-27T04:45:31.542Z]   AI→URLS: https://www.mineos.ai/inventory-discovery
[2026-02-27T04:45:31.542Z]   AI→URLS: https://www.mineos.ai/data-classification
[2026-02-27T04:45:31.542Z]   AI→URLS: https://www.mineos.ai/dsr-automation
[2026-02-27T04:45:31.542Z]   AI→URLS: https://www.mineos.ai/privacy-center
[2026-02-27T04:45:31.542Z]   AI→URLS: https://www.mineos.ai/ai-governance
[2026-02-27T04:45:31.542Z]   AI→URLS: https://www.mineos.ai/privacy-risk-management
[2026-02-27T04:45:31.543Z]   AI→URLS: https://www.mineos.ai/third-party-risk-management
[2026-02-27T04:45:31.543Z]   AI→URLS: https://www.mineos.ai/dspm
[2026-02-27T04:45:31.543Z]   AI→URLS: https://www.mineos.ai/consent-management
[2026-02-27T04:45:31.543Z]   AI→URLS: https://www.mineos.ai/integrations
[2026-02-27T04:45:31.543Z]   AI→URLS: https://www.mineos.ai/mira-ai
[2026-02-27T04:45:31.543Z]   AI→URLS: https://www.mineos.ai/ai-strategy-program
[2026-02-27T04:45:31.543Z]   AI→URLS: https://www.mineos.ai/technologies/smart-data-sampling
[2026-02-27T04:45:31.543Z]   AI→URLS: https://www.mineos.ai/technologies/autopilot
[2026-02-27T04:45:31.543Z]   AI→URLS: https://www.mineos.ai/technologies/live-assessments
[2026-02-27T04:45:31.544Z]   AI→URLS: https://www.mineos.ai/ropa-gdpr
[2026-02-27T04:45:31.544Z]   AI→URLS: https://www.mineos.ai/dpa-sub-processor-mapping
[2026-02-27T04:45:31.544Z]   AI→URLS: https://www.mineos.ai/shadow-it
[2026-02-27T04:45:31.544Z]   AI→URLS: https://www.mineos.ai/vendor-risk-assessment
[2026-02-27T04:45:31.544Z]   AI→URLS: https://www.mineos.ai/data-policies-enforcement
[2026-02-27T04:45:31.544Z]   AI→URLS: https://www.mineos.ai/hub/articles
[2026-02-27T04:45:31.544Z]   AI→URLS: https://www.mineos.ai/become-a-partner
[2026-02-27T04:45:31.544Z]   AI→URLS: https://docs.mineos.ai/knowledge
[2026-02-27T04:45:31.544Z]   AI→URLS: https://developers.mineos.ai (cleaned from https://developers.mineos.ai/)
[2026-02-27T04:45:31.544Z]   AI→URLS: https://www.mineos.ai/about-security
[2026-02-27T04:45:31.544Z]   AI→URLS: https://www.mineos.ai/hub/hub-glossary
[2026-02-27T04:45:31.545Z]   AI→URLS: https://www.mineos.ai/case-studies
[2026-02-27T04:45:31.545Z]   AI→URLS: https://www.mineos.ai/legal/portal-privacy-policy
[2026-02-27T04:45:31.545Z]   AI→URLS: https://www.mineos.ai/legal
[2026-02-27T04:45:31.545Z]   AI→URLS: https://www.mineos.ai/legal/do-not-sell-my-personal-information
[2026-02-27T04:45:31.545Z]   AI→URLS: https://www.mineos.ai/about
[2026-02-27T04:45:31.545Z]   AI→URLS: https://www.mineos.ai/g2-leader
[2026-02-27T04:45:31.545Z]   AI→URLS: https://www.mineos.ai/contact
[2026-02-27T04:45:31.545Z]   AI→URLS: https://www.mineos.ai/careers
[2026-02-27T04:45:31.545Z]   AI→REGEX: li <- https://www.linkedin.com/company/mineos/ (duplicate, skipped)
[2026-02-27T04:45:31.547Z] ── Step 2b: Footer/header uncategorized links ──
[2026-02-27T04:45:31.547Z] Footer/header origins (5):
[2026-02-27T04:45:31.547Z]   FOOTER/HEADER ORIGIN: https://www.mineos.ai
[2026-02-27T04:45:31.547Z]   FOOTER/HEADER ORIGIN: https://docs.mineos.ai
[2026-02-27T04:45:31.548Z]   FOOTER/HEADER ORIGIN: https://developers.mineos.ai
[2026-02-27T04:45:31.548Z]   FOOTER/HEADER ORIGIN: https://www.linkedin.com
[2026-02-27T04:45:31.548Z]   FOOTER/HEADER ORIGIN: https://portal.saymine.com
[2026-02-27T04:45:31.548Z]   SKIP (not in footer/header): https://business.safety.google/privacy
[2026-02-27T04:45:31.548Z]   SKIP (not in footer/header): https://legal.hubspot.com/privacy-policy
[2026-02-27T04:45:31.548Z]   ADDED: urls <- https://portal.saymine.com
[2026-02-27T04:45:31.548Z]   SKIP (not in footer/header): https://privacy.microsoft.com/en-US/privacystatement
[2026-02-27T04:45:31.548Z]   SKIP (not in footer/header): https://www.adobe.com/privacy.html
[2026-02-27T04:45:31.548Z]   SKIP (not in footer/header): https://www.cookiebot.com
[2026-02-27T04:45:31.548Z]   SKIP (not in footer/header): https://www.cookiebot.com/en/what-is-behind-powered-by-cookiebot/?utm_source=banner_cb&utm_medium=referral&utm_content=v2
[2026-02-27T04:45:31.548Z]   SKIP (not in footer/header): https://www.cookiebot.com/goto/privacy-policy
[2026-02-27T04:45:31.549Z]   SKIP (not in footer/header): https://www.g2.com/products/mineos/reviews
[2026-02-27T04:45:31.549Z]   SKIP (not in footer/header): https://www.g2crowd.com/static/privacy
[2026-02-27T04:45:31.549Z]   SKIP (not in footer/header): https://www.taboola.com/privacy-policy
[2026-02-27T04:45:31.549Z]   SKIP (not in footer/header): https://www.zoominfo.com/legal/privacy-policy
[2026-02-27T04:45:31.549Z] Step 2b result: added 1 uncategorized domains from footer/header
[2026-02-27T04:45:31.549Z] ── Step 3: Final dedup ──
[2026-02-27T04:45:31.549Z] Dedup: removed 0 of 35 URLs already in specialized fields
[2026-02-27T04:45:31.549Z] ── FINAL RESULT ──
[2026-02-27T04:45:31.549Z]   ws (3):
[2026-02-27T04:45:31.549Z]     - https://developers.mineos.ai
[2026-02-27T04:45:31.550Z]     - https://docs.mineos.ai
[2026-02-27T04:45:31.550Z]     - https://www.mineos.ai/
[2026-02-27T04:45:31.550Z]   li (1):
[2026-02-27T04:45:31.550Z]     - https://www.linkedin.com/company/mineos
[2026-02-27T04:45:31.550Z]   urls (35):
[2026-02-27T04:45:31.550Z]     - https://developers.mineos.ai
[2026-02-27T04:45:31.550Z]     - https://docs.mineos.ai/knowledge
[2026-02-27T04:45:31.550Z]     - https://portal.saymine.com
[2026-02-27T04:45:31.550Z]     - https://www.mineos.ai/about
[2026-02-27T04:45:31.550Z]     - https://www.mineos.ai/about-security
[2026-02-27T04:45:31.550Z]     - https://www.mineos.ai/ai-governance
[2026-02-27T04:45:31.550Z]     - https://www.mineos.ai/ai-strategy-program
[2026-02-27T04:45:31.551Z]     - https://www.mineos.ai/become-a-partner
[2026-02-27T04:45:31.551Z]     - https://www.mineos.ai/careers
[2026-02-27T04:45:31.551Z]     - https://www.mineos.ai/case-studies
[2026-02-27T04:45:31.551Z]     - https://www.mineos.ai/consent-management
[2026-02-27T04:45:31.551Z]     - https://www.mineos.ai/contact
[2026-02-27T04:45:31.551Z]     - https://www.mineos.ai/data-classification
[2026-02-27T04:45:31.551Z]     - https://www.mineos.ai/data-policies-enforcement
[2026-02-27T04:45:31.551Z]     - https://www.mineos.ai/dpa-sub-processor-mapping
[2026-02-27T04:45:31.551Z]     - https://www.mineos.ai/dspm
[2026-02-27T04:45:31.551Z]     - https://www.mineos.ai/dsr-automation
[2026-02-27T04:45:31.551Z]     - https://www.mineos.ai/g2-leader
[2026-02-27T04:45:31.551Z]     - https://www.mineos.ai/hub/articles
[2026-02-27T04:45:31.551Z]     - https://www.mineos.ai/hub/hub-glossary
[2026-02-27T04:45:31.551Z]     - https://www.mineos.ai/integrations
[2026-02-27T04:45:31.551Z]     - https://www.mineos.ai/inventory-discovery
[2026-02-27T04:45:31.551Z]     - https://www.mineos.ai/legal
[2026-02-27T04:45:31.552Z]     - https://www.mineos.ai/legal/do-not-sell-my-personal-information
[2026-02-27T04:45:31.552Z]     - https://www.mineos.ai/legal/portal-privacy-policy
[2026-02-27T04:45:31.552Z]     - https://www.mineos.ai/mira-ai
[2026-02-27T04:45:31.552Z]     - https://www.mineos.ai/privacy-center
[2026-02-27T04:45:31.552Z]     - https://www.mineos.ai/privacy-risk-management
[2026-02-27T04:45:31.552Z]     - https://www.mineos.ai/ropa-gdpr
[2026-02-27T04:45:31.552Z]     - https://www.mineos.ai/shadow-it
[2026-02-27T04:45:31.552Z]     - https://www.mineos.ai/technologies/autopilot
[2026-02-27T04:45:31.552Z]     - https://www.mineos.ai/technologies/live-assessments
[2026-02-27T04:45:31.552Z]     - https://www.mineos.ai/technologies/smart-data-sampling
[2026-02-27T04:45:31.552Z]     - https://www.mineos.ai/third-party-risk-management
[2026-02-27T04:45:31.552Z]     - https://www.mineos.ai/vendor-risk-assessment
[2026-02-27T04:45:31.552Z] Summary: ws:3, li:1, urls:35
[2026-02-27T04:45:31.554Z] Saved final result to result.json
[2026-02-27T04:45:31.555Z] Override fields: ws, li, urls
[2026-02-27T04:45:31.555Z] Finished at: 2026-02-27T04:45:31.555Z
