[2026-03-07T14:43:32.607Z] === Homepage AI Extractor: EVR Motors Ltd ===
[2026-03-07T14:43:32.607Z] Started at: 2026-03-07T14:43:32.607Z
[2026-03-07T14:43:32.608Z] Log directory: E:\code\The Wall\mono\packages\scrapper\logs\homepage_ai_extractor\1772894612607_EVR_Motors_Ltd
[2026-03-07T14:43:32.608Z] Company: EVR Motors Ltd
[2026-03-07T14:43:32.608Z] Website: evr-motors.com
[2026-03-07T14:43:32.608Z] cbRank: 263764
[2026-03-07T14:43:32.608Z] Reasons: h
[2026-03-07T14:43:32.608Z] Fetching: https://evr-motors.com
[2026-03-07T14:43:35.175Z] Redirected: https://evr-motors.com -> https://evr-motors.com/
[2026-03-07T14:43:35.180Z] Saved HTML (80289 bytes) to page.html
[2026-03-07T14:43:35.183Z] Extracted 15 unique links from page
[2026-03-07T14:43:35.184Z] Saved 15 links to links.json
[2026-03-07T14:43:35.187Z] Extracted footer HTML (4864 chars)
[2026-03-07T14:43:35.187Z] Extracted header HTML (1782 chars)
[2026-03-07T14:43:35.192Z] Website (post-redirect): https://evr-motors.com/ → origin: https://evr-motors.com
[2026-03-07T14:43:35.192Z] External links: 3 (of 15 total)
[2026-03-07T14:43:35.192Z] ── All external links ──
[2026-03-07T14:43:35.192Z]   EXT: https://dvivodesign.com
[2026-03-07T14:43:35.192Z]   EXT: https://www.linkedin.com/company/evr-motors
[2026-03-07T14:43:35.192Z]   EXT: https://www.linkedin.com/company/evr-motors/jobs
[2026-03-07T14:43:35.192Z] ── Step 1: Programmatic categorization ──
[2026-03-07T14:43:35.192Z]   UNCATEGORIZED: https://dvivodesign.com
[2026-03-07T14:43:35.192Z]   REGEX: li <- https://www.linkedin.com/company/evr-motors
[2026-03-07T14:43:35.192Z]   REGEX: li <- https://www.linkedin.com/company/evr-motors/jobs (duplicate, skipped)
[2026-03-07T14:43:35.193Z] Programmatic result: ws:1, li:1 | 1 uncategorized
[2026-03-07T14:43:35.193Z] Sending uncategorized links + HTML sections to AI for analysis...
[2026-03-07T14:43:35.193Z] Saved AI prompt (3388 chars) to ai_prompt.txt
[2026-03-07T14:43:53.877Z] Saved AI response to ai_response.json
[2026-03-07T14:43:53.877Z] ── Parsing AI response (2 lines) ──
[2026-03-07T14:43:53.878Z]   AI LINK: https://www.linkedin.com/company/evr-motors/jobs/
[2026-03-07T14:43:53.878Z]   AI LINK: https://www.linkedin.com/company/evr-motors/
[2026-03-07T14:43:53.878Z] AI returned 2 valid links
[2026-03-07T14:43:53.878Z] ── Categorizing 2 AI-returned links ──
[2026-03-07T14:43:53.878Z]   AI→REGEX: li <- https://www.linkedin.com/company/evr-motors/jobs/ (duplicate, skipped)
[2026-03-07T14:43:53.878Z]   AI→REGEX: li <- https://www.linkedin.com/company/evr-motors/ (duplicate, skipped)
[2026-03-07T14:43:53.878Z] ── Step 2b: Footer/header uncategorized links ──
[2026-03-07T14:43:53.878Z] Footer/header origins (3):
[2026-03-07T14:43:53.878Z]   FOOTER/HEADER ORIGIN: https://evr-motors.com
[2026-03-07T14:43:53.878Z]   FOOTER/HEADER ORIGIN: https://www.linkedin.com
[2026-03-07T14:43:53.879Z]   FOOTER/HEADER ORIGIN: https://dvivodesign.com
[2026-03-07T14:43:53.879Z]   ADDED: urls <- https://dvivodesign.com
[2026-03-07T14:43:53.879Z] Step 2b result: added 1 uncategorized domains from footer/header
[2026-03-07T14:43:53.879Z] ── Step 3: Final dedup ──
[2026-03-07T14:43:53.879Z] Dedup: removed 0 of 1 URLs already in specialized fields
[2026-03-07T14:43:53.879Z] ── FINAL RESULT ──
[2026-03-07T14:43:53.879Z]   ws (1):
[2026-03-07T14:43:53.879Z]     - https://evr-motors.com
[2026-03-07T14:43:53.879Z]   li (1):
[2026-03-07T14:43:53.879Z]     - https://www.linkedin.com/company/evr-motors
[2026-03-07T14:43:53.879Z]   urls (1):
[2026-03-07T14:43:53.879Z]     - https://dvivodesign.com
[2026-03-07T14:43:53.879Z] Summary: ws:1, li:1, urls:1
[2026-03-07T14:43:53.880Z] Saved final result to result.json
[2026-03-07T14:43:53.880Z] Override fields: ws, li, urls
[2026-03-07T14:43:53.880Z] Finished at: 2026-03-07T14:43:53.880Z
