[2026-03-06T09:44:12.671Z] === Homepage AI Extractor: KolorPen ===
[2026-03-06T09:44:12.671Z] Started at: 2026-03-06T09:44:12.671Z
[2026-03-06T09:44:12.671Z] Log directory: E:\code\The Wall\mono\packages\scrapper\logs\homepage_ai_extractor\1772790252670_KolorPen
[2026-03-06T09:44:12.671Z] Company: KolorPen
[2026-03-06T09:44:12.671Z] Website: kolorpen.com
[2026-03-06T09:44:12.671Z] cbRank: 191181
[2026-03-06T09:44:12.672Z] Reasons: h
[2026-03-06T09:44:12.672Z] Fetching: https://kolorpen.com
[2026-03-06T09:44:16.045Z] Redirected: https://kolorpen.com -> https://kolorpen.com/
[2026-03-06T09:44:16.069Z] Saved HTML (784272 bytes) to page.html
[2026-03-06T09:44:16.074Z] Extracted 35 unique links from page
[2026-03-06T09:44:16.074Z] Saved 35 links to links.json
[2026-03-06T09:44:16.078Z] No footer section found in DOM
[2026-03-06T09:44:16.078Z] Extracted header HTML (5445 chars)
[2026-03-06T09:44:16.082Z] Website (post-redirect): https://kolorpen.com/ → origin: https://kolorpen.com
[2026-03-06T09:44:16.082Z] External links: 5 (of 35 total)
[2026-03-06T09:44:16.082Z] ── All external links ──
[2026-03-06T09:44:16.082Z]   EXT: http://www.multi-jets.com
[2026-03-06T09:44:16.082Z]   EXT: https://multi-jets.com
[2026-03-06T09:44:16.083Z]   EXT: https://sgo.co.il
[2026-03-06T09:44:16.083Z]   EXT: https://www.enable.co.il
[2026-03-06T09:44:16.083Z]   EXT: https://www.upress.co.il
[2026-03-06T09:44:16.083Z] ── Step 1: Programmatic categorization ──
[2026-03-06T09:44:16.083Z]   UNCATEGORIZED: http://www.multi-jets.com
[2026-03-06T09:44:16.084Z]   UNCATEGORIZED: https://multi-jets.com
[2026-03-06T09:44:16.084Z]   UNCATEGORIZED: https://sgo.co.il
[2026-03-06T09:44:16.084Z]   UNCATEGORIZED: https://www.enable.co.il
[2026-03-06T09:44:16.084Z]   UNCATEGORIZED: https://www.upress.co.il
[2026-03-06T09:44:16.084Z] Programmatic result: ws:1 | 5 uncategorized
[2026-03-06T09:44:16.084Z] Sending uncategorized links + HTML sections to AI for analysis...
[2026-03-06T09:44:16.085Z] Saved AI prompt (2048 chars) to ai_prompt.txt
[2026-03-06T09:44:21.624Z] Saved AI response to ai_response.json
[2026-03-06T09:44:21.625Z] ── Parsing AI response (1 lines) ──
[2026-03-06T09:44:21.625Z] AI returned 0 valid links
[2026-03-06T09:44:21.625Z] ── Categorizing 0 AI-returned links ──
[2026-03-06T09:44:21.625Z] ── Step 2b: Footer/header uncategorized links ──
[2026-03-06T09:44:21.625Z] Footer/header origins (1):
[2026-03-06T09:44:21.625Z]   FOOTER/HEADER ORIGIN: https://kolorpen.com
[2026-03-06T09:44:21.625Z]   SKIP (not in footer/header): http://www.multi-jets.com
[2026-03-06T09:44:21.625Z]   SKIP (not in footer/header): https://multi-jets.com
[2026-03-06T09:44:21.626Z]   SKIP (not in footer/header): https://sgo.co.il
[2026-03-06T09:44:21.626Z]   SKIP (not in footer/header): https://www.enable.co.il
[2026-03-06T09:44:21.626Z]   SKIP (not in footer/header): https://www.upress.co.il
[2026-03-06T09:44:21.626Z] Step 2b result: added 0 uncategorized domains from footer/header
[2026-03-06T09:44:21.626Z] ── Step 3: Final dedup ──
[2026-03-06T09:44:21.626Z] No urls to dedup
[2026-03-06T09:44:21.626Z] ── FINAL RESULT ──
[2026-03-06T09:44:21.626Z]   ws (1):
[2026-03-06T09:44:21.626Z]     - https://kolorpen.com
[2026-03-06T09:44:21.626Z] Summary: ws:1
[2026-03-06T09:44:21.627Z] Saved final result to result.json
[2026-03-06T09:44:21.627Z] Override fields: ws
[2026-03-06T09:44:21.627Z] Finished at: 2026-03-06T09:44:21.627Z
