[2026-03-01T18:37:33.754Z] === Homepage AI Extractor: 3d Signals ===
[2026-03-01T18:37:33.754Z] Started at: 2026-03-01T18:37:33.754Z
[2026-03-01T18:37:33.754Z] Log directory: E:\code\The Wall\mono\packages\scrapper\logs\homepage_ai_extractor\1772390253753_3d_Signals
[2026-03-01T18:37:33.754Z] Company: 3d Signals
[2026-03-01T18:37:33.754Z] Website: 3dsignals.com
[2026-03-01T18:37:33.754Z] cbRank: 37119
[2026-03-01T18:37:33.754Z] Reasons: h
[2026-03-01T18:37:33.754Z] Fetching: https://3dsignals.com
[2026-03-01T18:37:36.110Z] Redirected: https://3dsignals.com -> https://3dsignals.com/
[2026-03-01T18:37:36.120Z] Saved HTML (132645 bytes) to page.html
[2026-03-01T18:37:36.129Z] Extracted 33 unique links from page
[2026-03-01T18:37:36.129Z] Saved 33 links to links.json
[2026-03-01T18:37:36.136Z] Extracted footer HTML (8794 chars)
[2026-03-01T18:37:36.137Z] Extracted header HTML (9016 chars)
[2026-03-01T18:37:36.143Z] Website (post-redirect): https://3dsignals.com/ → origin: https://3dsignals.com
[2026-03-01T18:37:36.143Z] External links: 10 (of 33 total)
[2026-03-01T18:37:36.143Z] ── All external links ──
[2026-03-01T18:37:36.143Z]   EXT: https://dview.3dsignals.io
[2026-03-01T18:37:36.143Z]   EXT: https://twitter.com/3dSignals
[2026-03-01T18:37:36.143Z]   EXT: https://www.facebook.com/3dsignals/?ref=br_rs
[2026-03-01T18:37:36.143Z]   EXT: https://www.linkedin.com/company/3dsignals
[2026-03-01T18:37:36.144Z]   EXT: https://www.xing.com/companies/3dsignals
[2026-03-01T18:37:36.144Z]   EXT: https://www.youtube.com/channel/UCzYjPabDdOHXtm9_4C0rYjQ
[2026-03-01T18:37:36.144Z]   EXT: https://www.youtube.com/watch?v=XO9xllutKHg
[2026-03-01T18:37:36.144Z]   EXT: https://www.youtube.com/watch?v=oNtI7Lych9I
[2026-03-01T18:37:36.144Z]   EXT: https://youtu.be/9P4xO6UnLKc
[2026-03-01T18:37:36.144Z]   EXT: https://youtu.be/lP_oupboRNM
[2026-03-01T18:37:36.144Z] ── Step 1: Programmatic categorization ──
[2026-03-01T18:37:36.144Z]   UNCATEGORIZED: https://dview.3dsignals.io
[2026-03-01T18:37:36.144Z]   REGEX: tw <- https://twitter.com/3dSignals
[2026-03-01T18:37:36.144Z]   REGEX: fb <- https://www.facebook.com/3dsignals/?ref=br_rs
[2026-03-01T18:37:36.144Z]   REGEX: li <- https://www.linkedin.com/company/3dsignals
[2026-03-01T18:37:36.144Z]   UNCATEGORIZED: https://www.xing.com/companies/3dsignals
[2026-03-01T18:37:36.145Z]   REGEX: ytc <- https://www.youtube.com/channel/UCzYjPabDdOHXtm9_4C0rYjQ
[2026-03-01T18:37:36.145Z]   UNCATEGORIZED: https://youtu.be/9P4xO6UnLKc
[2026-03-01T18:37:36.145Z]   UNCATEGORIZED: https://youtu.be/lP_oupboRNM
[2026-03-01T18:37:36.145Z] ── Step 1b: Resolving 2 regex-domain URLs via redirect ──
[2026-03-01T18:37:36.145Z]   SKIP (regex domain, no match): https://www.youtube.com/watch?v=XO9xllutKHg
[2026-03-01T18:37:36.145Z]   SKIP (regex domain, no match): https://www.youtube.com/watch?v=oNtI7Lych9I
[2026-03-01T18:37:36.145Z] Programmatic result: ws:1, tw:1, fb:1, li:1, ytc:1 | 4 uncategorized
[2026-03-01T18:37:36.145Z] Sending uncategorized links + HTML sections to AI for analysis...
[2026-03-01T18:37:36.146Z] Saved AI prompt (6320 chars) to ai_prompt.txt
[2026-03-01T18:38:21.127Z] Saved AI response to ai_response.json
[2026-03-01T18:38:21.127Z] ── Parsing AI response (6 lines) ──
[2026-03-01T18:38:21.127Z]   AI LINK: https://www.linkedin.com/company/3dsignals/
[2026-03-01T18:38:21.128Z]   AI LINK: https://twitter.com/3dSignals
[2026-03-01T18:38:21.128Z]   AI LINK: https://www.youtube.com/channel/UCzYjPabDdOHXtm9_4C0rYjQ
[2026-03-01T18:38:21.128Z]   AI LINK: https://www.facebook.com/3dsignals/?ref=br_rs
[2026-03-01T18:38:21.128Z]   AI LINK: https://www.xing.com/companies/3dsignals
[2026-03-01T18:38:21.128Z]   AI LINK: https://dview.3dsignals.io
[2026-03-01T18:38:21.128Z] AI returned 6 valid links
[2026-03-01T18:38:21.128Z] ── Categorizing 6 AI-returned links ──
[2026-03-01T18:38:21.128Z]   AI→REGEX: li <- https://www.linkedin.com/company/3dsignals/ (duplicate, skipped)
[2026-03-01T18:38:21.128Z]   AI→REGEX: tw <- https://twitter.com/3dSignals (duplicate, skipped)
[2026-03-01T18:38:21.128Z]   AI→REGEX: ytc <- https://www.youtube.com/channel/UCzYjPabDdOHXtm9_4C0rYjQ (duplicate, skipped)
[2026-03-01T18:38:21.128Z]   AI→REGEX: fb <- https://www.facebook.com/3dsignals/?ref=br_rs (duplicate, skipped)
[2026-03-01T18:38:21.128Z]   AI→URLS: https://www.xing.com/companies/3dsignals
[2026-03-01T18:38:21.129Z]   AI→URLS: https://dview.3dsignals.io
[2026-03-01T18:38:21.130Z] ── Step 2b: Footer/header uncategorized links ──
[2026-03-01T18:38:21.130Z] Footer/header origins (7):
[2026-03-01T18:38:21.130Z]   FOOTER/HEADER ORIGIN: https://www.linkedin.com
[2026-03-01T18:38:21.130Z]   FOOTER/HEADER ORIGIN: https://twitter.com
[2026-03-01T18:38:21.130Z]   FOOTER/HEADER ORIGIN: https://www.youtube.com
[2026-03-01T18:38:21.130Z]   FOOTER/HEADER ORIGIN: https://www.facebook.com
[2026-03-01T18:38:21.130Z]   FOOTER/HEADER ORIGIN: https://www.xing.com
[2026-03-01T18:38:21.130Z]   FOOTER/HEADER ORIGIN: https://3dsignals.com
[2026-03-01T18:38:21.130Z]   FOOTER/HEADER ORIGIN: https://dview.3dsignals.io
[2026-03-01T18:38:21.131Z]   SKIP (AI claimed): https://dview.3dsignals.io
[2026-03-01T18:38:21.131Z]   SKIP (AI claimed): https://www.xing.com/companies/3dsignals
[2026-03-01T18:38:21.131Z]   SKIP (not in footer/header): https://youtu.be/9P4xO6UnLKc
[2026-03-01T18:38:21.131Z]   SKIP (not in footer/header): https://youtu.be/lP_oupboRNM
[2026-03-01T18:38:21.131Z] Step 2b result: added 0 uncategorized domains from footer/header
[2026-03-01T18:38:21.131Z] ── Step 3: Final dedup ──
[2026-03-01T18:38:21.131Z] Dedup: removed 0 of 2 URLs already in specialized fields
[2026-03-01T18:38:21.131Z] ── FINAL RESULT ──
[2026-03-01T18:38:21.131Z]   ws (1):
[2026-03-01T18:38:21.131Z]     - https://3dsignals.com
[2026-03-01T18:38:21.131Z]   li (1):
[2026-03-01T18:38:21.131Z]     - https://www.linkedin.com/company/3dsignals
[2026-03-01T18:38:21.131Z]   fb (1):
[2026-03-01T18:38:21.132Z]     - https://www.facebook.com/3dsignals
[2026-03-01T18:38:21.132Z]   tw (1):
[2026-03-01T18:38:21.132Z]     - https://x.com/3dsignals
[2026-03-01T18:38:21.132Z]   ytc (1):
[2026-03-01T18:38:21.132Z]     - https://www.youtube.com/channel/uczyjpabddohxtm9_4c0ryjq
[2026-03-01T18:38:21.132Z]   urls (2):
[2026-03-01T18:38:21.132Z]     - https://dview.3dsignals.io
[2026-03-01T18:38:21.132Z]     - https://www.xing.com/companies/3dsignals
[2026-03-01T18:38:21.132Z] Summary: ws:1, tw:1, fb:1, li:1, ytc:1, urls:2
[2026-03-01T18:38:21.133Z] Saved final result to result.json
[2026-03-01T18:38:21.133Z] Override fields: ws, li, fb, tw, ytc, urls
[2026-03-01T18:38:21.133Z] Finished at: 2026-03-01T18:38:21.133Z
