[2026-03-01T19:28:34.861Z] === Homepage AI Extractor: Honeydew ===
[2026-03-01T19:28:34.861Z] Started at: 2026-03-01T19:28:34.861Z
[2026-03-01T19:28:34.861Z] Log directory: E:\code\The Wall\mono\packages\scrapper\logs\homepage_ai_extractor\1772393314860_Honeydew
[2026-03-01T19:28:34.861Z] Company: Honeydew
[2026-03-01T19:28:34.861Z] Website: honeydew.ai
[2026-03-01T19:28:34.861Z] cbRank: 39691
[2026-03-01T19:28:34.861Z] Reasons: h
[2026-03-01T19:28:34.861Z] Fetching: https://honeydew.ai
[2026-03-01T19:28:36.561Z] Redirected: https://honeydew.ai -> https://honeydew.ai/
[2026-03-01T19:28:36.574Z] Saved HTML (294400 bytes) to page.html
[2026-03-01T19:28:36.578Z] Extracted 37 unique links from page
[2026-03-01T19:28:36.579Z] Saved 37 links to links.json
[2026-03-01T19:28:36.585Z] Extracted footer HTML (6021 chars)
[2026-03-01T19:28:36.585Z] Extracted header HTML (13222 chars)
[2026-03-01T19:28:36.590Z] Website (post-redirect): https://honeydew.ai/ → origin: https://honeydew.ai
[2026-03-01T19:28:36.591Z] External links: 6 (of 37 total)
[2026-03-01T19:28:36.591Z] ── All external links ──
[2026-03-01T19:28:36.591Z]   EXT: https://app.honeydew.cloud
[2026-03-01T19:28:36.591Z]   EXT: https://app.snowflake.com/marketplace/listing/GZTSZ14KQ9/honeydew-semantic-layer
[2026-03-01T19:28:36.591Z]   EXT: https://d2n13204.na1.hs-sales-engage.com/Ctc/2O+23284/d2N13204/Jks2-6qcW69sMD-6lZ3m1W4rlVn67b45FfW8YGgzv541ShpW1NwmPr7D9sbPW7Hkfd_94jgr1W2_kNdW5JPrGRN95LDx_7NTgQVhx1lS1xvHnBW2GJ06x2WQNCtW2sDW-h7dPBTGW1Whzdr63lFk8W71VqBc7j6QcyW6ZptLv7gFl80W5tD3Z33mQgNJVfRKRM5ym-sLMBPrY8PM5-yW6dgwZc16qv5yW3fCj7d8Lg9F2W27bfZp9lt90MN5-xP4P8q7FHW5LYyhJ8GynK1f8Z81N604
[2026-03-01T19:28:36.591Z]   EXT: https://github.com/honeydew-ai
[2026-03-01T19:28:36.591Z]   EXT: https://www.linkedin.com/company/honeydewai
[2026-03-01T19:28:36.591Z]   EXT: https://x.com/honeydewai
[2026-03-01T19:28:36.591Z] ── Step 1: Programmatic categorization ──
[2026-03-01T19:28:36.592Z]   UNCATEGORIZED: https://app.honeydew.cloud
[2026-03-01T19:28:36.592Z]   UNCATEGORIZED: https://app.snowflake.com/marketplace/listing/GZTSZ14KQ9/honeydew-semantic-layer
[2026-03-01T19:28:36.592Z]   UNCATEGORIZED: https://d2n13204.na1.hs-sales-engage.com/Ctc/2O+23284/d2N13204/Jks2-6qcW69sMD-6lZ3m1W4rlVn67b45FfW8YGgzv541ShpW1NwmPr7D9sbPW7Hkfd_94jgr1W2_kNdW5JPrGRN95LDx_7NTgQVhx1lS1xvHnBW2GJ06x2WQNCtW2sDW-h7dPBTGW1Whzdr63lFk8W71VqBc7j6QcyW6ZptLv7gFl80W5tD3Z33mQgNJVfRKRM5ym-sLMBPrY8PM5-yW6dgwZc16qv5yW3fCj7d8Lg9F2W27bfZp9lt90MN5-xP4P8q7FHW5LYyhJ8GynK1f8Z81N604
[2026-03-01T19:28:36.592Z]   REGEX: gh <- https://github.com/honeydew-ai
[2026-03-01T19:28:36.592Z]   REGEX: li <- https://www.linkedin.com/company/honeydewai
[2026-03-01T19:28:36.592Z]   REGEX: tw <- https://x.com/honeydewai
[2026-03-01T19:28:36.592Z] Programmatic result: ws:1, gh:1, li:1, tw:1 | 3 uncategorized
[2026-03-01T19:28:36.592Z] Sending uncategorized links + HTML sections to AI for analysis...
[2026-03-01T19:28:36.593Z] Saved AI prompt (5518 chars) to ai_prompt.txt
[2026-03-01T19:29:20.123Z] Saved AI response to ai_response.json
[2026-03-01T19:29:20.128Z] ── Parsing AI response (5 lines) ──
[2026-03-01T19:29:20.129Z]   AI LINK: https://app.honeydew.cloud
[2026-03-01T19:29:20.129Z]   AI LINK: https://app.snowflake.com/marketplace/listing/GZTSZ14KQ9/honeydew-semantic-layer
[2026-03-01T19:29:20.129Z]   AI LINK: https://www.linkedin.com/company/honeydewai/
[2026-03-01T19:29:20.129Z]   AI LINK: https://github.com/honeydew-ai
[2026-03-01T19:29:20.130Z]   AI LINK: https://x.com/honeydewai
[2026-03-01T19:29:20.130Z] AI returned 5 valid links
[2026-03-01T19:29:20.130Z] ── Categorizing 5 AI-returned links ──
[2026-03-01T19:29:20.134Z]   AI→URLS: https://app.honeydew.cloud
[2026-03-01T19:29:20.134Z]   AI→URLS: https://app.snowflake.com/marketplace/listing/GZTSZ14KQ9/honeydew-semantic-layer
[2026-03-01T19:29:20.135Z]   AI→REGEX: li <- https://www.linkedin.com/company/honeydewai/ (duplicate, skipped)
[2026-03-01T19:29:20.135Z]   AI→REGEX: gh <- https://github.com/honeydew-ai (duplicate, skipped)
[2026-03-01T19:29:20.135Z]   AI→REGEX: tw <- https://x.com/honeydewai (duplicate, skipped)
[2026-03-01T19:29:20.141Z] ── Step 2b: Footer/header uncategorized links ──
[2026-03-01T19:29:20.141Z] Footer/header origins (7):
[2026-03-01T19:29:20.141Z]   FOOTER/HEADER ORIGIN: https://honeydew.ai
[2026-03-01T19:29:20.141Z]   FOOTER/HEADER ORIGIN: https://app.snowflake.com
[2026-03-01T19:29:20.141Z]   FOOTER/HEADER ORIGIN: https://d2n13204.na1.hs-sales-engage.com
[2026-03-01T19:29:20.142Z]   FOOTER/HEADER ORIGIN: https://www.linkedin.com
[2026-03-01T19:29:20.142Z]   FOOTER/HEADER ORIGIN: https://github.com
[2026-03-01T19:29:20.142Z]   FOOTER/HEADER ORIGIN: https://x.com
[2026-03-01T19:29:20.142Z]   FOOTER/HEADER ORIGIN: https://app.honeydew.cloud
[2026-03-01T19:29:20.142Z]   SKIP (AI claimed): https://app.honeydew.cloud
[2026-03-01T19:29:20.142Z]   SKIP (AI claimed): https://app.snowflake.com/marketplace/listing/GZTSZ14KQ9/honeydew-semantic-layer
[2026-03-01T19:29:20.142Z]   ADDED: urls <- https://d2n13204.na1.hs-sales-engage.com/Ctc/2O+23284/d2N13204/Jks2-6qcW69sMD-6lZ3m1W4rlVn67b45FfW8YGgzv541ShpW1NwmPr7D9sbPW7Hkfd_94jgr1W2_kNdW5JPrGRN95LDx_7NTgQVhx1lS1xvHnBW2GJ06x2WQNCtW2sDW-h7dPBTGW1Whzdr63lFk8W71VqBc7j6QcyW6ZptLv7gFl80W5tD3Z33mQgNJVfRKRM5ym-sLMBPrY8PM5-yW6dgwZc16qv5yW3fCj7d8Lg9F2W27bfZp9lt90MN5-xP4P8q7FHW5LYyhJ8GynK1f8Z81N604
[2026-03-01T19:29:20.142Z] Step 2b result: added 1 uncategorized domains from footer/header
[2026-03-01T19:29:20.142Z] ── Step 3: Final dedup ──
[2026-03-01T19:29:20.142Z] Dedup: removed 0 of 3 URLs already in specialized fields
[2026-03-01T19:29:20.142Z] ── FINAL RESULT ──
[2026-03-01T19:29:20.142Z]   ws (1):
[2026-03-01T19:29:20.143Z]     - https://honeydew.ai
[2026-03-01T19:29:20.143Z]   li (1):
[2026-03-01T19:29:20.143Z]     - https://www.linkedin.com/company/honeydewai
[2026-03-01T19:29:20.143Z]   tw (1):
[2026-03-01T19:29:20.143Z]     - https://x.com/honeydewai
[2026-03-01T19:29:20.143Z]   gh (1):
[2026-03-01T19:29:20.143Z]     - https://github.com/honeydew-ai
[2026-03-01T19:29:20.143Z]   urls (3):
[2026-03-01T19:29:20.143Z]     - https://app.honeydew.cloud
[2026-03-01T19:29:20.143Z]     - https://app.snowflake.com/marketplace/listing/GZTSZ14KQ9/honeydew-semantic-layer
[2026-03-01T19:29:20.143Z]     - https://d2n13204.na1.hs-sales-engage.com/Ctc/2O+23284/d2N13204/Jks2-6qcW69sMD-6lZ3m1W4rlVn67b45FfW8YGgzv541ShpW1NwmPr7D9sbPW7Hkfd_94jgr1W2_kNdW5JPrGRN95LDx_7NTgQVhx1lS1xvHnBW2GJ06x2WQNCtW2sDW-h7dPBTGW1Whzdr63lFk8W71VqBc7j6QcyW6ZptLv7gFl80W5tD3Z33mQgNJVfRKRM5ym-sLMBPrY8PM5-yW6dgwZc16qv5yW3fCj7d8Lg9F2W27bfZp9lt90MN5-xP4P8q7FHW5LYyhJ8GynK1f8Z81N604
[2026-03-01T19:29:20.143Z] Summary: ws:1, gh:1, li:1, tw:1, urls:3
[2026-03-01T19:29:20.145Z] Saved final result to result.json
[2026-03-01T19:29:20.145Z] Override fields: ws, li, tw, gh, urls
[2026-03-01T19:29:20.145Z] Finished at: 2026-03-01T19:29:20.145Z
