[2026-03-06T07:42:11.751Z] === Homepage AI Extractor: Verstill ===
[2026-03-06T07:42:11.751Z] Started at: 2026-03-06T07:42:11.751Z
[2026-03-06T07:42:11.752Z] Log directory: E:\code\The Wall\mono\packages\scrapper\logs\homepage_ai_extractor\1772782931751_Verstill
[2026-03-06T07:42:11.752Z] Company: Verstill
[2026-03-06T07:42:11.752Z] Website: verstill.com
[2026-03-06T07:42:11.752Z] cbRank: 156229
[2026-03-06T07:42:11.752Z] Reasons: h
[2026-03-06T07:42:11.752Z] Fetching: https://verstill.com
[2026-03-06T07:42:15.170Z] Redirected: https://verstill.com -> https://www.verstill.com/
[2026-03-06T07:42:15.180Z] Saved HTML (320784 bytes) to page.html
[2026-03-06T07:42:15.184Z] Extracted 11 unique links from page
[2026-03-06T07:42:15.184Z] Saved 11 links to links.json
[2026-03-06T07:42:15.188Z] Extracted footer HTML (13553 chars)
[2026-03-06T07:42:15.188Z] Extracted header HTML (57704 chars)
[2026-03-06T07:42:15.192Z] Website (post-redirect): https://www.verstill.com/ → origin: https://www.verstill.com
[2026-03-06T07:42:15.192Z] External links: 2 (of 11 total)
[2026-03-06T07:42:15.192Z] ── All external links ──
[2026-03-06T07:42:15.192Z]   EXT: https://www.facebook.com/Verstill
[2026-03-06T07:42:15.192Z]   EXT: https://www.linkedin.com/company/verstill
[2026-03-06T07:42:15.193Z] ── Step 1: Programmatic categorization ──
[2026-03-06T07:42:15.193Z]   REGEX: fb <- https://www.facebook.com/Verstill
[2026-03-06T07:42:15.193Z]   REGEX: li <- https://www.linkedin.com/company/verstill
[2026-03-06T07:42:15.193Z] Programmatic result: ws:1, fb:1, li:1 | 0 uncategorized
[2026-03-06T07:42:15.193Z] Sending uncategorized links + HTML sections to AI for analysis...
[2026-03-06T07:42:15.194Z] Saved AI prompt (9594 chars) to ai_prompt.txt
[2026-03-06T07:43:11.427Z] Saved AI response to ai_response.json
[2026-03-06T07:43:11.428Z] ── Parsing AI response (2 lines) ──
[2026-03-06T07:43:11.428Z]   AI LINK: https://www.facebook.com/Verstill
[2026-03-06T07:43:11.428Z]   AI LINK: https://www.linkedin.com/company/verstill/
[2026-03-06T07:43:11.428Z] AI returned 2 valid links
[2026-03-06T07:43:11.428Z] ── Categorizing 2 AI-returned links ──
[2026-03-06T07:43:11.428Z]   AI→REGEX: fb <- https://www.facebook.com/Verstill (duplicate, skipped)
[2026-03-06T07:43:11.428Z]   AI→REGEX: li <- https://www.linkedin.com/company/verstill/ (duplicate, skipped)
[2026-03-06T07:43:11.429Z] ── Step 2b: Footer/header uncategorized links ──
[2026-03-06T07:43:11.429Z] Footer/header origins (2):
[2026-03-06T07:43:11.429Z]   FOOTER/HEADER ORIGIN: https://www.facebook.com
[2026-03-06T07:43:11.430Z]   FOOTER/HEADER ORIGIN: https://www.linkedin.com
[2026-03-06T07:43:11.430Z] Step 2b result: added 0 uncategorized domains from footer/header
[2026-03-06T07:43:11.430Z] ── Step 3: Final dedup ──
[2026-03-06T07:43:11.430Z] No urls to dedup
[2026-03-06T07:43:11.430Z] ── FINAL RESULT ──
[2026-03-06T07:43:11.430Z]   ws (1):
[2026-03-06T07:43:11.430Z]     - https://www.verstill.com
[2026-03-06T07:43:11.430Z]   li (1):
[2026-03-06T07:43:11.430Z]     - https://www.linkedin.com/company/verstill
[2026-03-06T07:43:11.430Z]   fb (1):
[2026-03-06T07:43:11.430Z]     - https://www.facebook.com/verstill
[2026-03-06T07:43:11.430Z] Summary: ws:1, fb:1, li:1
[2026-03-06T07:43:11.431Z] Saved final result to result.json
[2026-03-06T07:43:11.431Z] Override fields: ws, li, fb
[2026-03-06T07:43:11.431Z] Finished at: 2026-03-06T07:43:11.431Z
