[2026-03-06T09:53:10.393Z] === Homepage AI Extractor: Loginno ===
[2026-03-06T09:53:10.393Z] Started at: 2026-03-06T09:53:10.393Z
[2026-03-06T09:53:10.393Z] Log directory: E:\code\The Wall\mono\packages\scrapper\logs\homepage_ai_extractor\1772790790393_Loginno
[2026-03-06T09:53:10.393Z] Company: Loginno
[2026-03-06T09:53:10.394Z] Website: loginno.com
[2026-03-06T09:53:10.394Z] cbRank: 193919
[2026-03-06T09:53:10.394Z] Reasons: h
[2026-03-06T09:53:10.394Z] Fetching: https://loginno.com
[2026-03-06T09:53:17.195Z] Redirected: https://loginno.com -> https://loginno.com/
[2026-03-06T09:53:17.200Z] Saved HTML (120604 bytes) to page.html
[2026-03-06T09:53:17.205Z] Extracted 16 unique links from page
[2026-03-06T09:53:17.205Z] Saved 16 links to links.json
[2026-03-06T09:53:17.208Z] Extracted footer HTML (1075 chars)
[2026-03-06T09:53:17.208Z] Extracted header HTML (3868 chars)
[2026-03-06T09:53:17.212Z] Website (post-redirect): https://loginno.com/ → origin: https://loginno.com
[2026-03-06T09:53:17.212Z] External links: 5 (of 16 total)
[2026-03-06T09:53:17.212Z] ── All external links ──
[2026-03-06T09:53:17.212Z]   EXT: https://twitter.com/Loginno_
[2026-03-06T09:53:17.212Z]   EXT: https://www.facebook.com/logisticinnovation
[2026-03-06T09:53:17.212Z]   EXT: https://www.linkedin.com/company/loginno-logistic-innovation-ltd-
[2026-03-06T09:53:17.212Z]   EXT: https://www.youtube.com/watch?v=nZprw3NnKk4&t=18s
[2026-03-06T09:53:17.212Z]   EXT: https://youtu.be/e38cfe5qEyU
[2026-03-06T09:53:17.213Z] ── Step 1: Programmatic categorization ──
[2026-03-06T09:53:17.213Z]   REGEX: tw <- https://twitter.com/Loginno_
[2026-03-06T09:53:17.213Z]   REGEX: fb <- https://www.facebook.com/logisticinnovation
[2026-03-06T09:53:17.213Z]   REGEX: li <- https://www.linkedin.com/company/loginno-logistic-innovation-ltd-
[2026-03-06T09:53:17.213Z]   UNCATEGORIZED: https://youtu.be/e38cfe5qEyU
[2026-03-06T09:53:17.213Z] ── Step 1b: Resolving 1 regex-domain URLs via redirect ──
[2026-03-06T09:53:17.214Z]   SKIP (regex domain, no match): https://www.youtube.com/watch?v=nZprw3NnKk4&t=18s
[2026-03-06T09:53:17.214Z] Programmatic result: ws:1, tw:1, fb:1, li:1 | 1 uncategorized
[2026-03-06T09:53:17.214Z] Sending uncategorized links + HTML sections to AI for analysis...
[2026-03-06T09:53:17.214Z] Saved AI prompt (2165 chars) to ai_prompt.txt
[2026-03-06T09:53:26.374Z] Saved AI response to ai_response.json
[2026-03-06T09:53:26.374Z] ── Parsing AI response (1 lines) ──
[2026-03-06T09:53:26.374Z]   AI LINK: https://youtu.be/e38cfe5qEyU
[2026-03-06T09:53:26.374Z] AI returned 1 valid links
[2026-03-06T09:53:26.374Z] ── Categorizing 1 AI-returned links ──
[2026-03-06T09:53:26.374Z]   AI→URLS: https://youtu.be/e38cfe5qEyU
[2026-03-06T09:53:26.375Z] ── Step 2b: Footer/header uncategorized links ──
[2026-03-06T09:53:26.375Z] Footer/header origins (1):
[2026-03-06T09:53:26.375Z]   FOOTER/HEADER ORIGIN: https://loginno.com
[2026-03-06T09:53:26.375Z]   SKIP (AI claimed): https://youtu.be/e38cfe5qEyU
[2026-03-06T09:53:26.375Z] Step 2b result: added 0 uncategorized domains from footer/header
[2026-03-06T09:53:26.375Z] ── Step 3: Final dedup ──
[2026-03-06T09:53:26.375Z] Dedup: removed 0 of 1 URLs already in specialized fields
[2026-03-06T09:53:26.375Z] ── FINAL RESULT ──
[2026-03-06T09:53:26.375Z]   ws (1):
[2026-03-06T09:53:26.376Z]     - https://loginno.com
[2026-03-06T09:53:26.376Z]   li (1):
[2026-03-06T09:53:26.376Z]     - https://www.linkedin.com/company/loginno-logistic-innovation-ltd-
[2026-03-06T09:53:26.376Z]   fb (1):
[2026-03-06T09:53:26.376Z]     - https://www.facebook.com/logisticinnovation
[2026-03-06T09:53:26.376Z]   tw (1):
[2026-03-06T09:53:26.376Z]     - https://x.com/loginno_
[2026-03-06T09:53:26.376Z]   urls (1):
[2026-03-06T09:53:26.376Z]     - https://youtu.be/e38cfe5qEyU
[2026-03-06T09:53:26.376Z] Summary: ws:1, tw:1, fb:1, li:1, urls:1
[2026-03-06T09:53:26.377Z] Saved final result to result.json
[2026-03-06T09:53:26.377Z] Override fields: ws, li, fb, tw, urls
[2026-03-06T09:53:26.377Z] Finished at: 2026-03-06T09:53:26.377Z
