[2026-03-01T19:58:09.704Z] === Homepage AI Extractor: Exosomm ===
[2026-03-01T19:58:09.704Z] Started at: 2026-03-01T19:58:09.704Z
[2026-03-01T19:58:09.705Z] Log directory: E:\code\The Wall\mono\packages\scrapper\logs\homepage_ai_extractor\1772395089704_Exosomm
[2026-03-01T19:58:09.705Z] Company: Exosomm
[2026-03-01T19:58:09.705Z] Website: exosomm.com
[2026-03-01T19:58:09.705Z] cbRank: 41594
[2026-03-01T19:58:09.705Z] Reasons: h
[2026-03-01T19:58:09.705Z] Fetching: https://exosomm.com
[2026-03-01T19:58:21.456Z] Network idle timeout — continuing with current state
[2026-03-01T19:58:21.520Z] Redirected: https://exosomm.com -> https://www.exosomm.com/
[2026-03-01T19:58:21.544Z] Saved HTML (570973 bytes) to page.html
[2026-03-01T19:58:21.549Z] Extracted 13 unique links from page
[2026-03-01T19:58:21.550Z] Saved 13 links to links.json
[2026-03-01T19:58:21.554Z] Extracted footer HTML (3285 chars)
[2026-03-01T19:58:21.554Z] Extracted header HTML (7021 chars)
[2026-03-01T19:58:21.561Z] Website (post-redirect): https://www.exosomm.com/ → origin: https://www.exosomm.com
[2026-03-01T19:58:21.562Z] External links: 8 (of 13 total)
[2026-03-01T19:58:21.562Z] ── All external links ──
[2026-03-01T19:58:21.562Z]   EXT: https://www.linkedin.com/in/hila-kfir-zait-00502424b
[2026-03-01T19:58:21.562Z]   EXT: https://www.linkedin.com/in/janette-lazarovits-a6162519a
[2026-03-01T19:58:21.562Z]   EXT: https://www.linkedin.com/in/prof-shimon-reif-a1a02a94?utm_source=share&utm_campaign=share_via&utm_content=profile&utm_medium=ios_app%E2%80%8B
[2026-03-01T19:58:21.562Z]   EXT: https://www.linkedin.com/in/rachelleneumann
[2026-03-01T19:58:21.562Z]   EXT: https://www.linkedin.com/in/regina-golan-gerstl-67211b45?utm_source=share&utm_campaign=share_via&utm_content=profile&utm_medium=ios_app
[2026-03-01T19:58:21.562Z]   EXT: https://www.linkedin.com/in/steve-dubin
[2026-03-01T19:58:21.562Z]   EXT: https://www.linkedin.com/in/yaffa-elbaum-shiff-ph-d-a9884b156
[2026-03-01T19:58:21.562Z]   EXT: https://www.linkedin.com/in/yasmine-hamra-amitay-phd-72306746
[2026-03-01T19:58:21.562Z] ── Step 1: Programmatic categorization ──
[2026-03-01T19:58:21.563Z] ── Step 1b: Resolving 8 regex-domain URLs via redirect ──
[2026-03-01T19:58:21.563Z]   SKIP (regex domain, no match): https://www.linkedin.com/in/hila-kfir-zait-00502424b
[2026-03-01T19:58:21.563Z]   SKIP (regex domain, no match): https://www.linkedin.com/in/janette-lazarovits-a6162519a
[2026-03-01T19:58:21.563Z]   SKIP (regex domain, no match): https://www.linkedin.com/in/prof-shimon-reif-a1a02a94?utm_source=share&utm_campaign=share_via&utm_content=profile&utm_medium=ios_app%E2%80%8B
[2026-03-01T19:58:21.563Z]   SKIP (regex domain, no match): https://www.linkedin.com/in/rachelleneumann
[2026-03-01T19:58:21.563Z]   SKIP (regex domain, no match): https://www.linkedin.com/in/regina-golan-gerstl-67211b45?utm_source=share&utm_campaign=share_via&utm_content=profile&utm_medium=ios_app
[2026-03-01T19:58:21.563Z]   SKIP (regex domain, no match): https://www.linkedin.com/in/steve-dubin
[2026-03-01T19:58:21.563Z]   SKIP (regex domain, no match): https://www.linkedin.com/in/yaffa-elbaum-shiff-ph-d-a9884b156
[2026-03-01T19:58:21.563Z]   SKIP (regex domain, no match): https://www.linkedin.com/in/yasmine-hamra-amitay-phd-72306746
[2026-03-01T19:58:21.563Z] Programmatic result: ws:1 | 0 uncategorized
[2026-03-01T19:58:21.563Z] Sending uncategorized links + HTML sections to AI for analysis...
[2026-03-01T19:58:21.567Z] Saved AI prompt (4234 chars) to ai_prompt.txt
[2026-03-01T19:58:38.041Z] Saved AI response to ai_response.json
[2026-03-01T19:58:38.042Z] ── Parsing AI response (1 lines) ──
[2026-03-01T19:58:38.042Z] AI returned 0 valid links
[2026-03-01T19:58:38.042Z] ── Categorizing 0 AI-returned links ──
[2026-03-01T19:58:38.042Z] ── Step 2b: Footer/header uncategorized links ──
[2026-03-01T19:58:38.042Z] Footer/header origins (1):
[2026-03-01T19:58:38.042Z]   FOOTER/HEADER ORIGIN: https://www.exosomm.com
[2026-03-01T19:58:38.042Z] Step 2b result: added 0 uncategorized domains from footer/header
[2026-03-01T19:58:38.042Z] ── Step 3: Final dedup ──
[2026-03-01T19:58:38.042Z] No urls to dedup
[2026-03-01T19:58:38.042Z] ── FINAL RESULT ──
[2026-03-01T19:58:38.042Z]   ws (1):
[2026-03-01T19:58:38.042Z]     - https://www.exosomm.com
[2026-03-01T19:58:38.042Z] Summary: ws:1
[2026-03-01T19:58:38.043Z] Saved final result to result.json
[2026-03-01T19:58:38.043Z] Override fields: ws
[2026-03-01T19:58:38.043Z] Finished at: 2026-03-01T19:58:38.043Z
