[2026-03-19T04:05:23.870Z] === Homepage AI Extractor: Ella Therapeutics ===
[2026-03-19T04:05:23.870Z] Started at: 2026-03-19T04:05:23.870Z
[2026-03-19T04:05:23.870Z] Log directory: C:\Users\ahmed\code\mono\packages\scrapper\logs\homepage_ai_extractor\1773893123869_Ella_Therapeutics
[2026-03-19T04:05:23.870Z] Company: Ella Therapeutics
[2026-03-19T04:05:23.870Z] Website: ellatherapeutics.com
[2026-03-19T04:05:23.870Z] cbRank: 1893201
[2026-03-19T04:05:23.870Z] Reasons: h
[2026-03-19T04:05:23.870Z] Fetching: https://ellatherapeutics.com
[2026-03-19T04:05:26.047Z] Redirected: https://ellatherapeutics.com -> https://www.ellatherapeutics.com/?password-protected=login&redirect_to=https%3A%2F%2Fellatherapeutics.com%2F
[2026-03-19T04:05:26.049Z] Saved HTML (2732 bytes) to page.html
[2026-03-19T04:05:26.050Z] Extracted 1 unique links from page
[2026-03-19T04:05:26.051Z] Saved 1 links to links.json
[2026-03-19T04:05:26.053Z] No footer section found in DOM
[2026-03-19T04:05:26.053Z] No header section found in DOM
[2026-03-19T04:05:26.056Z] Website (post-redirect): https://www.ellatherapeutics.com/?password-protected=login&redirect_to=https%3A%2F%2Fellatherapeutics.com%2F → origin: https://www.ellatherapeutics.com
[2026-03-19T04:05:26.057Z] External links: 0 (of 1 total)
[2026-03-19T04:05:26.057Z] ── All external links ──
[2026-03-19T04:05:26.057Z] ── Step 1: Programmatic categorization ──
[2026-03-19T04:05:26.057Z] Programmatic result: ws:1 | 0 uncategorized
[2026-03-19T04:05:26.057Z] No uncategorized links and no HTML sections — skipping AI analysis
[2026-03-19T04:05:26.057Z] ── Step 2b: Footer/header uncategorized links ──
[2026-03-19T04:05:26.057Z] Footer/header origins (0):
[2026-03-19T04:05:26.057Z] Step 2b result: added 0 uncategorized domains from footer/header
[2026-03-19T04:05:26.057Z] ── Step 2c: YouTube channel handle resolution ──
[2026-03-19T04:05:26.057Z]   YOUTUBE: no ytc entries to resolve
[2026-03-19T04:05:26.057Z] ── Step 3: Final dedup ──
[2026-03-19T04:05:26.057Z] No urls to dedup
[2026-03-19T04:05:26.057Z] ── FINAL RESULT ──
[2026-03-19T04:05:26.057Z]   ws (1):
[2026-03-19T04:05:26.057Z]     - https://www.ellatherapeutics.com
[2026-03-19T04:05:26.057Z] Summary: ws:1
[2026-03-19T04:05:26.061Z] Saved final result to result.json
[2026-03-19T04:05:26.061Z] Override fields: ws
[2026-03-19T04:05:26.061Z] Finished at: 2026-03-19T04:05:26.061Z
