[2026-03-05T09:38:12.753Z] === Homepage AI Extractor: Unicorn Technologies ===
[2026-03-05T09:38:12.754Z] Started at: 2026-03-05T09:38:12.754Z
[2026-03-05T09:38:12.754Z] Log directory: E:\code\The Wall\mono\packages\scrapper\logs\homepage_ai_extractor\1772703492753_Unicorn_Technologies
[2026-03-05T09:38:12.754Z] Company: Unicorn Technologies
[2026-03-05T09:38:12.754Z] Website: unicorn-technologies.co.il
[2026-03-05T09:38:12.754Z] cbRank: 73869
[2026-03-05T09:38:12.754Z] Reasons: h
[2026-03-05T09:38:12.754Z] Fetching: https://unicorn-technologies.co.il
[2026-03-05T09:38:15.150Z] Redirected: https://unicorn-technologies.co.il -> https://unicorn-technologies.co.il/
[2026-03-05T09:38:15.156Z] Saved HTML (108587 bytes) to page.html
[2026-03-05T09:38:15.159Z] Extracted 13 unique links from page
[2026-03-05T09:38:15.160Z] Saved 13 links to links.json
[2026-03-05T09:38:15.164Z] No footer section found in DOM
[2026-03-05T09:38:15.164Z] Extracted header HTML (2208 chars)
[2026-03-05T09:38:15.169Z] Website (post-redirect): https://unicorn-technologies.co.il/ → origin: https://unicorn-technologies.co.il
[2026-03-05T09:38:15.169Z] External links: 4 (of 13 total)
[2026-03-05T09:38:15.169Z] ── All external links ──
[2026-03-05T09:38:15.169Z]   EXT: https://ice.co.il/finance/news/article/837887
[2026-03-05T09:38:15.169Z]   EXT: https://web.irm.co.il
[2026-03-05T09:38:15.169Z]   EXT: https://www.facebook.com/watch/live/?v=795625884574214&ref=watch_permalink
[2026-03-05T09:38:15.170Z]   EXT: https://www.funder.co.il/article/156780
[2026-03-05T09:38:15.170Z] ── Step 1: Programmatic categorization ──
[2026-03-05T09:38:15.170Z]   UNCATEGORIZED: https://ice.co.il/finance/news/article/837887
[2026-03-05T09:38:15.170Z]   UNCATEGORIZED: https://web.irm.co.il
[2026-03-05T09:38:15.170Z]   UNCATEGORIZED: https://www.funder.co.il/article/156780
[2026-03-05T09:38:15.170Z] ── Step 1b: Resolving 1 regex-domain URLs via redirect ──
[2026-03-05T09:38:15.170Z]   SKIP (regex domain, no match): https://www.facebook.com/watch/live/?v=795625884574214&ref=watch_permalink
[2026-03-05T09:38:15.170Z] Programmatic result: ws:1 | 3 uncategorized
[2026-03-05T09:38:15.170Z] Sending uncategorized links + HTML sections to AI for analysis...
[2026-03-05T09:38:15.171Z] Saved AI prompt (2071 chars) to ai_prompt.txt
[2026-03-05T09:38:21.381Z] Saved AI response to ai_response.json
[2026-03-05T09:38:21.381Z] ── Parsing AI response (1 lines) ──
[2026-03-05T09:38:21.381Z] AI returned 0 valid links
[2026-03-05T09:38:21.381Z] ── Categorizing 0 AI-returned links ──
[2026-03-05T09:38:21.382Z] ── Step 2b: Footer/header uncategorized links ──
[2026-03-05T09:38:21.382Z] Footer/header origins (1):
[2026-03-05T09:38:21.382Z]   FOOTER/HEADER ORIGIN: https://unicorn-technologies.co.il
[2026-03-05T09:38:21.382Z]   SKIP (not in footer/header): https://ice.co.il/finance/news/article/837887
[2026-03-05T09:38:21.382Z]   SKIP (not in footer/header): https://web.irm.co.il
[2026-03-05T09:38:21.382Z]   SKIP (not in footer/header): https://www.funder.co.il/article/156780
[2026-03-05T09:38:21.382Z] Step 2b result: added 0 uncategorized domains from footer/header
[2026-03-05T09:38:21.382Z] ── Step 3: Final dedup ──
[2026-03-05T09:38:21.382Z] No urls to dedup
[2026-03-05T09:38:21.382Z] ── FINAL RESULT ──
[2026-03-05T09:38:21.382Z]   ws (1):
[2026-03-05T09:38:21.383Z]     - https://unicorn-technologies.co.il
[2026-03-05T09:38:21.383Z] Summary: ws:1
[2026-03-05T09:38:21.383Z] Saved final result to result.json
[2026-03-05T09:38:21.383Z] Override fields: ws
[2026-03-05T09:38:21.383Z] Finished at: 2026-03-05T09:38:21.383Z
