[2026-03-06T12:14:25.355Z] === Homepage AI Extractor: Tabor Quantum Solutions ===
[2026-03-06T12:14:25.356Z] Started at: 2026-03-06T12:14:25.356Z
[2026-03-06T12:14:25.356Z] Log directory: E:\code\The Wall\mono\packages\scrapper\logs\homepage_ai_extractor\1772799265355_Tabor_Quantum_Solutions
[2026-03-06T12:14:25.356Z] Company: Tabor Quantum Solutions
[2026-03-06T12:14:25.356Z] Website: taborqs.com
[2026-03-06T12:14:25.356Z] cbRank: 227774
[2026-03-06T12:14:25.356Z] Reasons: h
[2026-03-06T12:14:25.356Z] Fetching: https://taborqs.com
[2026-03-06T12:14:27.920Z] Redirected: https://taborqs.com -> https://www.taborqs.com/
[2026-03-06T12:14:27.925Z] Saved HTML (52141 bytes) to page.html
[2026-03-06T12:14:27.929Z] Extracted 1 unique links from page
[2026-03-06T12:14:27.929Z] Saved 1 links to links.json
[2026-03-06T12:14:27.932Z] No footer section found in DOM
[2026-03-06T12:14:27.932Z] Extracted header HTML (1409 chars)
[2026-03-06T12:14:27.940Z] Website (post-redirect): https://www.taborqs.com/ → origin: https://www.taborqs.com
[2026-03-06T12:14:27.941Z] External links: 0 (of 1 total)
[2026-03-06T12:14:27.941Z] ── All external links ──
[2026-03-06T12:14:27.941Z] ── Step 1: Programmatic categorization ──
[2026-03-06T12:14:27.941Z] Programmatic result: ws:1 | 0 uncategorized
[2026-03-06T12:14:27.941Z] Sending uncategorized links + HTML sections to AI for analysis...
[2026-03-06T12:14:27.942Z] Saved AI prompt (1967 chars) to ai_prompt.txt
[2026-03-06T12:14:33.383Z] Saved AI response to ai_response.json
[2026-03-06T12:14:33.383Z] ── Parsing AI response (1 lines) ──
[2026-03-06T12:14:33.383Z] AI returned 0 valid links
[2026-03-06T12:14:33.383Z] ── Categorizing 0 AI-returned links ──
[2026-03-06T12:14:33.383Z] ── Step 2b: Footer/header uncategorized links ──
[2026-03-06T12:14:33.383Z] Footer/header origins (1):
[2026-03-06T12:14:33.384Z]   FOOTER/HEADER ORIGIN: https://www.taborqs.com
[2026-03-06T12:14:33.384Z] Step 2b result: added 0 uncategorized domains from footer/header
[2026-03-06T12:14:33.384Z] ── Step 3: Final dedup ──
[2026-03-06T12:14:33.384Z] No urls to dedup
[2026-03-06T12:14:33.384Z] ── FINAL RESULT ──
[2026-03-06T12:14:33.384Z]   ws (1):
[2026-03-06T12:14:33.384Z]     - https://www.taborqs.com
[2026-03-06T12:14:33.384Z] Summary: ws:1
[2026-03-06T12:14:33.385Z] Saved final result to result.json
[2026-03-06T12:14:33.385Z] Override fields: ws
[2026-03-06T12:14:33.385Z] Finished at: 2026-03-06T12:14:33.385Z
