[2026-03-07T15:47:50.956Z] === Homepage AI Extractor: replantin ===
[2026-03-07T15:47:50.956Z] Started at: 2026-03-07T15:47:50.956Z
[2026-03-07T15:47:50.956Z] Log directory: E:\code\The Wall\mono\packages\scrapper\logs\homepage_ai_extractor\1772898470955_replantin
[2026-03-07T15:47:50.956Z] Company: replantin
[2026-03-07T15:47:50.956Z] Website: replantin.com
[2026-03-07T15:47:50.956Z] cbRank: 275686
[2026-03-07T15:47:50.956Z] Reasons: h
[2026-03-07T15:47:50.956Z] Fetching: https://replantin.com
[2026-03-07T15:47:53.390Z] Redirected: https://replantin.com -> https://replantin.com/
[2026-03-07T15:47:53.403Z] Saved HTML (49273 bytes) to page.html
[2026-03-07T15:47:53.408Z] Extracted 14 unique links from page
[2026-03-07T15:47:53.410Z] Saved 14 links to links.json
[2026-03-07T15:47:53.415Z] Extracted footer HTML (1015 chars)
[2026-03-07T15:47:53.415Z] Extracted header HTML (2728 chars)
[2026-03-07T15:47:53.421Z] Website (post-redirect): https://replantin.com/ → origin: https://replantin.com
[2026-03-07T15:47:53.422Z] External links: 6 (of 14 total)
[2026-03-07T15:47:53.422Z] ── All external links ──
[2026-03-07T15:47:53.422Z]   EXT: https://instagram.com/replantin_pici?igshid=MWtudmFkaGFvdG9rZg==
[2026-03-07T15:47:53.422Z]   EXT: https://web-skipper.co.il
[2026-03-07T15:47:53.422Z]   EXT: https://wordpress-828407-3879913.cloudwaysapps.com/privacy-policy
[2026-03-07T15:47:53.422Z]   EXT: https://www.codenroll.co.il
[2026-03-07T15:47:53.422Z]   EXT: https://www.facebook.com/people/Replantin/100086147884169
[2026-03-07T15:47:53.422Z]   EXT: https://www.linkedin.com/company/replantin
[2026-03-07T15:47:53.422Z] ── Step 1: Programmatic categorization ──
[2026-03-07T15:47:53.422Z]   REGEX: ig <- https://instagram.com/replantin_pici?igshid=MWtudmFkaGFvdG9rZg==
[2026-03-07T15:47:53.423Z]   UNCATEGORIZED: https://web-skipper.co.il
[2026-03-07T15:47:53.423Z]   UNCATEGORIZED: https://wordpress-828407-3879913.cloudwaysapps.com/privacy-policy
[2026-03-07T15:47:53.423Z]   UNCATEGORIZED: https://www.codenroll.co.il
[2026-03-07T15:47:53.423Z]   REGEX: li <- https://www.linkedin.com/company/replantin
[2026-03-07T15:47:53.423Z] ── Step 1b: Resolving 1 regex-domain URLs via redirect ──
[2026-03-07T15:47:54.933Z]   RESOLVE: no redirect for https://www.facebook.com/people/Replantin/100086147884169
[2026-03-07T15:47:54.941Z]   SKIP (regex domain, no match): https://www.facebook.com/people/Replantin/100086147884169
[2026-03-07T15:47:54.941Z] Programmatic result: ws:1, ig:1, li:1 | 3 uncategorized
[2026-03-07T15:47:54.942Z] Sending uncategorized links + HTML sections to AI for analysis...
[2026-03-07T15:47:54.942Z] Saved AI prompt (2883 chars) to ai_prompt.txt
[2026-03-07T15:48:18.671Z] Saved AI response to ai_response.json
[2026-03-07T15:48:18.671Z] ── Parsing AI response (3 lines) ──
[2026-03-07T15:48:18.671Z]   AI LINK: https://www.facebook.com/people/Replantin/100086147884169/
[2026-03-07T15:48:18.671Z]   AI LINK: https://instagram.com/replantin_pici?igshid=MWtudmFkaGFvdG9rZg==
[2026-03-07T15:48:18.671Z]   AI LINK: https://www.linkedin.com/company/replantin/
[2026-03-07T15:48:18.671Z] AI returned 3 valid links
[2026-03-07T15:48:18.672Z] ── Categorizing 3 AI-returned links ──
[2026-03-07T15:48:19.476Z]   RESOLVE: no redirect for https://www.facebook.com/people/Replantin/100086147884169/
[2026-03-07T15:48:19.482Z]   AI→SKIP (regex domain, no match): https://www.facebook.com/people/Replantin/100086147884169/
[2026-03-07T15:48:19.482Z]   AI→REGEX: ig <- https://instagram.com/replantin_pici?igshid=MWtudmFkaGFvdG9rZg== (duplicate, skipped)
[2026-03-07T15:48:19.482Z]   AI→REGEX: li <- https://www.linkedin.com/company/replantin/ (duplicate, skipped)
[2026-03-07T15:48:19.482Z] ── Step 2b: Footer/header uncategorized links ──
[2026-03-07T15:48:19.482Z] Footer/header origins (6):
[2026-03-07T15:48:19.482Z]   FOOTER/HEADER ORIGIN: https://www.facebook.com
[2026-03-07T15:48:19.483Z]   FOOTER/HEADER ORIGIN: https://instagram.com
[2026-03-07T15:48:19.483Z]   FOOTER/HEADER ORIGIN: https://www.linkedin.com
[2026-03-07T15:48:19.483Z]   FOOTER/HEADER ORIGIN: https://wordpress-828407-3879913.cloudwaysapps.com
[2026-03-07T15:48:19.483Z]   FOOTER/HEADER ORIGIN: https://web-skipper.co.il
[2026-03-07T15:48:19.483Z]   FOOTER/HEADER ORIGIN: https://replantin.com
[2026-03-07T15:48:19.483Z]   ADDED: urls <- https://web-skipper.co.il
[2026-03-07T15:48:19.483Z]   ADDED: urls <- https://wordpress-828407-3879913.cloudwaysapps.com/privacy-policy
[2026-03-07T15:48:19.483Z]   SKIP (not in footer/header): https://www.codenroll.co.il
[2026-03-07T15:48:19.483Z] Step 2b result: added 2 uncategorized domains from footer/header
[2026-03-07T15:48:19.483Z] ── Step 3: Final dedup ──
[2026-03-07T15:48:19.484Z] Dedup: removed 0 of 2 URLs already in specialized fields
[2026-03-07T15:48:19.484Z] ── FINAL RESULT ──
[2026-03-07T15:48:19.484Z]   ws (1):
[2026-03-07T15:48:19.484Z]     - https://replantin.com
[2026-03-07T15:48:19.484Z]   li (1):
[2026-03-07T15:48:19.484Z]     - https://www.linkedin.com/company/replantin
[2026-03-07T15:48:19.484Z]   ig (1):
[2026-03-07T15:48:19.484Z]     - https://www.instagram.com/replantin_pici
[2026-03-07T15:48:19.484Z]   urls (2):
[2026-03-07T15:48:19.484Z]     - https://web-skipper.co.il
[2026-03-07T15:48:19.484Z]     - https://wordpress-828407-3879913.cloudwaysapps.com/privacy-policy
[2026-03-07T15:48:19.485Z] Summary: ws:1, ig:1, li:1, urls:2
[2026-03-07T15:48:19.486Z] Saved final result to result.json
[2026-03-07T15:48:19.486Z] Override fields: ws, li, ig, urls
[2026-03-07T15:48:19.486Z] Finished at: 2026-03-07T15:48:19.486Z
