[2026-03-05T09:08:40.522Z] === Homepage AI Extractor: PixCell Medical ===
[2026-03-05T09:08:40.523Z] Started at: 2026-03-05T09:08:40.523Z
[2026-03-05T09:08:40.523Z] Log directory: E:\code\The Wall\mono\packages\scrapper\logs\homepage_ai_extractor\1772701720522_PixCell_Medical
[2026-03-05T09:08:40.523Z] Company: PixCell Medical
[2026-03-05T09:08:40.523Z] Website: pixcell-medical.com
[2026-03-05T09:08:40.523Z] cbRank: 69667
[2026-03-05T09:08:40.523Z] Reasons: h
[2026-03-05T09:08:40.523Z] Fetching: https://pixcell-medical.com
[2026-03-05T09:08:42.933Z] Redirected: https://pixcell-medical.com -> https://www.pixcell-medical.com/
[2026-03-05T09:08:42.941Z] Saved HTML (267974 bytes) to page.html
[2026-03-05T09:08:42.945Z] Extracted 36 unique links from page
[2026-03-05T09:08:42.946Z] Saved 36 links to links.json
[2026-03-05T09:08:42.949Z] Extracted footer HTML (6053 chars)
[2026-03-05T09:08:42.949Z] Extracted header HTML (10405 chars)
[2026-03-05T09:08:42.953Z] Website (post-redirect): https://www.pixcell-medical.com/ → origin: https://www.pixcell-medical.com
[2026-03-05T09:08:42.953Z] External links: 9 (of 36 total)
[2026-03-05T09:08:42.953Z] ── All external links ──
[2026-03-05T09:08:42.953Z]   EXT: https://cookiedatabase.org/tcf/purposes
[2026-03-05T09:08:42.953Z]   EXT: https://twitter.com/PixCellMedical
[2026-03-05T09:08:42.953Z]   EXT: https://www.americanlaboratory.com/570356-Changing-Cancer-Care-By-Bringing-Diagnostics-Home
[2026-03-05T09:08:42.953Z]   EXT: https://www.linkedin.com/company/pixcell-medical-technologies
[2026-03-05T09:08:42.953Z]   EXT: https://www.medicalplasticsnews.com/news/blood-diagnostic-device-receives-fda-approval
[2026-03-05T09:08:42.954Z]   EXT: https://www.newswise.com/articles/aacc-s-disruptive-technology-award-competition-pixcell-s-hanan-ben-asher-to-present-next-generation-diagnosis-and-early-detection
[2026-03-05T09:08:42.954Z]   EXT: https://www.tv2east.dk/arkiv?date=2021-04-20&clip=09e55109-4a28-43ab-8d48-ef50d8dac001
[2026-03-05T09:08:42.954Z]   EXT: https://www.whiteweb.co.il
[2026-03-05T09:08:42.954Z]   EXT: https://www1.racgp.org.au/newsgp/clinical/are-we-about-to-see-a-new-dawn-for-point-of-care-t
[2026-03-05T09:08:42.954Z] ── Step 1: Programmatic categorization ──
[2026-03-05T09:08:42.954Z]   UNCATEGORIZED: https://cookiedatabase.org/tcf/purposes
[2026-03-05T09:08:42.954Z]   REGEX: tw <- https://twitter.com/PixCellMedical
[2026-03-05T09:08:42.954Z]   UNCATEGORIZED: https://www.americanlaboratory.com/570356-Changing-Cancer-Care-By-Bringing-Diagnostics-Home
[2026-03-05T09:08:42.954Z]   REGEX: li <- https://www.linkedin.com/company/pixcell-medical-technologies
[2026-03-05T09:08:42.955Z]   UNCATEGORIZED: https://www.medicalplasticsnews.com/news/blood-diagnostic-device-receives-fda-approval
[2026-03-05T09:08:42.955Z]   UNCATEGORIZED: https://www.newswise.com/articles/aacc-s-disruptive-technology-award-competition-pixcell-s-hanan-ben-asher-to-present-next-generation-diagnosis-and-early-detection
[2026-03-05T09:08:42.955Z]   UNCATEGORIZED: https://www.tv2east.dk/arkiv?date=2021-04-20&clip=09e55109-4a28-43ab-8d48-ef50d8dac001
[2026-03-05T09:08:42.955Z]   UNCATEGORIZED: https://www.whiteweb.co.il
[2026-03-05T09:08:42.955Z]   UNCATEGORIZED: https://www1.racgp.org.au/newsgp/clinical/are-we-about-to-see-a-new-dawn-for-point-of-care-t
[2026-03-05T09:08:42.955Z] Programmatic result: ws:1, tw:1, li:1 | 7 uncategorized
[2026-03-05T09:08:42.955Z] Sending uncategorized links + HTML sections to AI for analysis...
[2026-03-05T09:08:42.956Z] Saved AI prompt (5921 chars) to ai_prompt.txt
[2026-03-05T09:09:12.404Z] Saved AI response to ai_response.json
[2026-03-05T09:09:12.404Z] ── Parsing AI response (2 lines) ──
[2026-03-05T09:09:12.404Z]   AI LINK: https://twitter.com/PixCellMedical
[2026-03-05T09:09:12.404Z]   AI LINK: https://www.linkedin.com/company/pixcell-medical-technologies/
[2026-03-05T09:09:12.405Z] AI returned 2 valid links
[2026-03-05T09:09:12.405Z] ── Categorizing 2 AI-returned links ──
[2026-03-05T09:09:12.405Z]   AI→REGEX: tw <- https://twitter.com/PixCellMedical (duplicate, skipped)
[2026-03-05T09:09:12.405Z]   AI→REGEX: li <- https://www.linkedin.com/company/pixcell-medical-technologies/ (duplicate, skipped)
[2026-03-05T09:09:12.405Z] ── Step 2b: Footer/header uncategorized links ──
[2026-03-05T09:09:12.405Z] Footer/header origins (4):
[2026-03-05T09:09:12.405Z]   FOOTER/HEADER ORIGIN: https://www.pixcell-medical.com
[2026-03-05T09:09:12.405Z]   FOOTER/HEADER ORIGIN: https://twitter.com
[2026-03-05T09:09:12.406Z]   FOOTER/HEADER ORIGIN: https://www.linkedin.com
[2026-03-05T09:09:12.406Z]   FOOTER/HEADER ORIGIN: https://www.whiteweb.co.il
[2026-03-05T09:09:12.406Z]   SKIP (not in footer/header): https://cookiedatabase.org/tcf/purposes
[2026-03-05T09:09:12.406Z]   SKIP (not in footer/header): https://www.americanlaboratory.com/570356-Changing-Cancer-Care-By-Bringing-Diagnostics-Home
[2026-03-05T09:09:12.406Z]   SKIP (not in footer/header): https://www.medicalplasticsnews.com/news/blood-diagnostic-device-receives-fda-approval
[2026-03-05T09:09:12.406Z]   SKIP (not in footer/header): https://www.newswise.com/articles/aacc-s-disruptive-technology-award-competition-pixcell-s-hanan-ben-asher-to-present-next-generation-diagnosis-and-early-detection
[2026-03-05T09:09:12.406Z]   SKIP (not in footer/header): https://www.tv2east.dk/arkiv?date=2021-04-20&clip=09e55109-4a28-43ab-8d48-ef50d8dac001
[2026-03-05T09:09:12.406Z]   ADDED: urls <- https://www.whiteweb.co.il
[2026-03-05T09:09:12.406Z]   SKIP (not in footer/header): https://www1.racgp.org.au/newsgp/clinical/are-we-about-to-see-a-new-dawn-for-point-of-care-t
[2026-03-05T09:09:12.406Z] Step 2b result: added 1 uncategorized domains from footer/header
[2026-03-05T09:09:12.406Z] ── Step 3: Final dedup ──
[2026-03-05T09:09:12.407Z] Dedup: removed 0 of 1 URLs already in specialized fields
[2026-03-05T09:09:12.407Z] ── FINAL RESULT ──
[2026-03-05T09:09:12.407Z]   ws (1):
[2026-03-05T09:09:12.407Z]     - https://www.pixcell-medical.com
[2026-03-05T09:09:12.407Z]   li (1):
[2026-03-05T09:09:12.407Z]     - https://www.linkedin.com/company/pixcell-medical-technologies
[2026-03-05T09:09:12.407Z]   tw (1):
[2026-03-05T09:09:12.407Z]     - https://x.com/pixcellmedical
[2026-03-05T09:09:12.407Z]   urls (1):
[2026-03-05T09:09:12.407Z]     - https://www.whiteweb.co.il
[2026-03-05T09:09:12.407Z] Summary: ws:1, tw:1, li:1, urls:1
[2026-03-05T09:09:12.408Z] Saved final result to result.json
[2026-03-05T09:09:12.408Z] Override fields: ws, li, tw, urls
[2026-03-05T09:09:12.408Z] Finished at: 2026-03-05T09:09:12.408Z
