[2026-03-01T17:08:40.326Z] === Homepage AI Extractor: Incredo ===
[2026-03-01T17:08:40.327Z] Started at: 2026-03-01T17:08:40.327Z
[2026-03-01T17:08:40.327Z] Log directory: E:\code\The Wall\mono\packages\scrapper\logs\homepage_ai_extractor\1772384920326_Incredo
[2026-03-01T17:08:40.327Z] Company: Incredo
[2026-03-01T17:08:40.327Z] Website: incredosugar.com
[2026-03-01T17:08:40.327Z] cbRank: 32684
[2026-03-01T17:08:40.327Z] Reasons: h
[2026-03-01T17:08:40.327Z] Fetching: https://incredosugar.com
[2026-03-01T17:08:52.061Z] Network idle timeout — continuing with current state
[2026-03-01T17:08:52.152Z] Redirected: https://incredosugar.com -> https://www.incredo.com/
[2026-03-01T17:08:52.165Z] Saved HTML (63565 bytes) to page.html
[2026-03-01T17:08:52.173Z] Extracted 15 unique links from page
[2026-03-01T17:08:52.174Z] Saved 15 links to links.json
[2026-03-01T17:08:52.181Z] Extracted footer HTML (2741 chars)
[2026-03-01T17:08:52.181Z] Extracted header HTML (15398 chars)
[2026-03-01T17:08:52.190Z] Website (post-redirect): https://www.incredo.com/ → origin: https://www.incredo.com
[2026-03-01T17:08:52.191Z] External links: 6 (of 15 total)
[2026-03-01T17:08:52.191Z] ── All external links ──
[2026-03-01T17:08:52.191Z]   EXT: https://awesometlv.co.il
[2026-03-01T17:08:52.191Z]   EXT: https://time.com/collection/best-inventions-2020/5911450/incredo-sugar
[2026-03-01T17:08:52.191Z]   EXT: https://www.facebook.com/incredosugar
[2026-03-01T17:08:52.191Z]   EXT: https://www.instagram.com/incredosugar
[2026-03-01T17:08:52.191Z]   EXT: https://www.linkedin.com/company/douxmatok
[2026-03-01T17:08:52.192Z]   EXT: https://www.netflix.com/il-en/title/80216752
[2026-03-01T17:08:52.192Z] ── Step 1: Programmatic categorization ──
[2026-03-01T17:08:52.192Z]   UNCATEGORIZED: https://awesometlv.co.il
[2026-03-01T17:08:52.192Z]   UNCATEGORIZED: https://time.com/collection/best-inventions-2020/5911450/incredo-sugar
[2026-03-01T17:08:52.192Z]   REGEX: fb <- https://www.facebook.com/incredosugar
[2026-03-01T17:08:52.192Z]   REGEX: ig <- https://www.instagram.com/incredosugar
[2026-03-01T17:08:52.192Z]   REGEX: li <- https://www.linkedin.com/company/douxmatok
[2026-03-01T17:08:52.193Z]   UNCATEGORIZED: https://www.netflix.com/il-en/title/80216752
[2026-03-01T17:08:52.193Z] Programmatic result: ws:1, fb:1, ig:1, li:1 | 3 uncategorized
[2026-03-01T17:08:52.193Z] Sending uncategorized links + HTML sections to AI for analysis...
[2026-03-01T17:08:52.194Z] Saved AI prompt (3939 chars) to ai_prompt.txt
[2026-03-01T17:09:15.763Z] Saved AI response to ai_response.json
[2026-03-01T17:09:15.764Z] ── Parsing AI response (3 lines) ──
[2026-03-01T17:09:15.764Z]   AI LINK: https://www.facebook.com/incredosugar
[2026-03-01T17:09:15.764Z]   AI LINK: https://www.instagram.com/incredosugar/
[2026-03-01T17:09:15.764Z]   AI LINK: https://www.linkedin.com/company/douxmatok/
[2026-03-01T17:09:15.764Z] AI returned 3 valid links
[2026-03-01T17:09:15.764Z] ── Categorizing 3 AI-returned links ──
[2026-03-01T17:09:15.764Z]   AI→REGEX: fb <- https://www.facebook.com/incredosugar (duplicate, skipped)
[2026-03-01T17:09:15.764Z]   AI→REGEX: ig <- https://www.instagram.com/incredosugar/ (duplicate, skipped)
[2026-03-01T17:09:15.765Z]   AI→REGEX: li <- https://www.linkedin.com/company/douxmatok/ (duplicate, skipped)
[2026-03-01T17:09:15.766Z] ── Step 2b: Footer/header uncategorized links ──
[2026-03-01T17:09:15.766Z] Footer/header origins (4):
[2026-03-01T17:09:15.766Z]   FOOTER/HEADER ORIGIN: https://www.facebook.com
[2026-03-01T17:09:15.766Z]   FOOTER/HEADER ORIGIN: https://www.instagram.com
[2026-03-01T17:09:15.766Z]   FOOTER/HEADER ORIGIN: https://www.linkedin.com
[2026-03-01T17:09:15.766Z]   FOOTER/HEADER ORIGIN: https://awesometlv.co.il
[2026-03-01T17:09:15.766Z]   ADDED: urls <- https://awesometlv.co.il
[2026-03-01T17:09:15.766Z]   SKIP (not in footer/header): https://time.com/collection/best-inventions-2020/5911450/incredo-sugar
[2026-03-01T17:09:15.767Z]   SKIP (not in footer/header): https://www.netflix.com/il-en/title/80216752
[2026-03-01T17:09:15.767Z] Step 2b result: added 1 uncategorized domains from footer/header
[2026-03-01T17:09:15.767Z] ── Step 3: Final dedup ──
[2026-03-01T17:09:15.767Z] Dedup: removed 0 of 1 URLs already in specialized fields
[2026-03-01T17:09:15.767Z] ── FINAL RESULT ──
[2026-03-01T17:09:15.767Z]   ws (1):
[2026-03-01T17:09:15.767Z]     - https://www.incredo.com
[2026-03-01T17:09:15.767Z]   li (1):
[2026-03-01T17:09:15.767Z]     - https://www.linkedin.com/company/douxmatok
[2026-03-01T17:09:15.767Z]   fb (1):
[2026-03-01T17:09:15.767Z]     - https://www.facebook.com/incredosugar
[2026-03-01T17:09:15.767Z]   ig (1):
[2026-03-01T17:09:15.767Z]     - https://www.instagram.com/incredosugar
[2026-03-01T17:09:15.767Z]   urls (1):
[2026-03-01T17:09:15.767Z]     - https://awesometlv.co.il
[2026-03-01T17:09:15.767Z] Summary: ws:1, fb:1, ig:1, li:1, urls:1
[2026-03-01T17:09:15.768Z] Saved final result to result.json
[2026-03-01T17:09:15.768Z] Override fields: ws, li, fb, ig, urls
[2026-03-01T17:09:15.768Z] Finished at: 2026-03-01T17:09:15.768Z
