[2026-03-06T06:18:15.768Z] === Homepage AI Extractor: NeuroKaire ===
[2026-03-06T06:18:15.768Z] Started at: 2026-03-06T06:18:15.768Z
[2026-03-06T06:18:15.768Z] Log directory: E:\code\The Wall\mono\packages\scrapper\logs\homepage_ai_extractor\1772777895768_NeuroKaire
[2026-03-06T06:18:15.768Z] Company: NeuroKaire
[2026-03-06T06:18:15.768Z] Website: neurokaire.com
[2026-03-06T06:18:15.768Z] cbRank: 140821
[2026-03-06T06:18:15.768Z] Reasons: h
[2026-03-06T06:18:15.769Z] Fetching: https://neurokaire.com
[2026-03-06T06:18:20.533Z] Redirected: https://neurokaire.com -> https://www.neurokaire.com/
[2026-03-06T06:18:20.540Z] Saved HTML (167277 bytes) to page.html
[2026-03-06T06:18:20.546Z] Extracted 45 unique links from page
[2026-03-06T06:18:20.547Z] Saved 45 links to links.json
[2026-03-06T06:18:20.550Z] Extracted footer HTML (8285 chars)
[2026-03-06T06:18:20.550Z] Extracted header HTML (6623 chars)
[2026-03-06T06:18:20.554Z] Website (post-redirect): https://www.neurokaire.com/ → origin: https://www.neurokaire.com
[2026-03-06T06:18:20.554Z]   SUBDOMAIN: hcp.neurokaire.com (added to ws)
[2026-03-06T06:18:20.554Z]   SUBDOMAIN: patient.neurokaire.com (added to ws)
[2026-03-06T06:18:20.554Z] Website subdomains found: 2
[2026-03-06T06:18:20.555Z] External links: 27 (of 45 total)
[2026-03-06T06:18:20.555Z] ── All external links ──
[2026-03-06T06:18:20.555Z]   EXT: https://bionj.org/2022/05/announcing-bionjs-biopartnering-company-pitch-presentation-award-honorees-2
[2026-03-06T06:18:20.555Z]   EXT: https://braintech.kenes.com/ibt-awards
[2026-03-06T06:18:20.555Z]   EXT: https://eic.ec.europa.eu/index_en
[2026-03-06T06:18:20.555Z]   EXT: https://eng.sheba.co.il
[2026-03-06T06:18:20.555Z]   EXT: https://events.reutersevents.com/healthcare/digital-health-usa
[2026-03-06T06:18:20.555Z]   EXT: https://extremetechchallenge.org/2021-finalists
[2026-03-06T06:18:20.555Z]   EXT: https://ey.co.il/events/the-pitch
[2026-03-06T06:18:20.555Z]   EXT: https://hello-tomorrow.org/deep-tech-pioneers
[2026-03-06T06:18:20.555Z]   EXT: https://innovationisrael.org.il/en
[2026-03-06T06:18:20.555Z]   EXT: https://masschallenge.org/case-study/female-led-genetika-grew-and-gained-funding-through-masschallenge
[2026-03-06T06:18:20.555Z]   EXT: https://masschallenge.org/programs-israel
[2026-03-06T06:18:20.556Z]   EXT: https://njms.rutgers.edu
[2026-03-06T06:18:20.556Z]   EXT: https://www.calcalistech.com/ctech/articles/0,7340,L-3803795,00.html
[2026-03-06T06:18:20.556Z]   EXT: https://www.canbind.ca
[2026-03-06T06:18:20.556Z]   EXT: https://www.clalit-innovation.org
[2026-03-06T06:18:20.556Z]   EXT: https://www.clexio.com
[2026-03-06T06:18:20.556Z]   EXT: https://www.facebook.com/neurokaire
[2026-03-06T06:18:20.556Z]   EXT: https://www.healthil.org
[2026-03-06T06:18:20.556Z]   EXT: https://www.jefferson.edu
[2026-03-06T06:18:20.556Z]   EXT: https://www.ksminnovation.com
[2026-03-06T06:18:20.556Z]   EXT: https://www.linkedin.com/company/neurokaire
[2026-03-06T06:18:20.556Z]   EXT: https://www.mazorhealth.co.il
[2026-03-06T06:18:20.556Z]   EXT: https://www.mea-markets.com
[2026-03-06T06:18:20.556Z]   EXT: https://www.nimhgenetics.org
[2026-03-06T06:18:20.556Z]   EXT: https://www.womenstartupcompetition.com
[2026-03-06T06:18:20.556Z]   EXT: https://www.womentech.net/women-tech-global-awards-winners
[2026-03-06T06:18:20.557Z]   EXT: https://x.com/neurokaire
[2026-03-06T06:18:20.557Z] ── Step 1: Programmatic categorization ──
[2026-03-06T06:18:20.557Z]   UNCATEGORIZED: https://bionj.org/2022/05/announcing-bionjs-biopartnering-company-pitch-presentation-award-honorees-2
[2026-03-06T06:18:20.557Z]   UNCATEGORIZED: https://braintech.kenes.com/ibt-awards
[2026-03-06T06:18:20.557Z]   UNCATEGORIZED: https://eic.ec.europa.eu/index_en
[2026-03-06T06:18:20.557Z]   UNCATEGORIZED: https://eng.sheba.co.il
[2026-03-06T06:18:20.558Z]   UNCATEGORIZED: https://events.reutersevents.com/healthcare/digital-health-usa
[2026-03-06T06:18:20.558Z]   UNCATEGORIZED: https://extremetechchallenge.org/2021-finalists
[2026-03-06T06:18:20.558Z]   UNCATEGORIZED: https://ey.co.il/events/the-pitch
[2026-03-06T06:18:20.558Z]   UNCATEGORIZED: https://hello-tomorrow.org/deep-tech-pioneers
[2026-03-06T06:18:20.558Z]   UNCATEGORIZED: https://innovationisrael.org.il/en
[2026-03-06T06:18:20.558Z]   UNCATEGORIZED: https://masschallenge.org/case-study/female-led-genetika-grew-and-gained-funding-through-masschallenge
[2026-03-06T06:18:20.558Z]   UNCATEGORIZED: https://masschallenge.org/programs-israel
[2026-03-06T06:18:20.558Z]   UNCATEGORIZED: https://njms.rutgers.edu
[2026-03-06T06:18:20.558Z]   UNCATEGORIZED: https://www.calcalistech.com/ctech/articles/0,7340,L-3803795,00.html
[2026-03-06T06:18:20.558Z]   UNCATEGORIZED: https://www.canbind.ca
[2026-03-06T06:18:20.559Z]   UNCATEGORIZED: https://www.clalit-innovation.org
[2026-03-06T06:18:20.559Z]   UNCATEGORIZED: https://www.clexio.com
[2026-03-06T06:18:20.559Z]   REGEX: fb <- https://www.facebook.com/neurokaire
[2026-03-06T06:18:20.559Z]   UNCATEGORIZED: https://www.healthil.org
[2026-03-06T06:18:20.559Z]   UNCATEGORIZED: https://www.jefferson.edu
[2026-03-06T06:18:20.559Z]   UNCATEGORIZED: https://www.ksminnovation.com
[2026-03-06T06:18:20.559Z]   REGEX: li <- https://www.linkedin.com/company/neurokaire
[2026-03-06T06:18:20.559Z]   UNCATEGORIZED: https://www.mazorhealth.co.il
[2026-03-06T06:18:20.559Z]   UNCATEGORIZED: https://www.mea-markets.com
[2026-03-06T06:18:20.559Z]   UNCATEGORIZED: https://www.nimhgenetics.org
[2026-03-06T06:18:20.560Z]   UNCATEGORIZED: https://www.womenstartupcompetition.com
[2026-03-06T06:18:20.560Z]   UNCATEGORIZED: https://www.womentech.net/women-tech-global-awards-winners
[2026-03-06T06:18:20.560Z]   REGEX: tw <- https://x.com/neurokaire
[2026-03-06T06:18:20.560Z] Programmatic result: ws:3, fb:1, li:1, tw:1 | 24 uncategorized
[2026-03-06T06:18:20.560Z] Sending uncategorized links + HTML sections to AI for analysis...
[2026-03-06T06:18:20.561Z] Saved AI prompt (5695 chars) to ai_prompt.txt
[2026-03-06T06:18:53.604Z] Saved AI response to ai_response.json
[2026-03-06T06:18:53.604Z] ── Parsing AI response (5 lines) ──
[2026-03-06T06:18:53.604Z]   AI LINK: https://www.linkedin.com/company/neurokaire/
[2026-03-06T06:18:53.604Z]   AI LINK: https://www.facebook.com/neurokaire
[2026-03-06T06:18:53.605Z]   AI LINK: https://x.com/neurokaire
[2026-03-06T06:18:53.605Z]   AI LINK: https://patient.neurokaire.com/login
[2026-03-06T06:18:53.605Z]   AI LINK: https://hcp.neurokaire.com/login
[2026-03-06T06:18:53.605Z] AI returned 5 valid links
[2026-03-06T06:18:53.605Z] ── Categorizing 5 AI-returned links ──
[2026-03-06T06:18:53.605Z]   AI→REGEX: li <- https://www.linkedin.com/company/neurokaire/ (duplicate, skipped)
[2026-03-06T06:18:53.605Z]   AI→REGEX: fb <- https://www.facebook.com/neurokaire (duplicate, skipped)
[2026-03-06T06:18:53.605Z]   AI→REGEX: tw <- https://x.com/neurokaire (duplicate, skipped)
[2026-03-06T06:18:53.606Z]   AI→URLS: https://patient.neurokaire.com/login
[2026-03-06T06:18:53.606Z]   AI→URLS: https://hcp.neurokaire.com/login
[2026-03-06T06:18:53.606Z] ── Step 2b: Footer/header uncategorized links ──
[2026-03-06T06:18:53.606Z] Footer/header origins (5):
[2026-03-06T06:18:53.606Z]   FOOTER/HEADER ORIGIN: https://www.linkedin.com
[2026-03-06T06:18:53.606Z]   FOOTER/HEADER ORIGIN: https://www.facebook.com
[2026-03-06T06:18:53.606Z]   FOOTER/HEADER ORIGIN: https://x.com
[2026-03-06T06:18:53.606Z]   FOOTER/HEADER ORIGIN: https://patient.neurokaire.com
[2026-03-06T06:18:53.607Z]   FOOTER/HEADER ORIGIN: https://hcp.neurokaire.com
[2026-03-06T06:18:53.607Z]   SKIP (not in footer/header): https://bionj.org/2022/05/announcing-bionjs-biopartnering-company-pitch-presentation-award-honorees-2
[2026-03-06T06:18:53.607Z]   SKIP (not in footer/header): https://braintech.kenes.com/ibt-awards
[2026-03-06T06:18:53.607Z]   SKIP (not in footer/header): https://eic.ec.europa.eu/index_en
[2026-03-06T06:18:53.607Z]   SKIP (not in footer/header): https://eng.sheba.co.il
[2026-03-06T06:18:53.607Z]   SKIP (not in footer/header): https://events.reutersevents.com/healthcare/digital-health-usa
[2026-03-06T06:18:53.607Z]   SKIP (not in footer/header): https://extremetechchallenge.org/2021-finalists
[2026-03-06T06:18:53.607Z]   SKIP (not in footer/header): https://ey.co.il/events/the-pitch
[2026-03-06T06:18:53.607Z]   SKIP (not in footer/header): https://hello-tomorrow.org/deep-tech-pioneers
[2026-03-06T06:18:53.607Z]   SKIP (not in footer/header): https://innovationisrael.org.il/en
[2026-03-06T06:18:53.607Z]   SKIP (not in footer/header): https://masschallenge.org/case-study/female-led-genetika-grew-and-gained-funding-through-masschallenge
[2026-03-06T06:18:53.608Z]   SKIP (not in footer/header): https://masschallenge.org/programs-israel
[2026-03-06T06:18:53.608Z]   SKIP (not in footer/header): https://njms.rutgers.edu
[2026-03-06T06:18:53.608Z]   SKIP (not in footer/header): https://www.calcalistech.com/ctech/articles/0,7340,L-3803795,00.html
[2026-03-06T06:18:53.608Z]   SKIP (not in footer/header): https://www.canbind.ca
[2026-03-06T06:18:53.608Z]   SKIP (not in footer/header): https://www.clalit-innovation.org
[2026-03-06T06:18:53.608Z]   SKIP (not in footer/header): https://www.clexio.com
[2026-03-06T06:18:53.608Z]   SKIP (not in footer/header): https://www.healthil.org
[2026-03-06T06:18:53.608Z]   SKIP (not in footer/header): https://www.jefferson.edu
[2026-03-06T06:18:53.608Z]   SKIP (not in footer/header): https://www.ksminnovation.com
[2026-03-06T06:18:53.608Z]   SKIP (not in footer/header): https://www.mazorhealth.co.il
[2026-03-06T06:18:53.609Z]   SKIP (not in footer/header): https://www.mea-markets.com
[2026-03-06T06:18:53.609Z]   SKIP (not in footer/header): https://www.nimhgenetics.org
[2026-03-06T06:18:53.609Z]   SKIP (not in footer/header): https://www.womenstartupcompetition.com
[2026-03-06T06:18:53.609Z]   SKIP (not in footer/header): https://www.womentech.net/women-tech-global-awards-winners
[2026-03-06T06:18:53.609Z] Step 2b result: added 0 uncategorized domains from footer/header
[2026-03-06T06:18:53.609Z] ── Step 3: Final dedup ──
[2026-03-06T06:18:53.609Z] Dedup: removed 0 of 2 URLs already in specialized fields
[2026-03-06T06:18:53.609Z] ── FINAL RESULT ──
[2026-03-06T06:18:53.609Z]   ws (3):
[2026-03-06T06:18:53.609Z]     - https://hcp.neurokaire.com
[2026-03-06T06:18:53.609Z]     - https://patient.neurokaire.com
[2026-03-06T06:18:53.609Z]     - https://www.neurokaire.com
[2026-03-06T06:18:53.609Z]   li (1):
[2026-03-06T06:18:53.610Z]     - https://www.linkedin.com/company/neurokaire
[2026-03-06T06:18:53.610Z]   fb (1):
[2026-03-06T06:18:53.610Z]     - https://www.facebook.com/neurokaire
[2026-03-06T06:18:53.610Z]   tw (1):
[2026-03-06T06:18:53.610Z]     - https://x.com/neurokaire
[2026-03-06T06:18:53.610Z]   urls (2):
[2026-03-06T06:18:53.610Z]     - https://hcp.neurokaire.com/login
[2026-03-06T06:18:53.610Z]     - https://patient.neurokaire.com/login
[2026-03-06T06:18:53.610Z] Summary: ws:3, fb:1, li:1, tw:1, urls:2
[2026-03-06T06:18:53.612Z] Saved final result to result.json
[2026-03-06T06:18:53.613Z] Override fields: ws, li, fb, tw
[2026-03-06T06:18:53.613Z] Finished at: 2026-03-06T06:18:53.613Z
