[2026-03-06T11:47:24.976Z] === Homepage AI Extractor: Kai.ai ===
[2026-03-06T11:47:24.976Z] Started at: 2026-03-06T11:47:24.976Z
[2026-03-06T11:47:24.976Z] Log directory: E:\code\The Wall\mono\packages\scrapper\logs\homepage_ai_extractor\1772797644975_Kai.ai
[2026-03-06T11:47:24.976Z] Company: Kai.ai
[2026-03-06T11:47:24.976Z] Website: kai.ai
[2026-03-06T11:47:24.976Z] cbRank: 219566
[2026-03-06T11:47:24.976Z] Reasons: h
[2026-03-06T11:47:24.976Z] Fetching: https://kai.ai
[2026-03-06T11:47:29.111Z] Dismissed cookie consent popup via: button:has-text("Accept all")
[2026-03-06T11:47:32.073Z] Redirected: https://kai.ai -> https://kai.ai/
[2026-03-06T11:47:32.092Z] Saved HTML (532611 bytes) to page.html
[2026-03-06T11:47:32.095Z] Extracted 17 unique links from page
[2026-03-06T11:47:32.095Z] Saved 17 links to links.json
[2026-03-06T11:47:32.098Z] Extracted footer HTML (16497 chars)
[2026-03-06T11:47:32.098Z] Extracted header HTML (3913 chars)
[2026-03-06T11:47:32.102Z] Website (post-redirect): https://kai.ai/ → origin: https://kai.ai
[2026-03-06T11:47:32.102Z]   SUBDOMAIN: join.kai.ai (added to ws)
[2026-03-06T11:47:32.103Z] Website subdomains found: 1
[2026-03-06T11:47:32.103Z] External links: 12 (of 17 total)
[2026-03-06T11:47:32.103Z] ── All external links ──
[2026-03-06T11:47:32.103Z]   EXT: https://github.com/Car-Rental-with-Option-to-Buy
[2026-03-06T11:47:32.103Z]   EXT: https://github.com/free-us-number-for-verification
[2026-03-06T11:47:32.103Z]   EXT: https://github.com/lulutox-detox-tea-it
[2026-03-06T11:47:32.103Z]   EXT: https://github.com/lulutox-detox-tea-official
[2026-03-06T11:47:32.103Z]   EXT: https://github.com/receive-sms-online-america
[2026-03-06T11:47:32.103Z]   EXT: https://github.com/temporary-phone-number-uk
[2026-03-06T11:47:32.103Z]   EXT: https://github.com/uktempnumbers
[2026-03-06T11:47:32.103Z]   EXT: https://kaiai.typeform.com/to/bdcsJDGu
[2026-03-06T11:47:32.103Z]   EXT: https://www.amazon.de/Stardis-Kitchen-Holder-Stainless-Diameter/dp/B01LVU3N7V
[2026-03-06T11:47:32.104Z]   EXT: https://www.amazon.de/stardis-Toilet-Silicone-Compact-Antibacterial/dp/B0CQQPGN3P
[2026-03-06T11:47:32.104Z]   EXT: https://www.cookieyes.com/product/cookie-consent/?ref=cypbcyb&utm_source=cookie-banner&utm_medium=powered-by-cookieyes
[2026-03-06T11:47:32.104Z]   EXT: https://www.olx.ua/d/uk/obyavlenie/arenda-avtomobilya-pod-vykup-v-odesse-IDUNNDB.html
[2026-03-06T11:47:32.104Z] ── Step 1: Programmatic categorization ──
[2026-03-06T11:47:32.104Z]   REGEX: gh <- https://github.com/Car-Rental-with-Option-to-Buy
[2026-03-06T11:47:32.104Z]   REGEX: gh <- https://github.com/free-us-number-for-verification
[2026-03-06T11:47:32.104Z]   REGEX: gh <- https://github.com/lulutox-detox-tea-it
[2026-03-06T11:47:32.105Z]   REGEX: gh <- https://github.com/lulutox-detox-tea-official
[2026-03-06T11:47:32.105Z]   REGEX: gh <- https://github.com/receive-sms-online-america
[2026-03-06T11:47:32.105Z]   REGEX: gh <- https://github.com/temporary-phone-number-uk
[2026-03-06T11:47:32.105Z]   REGEX: gh <- https://github.com/uktempnumbers
[2026-03-06T11:47:32.105Z]   UNCATEGORIZED: https://kaiai.typeform.com/to/bdcsJDGu
[2026-03-06T11:47:32.105Z]   UNCATEGORIZED: https://www.amazon.de/Stardis-Kitchen-Holder-Stainless-Diameter/dp/B01LVU3N7V
[2026-03-06T11:47:32.105Z]   UNCATEGORIZED: https://www.amazon.de/stardis-Toilet-Silicone-Compact-Antibacterial/dp/B0CQQPGN3P
[2026-03-06T11:47:32.105Z]   UNCATEGORIZED: https://www.cookieyes.com/product/cookie-consent/?ref=cypbcyb&utm_source=cookie-banner&utm_medium=powered-by-cookieyes
[2026-03-06T11:47:32.105Z]   UNCATEGORIZED: https://www.olx.ua/d/uk/obyavlenie/arenda-avtomobilya-pod-vykup-v-odesse-IDUNNDB.html
[2026-03-06T11:47:32.105Z] Programmatic result: ws:2, gh:7 | 5 uncategorized
[2026-03-06T11:47:32.105Z] Sending uncategorized links + HTML sections to AI for analysis...
[2026-03-06T11:47:32.106Z] Saved AI prompt (5927 chars) to ai_prompt.txt
[2026-03-06T11:47:57.904Z] Saved AI response to ai_response.json
[2026-03-06T11:47:57.905Z] ── Parsing AI response (2 lines) ──
[2026-03-06T11:47:57.905Z]   AI LINK: https://kai.ai/terms
[2026-03-06T11:47:57.905Z]   AI LINK: https://kai.ai/privacy
[2026-03-06T11:47:57.905Z] AI returned 2 valid links
[2026-03-06T11:47:57.905Z] ── Categorizing 2 AI-returned links ──
[2026-03-06T11:47:57.905Z]   AI→URLS: https://kai.ai/terms
[2026-03-06T11:47:57.905Z]   AI→URLS: https://kai.ai/privacy
[2026-03-06T11:47:57.906Z] ── Step 2b: Footer/header uncategorized links ──
[2026-03-06T11:47:57.906Z] Footer/header origins (1):
[2026-03-06T11:47:57.906Z]   FOOTER/HEADER ORIGIN: https://kai.ai
[2026-03-06T11:47:57.906Z]   SKIP (not in footer/header): https://kaiai.typeform.com/to/bdcsJDGu
[2026-03-06T11:47:57.906Z]   SKIP (not in footer/header): https://www.amazon.de/Stardis-Kitchen-Holder-Stainless-Diameter/dp/B01LVU3N7V
[2026-03-06T11:47:57.906Z]   SKIP (not in footer/header): https://www.amazon.de/stardis-Toilet-Silicone-Compact-Antibacterial/dp/B0CQQPGN3P
[2026-03-06T11:47:57.907Z]   SKIP (not in footer/header): https://www.cookieyes.com/product/cookie-consent/?ref=cypbcyb&utm_source=cookie-banner&utm_medium=powered-by-cookieyes
[2026-03-06T11:47:57.907Z]   SKIP (not in footer/header): https://www.olx.ua/d/uk/obyavlenie/arenda-avtomobilya-pod-vykup-v-odesse-IDUNNDB.html
[2026-03-06T11:47:57.907Z] Step 2b result: added 0 uncategorized domains from footer/header
[2026-03-06T11:47:57.907Z] ── Step 3: Final dedup ──
[2026-03-06T11:47:57.907Z] Dedup: removed 0 of 2 URLs already in specialized fields
[2026-03-06T11:47:57.907Z] ── FINAL RESULT ──
[2026-03-06T11:47:57.907Z]   ws (2):
[2026-03-06T11:47:57.907Z]     - https://join.kai.ai
[2026-03-06T11:47:57.907Z]     - https://kai.ai
[2026-03-06T11:47:57.907Z]   gh (7):
[2026-03-06T11:47:57.907Z]     - https://github.com/car-rental-with-option-to-buy
[2026-03-06T11:47:57.907Z]     - https://github.com/free-us-number-for-verification
[2026-03-06T11:47:57.908Z]     - https://github.com/lulutox-detox-tea-it
[2026-03-06T11:47:57.908Z]     - https://github.com/lulutox-detox-tea-official
[2026-03-06T11:47:57.908Z]     - https://github.com/receive-sms-online-america
[2026-03-06T11:47:57.908Z]     - https://github.com/temporary-phone-number-uk
[2026-03-06T11:47:57.908Z]     - https://github.com/uktempnumbers
[2026-03-06T11:47:57.908Z]   urls (2):
[2026-03-06T11:47:57.908Z]     - https://kai.ai/privacy
[2026-03-06T11:47:57.908Z]     - https://kai.ai/terms
[2026-03-06T11:47:57.908Z] Summary: ws:2, gh:7, urls:2
[2026-03-06T11:47:57.909Z] Saved final result to result.json
[2026-03-06T11:47:57.909Z] Override fields: ws, gh
[2026-03-06T11:47:57.909Z] Finished at: 2026-03-06T11:47:57.909Z
