[2026-03-07T14:14:22.989Z] === Homepage AI Extractor: Civan Lasers ===
[2026-03-07T14:14:22.989Z] Started at: 2026-03-07T14:14:22.989Z
[2026-03-07T14:14:22.989Z] Log directory: E:\code\The Wall\mono\packages\scrapper\logs\homepage_ai_extractor\1772892862988_Civan_Lasers
[2026-03-07T14:14:22.989Z] Company: Civan Lasers
[2026-03-07T14:14:22.989Z] Website: civanlasers.com
[2026-03-07T14:14:22.989Z] cbRank: 255895
[2026-03-07T14:14:22.989Z] Reasons: h
[2026-03-07T14:14:22.989Z] Fetching: https://civanlasers.com
[2026-03-07T14:14:33.850Z] Network idle timeout — continuing with current state
[2026-03-07T14:14:33.893Z] Redirected: https://civanlasers.com -> https://www.civanlasers.com/
[2026-03-07T14:14:33.907Z] Saved HTML (472795 bytes) to page.html
[2026-03-07T14:14:33.910Z] Extracted 7 unique links from page
[2026-03-07T14:14:33.912Z] Saved 7 links to links.json
[2026-03-07T14:14:33.915Z] Extracted footer HTML (1003 chars)
[2026-03-07T14:14:33.915Z] Extracted header HTML (8704 chars)
[2026-03-07T14:14:33.921Z] Website (post-redirect): https://www.civanlasers.com/ → origin: https://www.civanlasers.com
[2026-03-07T14:14:33.921Z] External links: 0 (of 7 total)
[2026-03-07T14:14:33.921Z] ── All external links ──
[2026-03-07T14:14:33.921Z] ── Step 1: Programmatic categorization ──
[2026-03-07T14:14:33.921Z] Programmatic result: ws:1 | 0 uncategorized
[2026-03-07T14:14:33.921Z] Sending uncategorized links + HTML sections to AI for analysis...
[2026-03-07T14:14:33.922Z] Saved AI prompt (2708 chars) to ai_prompt.txt
[2026-03-07T14:14:41.879Z] Saved AI response to ai_response.json
[2026-03-07T14:14:41.879Z] ── Parsing AI response (1 lines) ──
[2026-03-07T14:14:41.879Z] AI returned 0 valid links
[2026-03-07T14:14:41.879Z] ── Categorizing 0 AI-returned links ──
[2026-03-07T14:14:41.879Z] ── Step 2b: Footer/header uncategorized links ──
[2026-03-07T14:14:41.879Z] Footer/header origins (1):
[2026-03-07T14:14:41.879Z]   FOOTER/HEADER ORIGIN: https://www.civanlasers.com
[2026-03-07T14:14:41.879Z] Step 2b result: added 0 uncategorized domains from footer/header
[2026-03-07T14:14:41.879Z] ── Step 3: Final dedup ──
[2026-03-07T14:14:41.880Z] No urls to dedup
[2026-03-07T14:14:41.880Z] ── FINAL RESULT ──
[2026-03-07T14:14:41.880Z]   ws (1):
[2026-03-07T14:14:41.880Z]     - https://www.civanlasers.com
[2026-03-07T14:14:41.880Z] Summary: ws:1
[2026-03-07T14:14:41.881Z] Saved final result to result.json
[2026-03-07T14:14:41.881Z] Override fields: ws
[2026-03-07T14:14:41.881Z] Finished at: 2026-03-07T14:14:41.881Z
