[2026-03-06T09:35:27.567Z] === Homepage AI Extractor: Green ELMF Cables ===
[2026-03-06T09:35:27.567Z] Started at: 2026-03-06T09:35:27.567Z
[2026-03-06T09:35:27.567Z] Log directory: E:\code\The Wall\mono\packages\scrapper\logs\homepage_ai_extractor\1772789727566_Green_ELMF_Cables
[2026-03-06T09:35:27.567Z] Company: Green ELMF Cables
[2026-03-06T09:35:27.567Z] Website: green-elmf-cables.com
[2026-03-06T09:35:27.567Z] cbRank: 189078
[2026-03-06T09:35:27.567Z] Reasons: h
[2026-03-06T09:35:27.567Z] Fetching: https://green-elmf-cables.com
[2026-03-06T09:35:31.061Z] Redirected: https://green-elmf-cables.com -> https://www.green-elmf-cables.com/
[2026-03-06T09:35:31.064Z] Saved HTML (39300 bytes) to page.html
[2026-03-06T09:35:31.067Z] Extracted 15 unique links from page
[2026-03-06T09:35:31.067Z] Saved 15 links to links.json
[2026-03-06T09:35:31.070Z] Extracted footer HTML (877 chars)
[2026-03-06T09:35:31.071Z] Extracted header HTML (6108 chars)
[2026-03-06T09:35:31.074Z] Website (post-redirect): https://www.green-elmf-cables.com/ → origin: https://www.green-elmf-cables.com
[2026-03-06T09:35:31.074Z] External links: 2 (of 15 total)
[2026-03-06T09:35:31.074Z] ── All external links ──
[2026-03-06T09:35:31.074Z]   EXT: http://www.elegantthemes.com
[2026-03-06T09:35:31.075Z]   EXT: http://www.wordpress.org
[2026-03-06T09:35:31.075Z] ── Step 1: Programmatic categorization ──
[2026-03-06T09:35:31.075Z]   UNCATEGORIZED: http://www.elegantthemes.com
[2026-03-06T09:35:31.075Z]   UNCATEGORIZED: http://www.wordpress.org
[2026-03-06T09:35:31.075Z] Programmatic result: ws:1 | 2 uncategorized
[2026-03-06T09:35:31.075Z] Sending uncategorized links + HTML sections to AI for analysis...
[2026-03-06T09:35:31.076Z] Saved AI prompt (2706 chars) to ai_prompt.txt
[2026-03-06T09:35:39.199Z] Saved AI response to ai_response.json
[2026-03-06T09:35:39.199Z] ── Parsing AI response (1 lines) ──
[2026-03-06T09:35:39.199Z] AI returned 0 valid links
[2026-03-06T09:35:39.199Z] ── Categorizing 0 AI-returned links ──
[2026-03-06T09:35:39.200Z] ── Step 2b: Footer/header uncategorized links ──
[2026-03-06T09:35:39.200Z] Footer/header origins (3):
[2026-03-06T09:35:39.200Z]   FOOTER/HEADER ORIGIN: http://www.elegantthemes.com
[2026-03-06T09:35:39.200Z]   FOOTER/HEADER ORIGIN: http://www.wordpress.org
[2026-03-06T09:35:39.200Z]   FOOTER/HEADER ORIGIN: https://www.green-elmf-cables.com
[2026-03-06T09:35:39.200Z]   ADDED: urls <- http://www.elegantthemes.com
[2026-03-06T09:35:39.200Z]   ADDED: urls <- http://www.wordpress.org
[2026-03-06T09:35:39.200Z] Step 2b result: added 2 uncategorized domains from footer/header
[2026-03-06T09:35:39.201Z] ── Step 3: Final dedup ──
[2026-03-06T09:35:39.201Z] Dedup: removed 0 of 2 URLs already in specialized fields
[2026-03-06T09:35:39.201Z] ── FINAL RESULT ──
[2026-03-06T09:35:39.201Z]   ws (1):
[2026-03-06T09:35:39.201Z]     - https://www.green-elmf-cables.com
[2026-03-06T09:35:39.201Z]   urls (2):
[2026-03-06T09:35:39.201Z]     - http://www.elegantthemes.com
[2026-03-06T09:35:39.201Z]     - http://www.wordpress.org
[2026-03-06T09:35:39.201Z] Summary: ws:1, urls:2
[2026-03-06T09:35:39.202Z] Saved final result to result.json
[2026-03-06T09:35:39.202Z] Override fields: ws, urls
[2026-03-06T09:35:39.202Z] Finished at: 2026-03-06T09:35:39.202Z
