[2026-03-01T20:52:39.472Z] === Homepage AI Extractor: MedHub-AI ===
[2026-03-01T20:52:39.472Z] Started at: 2026-03-01T20:52:39.472Z
[2026-03-01T20:52:39.472Z] Log directory: E:\code\The Wall\mono\packages\scrapper\logs\homepage_ai_extractor\1772398359471_MedHub-AI
[2026-03-01T20:52:39.472Z] Company: MedHub-AI
[2026-03-01T20:52:39.472Z] Website: medhub-ai.com
[2026-03-01T20:52:39.472Z] cbRank: 44836
[2026-03-01T20:52:39.472Z] Reasons: h
[2026-03-01T20:52:39.472Z] Fetching: https://medhub-ai.com
[2026-03-01T20:52:52.252Z] Network idle timeout — continuing with current state
[2026-03-01T20:52:52.339Z] Redirected: https://medhub-ai.com -> https://www.medhub-ai.com/
[2026-03-01T20:52:52.349Z] Saved HTML (89416 bytes) to page.html
[2026-03-01T20:52:52.356Z] Extracted 13 unique links from page
[2026-03-01T20:52:52.357Z] Saved 13 links to links.json
[2026-03-01T20:52:52.363Z] Extracted footer HTML (1825 chars)
[2026-03-01T20:52:52.363Z] Extracted header HTML (1215 chars)
[2026-03-01T20:52:52.373Z] Website (post-redirect): https://www.medhub-ai.com/ → origin: https://www.medhub-ai.com
[2026-03-01T20:52:52.374Z] External links: 5 (of 13 total)
[2026-03-01T20:52:52.374Z] ── All external links ──
[2026-03-01T20:52:52.374Z]   EXT: https://pixart.dev
[2026-03-01T20:52:52.374Z]   EXT: https://twitter.com/AiMedhub?s=08
[2026-03-01T20:52:52.374Z]   EXT: https://www.linkedin.com/company/medhub-ai
[2026-03-01T20:52:52.374Z]   EXT: https://www.reborntlv.com
[2026-03-01T20:52:52.374Z]   EXT: https://www.youtube.com/channel/UCVS5vhpv4fN-SSf3cipQ9Sg
[2026-03-01T20:52:52.375Z] ── Step 1: Programmatic categorization ──
[2026-03-01T20:52:52.375Z]   UNCATEGORIZED: https://pixart.dev
[2026-03-01T20:52:52.375Z]   REGEX: tw <- https://twitter.com/AiMedhub?s=08
[2026-03-01T20:52:52.375Z]   REGEX: li <- https://www.linkedin.com/company/medhub-ai
[2026-03-01T20:52:52.375Z]   UNCATEGORIZED: https://www.reborntlv.com
[2026-03-01T20:52:52.375Z]   REGEX: ytc <- https://www.youtube.com/channel/UCVS5vhpv4fN-SSf3cipQ9Sg
[2026-03-01T20:52:52.375Z] Programmatic result: ws:1, tw:1, li:1, ytc:1 | 2 uncategorized
[2026-03-01T20:52:52.375Z] Sending uncategorized links + HTML sections to AI for analysis...
[2026-03-01T20:52:52.377Z] Saved AI prompt (3261 chars) to ai_prompt.txt
[2026-03-01T20:53:15.786Z] Saved AI response to ai_response.json
[2026-03-01T20:53:15.787Z] ── Parsing AI response (3 lines) ──
[2026-03-01T20:53:15.787Z]   AI LINK: https://www.youtube.com/channel/UCVS5vhpv4fN-SSf3cipQ9Sg
[2026-03-01T20:53:15.787Z]   AI LINK: https://twitter.com/AiMedhub?s=08
[2026-03-01T20:53:15.787Z]   AI LINK: https://www.linkedin.com/company/medhub-ai/
[2026-03-01T20:53:15.787Z] AI returned 3 valid links
[2026-03-01T20:53:15.787Z] ── Categorizing 3 AI-returned links ──
[2026-03-01T20:53:15.788Z]   AI→REGEX: ytc <- https://www.youtube.com/channel/UCVS5vhpv4fN-SSf3cipQ9Sg (duplicate, skipped)
[2026-03-01T20:53:15.788Z]   AI→REGEX: tw <- https://twitter.com/AiMedhub?s=08 (duplicate, skipped)
[2026-03-01T20:53:15.788Z]   AI→REGEX: li <- https://www.linkedin.com/company/medhub-ai/ (duplicate, skipped)
[2026-03-01T20:53:15.788Z] ── Step 2b: Footer/header uncategorized links ──
[2026-03-01T20:53:15.788Z] Footer/header origins (6):
[2026-03-01T20:53:15.788Z]   FOOTER/HEADER ORIGIN: https://www.medhub-ai.com
[2026-03-01T20:53:15.788Z]   FOOTER/HEADER ORIGIN: https://www.youtube.com
[2026-03-01T20:53:15.788Z]   FOOTER/HEADER ORIGIN: https://twitter.com
[2026-03-01T20:53:15.788Z]   FOOTER/HEADER ORIGIN: https://www.linkedin.com
[2026-03-01T20:53:15.789Z]   FOOTER/HEADER ORIGIN: https://www.reborntlv.com
[2026-03-01T20:53:15.789Z]   FOOTER/HEADER ORIGIN: https://pixart.dev
[2026-03-01T20:53:15.789Z]   ADDED: urls <- https://pixart.dev
[2026-03-01T20:53:15.789Z]   ADDED: urls <- https://www.reborntlv.com
[2026-03-01T20:53:15.789Z] Step 2b result: added 2 uncategorized domains from footer/header
[2026-03-01T20:53:15.789Z] ── Step 3: Final dedup ──
[2026-03-01T20:53:15.789Z] Dedup: removed 0 of 2 URLs already in specialized fields
[2026-03-01T20:53:15.789Z] ── FINAL RESULT ──
[2026-03-01T20:53:15.789Z]   ws (1):
[2026-03-01T20:53:15.789Z]     - https://www.medhub-ai.com
[2026-03-01T20:53:15.789Z]   li (1):
[2026-03-01T20:53:15.789Z]     - https://www.linkedin.com/company/medhub-ai
[2026-03-01T20:53:15.789Z]   tw (1):
[2026-03-01T20:53:15.789Z]     - https://x.com/aimedhub
[2026-03-01T20:53:15.789Z]   ytc (1):
[2026-03-01T20:53:15.789Z]     - https://www.youtube.com/channel/ucvs5vhpv4fn-ssf3cipq9sg
[2026-03-01T20:53:15.789Z]   urls (2):
[2026-03-01T20:53:15.790Z]     - https://pixart.dev
[2026-03-01T20:53:15.790Z]     - https://www.reborntlv.com
[2026-03-01T20:53:15.790Z] Summary: ws:1, tw:1, li:1, ytc:1, urls:2
[2026-03-01T20:53:15.790Z] Saved final result to result.json
[2026-03-01T20:53:15.790Z] Override fields: ws, li, tw, ytc, urls
[2026-03-01T20:53:15.790Z] Finished at: 2026-03-01T20:53:15.790Z
