[2026-02-27T05:55:33.903Z] === Homepage AI Extractor: Wenrix ===
[2026-02-27T05:55:33.904Z] Started at: 2026-02-27T05:55:33.904Z
[2026-02-27T05:55:33.904Z] Log directory: E:\code\The Wall\mono\packages\scrapper\logs\homepage_ai_extractor\1772171733901_Wenrix
[2026-02-27T05:55:33.904Z] Company: Wenrix
[2026-02-27T05:55:33.904Z] Website: wenrix.com
[2026-02-27T05:55:33.904Z] cbRank: 21150
[2026-02-27T05:55:33.904Z] Reasons: h
[2026-02-27T05:55:33.904Z] Fetching: https://wenrix.com
[2026-02-27T05:55:36.573Z] Dismissed cookie consent popup via: button:has-text("Accept all")
[2026-02-27T05:55:37.080Z] Redirected: https://wenrix.com -> https://www.wenrix.com/
[2026-02-27T05:55:37.098Z] Saved HTML (150334 bytes) to page.html
[2026-02-27T05:55:37.106Z] Extracted 21 unique links from page
[2026-02-27T05:55:37.108Z] Saved 21 links to links.json
[2026-02-27T05:55:37.117Z] Extracted footer HTML (5403 chars)
[2026-02-27T05:55:37.117Z] Extracted header HTML (6773 chars)
[2026-02-27T05:55:37.125Z] Website (post-redirect): https://www.wenrix.com/
[2026-02-27T05:55:37.125Z]   SUBDOMAIN: docs.wenrix.com (added to ws)
[2026-02-27T05:55:37.125Z] Website subdomains found: 1
[2026-02-27T05:55:37.126Z] External links: 3 (of 21 total)
[2026-02-27T05:55:37.126Z] ── All external links ──
[2026-02-27T05:55:37.126Z]   EXT: https://whizar.auth0.com/u/login/identifier?state=hKFo2SBrZzdmQVFleGlVaTFaRVpzLVhuRmFJYmlRVzE3UkRHUqFur3VuaXZlcnNhbC1sb2dpbqN0aWTZIHh6OW1FaEZvVHBlZ0gyazJDQXdBaHFSUGdRRXV0eV9io2NpZNkgSTR6d0lrN3VNblE5Rk5SWXlCUHhna0FWWGRVSWxjNVI
[2026-02-27T05:55:37.126Z]   EXT: https://www.cookieyes.com/product/cookie-consent/?ref=cypbcyb&utm_source=cookie-banner&utm_medium=fl-branding
[2026-02-27T05:55:37.126Z]   EXT: https://www.cookieyes.com/product/cookie-consent/?ref=cypbcyb&utm_source=cookie-banner&utm_medium=sl-branding
[2026-02-27T05:55:37.126Z] ── Step 1: Programmatic categorization ──
[2026-02-27T05:55:37.127Z]   UNCATEGORIZED: https://whizar.auth0.com/u/login/identifier?state=hKFo2SBrZzdmQVFleGlVaTFaRVpzLVhuRmFJYmlRVzE3UkRHUqFur3VuaXZlcnNhbC1sb2dpbqN0aWTZIHh6OW1FaEZvVHBlZ0gyazJDQXdBaHFSUGdRRXV0eV9io2NpZNkgSTR6d0lrN3VNblE5Rk5SWXlCUHhna0FWWGRVSWxjNVI
[2026-02-27T05:55:37.127Z]   UNCATEGORIZED: https://www.cookieyes.com/product/cookie-consent/?ref=cypbcyb&utm_source=cookie-banner&utm_medium=fl-branding
[2026-02-27T05:55:37.127Z]   UNCATEGORIZED: https://www.cookieyes.com/product/cookie-consent/?ref=cypbcyb&utm_source=cookie-banner&utm_medium=sl-branding
[2026-02-27T05:55:37.127Z] Programmatic result: ws:2 | 3 uncategorized
[2026-02-27T05:55:37.127Z] Sending uncategorized links + HTML sections to AI for analysis...
[2026-02-27T05:55:37.128Z] Saved AI prompt (5338 chars) to ai_prompt.txt
[2026-02-27T05:56:37.292Z] Saved AI response to ai_response.json
[2026-02-27T05:56:37.293Z] ── Parsing AI response (15 lines) ──
[2026-02-27T05:56:37.293Z]   AI LINK: https://www.wenrix.com
[2026-02-27T05:56:37.293Z]   AI LINK: https://docs.wenrix.com
[2026-02-27T05:56:37.293Z]   AI LINK: https://www.wenrix.com/blog
[2026-02-27T05:56:37.293Z]   AI LINK: https://www.wenrix.com/press-release
[2026-02-27T05:56:37.293Z]   AI LINK: https://www.wenrix.com/about-us
[2026-02-27T05:56:37.293Z]   AI LINK: https://www.wenrix.com/careers
[2026-02-27T05:56:37.293Z]   AI LINK: https://www.wenrix.com/contact
[2026-02-27T05:56:37.293Z]   AI LINK: https://www.wenrix.com/otas
[2026-02-27T05:56:37.293Z]   AI LINK: https://www.wenrix.com/tmcs
[2026-02-27T05:56:37.293Z]   AI LINK: https://www.wenrix.com/platform
[2026-02-27T05:56:37.293Z]   AI LINK: https://www.wenrix.com/wenrix-faresight
[2026-02-27T05:56:37.294Z]   AI LINK: https://www.wenrix.com/wenrix-flexengine
[2026-02-27T05:56:37.294Z]   AI LINK: https://www.wenrix.com/wenrix-deepflow
[2026-02-27T05:56:37.294Z]   AI LINK: https://www.wenrix.com/privacy-policy
[2026-02-27T05:56:37.294Z]   AI LINK: https://www.wenrix.com/tcs
[2026-02-27T05:56:37.294Z] AI returned 15 valid links
[2026-02-27T05:56:37.294Z] ── Categorizing 15 AI-returned links ──
[2026-02-27T05:56:37.294Z]   AI→URLS: https://www.wenrix.com
[2026-02-27T05:56:37.294Z]   AI→URLS: https://docs.wenrix.com
[2026-02-27T05:56:37.294Z]   AI→URLS: https://www.wenrix.com/blog
[2026-02-27T05:56:37.294Z]   AI→URLS: https://www.wenrix.com/press-release
[2026-02-27T05:56:37.294Z]   AI→URLS: https://www.wenrix.com/about-us
[2026-02-27T05:56:37.295Z]   AI→URLS: https://www.wenrix.com/careers
[2026-02-27T05:56:37.295Z]   AI→URLS: https://www.wenrix.com/contact
[2026-02-27T05:56:37.295Z]   AI→URLS: https://www.wenrix.com/otas
[2026-02-27T05:56:37.295Z]   AI→URLS: https://www.wenrix.com/tmcs
[2026-02-27T05:56:37.295Z]   AI→URLS: https://www.wenrix.com/platform
[2026-02-27T05:56:37.295Z]   AI→URLS: https://www.wenrix.com/wenrix-faresight
[2026-02-27T05:56:37.295Z]   AI→URLS: https://www.wenrix.com/wenrix-flexengine
[2026-02-27T05:56:37.295Z]   AI→URLS: https://www.wenrix.com/wenrix-deepflow
[2026-02-27T05:56:37.295Z]   AI→URLS: https://www.wenrix.com/privacy-policy
[2026-02-27T05:56:37.295Z]   AI→URLS: https://www.wenrix.com/tcs
[2026-02-27T05:56:37.296Z] ── Step 2b: Footer/header uncategorized links ──
[2026-02-27T05:56:37.296Z] Footer/header origins (3):
[2026-02-27T05:56:37.296Z]   FOOTER/HEADER ORIGIN: https://www.wenrix.com
[2026-02-27T05:56:37.296Z]   FOOTER/HEADER ORIGIN: https://docs.wenrix.com
[2026-02-27T05:56:37.296Z]   FOOTER/HEADER ORIGIN: https://whizar.auth0.com
[2026-02-27T05:56:37.296Z]   ADDED: urls <- https://whizar.auth0.com/u/login/identifier (cleaned from https://whizar.auth0.com/u/login/identifier?state=hKFo2SBrZzdmQVFleGlVaTFaRVpzLVhuRmFJYmlRVzE3UkRHUqFur3VuaXZlcnNhbC1sb2dpbqN0aWTZIHh6OW1FaEZvVHBlZ0gyazJDQXdBaHFSUGdRRXV0eV9io2NpZNkgSTR6d0lrN3VNblE5Rk5SWXlCUHhna0FWWGRVSWxjNVI)
[2026-02-27T05:56:37.296Z]   SKIP (not in footer/header): https://www.cookieyes.com/product/cookie-consent/?ref=cypbcyb&utm_source=cookie-banner&utm_medium=fl-branding
[2026-02-27T05:56:37.296Z]   SKIP (not in footer/header): https://www.cookieyes.com/product/cookie-consent/?ref=cypbcyb&utm_source=cookie-banner&utm_medium=sl-branding
[2026-02-27T05:56:37.296Z] Step 2b result: added 1 uncategorized domains from footer/header
[2026-02-27T05:56:37.296Z] ── Step 3: Final dedup ──
[2026-02-27T05:56:37.296Z] Dedup: removed 0 of 16 URLs already in specialized fields
[2026-02-27T05:56:37.296Z] ── FINAL RESULT ──
[2026-02-27T05:56:37.297Z]   ws (2):
[2026-02-27T05:56:37.297Z]     - https://docs.wenrix.com
[2026-02-27T05:56:37.297Z]     - https://www.wenrix.com/
[2026-02-27T05:56:37.297Z]   urls (16):
[2026-02-27T05:56:37.297Z]     - https://docs.wenrix.com
[2026-02-27T05:56:37.297Z]     - https://whizar.auth0.com/u/login/identifier
[2026-02-27T05:56:37.297Z]     - https://www.wenrix.com
[2026-02-27T05:56:37.297Z]     - https://www.wenrix.com/about-us
[2026-02-27T05:56:37.297Z]     - https://www.wenrix.com/blog
[2026-02-27T05:56:37.297Z]     - https://www.wenrix.com/careers
[2026-02-27T05:56:37.297Z]     - https://www.wenrix.com/contact
[2026-02-27T05:56:37.297Z]     - https://www.wenrix.com/otas
[2026-02-27T05:56:37.297Z]     - https://www.wenrix.com/platform
[2026-02-27T05:56:37.297Z]     - https://www.wenrix.com/press-release
[2026-02-27T05:56:37.297Z]     - https://www.wenrix.com/privacy-policy
[2026-02-27T05:56:37.297Z]     - https://www.wenrix.com/tcs
[2026-02-27T05:56:37.298Z]     - https://www.wenrix.com/tmcs
[2026-02-27T05:56:37.298Z]     - https://www.wenrix.com/wenrix-deepflow
[2026-02-27T05:56:37.298Z]     - https://www.wenrix.com/wenrix-faresight
[2026-02-27T05:56:37.298Z]     - https://www.wenrix.com/wenrix-flexengine
[2026-02-27T05:56:37.298Z] Summary: ws:2, urls:16
[2026-02-27T05:56:37.299Z] Saved final result to result.json
[2026-02-27T05:56:37.299Z] Override fields: ws, urls
[2026-02-27T05:56:37.299Z] Finished at: 2026-02-27T05:56:37.299Z
