[2026-03-06T08:41:51.169Z] === Homepage AI Extractor: Cellcom Israel ===
[2026-03-06T08:41:51.169Z] Started at: 2026-03-06T08:41:51.169Z
[2026-03-06T08:41:51.169Z] Log directory: E:\code\The Wall\mono\packages\scrapper\logs\homepage_ai_extractor\1772786511169_Cellcom_Israel
[2026-03-06T08:41:51.169Z] Company: Cellcom Israel
[2026-03-06T08:41:51.169Z] Website: cellcom.co.il
[2026-03-06T08:41:51.170Z] cbRank: 175180
[2026-03-06T08:41:51.170Z] Reasons: h
[2026-03-06T08:41:51.170Z] Fetching: https://cellcom.co.il
[2026-03-06T08:42:01.523Z] Redirected: https://cellcom.co.il -> https://cellcom.co.il/
[2026-03-06T08:42:01.535Z] Saved HTML (316485 bytes) to page.html
[2026-03-06T08:42:01.539Z] Extracted 62 unique links from page
[2026-03-06T08:42:01.540Z] Saved 62 links to links.json
[2026-03-06T08:42:01.543Z] No footer section found in DOM
[2026-03-06T08:42:01.543Z] Extracted header HTML (404 chars)
[2026-03-06T08:42:01.548Z] Website (post-redirect): https://cellcom.co.il/ → origin: https://cellcom.co.il
[2026-03-06T08:42:01.548Z]   SUBDOMAIN: cellcomtvplus.cellcom.co.il (added to ws)
[2026-03-06T08:42:01.549Z]   SUBDOMAIN: internationalcarrierservices.cellcom.co.il (added to ws)
[2026-03-06T08:42:01.549Z]   SUBDOMAIN: investors.cellcom.co.il (added to ws)
[2026-03-06T08:42:01.549Z]   SUBDOMAIN: private.cellcom.co.il (added to ws)
[2026-03-06T08:42:01.549Z]   SUBDOMAIN: shop.cellcom.co.il (added to ws)
[2026-03-06T08:42:01.549Z] Website subdomains found: 5
[2026-03-06T08:42:01.549Z] External links: 9 (of 62 total)
[2026-03-06T08:42:01.549Z] ── All external links ──
[2026-03-06T08:42:01.549Z]   EXT: https://group107.com/accessibility-for-all
[2026-03-06T08:42:01.549Z]   EXT: https://itunes.apple.com/il/app/tv-slqwm/id642315912?mt=8
[2026-03-06T08:42:01.549Z]   EXT: https://play.google.com/store/apps/details?id=com.cellcom.cellcomtv
[2026-03-06T08:42:01.550Z]   EXT: https://www.facebook.com/cellcom.official
[2026-03-06T08:42:01.550Z]   EXT: https://www.instagram.com/cellcom
[2026-03-06T08:42:01.550Z]   EXT: https://www.linkedin.com/company/cellcom
[2026-03-06T08:42:01.550Z]   EXT: https://www.tiktok.com/@cellcom
[2026-03-06T08:42:01.550Z]   EXT: https://www.youtube.com/@CellcomOfficial
[2026-03-06T08:42:01.550Z]   EXT: https://zoomengage.com/?utm_source=cellcom.co.il&utm_medium=popup_watermark&utm_campaign=106597
[2026-03-06T08:42:01.550Z] ── Step 1: Programmatic categorization ──
[2026-03-06T08:42:01.550Z]   UNCATEGORIZED: https://group107.com/accessibility-for-all
[2026-03-06T08:42:01.550Z]   UNCATEGORIZED: https://itunes.apple.com/il/app/tv-slqwm/id642315912?mt=8
[2026-03-06T08:42:01.550Z]   REGEX: android_app_ids <- com.cellcom.cellcomtv (from https://play.google.com/store/apps/details?id=com.cellcom.cellcomtv)
[2026-03-06T08:42:01.550Z]   REGEX: fb <- https://www.facebook.com/cellcom.official
[2026-03-06T08:42:01.551Z]   REGEX: ig <- https://www.instagram.com/cellcom
[2026-03-06T08:42:01.551Z]   REGEX: li <- https://www.linkedin.com/company/cellcom
[2026-03-06T08:42:01.551Z]   REGEX: tt <- https://www.tiktok.com/@cellcom
[2026-03-06T08:42:01.551Z]   REGEX: ytp <- https://www.youtube.com/@CellcomOfficial
[2026-03-06T08:42:01.551Z]   UNCATEGORIZED: https://zoomengage.com/?utm_source=cellcom.co.il&utm_medium=popup_watermark&utm_campaign=106597
[2026-03-06T08:42:01.551Z] Programmatic result: ws:6, android_app_ids:1, fb:1, ig:1, li:1, tt:1, ytp:1 | 3 uncategorized
[2026-03-06T08:42:01.551Z] Sending uncategorized links + HTML sections to AI for analysis...
[2026-03-06T08:42:01.552Z] Saved AI prompt (2142 chars) to ai_prompt.txt
[2026-03-06T08:42:13.521Z] Saved AI response to ai_response.json
[2026-03-06T08:42:13.521Z] ── Parsing AI response (1 lines) ──
[2026-03-06T08:42:13.521Z]   AI LINK: https://itunes.apple.com/il/app/tv-slqwm/id642315912?mt=8
[2026-03-06T08:42:13.522Z] AI returned 1 valid links
[2026-03-06T08:42:13.522Z] ── Categorizing 1 AI-returned links ──
[2026-03-06T08:42:13.522Z]   AI→URLS: https://itunes.apple.com/il/app/tv-slqwm/id642315912 (cleaned from https://itunes.apple.com/il/app/tv-slqwm/id642315912?mt=8)
[2026-03-06T08:42:13.522Z] ── Step 2b: Footer/header uncategorized links ──
[2026-03-06T08:42:13.522Z] Footer/header origins (0):
[2026-03-06T08:42:13.522Z]   SKIP (not in footer/header): https://group107.com/accessibility-for-all
[2026-03-06T08:42:13.522Z]   SKIP (AI claimed): https://itunes.apple.com/il/app/tv-slqwm/id642315912?mt=8
[2026-03-06T08:42:13.522Z]   SKIP (not in footer/header): https://zoomengage.com/?utm_source=cellcom.co.il&utm_medium=popup_watermark&utm_campaign=106597
[2026-03-06T08:42:13.522Z] Step 2b result: added 0 uncategorized domains from footer/header
[2026-03-06T08:42:13.522Z] ── Step 3: Final dedup ──
[2026-03-06T08:42:13.522Z] Dedup: removed 0 of 1 URLs already in specialized fields
[2026-03-06T08:42:13.523Z] ── FINAL RESULT ──
[2026-03-06T08:42:13.523Z]   ws (6):
[2026-03-06T08:42:13.523Z]     - https://cellcom.co.il
[2026-03-06T08:42:13.523Z]     - https://cellcomtvplus.cellcom.co.il
[2026-03-06T08:42:13.523Z]     - https://internationalcarrierservices.cellcom.co.il
[2026-03-06T08:42:13.523Z]     - https://investors.cellcom.co.il
[2026-03-06T08:42:13.523Z]     - https://private.cellcom.co.il
[2026-03-06T08:42:13.523Z]     - https://shop.cellcom.co.il
[2026-03-06T08:42:13.523Z]   li (1):
[2026-03-06T08:42:13.523Z]     - https://www.linkedin.com/company/cellcom
[2026-03-06T08:42:13.523Z]   fb (1):
[2026-03-06T08:42:13.523Z]     - https://www.facebook.com/cellcom.official
[2026-03-06T08:42:13.523Z]   ig (1):
[2026-03-06T08:42:13.523Z]     - https://www.instagram.com/cellcom
[2026-03-06T08:42:13.523Z]   ytp (1):
[2026-03-06T08:42:13.524Z]     - https://www.youtube.com/@cellcomofficial
[2026-03-06T08:42:13.524Z]   tt (1):
[2026-03-06T08:42:13.524Z]     - https://www.tiktok.com/@cellcom
[2026-03-06T08:42:13.524Z]   urls (1):
[2026-03-06T08:42:13.524Z]     - https://itunes.apple.com/il/app/tv-slqwm/id642315912
[2026-03-06T08:42:13.524Z]   android_app_ids (1):
[2026-03-06T08:42:13.524Z]     - com.cellcom.cellcomtv
[2026-03-06T08:42:13.524Z] Summary: ws:6, android_app_ids:1, fb:1, ig:1, li:1, tt:1, ytp:1, urls:1
[2026-03-06T08:42:13.524Z] Saved final result to result.json
[2026-03-06T08:42:13.525Z] Override fields: ws, li, fb, ig, ytp, tt, urls, android_app_ids
[2026-03-06T08:42:13.525Z] Finished at: 2026-03-06T08:42:13.525Z
