[2026-03-05T11:10:57.338Z] === Homepage AI Extractor: Beach Bum ===
[2026-03-05T11:10:57.338Z] Started at: 2026-03-05T11:10:57.338Z
[2026-03-05T11:10:57.338Z] Log directory: E:\code\The Wall\mono\packages\scrapper\logs\homepage_ai_extractor\1772709057338_Beach_Bum
[2026-03-05T11:10:57.339Z] Company: Beach Bum
[2026-03-05T11:10:57.339Z] Website: bbumgames.com
[2026-03-05T11:10:57.339Z] cbRank: 85462
[2026-03-05T11:10:57.339Z] Reasons: h
[2026-03-05T11:10:57.339Z] Fetching: https://bbumgames.com
[2026-03-05T11:11:01.370Z] Redirected: https://bbumgames.com -> https://www.bbumgames.com/
[2026-03-05T11:11:01.375Z] Saved HTML (84565 bytes) to page.html
[2026-03-05T11:11:01.379Z] Extracted 37 unique links from page
[2026-03-05T11:11:01.380Z] Saved 37 links to links.json
[2026-03-05T11:11:01.383Z] Extracted footer HTML (6438 chars)
[2026-03-05T11:11:01.384Z] Extracted header HTML (4606 chars)
[2026-03-05T11:11:01.388Z] Website (post-redirect): https://www.bbumgames.com/ → origin: https://www.bbumgames.com
[2026-03-05T11:11:01.389Z] External links: 26 (of 37 total)
[2026-03-05T11:11:01.389Z] ── All external links ──
[2026-03-05T11:11:01.389Z]   EXT: https://app.adjust.com/18mlw5n7_18r8zeyn
[2026-03-05T11:11:01.389Z]   EXT: https://apps.apple.com/il/app/wild-run-adventures/id6742872860
[2026-03-05T11:11:01.389Z]   EXT: https://bbumgames.freshdesk.com/en/support/home
[2026-03-05T11:11:01.389Z]   EXT: https://bbumgameshelp.freshdesk.com/support/home
[2026-03-05T11:11:01.389Z]   EXT: https://beachbum-help.freshdesk.com/support/home
[2026-03-05T11:11:01.389Z]   EXT: https://bg.onelink.me/2pGm/6fht7kys
[2026-03-05T11:11:01.389Z]   EXT: https://blog.voodoo.io/articles/voodoo-Beach-Bum
[2026-03-05T11:11:01.389Z]   EXT: https://d1sk6oz8y9drxz.cloudfront.net/wp-content/uploads/2023/04/life-at-beach_slide.webp
[2026-03-05T11:11:01.389Z]   EXT: https://d1sk6oz8y9drxz.cloudfront.net/wp-content/uploads/2023/06/%D7%A9%D7%A9_%D7%91%D7%A9__12_gmexws.jpg
[2026-03-05T11:11:01.389Z]   EXT: https://d1sk6oz8y9drxz.cloudfront.net/wp-content/uploads/2023/06/2022-06-14-16-of-131-scaled.jpg
[2026-03-05T11:11:01.389Z]   EXT: https://d1sk6oz8y9drxz.cloudfront.net/wp-content/uploads/2023/06/HM-0042.jpg
[2026-03-05T11:11:01.389Z]   EXT: https://d1sk6oz8y9drxz.cloudfront.net/wp-content/uploads/2023/06/RAMISINAI-1721-scaled.jpg
[2026-03-05T11:11:01.390Z]   EXT: https://domino-go.onelink.me/CFgt/6gfeipxp
[2026-03-05T11:11:01.390Z]   EXT: https://gin-rummy.onelink.me/peQ4/lpdl3686
[2026-03-05T11:11:01.390Z]   EXT: https://il.linkedin.com/company/beach-bum-ltd
[2026-03-05T11:11:01.390Z]   EXT: https://instagram.com/beach_bum_fun?igshid=NTc4MTIwNjQ2YQ==
[2026-03-05T11:11:01.390Z]   EXT: https://newaccount1636616195716.freshdesk.com/support/home
[2026-03-05T11:11:01.390Z]   EXT: https://play.google.com/store/apps/details?id=com.bbumgames.hexacoin
[2026-03-05T11:11:01.390Z]   EXT: https://rummy-rush.onelink.me/IiJ4/cugq36h2
[2026-03-05T11:11:01.390Z]   EXT: https://rummyrush.freshdesk.com/support/home
[2026-03-05T11:11:01.390Z]   EXT: https://rummystars.freshdesk.com/support/home
[2026-03-05T11:11:01.390Z]   EXT: https://sitrus.co.il
[2026-03-05T11:11:01.390Z]   EXT: https://sr.onelink.me/kmUv/yxrulpnd
[2026-03-05T11:11:01.390Z]   EXT: https://tilezgame.freshdesk.com/support/home
[2026-03-05T11:11:01.390Z]   EXT: https://tz.onelink.me/8pCN/8jhh1yl2
[2026-03-05T11:11:01.390Z]   EXT: https://www.facebook.com/Beach-Bum-992923960753686
[2026-03-05T11:11:01.390Z] ── Step 1: Programmatic categorization ──
[2026-03-05T11:11:01.391Z]   UNCATEGORIZED: https://app.adjust.com/18mlw5n7_18r8zeyn
[2026-03-05T11:11:01.391Z]   UNCATEGORIZED: https://apps.apple.com/il/app/wild-run-adventures/id6742872860
[2026-03-05T11:11:01.391Z]   UNCATEGORIZED: https://bbumgames.freshdesk.com/en/support/home
[2026-03-05T11:11:01.391Z]   UNCATEGORIZED: https://bbumgameshelp.freshdesk.com/support/home
[2026-03-05T11:11:01.391Z]   UNCATEGORIZED: https://beachbum-help.freshdesk.com/support/home
[2026-03-05T11:11:01.391Z]   UNCATEGORIZED: https://bg.onelink.me/2pGm/6fht7kys
[2026-03-05T11:11:01.391Z]   UNCATEGORIZED: https://blog.voodoo.io/articles/voodoo-Beach-Bum
[2026-03-05T11:11:01.391Z]   UNCATEGORIZED: https://d1sk6oz8y9drxz.cloudfront.net/wp-content/uploads/2023/04/life-at-beach_slide.webp
[2026-03-05T11:11:01.391Z]   UNCATEGORIZED: https://d1sk6oz8y9drxz.cloudfront.net/wp-content/uploads/2023/06/%D7%A9%D7%A9_%D7%91%D7%A9__12_gmexws.jpg
[2026-03-05T11:11:01.392Z]   UNCATEGORIZED: https://d1sk6oz8y9drxz.cloudfront.net/wp-content/uploads/2023/06/2022-06-14-16-of-131-scaled.jpg
[2026-03-05T11:11:01.392Z]   UNCATEGORIZED: https://d1sk6oz8y9drxz.cloudfront.net/wp-content/uploads/2023/06/HM-0042.jpg
[2026-03-05T11:11:01.392Z]   UNCATEGORIZED: https://d1sk6oz8y9drxz.cloudfront.net/wp-content/uploads/2023/06/RAMISINAI-1721-scaled.jpg
[2026-03-05T11:11:01.392Z]   UNCATEGORIZED: https://domino-go.onelink.me/CFgt/6gfeipxp
[2026-03-05T11:11:01.392Z]   UNCATEGORIZED: https://gin-rummy.onelink.me/peQ4/lpdl3686
[2026-03-05T11:11:01.392Z]   REGEX: li <- https://il.linkedin.com/company/beach-bum-ltd
[2026-03-05T11:11:01.392Z]   REGEX: ig <- https://instagram.com/beach_bum_fun?igshid=NTc4MTIwNjQ2YQ==
[2026-03-05T11:11:01.392Z]   UNCATEGORIZED: https://newaccount1636616195716.freshdesk.com/support/home
[2026-03-05T11:11:01.392Z]   REGEX: android_app_ids <- com.bbumgames.hexacoin (from https://play.google.com/store/apps/details?id=com.bbumgames.hexacoin)
[2026-03-05T11:11:01.392Z]   UNCATEGORIZED: https://rummy-rush.onelink.me/IiJ4/cugq36h2
[2026-03-05T11:11:01.392Z]   UNCATEGORIZED: https://rummyrush.freshdesk.com/support/home
[2026-03-05T11:11:01.392Z]   UNCATEGORIZED: https://rummystars.freshdesk.com/support/home
[2026-03-05T11:11:01.393Z]   UNCATEGORIZED: https://sitrus.co.il
[2026-03-05T11:11:01.393Z]   UNCATEGORIZED: https://sr.onelink.me/kmUv/yxrulpnd
[2026-03-05T11:11:01.393Z]   UNCATEGORIZED: https://tilezgame.freshdesk.com/support/home
[2026-03-05T11:11:01.393Z]   UNCATEGORIZED: https://tz.onelink.me/8pCN/8jhh1yl2
[2026-03-05T11:11:01.393Z]   REGEX: fb <- https://www.facebook.com/Beach-Bum-992923960753686
[2026-03-05T11:11:01.393Z] Programmatic result: ws:1, li:1, ig:1, android_app_ids:1, fb:1 | 22 uncategorized
[2026-03-05T11:11:01.393Z] Sending uncategorized links + HTML sections to AI for analysis...
[2026-03-05T11:11:01.394Z] Saved AI prompt (6095 chars) to ai_prompt.txt
[2026-03-05T11:12:27.828Z] Saved AI response to ai_response.json
[2026-03-05T11:12:27.828Z] ── Parsing AI response (17 lines) ──
[2026-03-05T11:12:27.828Z]   AI LINK: https://www.bbumgames.com/about-us/
[2026-03-05T11:12:27.828Z]   AI LINK: https://www.bbumgames.com/our-games/
[2026-03-05T11:12:27.828Z]   AI LINK: https://www.bbumgames.com/careers/
[2026-03-05T11:12:27.829Z]   AI LINK: https://www.bbumgames.com/life-at-the-beach/
[2026-03-05T11:12:27.829Z]   AI LINK: https://www.bbumgames.com/terms-of-service/
[2026-03-05T11:12:27.829Z]   AI LINK: https://www.bbumgames.com/privacy-policy/
[2026-03-05T11:12:27.829Z]   AI LINK: https://bbumgames.freshdesk.com/en/support/home
[2026-03-05T11:12:27.829Z]   AI LINK: https://rummystars.freshdesk.com/support/home
[2026-03-05T11:12:27.829Z]   AI LINK: https://bbumgameshelp.freshdesk.com/support/home
[2026-03-05T11:12:27.829Z]   AI LINK: https://rummyrush.freshdesk.com/support/home
[2026-03-05T11:12:27.829Z]   AI LINK: https://newaccount1636616195716.freshdesk.com/support/home
[2026-03-05T11:12:27.829Z]   AI LINK: https://tilezgame.freshdesk.com/support/home
[2026-03-05T11:12:27.829Z]   AI LINK: https://beachbum-help.freshdesk.com/support/home
[2026-03-05T11:12:27.830Z]   AI LINK: https://instagram.com/beach_bum_fun?igshid=NTc4MTIwNjQ2YQ==
[2026-03-05T11:12:27.830Z]   AI LINK: https://www.facebook.com/Beach-Bum-992923960753686/
[2026-03-05T11:12:27.830Z]   AI LINK: https://il.linkedin.com/company/beach-bum-ltd
[2026-03-05T11:12:27.830Z]   AI LINK: https://apps.apple.com/il/app/wild-run-adventures/id6742872860
[2026-03-05T11:12:27.830Z] AI returned 17 valid links
[2026-03-05T11:12:27.830Z] ── Categorizing 17 AI-returned links ──
[2026-03-05T11:12:27.830Z]   AI→URLS: https://www.bbumgames.com/about-us (cleaned from https://www.bbumgames.com/about-us/)
[2026-03-05T11:12:27.830Z]   AI→URLS: https://www.bbumgames.com/our-games (cleaned from https://www.bbumgames.com/our-games/)
[2026-03-05T11:12:27.830Z]   AI→URLS: https://www.bbumgames.com/careers (cleaned from https://www.bbumgames.com/careers/)
[2026-03-05T11:12:27.830Z]   AI→URLS: https://www.bbumgames.com/life-at-the-beach (cleaned from https://www.bbumgames.com/life-at-the-beach/)
[2026-03-05T11:12:27.831Z]   AI→URLS: https://www.bbumgames.com/terms-of-service (cleaned from https://www.bbumgames.com/terms-of-service/)
[2026-03-05T11:12:27.831Z]   AI→URLS: https://www.bbumgames.com/privacy-policy (cleaned from https://www.bbumgames.com/privacy-policy/)
[2026-03-05T11:12:27.831Z]   AI→URLS: https://bbumgames.freshdesk.com/en/support/home
[2026-03-05T11:12:27.831Z]   AI→URLS: https://rummystars.freshdesk.com/support/home
[2026-03-05T11:12:27.831Z]   AI→URLS: https://bbumgameshelp.freshdesk.com/support/home
[2026-03-05T11:12:27.831Z]   AI→URLS: https://rummyrush.freshdesk.com/support/home
[2026-03-05T11:12:27.831Z]   AI→URLS: https://newaccount1636616195716.freshdesk.com/support/home
[2026-03-05T11:12:27.831Z]   AI→URLS: https://tilezgame.freshdesk.com/support/home
[2026-03-05T11:12:27.831Z]   AI→URLS: https://beachbum-help.freshdesk.com/support/home
[2026-03-05T11:12:27.832Z]   AI→REGEX: ig <- https://instagram.com/beach_bum_fun?igshid=NTc4MTIwNjQ2YQ== (duplicate, skipped)
[2026-03-05T11:12:27.832Z]   AI→REGEX: fb <- https://www.facebook.com/Beach-Bum-992923960753686/ (duplicate, skipped)
[2026-03-05T11:12:27.832Z]   AI→REGEX: li <- https://il.linkedin.com/company/beach-bum-ltd (duplicate, skipped)
[2026-03-05T11:12:27.832Z]   AI→URLS: https://apps.apple.com/il/app/wild-run-adventures/id6742872860
[2026-03-05T11:12:27.832Z] ── Step 2b: Footer/header uncategorized links ──
[2026-03-05T11:12:27.832Z] Footer/header origins (12):
[2026-03-05T11:12:27.832Z]   FOOTER/HEADER ORIGIN: https://www.bbumgames.com
[2026-03-05T11:12:27.833Z]   FOOTER/HEADER ORIGIN: https://bbumgames.freshdesk.com
[2026-03-05T11:12:27.833Z]   FOOTER/HEADER ORIGIN: https://rummystars.freshdesk.com
[2026-03-05T11:12:27.833Z]   FOOTER/HEADER ORIGIN: https://bbumgameshelp.freshdesk.com
[2026-03-05T11:12:27.833Z]   FOOTER/HEADER ORIGIN: https://rummyrush.freshdesk.com
[2026-03-05T11:12:27.833Z]   FOOTER/HEADER ORIGIN: https://newaccount1636616195716.freshdesk.com
[2026-03-05T11:12:27.833Z]   FOOTER/HEADER ORIGIN: https://tilezgame.freshdesk.com
[2026-03-05T11:12:27.833Z]   FOOTER/HEADER ORIGIN: https://beachbum-help.freshdesk.com
[2026-03-05T11:12:27.833Z]   FOOTER/HEADER ORIGIN: https://instagram.com
[2026-03-05T11:12:27.833Z]   FOOTER/HEADER ORIGIN: https://www.facebook.com
[2026-03-05T11:12:27.833Z]   FOOTER/HEADER ORIGIN: https://il.linkedin.com
[2026-03-05T11:12:27.833Z]   FOOTER/HEADER ORIGIN: https://sitrus.co.il
[2026-03-05T11:12:27.834Z]   SKIP (not in footer/header): https://app.adjust.com/18mlw5n7_18r8zeyn
[2026-03-05T11:12:27.834Z]   SKIP (AI claimed): https://apps.apple.com/il/app/wild-run-adventures/id6742872860
[2026-03-05T11:12:27.834Z]   SKIP (AI claimed): https://bbumgames.freshdesk.com/en/support/home
[2026-03-05T11:12:27.834Z]   SKIP (AI claimed): https://bbumgameshelp.freshdesk.com/support/home
[2026-03-05T11:12:27.834Z]   SKIP (AI claimed): https://beachbum-help.freshdesk.com/support/home
[2026-03-05T11:12:27.834Z]   SKIP (not in footer/header): https://bg.onelink.me/2pGm/6fht7kys
[2026-03-05T11:12:27.834Z]   SKIP (not in footer/header): https://blog.voodoo.io/articles/voodoo-Beach-Bum
[2026-03-05T11:12:27.834Z]   SKIP (noise): https://d1sk6oz8y9drxz.cloudfront.net/wp-content/uploads/2023/04/life-at-beach_slide.webp
[2026-03-05T11:12:27.834Z]   SKIP (noise): https://d1sk6oz8y9drxz.cloudfront.net/wp-content/uploads/2023/06/%D7%A9%D7%A9_%D7%91%D7%A9__12_gmexws.jpg
[2026-03-05T11:12:27.834Z]   SKIP (noise): https://d1sk6oz8y9drxz.cloudfront.net/wp-content/uploads/2023/06/2022-06-14-16-of-131-scaled.jpg
[2026-03-05T11:12:27.834Z]   SKIP (noise): https://d1sk6oz8y9drxz.cloudfront.net/wp-content/uploads/2023/06/HM-0042.jpg
[2026-03-05T11:12:27.835Z]   SKIP (noise): https://d1sk6oz8y9drxz.cloudfront.net/wp-content/uploads/2023/06/RAMISINAI-1721-scaled.jpg
[2026-03-05T11:12:27.835Z]   SKIP (not in footer/header): https://domino-go.onelink.me/CFgt/6gfeipxp
[2026-03-05T11:12:27.835Z]   SKIP (not in footer/header): https://gin-rummy.onelink.me/peQ4/lpdl3686
[2026-03-05T11:12:27.835Z]   SKIP (AI claimed): https://newaccount1636616195716.freshdesk.com/support/home
[2026-03-05T11:12:27.835Z]   SKIP (not in footer/header): https://rummy-rush.onelink.me/IiJ4/cugq36h2
[2026-03-05T11:12:27.835Z]   SKIP (AI claimed): https://rummyrush.freshdesk.com/support/home
[2026-03-05T11:12:27.835Z]   SKIP (AI claimed): https://rummystars.freshdesk.com/support/home
[2026-03-05T11:12:27.835Z]   ADDED: urls <- https://sitrus.co.il
[2026-03-05T11:12:27.835Z]   SKIP (not in footer/header): https://sr.onelink.me/kmUv/yxrulpnd
[2026-03-05T11:12:27.835Z]   SKIP (AI claimed): https://tilezgame.freshdesk.com/support/home
[2026-03-05T11:12:27.835Z]   SKIP (not in footer/header): https://tz.onelink.me/8pCN/8jhh1yl2
[2026-03-05T11:12:27.836Z] Step 2b result: added 1 uncategorized domains from footer/header
[2026-03-05T11:12:27.836Z] ── Step 3: Final dedup ──
[2026-03-05T11:12:27.836Z] Dedup: removed 0 of 15 URLs already in specialized fields
[2026-03-05T11:12:27.836Z] ── FINAL RESULT ──
[2026-03-05T11:12:27.836Z]   ws (1):
[2026-03-05T11:12:27.836Z]     - https://www.bbumgames.com
[2026-03-05T11:12:27.836Z]   li (1):
[2026-03-05T11:12:27.836Z]     - https://www.linkedin.com/company/beach-bum-ltd
[2026-03-05T11:12:27.836Z]   fb (1):
[2026-03-05T11:12:27.836Z]     - https://www.facebook.com/beach-bum-992923960753686
[2026-03-05T11:12:27.836Z]   ig (1):
[2026-03-05T11:12:27.837Z]     - https://www.instagram.com/beach_bum_fun
[2026-03-05T11:12:27.837Z]   urls (15):
[2026-03-05T11:12:27.837Z]     - https://apps.apple.com/il/app/wild-run-adventures/id6742872860
[2026-03-05T11:12:27.837Z]     - https://bbumgames.freshdesk.com/en/support/home
[2026-03-05T11:12:27.837Z]     - https://bbumgameshelp.freshdesk.com/support/home
[2026-03-05T11:12:27.837Z]     - https://beachbum-help.freshdesk.com/support/home
[2026-03-05T11:12:27.837Z]     - https://newaccount1636616195716.freshdesk.com/support/home
[2026-03-05T11:12:27.837Z]     - https://rummyrush.freshdesk.com/support/home
[2026-03-05T11:12:27.837Z]     - https://rummystars.freshdesk.com/support/home
[2026-03-05T11:12:27.837Z]     - https://sitrus.co.il
[2026-03-05T11:12:27.837Z]     - https://tilezgame.freshdesk.com/support/home
[2026-03-05T11:12:27.837Z]     - https://www.bbumgames.com/about-us
[2026-03-05T11:12:27.837Z]     - https://www.bbumgames.com/careers
[2026-03-05T11:12:27.838Z]     - https://www.bbumgames.com/life-at-the-beach
[2026-03-05T11:12:27.838Z]     - https://www.bbumgames.com/our-games
[2026-03-05T11:12:27.838Z]     - https://www.bbumgames.com/privacy-policy
[2026-03-05T11:12:27.838Z]     - https://www.bbumgames.com/terms-of-service
[2026-03-05T11:12:27.838Z]   android_app_ids (1):
[2026-03-05T11:12:27.838Z]     - com.bbumgames.hexacoin
[2026-03-05T11:12:27.838Z] Summary: ws:1, li:1, ig:1, android_app_ids:1, fb:1, urls:15
[2026-03-05T11:12:27.839Z] Saved final result to result.json
[2026-03-05T11:12:27.839Z] Override fields: ws, li, fb, ig, urls, android_app_ids
[2026-03-05T11:12:27.839Z] Finished at: 2026-03-05T11:12:27.839Z
