[2026-03-01T21:24:50.690Z] === Homepage AI Extractor: Vanilla Vida ===
[2026-03-01T21:24:50.690Z] Started at: 2026-03-01T21:24:50.690Z
[2026-03-01T21:24:50.690Z] Log directory: E:\code\The Wall\mono\packages\scrapper\logs\homepage_ai_extractor\1772400290689_Vanilla_Vida
[2026-03-01T21:24:50.691Z] Company: Vanilla Vida
[2026-03-01T21:24:50.691Z] Website: vanillavida.com
[2026-03-01T21:24:50.691Z] cbRank: 46218
[2026-03-01T21:24:50.691Z] Reasons: h
[2026-03-01T21:24:50.691Z] Fetching: https://vanillavida.com
[2026-03-01T21:24:56.682Z] Dismissed cookie consent popup via: button:has-text("Accept Cookies")
[2026-03-01T21:24:57.193Z] Redirected: https://vanillavida.com -> https://vanillavida.com/
[2026-03-01T21:24:57.212Z] Saved HTML (451444 bytes) to page.html
[2026-03-01T21:24:57.215Z] Extracted 14 unique links from page
[2026-03-01T21:24:57.216Z] Saved 14 links to links.json
[2026-03-01T21:24:57.220Z] Extracted footer HTML (6245 chars)
[2026-03-01T21:24:57.220Z] Extracted header HTML (803 chars)
[2026-03-01T21:24:57.227Z] Website (post-redirect): https://vanillavida.com/ → origin: https://vanillavida.com
[2026-03-01T21:24:57.227Z] External links: 6 (of 14 total)
[2026-03-01T21:24:57.227Z] ── All external links ──
[2026-03-01T21:24:57.227Z]   EXT: http://etyhadar.com
[2026-03-01T21:24:57.227Z]   EXT: http://www.filin.co.il
[2026-03-01T21:24:57.228Z]   EXT: https://0304.co.il
[2026-03-01T21:24:57.228Z]   EXT: https://vanillavida.wpengine.com/privacy-policy
[2026-03-01T21:24:57.228Z]   EXT: https://www.instagram.com/vanilla_vida/?igshid=NTc4MTIwNjQ2YQ%3D%3D
[2026-03-01T21:24:57.228Z]   EXT: https://www.linkedin.com/company/vanilla-technologies
[2026-03-01T21:24:57.228Z] ── Step 1: Programmatic categorization ──
[2026-03-01T21:24:57.228Z]   UNCATEGORIZED: http://etyhadar.com
[2026-03-01T21:24:57.228Z]   UNCATEGORIZED: http://www.filin.co.il
[2026-03-01T21:24:57.228Z]   UNCATEGORIZED: https://0304.co.il
[2026-03-01T21:24:57.228Z]   UNCATEGORIZED: https://vanillavida.wpengine.com/privacy-policy
[2026-03-01T21:24:57.228Z]   REGEX: ig <- https://www.instagram.com/vanilla_vida/?igshid=NTc4MTIwNjQ2YQ%3D%3D
[2026-03-01T21:24:57.229Z]   REGEX: li <- https://www.linkedin.com/company/vanilla-technologies
[2026-03-01T21:24:57.229Z] Programmatic result: ws:1, ig:1, li:1 | 4 uncategorized
[2026-03-01T21:24:57.229Z] Sending uncategorized links + HTML sections to AI for analysis...
[2026-03-01T21:24:57.230Z] Saved AI prompt (5458 chars) to ai_prompt.txt
[2026-03-01T21:25:30.865Z] Saved AI response to ai_response.json
[2026-03-01T21:25:30.865Z] ── Parsing AI response (3 lines) ──
[2026-03-01T21:25:30.865Z]   AI LINK: https://vanillavida.com/
[2026-03-01T21:25:30.866Z]   AI LINK: https://www.instagram.com/vanilla_vida/?igshid=NTc4MTIwNjQ2YQ%3D%3D
[2026-03-01T21:25:30.866Z]   AI LINK: https://www.linkedin.com/company/vanilla-technologies/
[2026-03-01T21:25:30.866Z] AI returned 3 valid links
[2026-03-01T21:25:30.866Z] ── Categorizing 3 AI-returned links ──
[2026-03-01T21:25:30.866Z]   AI→URLS: https://vanillavida.com (cleaned from https://vanillavida.com/)
[2026-03-01T21:25:30.866Z]   AI→REGEX: ig <- https://www.instagram.com/vanilla_vida/?igshid=NTc4MTIwNjQ2YQ%3D%3D (duplicate, skipped)
[2026-03-01T21:25:30.866Z]   AI→REGEX: li <- https://www.linkedin.com/company/vanilla-technologies/ (duplicate, skipped)
[2026-03-01T21:25:30.867Z] ── Step 2b: Footer/header uncategorized links ──
[2026-03-01T21:25:30.867Z] Footer/header origins (7):
[2026-03-01T21:25:30.868Z]   FOOTER/HEADER ORIGIN: https://vanillavida.com
[2026-03-01T21:25:30.868Z]   FOOTER/HEADER ORIGIN: https://www.instagram.com
[2026-03-01T21:25:30.868Z]   FOOTER/HEADER ORIGIN: https://www.linkedin.com
[2026-03-01T21:25:30.868Z]   FOOTER/HEADER ORIGIN: http://etyhadar.com
[2026-03-01T21:25:30.868Z]   FOOTER/HEADER ORIGIN: https://0304.co.il
[2026-03-01T21:25:30.868Z]   FOOTER/HEADER ORIGIN: http://www.filin.co.il
[2026-03-01T21:25:30.868Z]   FOOTER/HEADER ORIGIN: https://vanillavida.wpengine.com
[2026-03-01T21:25:30.868Z]   ADDED: urls <- http://etyhadar.com
[2026-03-01T21:25:30.868Z]   ADDED: urls <- http://www.filin.co.il
[2026-03-01T21:25:30.868Z]   ADDED: urls <- https://0304.co.il
[2026-03-01T21:25:30.868Z]   ADDED: urls <- https://vanillavida.wpengine.com/privacy-policy
[2026-03-01T21:25:30.868Z] Step 2b result: added 4 uncategorized domains from footer/header
[2026-03-01T21:25:30.868Z] ── Step 3: Final dedup ──
[2026-03-01T21:25:30.868Z] Dedup: removed 0 of 5 URLs already in specialized fields
[2026-03-01T21:25:30.869Z] ── FINAL RESULT ──
[2026-03-01T21:25:30.869Z]   ws (1):
[2026-03-01T21:25:30.869Z]     - https://vanillavida.com
[2026-03-01T21:25:30.869Z]   li (1):
[2026-03-01T21:25:30.869Z]     - https://www.linkedin.com/company/vanilla-technologies
[2026-03-01T21:25:30.869Z]   ig (1):
[2026-03-01T21:25:30.869Z]     - https://www.instagram.com/vanilla_vida
[2026-03-01T21:25:30.869Z]   urls (5):
[2026-03-01T21:25:30.869Z]     - http://etyhadar.com
[2026-03-01T21:25:30.869Z]     - http://www.filin.co.il
[2026-03-01T21:25:30.869Z]     - https://0304.co.il
[2026-03-01T21:25:30.869Z]     - https://vanillavida.com
[2026-03-01T21:25:30.869Z]     - https://vanillavida.wpengine.com/privacy-policy
[2026-03-01T21:25:30.869Z] Summary: ws:1, ig:1, li:1, urls:5
[2026-03-01T21:25:30.870Z] Saved final result to result.json
[2026-03-01T21:25:30.870Z] Override fields: ws, li, ig, urls
[2026-03-01T21:25:30.870Z] Finished at: 2026-03-01T21:25:30.870Z
