[2026-03-01T22:34:28.695Z] === Homepage AI Extractor: NeoTX Therapeutics ===
[2026-03-01T22:34:28.698Z] Started at: 2026-03-01T22:34:28.698Z
[2026-03-01T22:34:28.698Z] Log directory: E:\code\The Wall\mono\packages\scrapper\logs\homepage_ai_extractor\1772404468694_NeoTX_Therapeutics
[2026-03-01T22:34:28.698Z] Company: NeoTX Therapeutics
[2026-03-01T22:34:28.698Z] Website: predictivetx.com
[2026-03-01T22:34:28.698Z] cbRank: 50879
[2026-03-01T22:34:28.698Z] Reasons: h
[2026-03-01T22:34:28.699Z] Fetching: https://predictivetx.com
[2026-03-01T22:34:31.384Z] Redirected: https://predictivetx.com -> https://predictivetx.com/
[2026-03-01T22:34:31.392Z] Saved HTML (8050 bytes) to page.html
[2026-03-01T22:34:31.396Z] Extracted 1 unique links from page
[2026-03-01T22:34:31.397Z] Saved 1 links to links.json
[2026-03-01T22:34:31.403Z] No footer section found in DOM
[2026-03-01T22:34:31.403Z] No header section found in DOM
[2026-03-01T22:34:31.409Z] Website (post-redirect): https://predictivetx.com/ → origin: https://predictivetx.com
[2026-03-01T22:34:31.410Z] External links: 0 (of 1 total)
[2026-03-01T22:34:31.410Z] ── All external links ──
[2026-03-01T22:34:31.410Z] ── Step 1: Programmatic categorization ──
[2026-03-01T22:34:31.410Z] Programmatic result: ws:1 | 0 uncategorized
[2026-03-01T22:34:31.410Z] No uncategorized links and no HTML sections — skipping AI analysis
[2026-03-01T22:34:31.410Z] ── Step 2b: Footer/header uncategorized links ──
[2026-03-01T22:34:31.410Z] Footer/header origins (0):
[2026-03-01T22:34:31.410Z] Step 2b result: added 0 uncategorized domains from footer/header
[2026-03-01T22:34:31.410Z] ── Step 3: Final dedup ──
[2026-03-01T22:34:31.410Z] No urls to dedup
[2026-03-01T22:34:31.411Z] ── FINAL RESULT ──
[2026-03-01T22:34:31.411Z]   ws (1):
[2026-03-01T22:34:31.411Z]     - https://predictivetx.com
[2026-03-01T22:34:31.411Z] Summary: ws:1
[2026-03-01T22:34:31.412Z] Saved final result to result.json
[2026-03-01T22:34:31.412Z] Override fields: ws
[2026-03-01T22:34:31.412Z] Finished at: 2026-03-01T22:34:31.412Z
