[2026-03-06T06:03:03.457Z] === Homepage AI Extractor: Gordian Surgical ===
[2026-03-06T06:03:03.457Z] Started at: 2026-03-06T06:03:03.457Z
[2026-03-06T06:03:03.457Z] Log directory: E:\code\The Wall\mono\packages\scrapper\logs\homepage_ai_extractor\1772776983457_Gordian_Surgical
[2026-03-06T06:03:03.457Z] Company: Gordian Surgical
[2026-03-06T06:03:03.457Z] Website: gordiansurgical.com
[2026-03-06T06:03:03.457Z] cbRank: 139530
[2026-03-06T06:03:03.457Z] Reasons: h
[2026-03-06T06:03:03.457Z] Fetching: https://gordiansurgical.com
[2026-03-06T06:03:07.289Z] Redirected: https://gordiansurgical.com -> https://www.gordiansurgical.com/
[2026-03-06T06:03:07.309Z] Saved HTML (566640 bytes) to page.html
[2026-03-06T06:03:07.312Z] Extracted 6 unique links from page
[2026-03-06T06:03:07.312Z] Saved 6 links to links.json
[2026-03-06T06:03:07.315Z] Extracted footer HTML (3422 chars)
[2026-03-06T06:03:07.315Z] Extracted header HTML (8415 chars)
[2026-03-06T06:03:07.320Z] Website (post-redirect): https://www.gordiansurgical.com/ → origin: https://www.gordiansurgical.com
[2026-03-06T06:03:07.320Z] External links: 1 (of 6 total)
[2026-03-06T06:03:07.320Z] ── All external links ──
[2026-03-06T06:03:07.320Z]   EXT: https://www.linkedin.com/company/gordian_surgical
[2026-03-06T06:03:07.320Z] ── Step 1: Programmatic categorization ──
[2026-03-06T06:03:07.320Z]   REGEX: li <- https://www.linkedin.com/company/gordian_surgical
[2026-03-06T06:03:07.320Z] Programmatic result: ws:1, li:1 | 0 uncategorized
[2026-03-06T06:03:07.320Z] Sending uncategorized links + HTML sections to AI for analysis...
[2026-03-06T06:03:07.321Z] Saved AI prompt (4136 chars) to ai_prompt.txt
[2026-03-06T06:03:27.537Z] Saved AI response to ai_response.json
[2026-03-06T06:03:27.537Z] ── Parsing AI response (1 lines) ──
[2026-03-06T06:03:27.537Z]   AI LINK: https://www.linkedin.com/company/gordian_surgical/
[2026-03-06T06:03:27.537Z] AI returned 1 valid links
[2026-03-06T06:03:27.537Z] ── Categorizing 1 AI-returned links ──
[2026-03-06T06:03:27.537Z]   AI→REGEX: li <- https://www.linkedin.com/company/gordian_surgical/ (duplicate, skipped)
[2026-03-06T06:03:27.537Z] ── Step 2b: Footer/header uncategorized links ──
[2026-03-06T06:03:27.537Z] Footer/header origins (2):
[2026-03-06T06:03:27.538Z]   FOOTER/HEADER ORIGIN: https://www.gordiansurgical.com
[2026-03-06T06:03:27.538Z]   FOOTER/HEADER ORIGIN: https://www.linkedin.com
[2026-03-06T06:03:27.538Z] Step 2b result: added 0 uncategorized domains from footer/header
[2026-03-06T06:03:27.538Z] ── Step 3: Final dedup ──
[2026-03-06T06:03:27.538Z] No urls to dedup
[2026-03-06T06:03:27.538Z] ── FINAL RESULT ──
[2026-03-06T06:03:27.538Z]   ws (1):
[2026-03-06T06:03:27.538Z]     - https://www.gordiansurgical.com
[2026-03-06T06:03:27.538Z]   li (1):
[2026-03-06T06:03:27.538Z]     - https://www.linkedin.com/company/gordian_surgical
[2026-03-06T06:03:27.538Z] Summary: ws:1, li:1
[2026-03-06T06:03:27.539Z] Saved final result to result.json
[2026-03-06T06:03:27.539Z] Override fields: ws, li
[2026-03-06T06:03:27.539Z] Finished at: 2026-03-06T06:03:27.539Z
