[2026-02-27T00:16:09.916Z] === Homepage AI Extractor: Jit ===
[2026-02-27T00:16:09.916Z] Started at: 2026-02-27T00:16:09.916Z
[2026-02-27T00:16:09.916Z] Log directory: E:\code\The Wall\mono\packages\scrapper\logs\homepage_ai_extractor\1772151369913_Jit
[2026-02-27T00:16:09.916Z] Company: Jit
[2026-02-27T00:16:09.916Z] Website: jit.io
[2026-02-27T00:16:09.916Z] cbRank: 8409
[2026-02-27T00:16:09.917Z] Reasons: h
[2026-02-27T00:16:09.917Z] Fetching: https://jit.io
[2026-02-27T00:16:21.401Z] Network idle timeout — continuing with current state
[2026-02-27T00:16:21.520Z] Dismissed cookie consent popup via: button:has-text("Allow all")
[2026-02-27T00:16:22.027Z] Redirected: https://jit.io -> https://www.jit.io/
[2026-02-27T00:16:22.055Z] Saved HTML (809112 bytes) to page.html
[2026-02-27T00:16:22.059Z] Extracted 47 unique links from page
[2026-02-27T00:16:22.060Z] Saved 47 links to links.json
[2026-02-27T00:16:22.064Z] Extracted footer HTML (3589 chars)
[2026-02-27T00:16:22.064Z] Extracted header HTML (23208 chars)
[2026-02-27T00:16:22.073Z] Website (post-redirect): https://www.jit.io/
[2026-02-27T00:16:22.073Z]   SUBDOMAIN: docs.jit.io (added to ws)
[2026-02-27T00:16:22.073Z]   SUBDOMAIN: platform.jit.io (added to ws)
[2026-02-27T00:16:22.073Z] Website subdomains found: 2
[2026-02-27T00:16:22.073Z] External links: 20 (of 47 total)
[2026-02-27T00:16:22.073Z] ── All external links ──
[2026-02-27T00:16:22.073Z]   EXT: https://business.safety.google/privacy
[2026-02-27T00:16:22.074Z]   EXT: https://entail.ai
[2026-02-27T00:16:22.074Z]   EXT: https://legal.hubspot.com/privacy-policy
[2026-02-27T00:16:22.074Z]   EXT: https://meetings-eu1.hubspot.com/aviram-shmueli/jit-website-demo?__hstc=142134189.380cda40f975822950c8a97c64324daa.1772151372761.1772151372761.1772151372761.1&__hssc=142134189.1.1772151372761&__hsfp=d0f2dd4d2556806003a75809cbd25bec
[2026-02-27T00:16:22.074Z]   EXT: https://twitter.com/en/privacy
[2026-02-27T00:16:22.074Z]   EXT: https://twitter.com/jit_io
[2026-02-27T00:16:22.074Z]   EXT: https://www.cookiebot.com
[2026-02-27T00:16:22.074Z]   EXT: https://www.cookiebot.com/en/what-is-behind-powered-by-cookiebot/?utm_source=banner_cb&utm_medium=referral&utm_content=v2
[2026-02-27T00:16:22.074Z]   EXT: https://www.cookiebot.com/goto/privacy-policy
[2026-02-27T00:16:22.074Z]   EXT: https://www.facebook.com/policy.php
[2026-02-27T00:16:22.074Z]   EXT: https://www.facebook.com/thejitcompany
[2026-02-27T00:16:22.074Z]   EXT: https://www.g2.com/products/jit/reviews?utm_source=review-widget
[2026-02-27T00:16:22.074Z]   EXT: https://www.linkedin.com/company/jit
[2026-02-27T00:16:22.074Z]   EXT: https://www.linkedin.com/legal/privacy-policy
[2026-02-27T00:16:22.074Z]   EXT: https://www.redditinc.com/policies/privacy-policy
[2026-02-27T00:16:22.074Z]   EXT: https://www.spotify.com/uk/legal/privacy-policy
[2026-02-27T00:16:22.075Z]   EXT: https://www.tiktok.com/legal/privacy-policy?lang=en
[2026-02-27T00:16:22.075Z]   EXT: https://www.youtube.com/@jitsec
[2026-02-27T00:16:22.075Z]   EXT: https://www.zoominfo.com/legal/privacy-policy
[2026-02-27T00:16:22.075Z]   EXT: https://zeit.co/privacy
[2026-02-27T00:16:22.075Z] ── Step 1: Programmatic categorization ──
[2026-02-27T00:16:22.075Z]   UNCATEGORIZED: https://business.safety.google/privacy
[2026-02-27T00:16:22.075Z]   UNCATEGORIZED: https://entail.ai
[2026-02-27T00:16:22.075Z]   UNCATEGORIZED: https://legal.hubspot.com/privacy-policy
[2026-02-27T00:16:22.075Z]   UNCATEGORIZED: https://meetings-eu1.hubspot.com/aviram-shmueli/jit-website-demo?__hstc=142134189.380cda40f975822950c8a97c64324daa.1772151372761.1772151372761.1772151372761.1&__hssc=142134189.1.1772151372761&__hsfp=d0f2dd4d2556806003a75809cbd25bec
[2026-02-27T00:16:22.076Z]   REGEX: tw <- https://twitter.com/jit_io
[2026-02-27T00:16:22.076Z]   UNCATEGORIZED: https://www.cookiebot.com
[2026-02-27T00:16:22.076Z]   UNCATEGORIZED: https://www.cookiebot.com/en/what-is-behind-powered-by-cookiebot/?utm_source=banner_cb&utm_medium=referral&utm_content=v2
[2026-02-27T00:16:22.076Z]   UNCATEGORIZED: https://www.cookiebot.com/goto/privacy-policy
[2026-02-27T00:16:22.076Z]   REGEX: fb <- https://www.facebook.com/thejitcompany
[2026-02-27T00:16:22.076Z]   UNCATEGORIZED: https://www.g2.com/products/jit/reviews?utm_source=review-widget
[2026-02-27T00:16:22.076Z]   REGEX: li <- https://www.linkedin.com/company/jit
[2026-02-27T00:16:22.076Z]   UNCATEGORIZED: https://www.redditinc.com/policies/privacy-policy
[2026-02-27T00:16:22.076Z]   UNCATEGORIZED: https://www.spotify.com/uk/legal/privacy-policy
[2026-02-27T00:16:22.076Z]   REGEX: ytp <- https://www.youtube.com/@jitsec
[2026-02-27T00:16:22.076Z]   UNCATEGORIZED: https://www.zoominfo.com/legal/privacy-policy
[2026-02-27T00:16:22.077Z]   UNCATEGORIZED: https://zeit.co/privacy
[2026-02-27T00:16:22.077Z] ── Step 1b: Resolving 4 regex-domain URLs via redirect ──
[2026-02-27T00:16:22.077Z]   SKIP (regex domain, no match): https://twitter.com/en/privacy
[2026-02-27T00:16:22.077Z]   SKIP (regex domain, no match): https://www.facebook.com/policy.php
[2026-02-27T00:16:22.077Z]   SKIP (regex domain, no match): https://www.linkedin.com/legal/privacy-policy
[2026-02-27T00:16:22.077Z]   SKIP (regex domain, no match): https://www.tiktok.com/legal/privacy-policy?lang=en
[2026-02-27T00:16:22.077Z] Programmatic result: ws:3, tw:1, fb:1, li:1, ytp:1 | 12 uncategorized
[2026-02-27T00:16:22.077Z] Sending uncategorized links + HTML sections to AI for analysis...
[2026-02-27T00:16:22.078Z] Saved AI prompt (5346 chars) to ai_prompt.txt
[2026-02-27T00:16:58.674Z] Saved AI response to ai_response.json
[2026-02-27T00:16:58.674Z] ── Parsing AI response (6 lines) ──
[2026-02-27T00:16:58.675Z]   AI LINK: https://docs.jit.io/docs
[2026-02-27T00:16:58.675Z]   AI LINK: https://www.youtube.com/@jitsec
[2026-02-27T00:16:58.675Z]   AI LINK: https://twitter.com/jit_io
[2026-02-27T00:16:58.675Z]   AI LINK: https://www.linkedin.com/company/jit/
[2026-02-27T00:16:58.675Z]   AI LINK: https://www.facebook.com/thejitcompany
[2026-02-27T00:16:58.675Z]   AI LINK: https://www.g2.com/products/jit/reviews?utm_source=review-widget
[2026-02-27T00:16:58.675Z] AI returned 6 valid links
[2026-02-27T00:16:58.675Z] ── Categorizing 6 AI-returned links ──
[2026-02-27T00:16:58.675Z]   AI→URLS: https://docs.jit.io/docs
[2026-02-27T00:16:58.675Z]   AI→REGEX: ytp <- https://www.youtube.com/@jitsec (duplicate, skipped)
[2026-02-27T00:16:58.676Z]   AI→REGEX: tw <- https://twitter.com/jit_io (duplicate, skipped)
[2026-02-27T00:16:58.676Z]   AI→REGEX: li <- https://www.linkedin.com/company/jit/ (duplicate, skipped)
[2026-02-27T00:16:58.676Z]   AI→REGEX: fb <- https://www.facebook.com/thejitcompany (duplicate, skipped)
[2026-02-27T00:16:58.676Z]   AI→URLS: https://www.g2.com/products/jit/reviews (cleaned from https://www.g2.com/products/jit/reviews?utm_source=review-widget)
[2026-02-27T00:16:58.676Z] ── Step 2b: Footer/header uncategorized links ──
[2026-02-27T00:16:58.676Z] Footer/header origins (8):
[2026-02-27T00:16:58.677Z]   FOOTER/HEADER ORIGIN: https://docs.jit.io
[2026-02-27T00:16:58.677Z]   FOOTER/HEADER ORIGIN: https://www.youtube.com
[2026-02-27T00:16:58.677Z]   FOOTER/HEADER ORIGIN: https://twitter.com
[2026-02-27T00:16:58.677Z]   FOOTER/HEADER ORIGIN: https://www.linkedin.com
[2026-02-27T00:16:58.677Z]   FOOTER/HEADER ORIGIN: https://www.facebook.com
[2026-02-27T00:16:58.677Z]   FOOTER/HEADER ORIGIN: https://www.g2.com
[2026-02-27T00:16:58.677Z]   FOOTER/HEADER ORIGIN: https://platform.jit.io
[2026-02-27T00:16:58.677Z]   FOOTER/HEADER ORIGIN: https://meetings-eu1.hubspot.com
[2026-02-27T00:16:58.677Z]   SKIP (not in footer/header): https://business.safety.google/privacy
[2026-02-27T00:16:58.677Z]   SKIP (not in footer/header): https://entail.ai
[2026-02-27T00:16:58.677Z]   SKIP (not in footer/header): https://legal.hubspot.com/privacy-policy
[2026-02-27T00:16:58.677Z]   ADDED: urls <- https://meetings-eu1.hubspot.com/aviram-shmueli/jit-website-demo (cleaned from https://meetings-eu1.hubspot.com/aviram-shmueli/jit-website-demo?__hstc=142134189.380cda40f975822950c8a97c64324daa.1772151372761.1772151372761.1772151372761.1&__hssc=142134189.1.1772151372761&__hsfp=d0f2dd4d2556806003a75809cbd25bec)
[2026-02-27T00:16:58.677Z]   SKIP (not in footer/header): https://www.cookiebot.com
[2026-02-27T00:16:58.677Z]   SKIP (not in footer/header): https://www.cookiebot.com/en/what-is-behind-powered-by-cookiebot/?utm_source=banner_cb&utm_medium=referral&utm_content=v2
[2026-02-27T00:16:58.677Z]   SKIP (not in footer/header): https://www.cookiebot.com/goto/privacy-policy
[2026-02-27T00:16:58.677Z]   SKIP (AI claimed): https://www.g2.com/products/jit/reviews?utm_source=review-widget
[2026-02-27T00:16:58.678Z]   SKIP (not in footer/header): https://www.redditinc.com/policies/privacy-policy
[2026-02-27T00:16:58.678Z]   SKIP (not in footer/header): https://www.spotify.com/uk/legal/privacy-policy
[2026-02-27T00:16:58.678Z]   SKIP (not in footer/header): https://www.zoominfo.com/legal/privacy-policy
[2026-02-27T00:16:58.678Z]   SKIP (not in footer/header): https://zeit.co/privacy
[2026-02-27T00:16:58.678Z] Step 2b result: added 1 uncategorized domains from footer/header
[2026-02-27T00:16:58.678Z] ── Step 3: Final dedup ──
[2026-02-27T00:16:58.678Z] Dedup: removed 0 of 3 URLs already in specialized fields
[2026-02-27T00:16:58.678Z] ── FINAL RESULT ──
[2026-02-27T00:16:58.678Z]   ws (3):
[2026-02-27T00:16:58.678Z]     - https://docs.jit.io
[2026-02-27T00:16:58.678Z]     - https://platform.jit.io
[2026-02-27T00:16:58.678Z]     - https://www.jit.io/
[2026-02-27T00:16:58.678Z]   li (1):
[2026-02-27T00:16:58.678Z]     - https://www.linkedin.com/company/jit
[2026-02-27T00:16:58.678Z]   fb (1):
[2026-02-27T00:16:58.678Z]     - https://www.facebook.com/thejitcompany
[2026-02-27T00:16:58.678Z]   tw (1):
[2026-02-27T00:16:58.679Z]     - https://twitter.com/jit_io
[2026-02-27T00:16:58.679Z]   ytp (1):
[2026-02-27T00:16:58.679Z]     - https://www.youtube.com/@jitsec
[2026-02-27T00:16:58.679Z]   urls (3):
[2026-02-27T00:16:58.679Z]     - https://docs.jit.io/docs
[2026-02-27T00:16:58.679Z]     - https://meetings-eu1.hubspot.com/aviram-shmueli/jit-website-demo
[2026-02-27T00:16:58.679Z]     - https://www.g2.com/products/jit/reviews
[2026-02-27T00:16:58.679Z] Summary: ws:3, tw:1, fb:1, li:1, ytp:1, urls:3
[2026-02-27T00:16:58.679Z] Saved final result to result.json
[2026-02-27T00:16:58.679Z] Override fields: ws, li, fb, tw, ytp, urls
[2026-02-27T00:16:58.679Z] Finished at: 2026-02-27T00:16:58.679Z
