[2026-02-26T13:04:48.402Z] === Homepage AI Extractor: Israel Innovation Authority ===
[2026-02-26T13:04:48.402Z] Started at: 2026-02-26T13:04:48.402Z
[2026-02-26T13:04:48.402Z] Log directory: E:\code\The Wall\mono\packages\scrapper\logs\homepage_ai_extractor\1772111088401_Israel_Innovation_Authority
[2026-02-26T13:04:48.402Z] Company: Israel Innovation Authority
[2026-02-26T13:04:48.402Z] Website: innovationisrael.org.il
[2026-02-26T13:04:48.402Z] cbRank: 3645
[2026-02-26T13:04:48.402Z] Reasons: h
[2026-02-26T13:04:48.402Z] Fetching: https://innovationisrael.org.il
[2026-02-26T13:04:54.910Z] Redirected: https://innovationisrael.org.il -> https://innovationisrael.org.il/
[2026-02-26T13:04:54.925Z] Saved HTML (448320 bytes) to page.html
[2026-02-26T13:04:54.931Z] Extracted 93 unique links from page
[2026-02-26T13:04:54.931Z] Saved 93 links to links.json
[2026-02-26T13:04:54.936Z] Extracted footer HTML (8684 chars)
[2026-02-26T13:04:54.936Z] Extracted header HTML (10232 chars)
[2026-02-26T13:04:54.947Z] Website (post-redirect): https://innovationisrael.org.il/
[2026-02-26T13:04:54.948Z] External links: 14 (of 93 total)
[2026-02-26T13:04:54.948Z] ── All external links ──
[2026-02-26T13:04:54.948Z]   EXT: http://innovationisrael.mag.calltext.co.il/?article=3
[2026-02-26T13:04:54.948Z]   EXT: https://accessibe.com/blog/knowledgebase/screen-reader-guide
[2026-02-26T13:04:54.948Z]   EXT: https://api.whatsapp.com/send/?phone=972524189734
[2026-02-26T13:04:54.948Z]   EXT: https://policies.google.com/privacy
[2026-02-26T13:04:54.948Z]   EXT: https://policies.google.com/terms
[2026-02-26T13:04:54.948Z]   EXT: https://technews-israel.co.il
[2026-02-26T13:04:54.949Z]   EXT: https://wa.me/972524189734
[2026-02-26T13:04:54.949Z]   EXT: https://www.addtoany.com
[2026-02-26T13:04:54.949Z]   EXT: https://www.cookieyes.com/product/cookie-consent/?ref=cypbcyb&utm_source=cookie-banner&utm_medium=powered-by-cookieyes
[2026-02-26T13:04:54.949Z]   EXT: https://www.daatsolutions.co.il
[2026-02-26T13:04:54.949Z]   EXT: https://www.facebook.com/InnovationAuthority
[2026-02-26T13:04:54.949Z]   EXT: https://www.linkedin.com/company/5094726/admin
[2026-02-26T13:04:54.949Z]   EXT: https://www.youtube.com/channel/UCp-kDY6DiCq6PuI6srBaAPw
[2026-02-26T13:04:54.949Z]   EXT: https://yaelgroup.com
[2026-02-26T13:04:54.949Z] ── Step 1: Programmatic categorization ──
[2026-02-26T13:04:54.949Z]   UNCATEGORIZED: http://innovationisrael.mag.calltext.co.il/?article=3
[2026-02-26T13:04:54.949Z]   UNCATEGORIZED: https://accessibe.com/blog/knowledgebase/screen-reader-guide
[2026-02-26T13:04:54.950Z]   UNCATEGORIZED: https://api.whatsapp.com/send/?phone=972524189734
[2026-02-26T13:04:54.950Z]   UNCATEGORIZED: https://policies.google.com/privacy
[2026-02-26T13:04:54.950Z]   UNCATEGORIZED: https://policies.google.com/terms
[2026-02-26T13:04:54.950Z]   UNCATEGORIZED: https://technews-israel.co.il
[2026-02-26T13:04:54.950Z]   UNCATEGORIZED: https://wa.me/972524189734
[2026-02-26T13:04:54.950Z]   UNCATEGORIZED: https://www.addtoany.com
[2026-02-26T13:04:54.950Z]   UNCATEGORIZED: https://www.cookieyes.com/product/cookie-consent/?ref=cypbcyb&utm_source=cookie-banner&utm_medium=powered-by-cookieyes
[2026-02-26T13:04:54.950Z]   UNCATEGORIZED: https://www.daatsolutions.co.il
[2026-02-26T13:04:54.950Z]   REGEX: fb <- https://www.facebook.com/InnovationAuthority
[2026-02-26T13:04:54.950Z]   REGEX: li <- https://www.linkedin.com/company/5094726/admin
[2026-02-26T13:04:54.951Z]   REGEX: ytc <- https://www.youtube.com/channel/UCp-kDY6DiCq6PuI6srBaAPw
[2026-02-26T13:04:54.951Z]   UNCATEGORIZED: https://yaelgroup.com
[2026-02-26T13:04:54.951Z] Programmatic result: ws:1, fb:1, li:1, ytc:1 | 11 uncategorized
[2026-02-26T13:04:54.951Z] Sending uncategorized links + HTML sections to AI for analysis...
[2026-02-26T13:04:54.952Z] Saved AI prompt (7542 chars) to ai_prompt.txt
[2026-02-26T13:05:41.325Z] Saved AI response to ai_response.json
[2026-02-26T13:05:41.325Z] ── Parsing AI response (3 lines) ──
[2026-02-26T13:05:41.325Z]   AI LINK: https://www.linkedin.com/company/5094726/admin/
[2026-02-26T13:05:41.325Z]   AI LINK: https://www.facebook.com/InnovationAuthority/
[2026-02-26T13:05:41.326Z]   AI LINK: https://www.youtube.com/channel/UCp-kDY6DiCq6PuI6srBaAPw
[2026-02-26T13:05:41.326Z] AI returned 3 valid links
[2026-02-26T13:05:41.326Z] ── Categorizing 3 AI-returned links ──
[2026-02-26T13:05:41.326Z]   AI→REGEX: li <- https://www.linkedin.com/company/5094726/admin/ (duplicate, skipped)
[2026-02-26T13:05:41.326Z]   AI→REGEX: fb <- https://www.facebook.com/InnovationAuthority/ (duplicate, skipped)
[2026-02-26T13:05:41.326Z]   AI→REGEX: ytc <- https://www.youtube.com/channel/UCp-kDY6DiCq6PuI6srBaAPw (duplicate, skipped)
[2026-02-26T13:05:41.327Z] ── Step 2b: Footer/header uncategorized links ──
[2026-02-26T13:05:41.327Z] Footer/header origins (8):
[2026-02-26T13:05:41.327Z]   FOOTER/HEADER ORIGIN: https://innovationisrael.org.il
[2026-02-26T13:05:41.327Z]   FOOTER/HEADER ORIGIN: http://innovationisrael.mag.calltext.co.il
[2026-02-26T13:05:41.327Z]   FOOTER/HEADER ORIGIN: https://www.linkedin.com
[2026-02-26T13:05:41.327Z]   FOOTER/HEADER ORIGIN: https://www.facebook.com
[2026-02-26T13:05:41.327Z]   FOOTER/HEADER ORIGIN: https://www.youtube.com
[2026-02-26T13:05:41.327Z]   FOOTER/HEADER ORIGIN: https://www.daatsolutions.co.il
[2026-02-26T13:05:41.327Z]   FOOTER/HEADER ORIGIN: https://yaelgroup.com
[2026-02-26T13:05:41.327Z]   FOOTER/HEADER ORIGIN: https://policies.google.com
[2026-02-26T13:05:41.327Z]   ADDED: urls <- http://innovationisrael.mag.calltext.co.il (cleaned from http://innovationisrael.mag.calltext.co.il/?article=3)
[2026-02-26T13:05:41.327Z]   SKIP (not in footer/header): https://accessibe.com/blog/knowledgebase/screen-reader-guide
[2026-02-26T13:05:41.327Z]   SKIP (not in footer/header): https://api.whatsapp.com/send/?phone=972524189734
[2026-02-26T13:05:41.327Z]   ADDED: urls <- https://policies.google.com/privacy
[2026-02-26T13:05:41.328Z]   ADDED: urls <- https://policies.google.com/terms
[2026-02-26T13:05:41.328Z]   SKIP (not in footer/header): https://technews-israel.co.il
[2026-02-26T13:05:41.328Z]   SKIP (not in footer/header): https://wa.me/972524189734
[2026-02-26T13:05:41.328Z]   SKIP (not in footer/header): https://www.addtoany.com
[2026-02-26T13:05:41.328Z]   SKIP (not in footer/header): https://www.cookieyes.com/product/cookie-consent/?ref=cypbcyb&utm_source=cookie-banner&utm_medium=powered-by-cookieyes
[2026-02-26T13:05:41.328Z]   ADDED: urls <- https://www.daatsolutions.co.il
[2026-02-26T13:05:41.328Z]   ADDED: urls <- https://yaelgroup.com
[2026-02-26T13:05:41.328Z] Step 2b result: added 5 uncategorized domains from footer/header
[2026-02-26T13:05:41.328Z] ── Step 3: Final dedup ──
[2026-02-26T13:05:41.328Z] Dedup: removed 0 of 5 URLs already in specialized fields
[2026-02-26T13:05:41.328Z] ── FINAL RESULT ──
[2026-02-26T13:05:41.328Z]   ws (1):
[2026-02-26T13:05:41.329Z]     - https://innovationisrael.org.il/
[2026-02-26T13:05:41.329Z]   li (1):
[2026-02-26T13:05:41.329Z]     - https://www.linkedin.com/company/5094726/admin
[2026-02-26T13:05:41.329Z]   fb (1):
[2026-02-26T13:05:41.329Z]     - https://www.facebook.com/InnovationAuthority
[2026-02-26T13:05:41.329Z]   ytc (1):
[2026-02-26T13:05:41.329Z]     - https://www.youtube.com/channel/UCp-kDY6DiCq6PuI6srBaAPw
[2026-02-26T13:05:41.329Z]   urls (5):
[2026-02-26T13:05:41.329Z]     - http://innovationisrael.mag.calltext.co.il
[2026-02-26T13:05:41.329Z]     - https://policies.google.com/privacy
[2026-02-26T13:05:41.329Z]     - https://policies.google.com/terms
[2026-02-26T13:05:41.329Z]     - https://www.daatsolutions.co.il
[2026-02-26T13:05:41.329Z]     - https://yaelgroup.com
[2026-02-26T13:05:41.329Z] Summary: ws:1, fb:1, li:1, ytc:1, urls:5
[2026-02-26T13:05:41.330Z] Saved final result to result.json
[2026-02-26T13:05:41.330Z] Override fields: ws, li, fb, ytc, urls
[2026-02-26T13:05:41.330Z] Finished at: 2026-02-26T13:05:41.330Z
