[2026-03-06T08:19:18.657Z] === Homepage AI Extractor: AppsVillage ===
[2026-03-06T08:19:18.657Z] Started at: 2026-03-06T08:19:18.657Z
[2026-03-06T08:19:18.657Z] Log directory: E:\code\The Wall\mono\packages\scrapper\logs\homepage_ai_extractor\1772785158657_AppsVillage
[2026-03-06T08:19:18.657Z] Company: AppsVillage
[2026-03-06T08:19:18.657Z] Website: appv.co
[2026-03-06T08:19:18.658Z] cbRank: 168091
[2026-03-06T08:19:18.658Z] Reasons: h
[2026-03-06T08:19:18.658Z] Fetching: https://appv.co
[2026-03-06T08:19:31.130Z] Network idle timeout — continuing with current state
[2026-03-06T08:19:31.181Z] Redirected: https://appv.co -> https://appv.co/public/website/?lang=en&
[2026-03-06T08:19:31.185Z] Saved HTML (47557 bytes) to page.html
[2026-03-06T08:19:31.188Z] Extracted 13 unique links from page
[2026-03-06T08:19:31.189Z] Saved 13 links to links.json
[2026-03-06T08:19:31.193Z] No footer section found in DOM
[2026-03-06T08:19:31.193Z] Extracted header HTML (2935 chars)
[2026-03-06T08:19:31.199Z] Website (post-redirect): https://appv.co/public/website/?lang=en& → origin: https://appv.co
[2026-03-06T08:19:31.199Z] External links: 10 (of 13 total)
[2026-03-06T08:19:31.199Z] ── All external links ──
[2026-03-06T08:19:31.199Z]   EXT: http://www.globes.co.il/en/article-apps-creation-co-appsvillage-raises-1m-1001197658
[2026-03-06T08:19:31.199Z]   EXT: https://ad-rabbit.com/corporate
[2026-03-06T08:19:31.199Z]   EXT: https://www.calcalist.co.il/internet/articles/0,7340,L-3700629,00.html
[2026-03-06T08:19:31.199Z]   EXT: https://www.facebook.com/AppsVillage-1502043186788548
[2026-03-06T08:19:31.199Z]   EXT: https://www.facebook.com/appv.co/videos/1576057149072450
[2026-03-06T08:19:31.200Z]   EXT: https://www.simplystud.io
[2026-03-06T08:19:31.200Z]   EXT: https://www.youtube.com/watch?v=1a9UG3S6ZsE&t=4s
[2026-03-06T08:19:31.200Z]   EXT: https://www.youtube.com/watch?v=G_mlQ20zDS0
[2026-03-06T08:19:31.200Z]   EXT: https://www.youtube.com/watch?v=h7bo-Y9oQ30
[2026-03-06T08:19:31.200Z]   EXT: https://www.youtube.com/watch?v=mQm1v2G-2eI
[2026-03-06T08:19:31.200Z] ── Step 1: Programmatic categorization ──
[2026-03-06T08:19:31.200Z]   UNCATEGORIZED: http://www.globes.co.il/en/article-apps-creation-co-appsvillage-raises-1m-1001197658
[2026-03-06T08:19:31.200Z]   UNCATEGORIZED: https://ad-rabbit.com/corporate
[2026-03-06T08:19:31.200Z]   UNCATEGORIZED: https://www.calcalist.co.il/internet/articles/0,7340,L-3700629,00.html
[2026-03-06T08:19:31.201Z]   REGEX: fb <- https://www.facebook.com/AppsVillage-1502043186788548
[2026-03-06T08:19:31.201Z]   REGEX: fb <- https://www.facebook.com/appv.co/videos/1576057149072450
[2026-03-06T08:19:31.201Z]   UNCATEGORIZED: https://www.simplystud.io
[2026-03-06T08:19:31.201Z] ── Step 1b: Resolving 4 regex-domain URLs via redirect ──
[2026-03-06T08:19:31.201Z]   SKIP (regex domain, no match): https://www.youtube.com/watch?v=1a9UG3S6ZsE&t=4s
[2026-03-06T08:19:31.201Z]   SKIP (regex domain, no match): https://www.youtube.com/watch?v=G_mlQ20zDS0
[2026-03-06T08:19:31.201Z]   SKIP (regex domain, no match): https://www.youtube.com/watch?v=h7bo-Y9oQ30
[2026-03-06T08:19:31.201Z]   SKIP (regex domain, no match): https://www.youtube.com/watch?v=mQm1v2G-2eI
[2026-03-06T08:19:31.201Z] Programmatic result: ws:1, fb:2 | 4 uncategorized
[2026-03-06T08:19:31.201Z] Sending uncategorized links + HTML sections to AI for analysis...
[2026-03-06T08:19:31.202Z] Saved AI prompt (2152 chars) to ai_prompt.txt
[2026-03-06T08:19:37.474Z] Saved AI response to ai_response.json
[2026-03-06T08:19:37.474Z] ── Parsing AI response (1 lines) ──
[2026-03-06T08:19:37.474Z] AI returned 0 valid links
[2026-03-06T08:19:37.475Z] ── Categorizing 0 AI-returned links ──
[2026-03-06T08:19:37.475Z] ── Step 2b: Footer/header uncategorized links ──
[2026-03-06T08:19:37.475Z] Footer/header origins (2):
[2026-03-06T08:19:37.475Z]   FOOTER/HEADER ORIGIN: https://appv.co
[2026-03-06T08:19:37.475Z]   FOOTER/HEADER ORIGIN: https://ad-rabbit.com
[2026-03-06T08:19:37.475Z]   SKIP (not in footer/header): http://www.globes.co.il/en/article-apps-creation-co-appsvillage-raises-1m-1001197658
[2026-03-06T08:19:37.476Z]   ADDED: urls <- https://ad-rabbit.com/corporate
[2026-03-06T08:19:37.476Z]   SKIP (not in footer/header): https://www.calcalist.co.il/internet/articles/0,7340,L-3700629,00.html
[2026-03-06T08:19:37.476Z]   SKIP (not in footer/header): https://www.simplystud.io
[2026-03-06T08:19:37.476Z] Step 2b result: added 1 uncategorized domains from footer/header
[2026-03-06T08:19:37.476Z] ── Step 3: Final dedup ──
[2026-03-06T08:19:37.476Z] Dedup: removed 0 of 1 URLs already in specialized fields
[2026-03-06T08:19:37.476Z] ── FINAL RESULT ──
[2026-03-06T08:19:37.476Z]   ws (1):
[2026-03-06T08:19:37.476Z]     - https://appv.co
[2026-03-06T08:19:37.476Z]   fb (2):
[2026-03-06T08:19:37.476Z]     - https://www.facebook.com/appsvillage-1502043186788548
[2026-03-06T08:19:37.477Z]     - https://www.facebook.com/appv.co
[2026-03-06T08:19:37.477Z]   urls (1):
[2026-03-06T08:19:37.477Z]     - https://ad-rabbit.com/corporate
[2026-03-06T08:19:37.477Z] Summary: ws:1, fb:2, urls:1
[2026-03-06T08:19:37.477Z] Saved final result to result.json
[2026-03-06T08:19:37.478Z] Override fields: ws, fb, urls
[2026-03-06T08:19:37.478Z] Finished at: 2026-03-06T08:19:37.478Z
