[2026-03-07T15:48:49.740Z] === Homepage AI Extractor: WellyBox ===
[2026-03-07T15:48:49.740Z] Started at: 2026-03-07T15:48:49.740Z
[2026-03-07T15:48:49.740Z] Log directory: E:\code\The Wall\mono\packages\scrapper\logs\homepage_ai_extractor\1772898529740_WellyBox
[2026-03-07T15:48:49.740Z] Company: WellyBox
[2026-03-07T15:48:49.740Z] Website: wellybox.com
[2026-03-07T15:48:49.741Z] cbRank: 275694
[2026-03-07T15:48:49.741Z] Reasons: h
[2026-03-07T15:48:49.741Z] Fetching: https://wellybox.com
[2026-03-07T15:49:01.911Z] Network idle timeout — continuing with current state
[2026-03-07T15:49:01.965Z] Redirected: https://wellybox.com -> https://www.wellybox.com/
[2026-03-07T15:49:01.987Z] Saved HTML (644469 bytes) to page.html
[2026-03-07T15:49:01.991Z] Extracted 33 unique links from page
[2026-03-07T15:49:01.992Z] Saved 33 links to links.json
[2026-03-07T15:49:02.000Z] Extracted footer HTML (14974 chars)
[2026-03-07T15:49:02.000Z] Extracted header HTML (11080 chars)
[2026-03-07T15:49:02.006Z] Website (post-redirect): https://www.wellybox.com/ → origin: https://www.wellybox.com
[2026-03-07T15:49:02.007Z]   SUBDOMAIN: app.wellybox.com (added to ws)
[2026-03-07T15:49:02.007Z]   SUBDOMAIN: help.wellybox.com (added to ws)
[2026-03-07T15:49:02.007Z] Website subdomains found: 2
[2026-03-07T15:49:02.007Z] External links: 8 (of 33 total)
[2026-03-07T15:49:02.007Z] ── All external links ──
[2026-03-07T15:49:02.007Z]   EXT: https://calendly.com/miroslav-wellybox/wellybox-demo-call
[2026-03-07T15:49:02.007Z]   EXT: https://twitter.com/WellyBoxHQ
[2026-03-07T15:49:02.007Z]   EXT: https://www.facebook.com/WellyBox-100496698217431
[2026-03-07T15:49:02.007Z]   EXT: https://www.linkedin.com/company/wellybox
[2026-03-07T15:49:02.007Z]   EXT: https://www.youtube.com/watch?v=Bbv3MxEyJps
[2026-03-07T15:49:02.007Z]   EXT: https://www.youtube.com/watch?v=GYQSwwRe9uw
[2026-03-07T15:49:02.007Z]   EXT: https://www.youtube.com/watch?v=Nztqbf5SSu4
[2026-03-07T15:49:02.007Z]   EXT: https://www.youtube.com/watch?v=u05PgqUrkUg
[2026-03-07T15:49:02.007Z] ── Step 1: Programmatic categorization ──
[2026-03-07T15:49:02.008Z]   UNCATEGORIZED: https://calendly.com/miroslav-wellybox/wellybox-demo-call
[2026-03-07T15:49:02.008Z]   REGEX: tw <- https://twitter.com/WellyBoxHQ
[2026-03-07T15:49:02.008Z]   REGEX: fb <- https://www.facebook.com/WellyBox-100496698217431
[2026-03-07T15:49:02.008Z]   REGEX: li <- https://www.linkedin.com/company/wellybox
[2026-03-07T15:49:02.008Z] ── Step 1b: Resolving 4 regex-domain URLs via redirect ──
[2026-03-07T15:49:02.008Z]   SKIP (regex domain, no match): https://www.youtube.com/watch?v=Bbv3MxEyJps
[2026-03-07T15:49:02.009Z]   SKIP (regex domain, no match): https://www.youtube.com/watch?v=GYQSwwRe9uw
[2026-03-07T15:49:02.009Z]   SKIP (regex domain, no match): https://www.youtube.com/watch?v=Nztqbf5SSu4
[2026-03-07T15:49:02.009Z]   SKIP (regex domain, no match): https://www.youtube.com/watch?v=u05PgqUrkUg
[2026-03-07T15:49:02.009Z] Programmatic result: ws:3, tw:1, fb:1, li:1 | 1 uncategorized
[2026-03-07T15:49:02.009Z] Sending uncategorized links + HTML sections to AI for analysis...
[2026-03-07T15:49:02.010Z] Saved AI prompt (11454 chars) to ai_prompt.txt
[2026-03-07T15:50:12.609Z] Saved AI response to ai_response.json
[2026-03-07T15:50:12.610Z] ── Parsing AI response (5 lines) ──
[2026-03-07T15:50:12.610Z]   AI LINK: https://twitter.com/WellyBoxHQ
[2026-03-07T15:50:12.610Z]   AI LINK: https://www.facebook.com/WellyBox-100496698217431
[2026-03-07T15:50:12.610Z]   AI LINK: https://www.linkedin.com/company/wellybox/
[2026-03-07T15:50:12.610Z]   AI LINK: https://www.wellybox.com/blog/
[2026-03-07T15:50:12.610Z]   AI LINK: https://help.wellybox.com/
[2026-03-07T15:50:12.610Z] AI returned 5 valid links
[2026-03-07T15:50:12.610Z] ── Categorizing 5 AI-returned links ──
[2026-03-07T15:50:12.610Z]   AI→REGEX: tw <- https://twitter.com/WellyBoxHQ (duplicate, skipped)
[2026-03-07T15:50:12.610Z]   AI→REGEX: fb <- https://www.facebook.com/WellyBox-100496698217431 (duplicate, skipped)
[2026-03-07T15:50:12.610Z]   AI→REGEX: li <- https://www.linkedin.com/company/wellybox/ (duplicate, skipped)
[2026-03-07T15:50:12.610Z]   AI→URLS: https://www.wellybox.com/blog (cleaned from https://www.wellybox.com/blog/)
[2026-03-07T15:50:12.611Z]   AI→URLS: https://help.wellybox.com (cleaned from https://help.wellybox.com/)
[2026-03-07T15:50:12.611Z] ── Step 2b: Footer/header uncategorized links ──
[2026-03-07T15:50:12.611Z] Footer/header origins (9):
[2026-03-07T15:50:12.611Z]   FOOTER/HEADER ORIGIN: https://twitter.com
[2026-03-07T15:50:12.611Z]   FOOTER/HEADER ORIGIN: https://www.facebook.com
[2026-03-07T15:50:12.611Z]   FOOTER/HEADER ORIGIN: https://www.linkedin.com
[2026-03-07T15:50:12.611Z]   FOOTER/HEADER ORIGIN: https://www.wellybox.com
[2026-03-07T15:50:12.612Z]   FOOTER/HEADER ORIGIN: https://app.wellybox.com
[2026-03-07T15:50:12.612Z]   FOOTER/HEADER ORIGIN: https://www.youtube.com
[2026-03-07T15:50:12.612Z]   FOOTER/HEADER ORIGIN: https://help.wellybox.com
[2026-03-07T15:50:12.612Z]   FOOTER/HEADER ORIGIN: https://wellybox.com
[2026-03-07T15:50:12.612Z]   FOOTER/HEADER ORIGIN: https://calendly.com
[2026-03-07T15:50:12.612Z]   ADDED: urls <- https://calendly.com/miroslav-wellybox/wellybox-demo-call
[2026-03-07T15:50:12.612Z] Step 2b result: added 1 uncategorized domains from footer/header
[2026-03-07T15:50:12.612Z] ── Step 3: Final dedup ──
[2026-03-07T15:50:12.612Z] Dedup: removed 0 of 3 URLs already in specialized fields
[2026-03-07T15:50:12.612Z] ── FINAL RESULT ──
[2026-03-07T15:50:12.612Z]   ws (3):
[2026-03-07T15:50:12.612Z]     - https://app.wellybox.com
[2026-03-07T15:50:12.612Z]     - https://help.wellybox.com
[2026-03-07T15:50:12.612Z]     - https://www.wellybox.com
[2026-03-07T15:50:12.612Z]   li (1):
[2026-03-07T15:50:12.612Z]     - https://www.linkedin.com/company/wellybox
[2026-03-07T15:50:12.612Z]   fb (1):
[2026-03-07T15:50:12.613Z]     - https://www.facebook.com/wellybox-100496698217431
[2026-03-07T15:50:12.613Z]   tw (1):
[2026-03-07T15:50:12.613Z]     - https://x.com/wellyboxhq
[2026-03-07T15:50:12.613Z]   urls (3):
[2026-03-07T15:50:12.613Z]     - https://calendly.com/miroslav-wellybox/wellybox-demo-call
[2026-03-07T15:50:12.613Z]     - https://help.wellybox.com
[2026-03-07T15:50:12.613Z]     - https://www.wellybox.com/blog
[2026-03-07T15:50:12.613Z] Summary: ws:3, tw:1, fb:1, li:1, urls:3
[2026-03-07T15:50:12.613Z] Saved final result to result.json
[2026-03-07T15:50:12.614Z] Override fields: ws, li, fb, tw, urls
[2026-03-07T15:50:12.614Z] Finished at: 2026-03-07T15:50:12.614Z
