[2026-02-27T06:00:30.715Z] === Homepage AI Extractor: Prisma Photonics ===
[2026-02-27T06:00:30.715Z] Started at: 2026-02-27T06:00:30.715Z
[2026-02-27T06:00:30.715Z] Log directory: E:\code\The Wall\mono\packages\scrapper\logs\homepage_ai_extractor\1772172030712_Prisma_Photonics
[2026-02-27T06:00:30.715Z] Company: Prisma Photonics
[2026-02-27T06:00:30.715Z] Website: prismaphotonics.com
[2026-02-27T06:00:30.715Z] cbRank: 21700
[2026-02-27T06:00:30.716Z] Reasons: h
[2026-02-27T06:00:30.716Z] Fetching: https://prismaphotonics.com
[2026-02-27T06:00:38.409Z] Redirected: https://prismaphotonics.com -> https://www.prismaphotonics.com/
[2026-02-27T06:00:38.413Z] Saved HTML (59778 bytes) to page.html
[2026-02-27T06:00:38.418Z] Extracted 25 unique links from page
[2026-02-27T06:00:38.419Z] Saved 25 links to links.json
[2026-02-27T06:00:38.423Z] No footer section found in DOM
[2026-02-27T06:00:38.423Z] Extracted header HTML (1448 chars)
[2026-02-27T06:00:38.428Z] Website (post-redirect): https://www.prismaphotonics.com/
[2026-02-27T06:00:38.428Z] External links: 3 (of 25 total)
[2026-02-27T06:00:38.428Z] ── All external links ──
[2026-02-27T06:00:38.429Z]   EXT: https://wpml.org
[2026-02-27T06:00:38.429Z]   EXT: https://www.linkedin.com/company/prisma-photonics
[2026-02-27T06:00:38.429Z]   EXT: https://www.youtube.com/channel/UCWqjyMdDwXN0qWIHxC8IYzQ
[2026-02-27T06:00:38.429Z] ── Step 1: Programmatic categorization ──
[2026-02-27T06:00:38.429Z]   UNCATEGORIZED: https://wpml.org
[2026-02-27T06:00:38.429Z]   REGEX: li <- https://www.linkedin.com/company/prisma-photonics
[2026-02-27T06:00:38.429Z]   REGEX: ytc <- https://www.youtube.com/channel/UCWqjyMdDwXN0qWIHxC8IYzQ
[2026-02-27T06:00:38.430Z] Programmatic result: ws:1, li:1, ytc:1 | 1 uncategorized
[2026-02-27T06:00:38.430Z] Sending uncategorized links + HTML sections to AI for analysis...
[2026-02-27T06:00:38.431Z] Saved AI prompt (1964 chars) to ai_prompt.txt
[2026-02-27T06:00:43.820Z] Saved AI response to ai_response.json
[2026-02-27T06:00:43.820Z] ── Parsing AI response (1 lines) ──
[2026-02-27T06:00:43.820Z] AI returned 0 valid links
[2026-02-27T06:00:43.821Z] ── Categorizing 0 AI-returned links ──
[2026-02-27T06:00:43.821Z] ── Step 2b: Footer/header uncategorized links ──
[2026-02-27T06:00:43.821Z] Footer/header origins (1):
[2026-02-27T06:00:43.821Z]   FOOTER/HEADER ORIGIN: https://www.prismaphotonics.com
[2026-02-27T06:00:43.821Z]   SKIP (not in footer/header): https://wpml.org
[2026-02-27T06:00:43.821Z] Step 2b result: added 0 uncategorized domains from footer/header
[2026-02-27T06:00:43.821Z] ── Step 3: Final dedup ──
[2026-02-27T06:00:43.821Z] No urls to dedup
[2026-02-27T06:00:43.821Z] ── FINAL RESULT ──
[2026-02-27T06:00:43.821Z]   ws (1):
[2026-02-27T06:00:43.821Z]     - https://www.prismaphotonics.com/
[2026-02-27T06:00:43.821Z]   li (1):
[2026-02-27T06:00:43.821Z]     - https://www.linkedin.com/company/prisma-photonics
[2026-02-27T06:00:43.821Z]   ytc (1):
[2026-02-27T06:00:43.821Z]     - https://www.youtube.com/channel/ucwqjymddwxn0qwihxc8iyzq
[2026-02-27T06:00:43.821Z] Summary: ws:1, li:1, ytc:1
[2026-02-27T06:00:43.824Z] Saved final result to result.json
[2026-02-27T06:00:43.824Z] Override fields: ws, li, ytc
[2026-02-27T06:00:43.824Z] Finished at: 2026-02-27T06:00:43.824Z
