[2026-03-05T06:55:29.747Z] === Homepage AI Extractor: XTEND ===
[2026-03-05T06:55:29.747Z] Started at: 2026-03-05T06:55:29.747Z
[2026-03-05T06:55:29.747Z] Log directory: E:\code\The Wall\mono\packages\scrapper\logs\homepage_ai_extractor\1772693729746_XTEND
[2026-03-05T06:55:29.747Z] Company: XTEND
[2026-03-05T06:55:29.747Z] Website: xtend.me
[2026-03-05T06:55:29.747Z] cbRank: 56022
[2026-03-05T06:55:29.747Z] Reasons: h
[2026-03-05T06:55:29.747Z] Fetching: https://xtend.me
[2026-03-05T06:55:38.104Z] Redirected: https://xtend.me -> https://www.xtend.me/
[2026-03-05T06:55:38.115Z] Saved HTML (183280 bytes) to page.html
[2026-03-05T06:55:38.121Z] Extracted 28 unique links from page
[2026-03-05T06:55:38.122Z] Saved 28 links to links.json
[2026-03-05T06:55:38.127Z] Extracted footer HTML (6695 chars)
[2026-03-05T06:55:38.127Z] Extracted header HTML (8877 chars)
[2026-03-05T06:55:38.136Z] Website (post-redirect): https://www.xtend.me/ → origin: https://www.xtend.me
[2026-03-05T06:55:38.136Z]   SUBDOMAIN: ir.xtend.me (added to ws)
[2026-03-05T06:55:38.137Z]   SUBDOMAIN: support.xtend.me (added to ws)
[2026-03-05T06:55:38.137Z] Website subdomains found: 2
[2026-03-05T06:55:38.137Z] External links: 3 (of 28 total)
[2026-03-05T06:55:38.137Z] ── All external links ──
[2026-03-05T06:55:38.137Z]   EXT: https://defensemirror.com/news/40512
[2026-03-05T06:55:38.137Z]   EXT: https://thedefensepost.com/2024/10/14/xtend-drones
[2026-03-05T06:55:38.137Z]   EXT: https://www.airforce-technology.com/news/xtend-ai-powered-munitions
[2026-03-05T06:55:38.137Z] ── Step 1: Programmatic categorization ──
[2026-03-05T06:55:38.138Z]   UNCATEGORIZED: https://defensemirror.com/news/40512
[2026-03-05T06:55:38.138Z]   UNCATEGORIZED: https://thedefensepost.com/2024/10/14/xtend-drones
[2026-03-05T06:55:38.138Z]   UNCATEGORIZED: https://www.airforce-technology.com/news/xtend-ai-powered-munitions
[2026-03-05T06:55:38.138Z] Programmatic result: ws:3 | 3 uncategorized
[2026-03-05T06:55:38.138Z] Sending uncategorized links + HTML sections to AI for analysis...
[2026-03-05T06:55:38.139Z] Saved AI prompt (5993 chars) to ai_prompt.txt
[2026-03-05T06:56:17.053Z] Saved AI response to ai_response.json
[2026-03-05T06:56:17.053Z] ── Parsing AI response (2 lines) ──
[2026-03-05T06:56:17.053Z]   AI LINK: http://ir.xtend.me/
[2026-03-05T06:56:17.053Z]   AI LINK: https://support.xtend.me/wp-login.php?reauth=1&redirect_to=https%3A%2F%2Fsupport.xtend.me%2F
[2026-03-05T06:56:17.053Z] AI returned 2 valid links
[2026-03-05T06:56:17.053Z] ── Categorizing 2 AI-returned links ──
[2026-03-05T06:56:17.054Z]   AI→URLS: http://ir.xtend.me (cleaned from http://ir.xtend.me/)
[2026-03-05T06:56:17.054Z]   AI→URLS: https://support.xtend.me/wp-login.php (cleaned from https://support.xtend.me/wp-login.php?reauth=1&redirect_to=https%3A%2F%2Fsupport.xtend.me%2F)
[2026-03-05T06:56:17.055Z] ── Step 2b: Footer/header uncategorized links ──
[2026-03-05T06:56:17.055Z] Footer/header origins (2):
[2026-03-05T06:56:17.055Z]   FOOTER/HEADER ORIGIN: http://ir.xtend.me
[2026-03-05T06:56:17.055Z]   FOOTER/HEADER ORIGIN: https://support.xtend.me
[2026-03-05T06:56:17.055Z]   SKIP (not in footer/header): https://defensemirror.com/news/40512
[2026-03-05T06:56:17.055Z]   SKIP (not in footer/header): https://thedefensepost.com/2024/10/14/xtend-drones
[2026-03-05T06:56:17.055Z]   SKIP (not in footer/header): https://www.airforce-technology.com/news/xtend-ai-powered-munitions
[2026-03-05T06:56:17.055Z] Step 2b result: added 0 uncategorized domains from footer/header
[2026-03-05T06:56:17.055Z] ── Step 3: Final dedup ──
[2026-03-05T06:56:17.055Z] Dedup: removed 0 of 2 URLs already in specialized fields
[2026-03-05T06:56:17.055Z] ── FINAL RESULT ──
[2026-03-05T06:56:17.055Z]   ws (3):
[2026-03-05T06:56:17.056Z]     - https://ir.xtend.me
[2026-03-05T06:56:17.056Z]     - https://support.xtend.me
[2026-03-05T06:56:17.056Z]     - https://www.xtend.me
[2026-03-05T06:56:17.056Z]   urls (2):
[2026-03-05T06:56:17.056Z]     - http://ir.xtend.me
[2026-03-05T06:56:17.056Z]     - https://support.xtend.me/wp-login.php
[2026-03-05T06:56:17.056Z] Summary: ws:3, urls:2
[2026-03-05T06:56:17.057Z] Saved final result to result.json
[2026-03-05T06:56:17.057Z] Override fields: ws, urls
[2026-03-05T06:56:17.057Z] Finished at: 2026-03-05T06:56:17.057Z
