[2026-03-01T21:18:01.744Z] === Homepage AI Extractor: Upright Technologies ===
[2026-03-01T21:18:01.744Z] Started at: 2026-03-01T21:18:01.744Z
[2026-03-01T21:18:01.744Z] Log directory: E:\code\The Wall\mono\packages\scrapper\logs\homepage_ai_extractor\1772399881743_Upright_Technologies
[2026-03-01T21:18:01.744Z] Company: Upright Technologies
[2026-03-01T21:18:01.744Z] Website: uprightpose.com
[2026-03-01T21:18:01.745Z] cbRank: 45938
[2026-03-01T21:18:01.745Z] Reasons: h
[2026-03-01T21:18:01.745Z] Fetching: https://uprightpose.com
[2026-03-01T21:18:06.593Z] Redirected: https://uprightpose.com -> https://www.uprightpose.com/
[2026-03-01T21:18:06.603Z] Saved HTML (158741 bytes) to page.html
[2026-03-01T21:18:06.606Z] Extracted 6 unique links from page
[2026-03-01T21:18:06.607Z] Saved 6 links to links.json
[2026-03-01T21:18:06.610Z] No footer section found in DOM
[2026-03-01T21:18:06.611Z] Extracted header HTML (42 chars)
[2026-03-01T21:18:06.616Z] Website (post-redirect): https://www.uprightpose.com/ → origin: https://www.uprightpose.com
[2026-03-01T21:18:06.617Z]   SUBDOMAIN: store.uprightpose.com (added to ws)
[2026-03-01T21:18:06.617Z] Website subdomains found: 1
[2026-03-01T21:18:06.617Z] External links: 0 (of 6 total)
[2026-03-01T21:18:06.617Z] ── All external links ──
[2026-03-01T21:18:06.617Z] ── Step 1: Programmatic categorization ──
[2026-03-01T21:18:06.617Z] Programmatic result: ws:2 | 0 uncategorized
[2026-03-01T21:18:06.617Z] Sending uncategorized links + HTML sections to AI for analysis...
[2026-03-01T21:18:06.618Z] Saved AI prompt (1958 chars) to ai_prompt.txt
[2026-03-01T21:18:12.038Z] Saved AI response to ai_response.json
[2026-03-01T21:18:12.038Z] ── Parsing AI response (1 lines) ──
[2026-03-01T21:18:12.038Z] AI returned 0 valid links
[2026-03-01T21:18:12.038Z] ── Categorizing 0 AI-returned links ──
[2026-03-01T21:18:12.038Z] ── Step 2b: Footer/header uncategorized links ──
[2026-03-01T21:18:12.038Z] Footer/header origins (0):
[2026-03-01T21:18:12.039Z] Step 2b result: added 0 uncategorized domains from footer/header
[2026-03-01T21:18:12.039Z] ── Step 3: Final dedup ──
[2026-03-01T21:18:12.039Z] No urls to dedup
[2026-03-01T21:18:12.039Z] ── FINAL RESULT ──
[2026-03-01T21:18:12.039Z]   ws (2):
[2026-03-01T21:18:12.039Z]     - https://store.uprightpose.com
[2026-03-01T21:18:12.040Z]     - https://www.uprightpose.com
[2026-03-01T21:18:12.040Z] Summary: ws:2
[2026-03-01T21:18:12.040Z] Saved final result to result.json
[2026-03-01T21:18:12.041Z] Override fields: ws
[2026-03-01T21:18:12.041Z] Finished at: 2026-03-01T21:18:12.041Z
