[2026-03-01T17:36:40.823Z] === Homepage AI Extractor: Ctrl ===
[2026-03-01T17:36:40.823Z] Started at: 2026-03-01T17:36:40.823Z
[2026-03-01T17:36:40.823Z] Log directory: E:\code\The Wall\mono\packages\scrapper\logs\homepage_ai_extractor\1772386600822_Ctrl
[2026-03-01T17:36:40.823Z] Company: Ctrl
[2026-03-01T17:36:40.823Z] Website: getctrl.co
[2026-03-01T17:36:40.823Z] cbRank: 33888
[2026-03-01T17:36:40.823Z] Reasons: h
[2026-03-01T17:36:40.824Z] Fetching: https://getctrl.co
[2026-03-01T17:36:44.367Z] Redirected: https://getctrl.co -> https://cityofbaytown.org/?d=getctrl.co&a=2143526812&s=e86fa48448bd983ca567e64d010d5ee51cd47c99bd29cabd39adadc9ced3901c
[2026-03-01T17:36:44.371Z] Saved HTML (7958 bytes) to page.html
[2026-03-01T17:36:44.374Z] Extracted 14 unique links from page
[2026-03-01T17:36:44.375Z] Saved 14 links to links.json
[2026-03-01T17:36:44.387Z] Extracted footer HTML (404 chars)
[2026-03-01T17:36:44.388Z] No header section found in DOM
[2026-03-01T17:36:44.391Z] Website (post-redirect): https://cityofbaytown.org/?d=getctrl.co&a=2143526812&s=e86fa48448bd983ca567e64d010d5ee51cd47c99bd29cabd39adadc9ced3901c → origin: https://cityofbaytown.org
[2026-03-01T17:36:44.392Z] External links: 2 (of 14 total)
[2026-03-01T17:36:44.392Z] ── All external links ──
[2026-03-01T17:36:44.392Z]   EXT: https://parklogic.com/Contact-us
[2026-03-01T17:36:44.392Z]   EXT: https://www.namecheap.com/domains/registration/results/?domain=getctrl.co
[2026-03-01T17:36:44.392Z] ── Step 1: Programmatic categorization ──
[2026-03-01T17:36:44.392Z]   UNCATEGORIZED: https://parklogic.com/Contact-us
[2026-03-01T17:36:44.393Z]   UNCATEGORIZED: https://www.namecheap.com/domains/registration/results/?domain=getctrl.co
[2026-03-01T17:36:44.393Z] Programmatic result: ws:1 | 2 uncategorized
[2026-03-01T17:36:44.393Z] Sending uncategorized links + HTML sections to AI for analysis...
[2026-03-01T17:36:44.395Z] Saved AI prompt (2318 chars) to ai_prompt.txt
[2026-03-01T17:36:50.763Z] Saved AI response to ai_response.json
[2026-03-01T17:36:50.764Z] ── Parsing AI response (1 lines) ──
[2026-03-01T17:36:50.764Z] AI returned 0 valid links
[2026-03-01T17:36:50.764Z] ── Categorizing 0 AI-returned links ──
[2026-03-01T17:36:50.764Z] ── Step 2b: Footer/header uncategorized links ──
[2026-03-01T17:36:50.764Z] Footer/header origins (1):
[2026-03-01T17:36:50.764Z]   FOOTER/HEADER ORIGIN: https://parklogic.com
[2026-03-01T17:36:50.764Z]   ADDED: urls <- https://parklogic.com/Contact-us
[2026-03-01T17:36:50.764Z]   SKIP (not in footer/header): https://www.namecheap.com/domains/registration/results/?domain=getctrl.co
[2026-03-01T17:36:50.764Z] Step 2b result: added 1 uncategorized domains from footer/header
[2026-03-01T17:36:50.764Z] ── Step 3: Final dedup ──
[2026-03-01T17:36:50.764Z] Dedup: removed 0 of 1 URLs already in specialized fields
[2026-03-01T17:36:50.764Z] ── FINAL RESULT ──
[2026-03-01T17:36:50.765Z]   ws (1):
[2026-03-01T17:36:50.765Z]     - https://cityofbaytown.org
[2026-03-01T17:36:50.765Z]   urls (1):
[2026-03-01T17:36:50.765Z]     - https://parklogic.com/Contact-us
[2026-03-01T17:36:50.765Z] Summary: ws:1, urls:1
[2026-03-01T17:36:50.765Z] Saved final result to result.json
[2026-03-01T17:36:50.765Z] Override fields: ws, urls
[2026-03-01T17:36:50.765Z] Finished at: 2026-03-01T17:36:50.765Z
