[2026-03-01T16:52:00.141Z] === Homepage AI Extractor: Odeeo ===
[2026-03-01T16:52:00.143Z] Started at: 2026-03-01T16:52:00.143Z
[2026-03-01T16:52:00.143Z] Log directory: E:\code\The Wall\mono\packages\scrapper\logs\homepage_ai_extractor\1772383920141_Odeeo
[2026-03-01T16:52:00.143Z] Company: Odeeo
[2026-03-01T16:52:00.143Z] Website: odeeo.io
[2026-03-01T16:52:00.143Z] cbRank: 30914
[2026-03-01T16:52:00.143Z] Reasons: h
[2026-03-01T16:52:00.143Z] Fetching: https://odeeo.io
[2026-03-01T16:52:03.619Z] Redirected: https://odeeo.io -> https://odeeo.io/
[2026-03-01T16:52:03.627Z] Saved HTML (68842 bytes) to page.html
[2026-03-01T16:52:03.632Z] Extracted 20 unique links from page
[2026-03-01T16:52:03.633Z] Saved 20 links to links.json
[2026-03-01T16:52:03.647Z] Extracted footer HTML (7079 chars)
[2026-03-01T16:52:03.648Z] Extracted header HTML (3495 chars)
[2026-03-01T16:52:03.658Z] Website (post-redirect): https://odeeo.io/ → origin: https://odeeo.io
[2026-03-01T16:52:03.658Z]   SUBDOMAIN: blog.odeeo.io (added to ws)
[2026-03-01T16:52:03.658Z] Website subdomains found: 1
[2026-03-01T16:52:03.658Z] External links: 4 (of 20 total)
[2026-03-01T16:52:03.658Z] ── All external links ──
[2026-03-01T16:52:03.659Z]   EXT: https://il.linkedin.com/company/odeeo
[2026-03-01T16:52:03.659Z]   EXT: https://twitter.com/SonicOdeeo
[2026-03-01T16:52:03.659Z]   EXT: https://www.facebook.com/SonicOdeeo
[2026-03-01T16:52:03.659Z]   EXT: https://www.kalungi.com/atlas-hubspot-theme-for-b2b-saas-software
[2026-03-01T16:52:03.659Z] ── Step 1: Programmatic categorization ──
[2026-03-01T16:52:03.660Z]   REGEX: li <- https://il.linkedin.com/company/odeeo
[2026-03-01T16:52:03.660Z]   REGEX: tw <- https://twitter.com/SonicOdeeo
[2026-03-01T16:52:03.660Z]   REGEX: fb <- https://www.facebook.com/SonicOdeeo
[2026-03-01T16:52:03.660Z]   UNCATEGORIZED: https://www.kalungi.com/atlas-hubspot-theme-for-b2b-saas-software
[2026-03-01T16:52:03.660Z] Programmatic result: ws:2, li:1, tw:1, fb:1 | 1 uncategorized
[2026-03-01T16:52:03.660Z] Sending uncategorized links + HTML sections to AI for analysis...
[2026-03-01T16:52:03.662Z] Saved AI prompt (4942 chars) to ai_prompt.txt
[2026-03-01T16:52:32.558Z] Saved AI response to ai_response.json
[2026-03-01T16:52:32.558Z] ── Parsing AI response (4 lines) ──
[2026-03-01T16:52:32.558Z]   AI LINK: https://il.linkedin.com/company/odeeo
[2026-03-01T16:52:32.558Z]   AI LINK: https://www.facebook.com/SonicOdeeo/
[2026-03-01T16:52:32.558Z]   AI LINK: https://twitter.com/SonicOdeeo
[2026-03-01T16:52:32.558Z]   AI LINK: https://blog.odeeo.io
[2026-03-01T16:52:32.558Z] AI returned 4 valid links
[2026-03-01T16:52:32.558Z] ── Categorizing 4 AI-returned links ──
[2026-03-01T16:52:32.558Z]   AI→REGEX: li <- https://il.linkedin.com/company/odeeo (duplicate, skipped)
[2026-03-01T16:52:32.558Z]   AI→REGEX: fb <- https://www.facebook.com/SonicOdeeo/ (duplicate, skipped)
[2026-03-01T16:52:32.559Z]   AI→REGEX: tw <- https://twitter.com/SonicOdeeo (duplicate, skipped)
[2026-03-01T16:52:32.559Z]   AI→URLS: https://blog.odeeo.io
[2026-03-01T16:52:32.560Z] ── Step 2b: Footer/header uncategorized links ──
[2026-03-01T16:52:32.560Z] Footer/header origins (6):
[2026-03-01T16:52:32.560Z]   FOOTER/HEADER ORIGIN: https://il.linkedin.com
[2026-03-01T16:52:32.560Z]   FOOTER/HEADER ORIGIN: https://www.facebook.com
[2026-03-01T16:52:32.560Z]   FOOTER/HEADER ORIGIN: https://twitter.com
[2026-03-01T16:52:32.560Z]   FOOTER/HEADER ORIGIN: https://odeeo.io
[2026-03-01T16:52:32.561Z]   FOOTER/HEADER ORIGIN: https://blog.odeeo.io
[2026-03-01T16:52:32.561Z]   FOOTER/HEADER ORIGIN: https://www.kalungi.com
[2026-03-01T16:52:32.561Z]   ADDED: urls <- https://www.kalungi.com/atlas-hubspot-theme-for-b2b-saas-software
[2026-03-01T16:52:32.561Z] Step 2b result: added 1 uncategorized domains from footer/header
[2026-03-01T16:52:32.561Z] ── Step 3: Final dedup ──
[2026-03-01T16:52:32.561Z] Dedup: removed 0 of 2 URLs already in specialized fields
[2026-03-01T16:52:32.561Z] ── FINAL RESULT ──
[2026-03-01T16:52:32.561Z]   ws (2):
[2026-03-01T16:52:32.561Z]     - https://blog.odeeo.io
[2026-03-01T16:52:32.561Z]     - https://odeeo.io
[2026-03-01T16:52:32.561Z]   li (1):
[2026-03-01T16:52:32.562Z]     - https://www.linkedin.com/company/odeeo
[2026-03-01T16:52:32.562Z]   fb (1):
[2026-03-01T16:52:32.562Z]     - https://www.facebook.com/sonicodeeo
[2026-03-01T16:52:32.562Z]   tw (1):
[2026-03-01T16:52:32.562Z]     - https://x.com/sonicodeeo
[2026-03-01T16:52:32.562Z]   urls (2):
[2026-03-01T16:52:32.562Z]     - https://blog.odeeo.io
[2026-03-01T16:52:32.562Z]     - https://www.kalungi.com/atlas-hubspot-theme-for-b2b-saas-software
[2026-03-01T16:52:32.562Z] Summary: ws:2, li:1, tw:1, fb:1, urls:2
[2026-03-01T16:52:32.563Z] Saved final result to result.json
[2026-03-01T16:52:32.563Z] Override fields: ws, li, fb, tw, urls
[2026-03-01T16:52:32.563Z] Finished at: 2026-03-01T16:52:32.563Z
