[2026-03-07T18:42:25.786Z] === Homepage AI Extractor: ReConvert ===
[2026-03-07T18:42:25.786Z] Started at: 2026-03-07T18:42:25.786Z
[2026-03-07T18:42:25.786Z] Log directory: E:\code\The Wall\mono\packages\scrapper\logs\homepage_ai_extractor\1772908945786_ReConvert
[2026-03-07T18:42:25.786Z] Company: ReConvert
[2026-03-07T18:42:25.786Z] Website: stilyoapps.info
[2026-03-07T18:42:25.786Z] cbRank: 311867
[2026-03-07T18:42:25.786Z] Reasons: h
[2026-03-07T18:42:25.786Z] Fetching: https://stilyoapps.info
[2026-03-07T18:42:30.798Z] Redirected: https://stilyoapps.info -> https://www.stilyoapps.info/
[2026-03-07T18:42:30.826Z] Saved HTML (866372 bytes) to page.html
[2026-03-07T18:42:30.829Z] Extracted 34 unique links from page
[2026-03-07T18:42:30.830Z] Saved 34 links to links.json
[2026-03-07T18:42:30.833Z] Extracted footer HTML (17349 chars)
[2026-03-07T18:42:30.833Z] Extracted header HTML (6589 chars)
[2026-03-07T18:42:30.842Z] Website (post-redirect): https://www.stilyoapps.info/ → origin: https://www.stilyoapps.info
[2026-03-07T18:42:30.842Z] External links: 26 (of 34 total)
[2026-03-07T18:42:30.842Z] ── All external links ──
[2026-03-07T18:42:30.842Z]   EXT: http://socialitee.fr
[2026-03-07T18:42:30.842Z]   EXT: http://zissuthemes.com
[2026-03-07T18:42:30.842Z]   EXT: https://apps.shopify.com/carti
[2026-03-07T18:42:30.843Z]   EXT: https://apps.shopify.com/reconvert
[2026-03-07T18:42:30.843Z]   EXT: https://calendly.com/reconvert-partnerships/demo
[2026-03-07T18:42:30.843Z]   EXT: https://charliesjewellery.com/collections/rings
[2026-03-07T18:42:30.843Z]   EXT: https://experts.shopify.com/cirkle-studio
[2026-03-07T18:42:30.843Z]   EXT: https://experts.shopify.com/maverick-marketing
[2026-03-07T18:42:30.843Z]   EXT: https://fixmysite.co
[2026-03-07T18:42:30.843Z]   EXT: https://inflatable.shop/collections/inflatable-tent
[2026-03-07T18:42:30.843Z]   EXT: https://marketingmania.ca
[2026-03-07T18:42:30.843Z]   EXT: https://q-biz.co.il
[2026-03-07T18:42:30.843Z]   EXT: https://tokencs.ca
[2026-03-07T18:42:30.843Z]   EXT: https://twitter.com/reconvertapp
[2026-03-07T18:42:30.843Z]   EXT: https://webelite.co.za
[2026-03-07T18:42:30.843Z]   EXT: https://www.bluetechitservices.com
[2026-03-07T18:42:30.843Z]   EXT: https://www.ens.enterprises
[2026-03-07T18:42:30.843Z]   EXT: https://www.facebook.com/groups/ReConvert
[2026-03-07T18:42:30.843Z]   EXT: https://www.flewid.ca
[2026-03-07T18:42:30.843Z]   EXT: https://www.fuznet.com
[2026-03-07T18:42:30.844Z]   EXT: https://www.identixweb.com
[2026-03-07T18:42:30.844Z]   EXT: https://www.instagram.com/reconvertapp
[2026-03-07T18:42:30.844Z]   EXT: https://www.linkedin.com/company/stilyoapps
[2026-03-07T18:42:30.844Z]   EXT: https://www.spocket.co
[2026-03-07T18:42:30.844Z]   EXT: https://www.voltagenewmedia.com
[2026-03-07T18:42:30.844Z]   EXT: https://www.xgentech.net
[2026-03-07T18:42:30.844Z] ── Step 1: Programmatic categorization ──
[2026-03-07T18:42:30.844Z]   UNCATEGORIZED: http://socialitee.fr
[2026-03-07T18:42:30.844Z]   UNCATEGORIZED: http://zissuthemes.com
[2026-03-07T18:42:30.844Z]   UNCATEGORIZED: https://apps.shopify.com/carti
[2026-03-07T18:42:30.845Z]   UNCATEGORIZED: https://apps.shopify.com/reconvert
[2026-03-07T18:42:30.845Z]   UNCATEGORIZED: https://calendly.com/reconvert-partnerships/demo
[2026-03-07T18:42:30.845Z]   UNCATEGORIZED: https://charliesjewellery.com/collections/rings
[2026-03-07T18:42:30.845Z]   UNCATEGORIZED: https://experts.shopify.com/cirkle-studio
[2026-03-07T18:42:30.845Z]   UNCATEGORIZED: https://experts.shopify.com/maverick-marketing
[2026-03-07T18:42:30.845Z]   UNCATEGORIZED: https://fixmysite.co
[2026-03-07T18:42:30.845Z]   UNCATEGORIZED: https://inflatable.shop/collections/inflatable-tent
[2026-03-07T18:42:30.845Z]   UNCATEGORIZED: https://marketingmania.ca
[2026-03-07T18:42:30.845Z]   UNCATEGORIZED: https://q-biz.co.il
[2026-03-07T18:42:30.845Z]   UNCATEGORIZED: https://tokencs.ca
[2026-03-07T18:42:30.845Z]   REGEX: tw <- https://twitter.com/reconvertapp
[2026-03-07T18:42:30.846Z]   UNCATEGORIZED: https://webelite.co.za
[2026-03-07T18:42:30.846Z]   UNCATEGORIZED: https://www.bluetechitservices.com
[2026-03-07T18:42:30.846Z]   UNCATEGORIZED: https://www.ens.enterprises
[2026-03-07T18:42:30.846Z]   UNCATEGORIZED: https://www.flewid.ca
[2026-03-07T18:42:30.846Z]   UNCATEGORIZED: https://www.fuznet.com
[2026-03-07T18:42:30.846Z]   UNCATEGORIZED: https://www.identixweb.com
[2026-03-07T18:42:30.846Z]   REGEX: ig <- https://www.instagram.com/reconvertapp
[2026-03-07T18:42:30.846Z]   REGEX: li <- https://www.linkedin.com/company/stilyoapps
[2026-03-07T18:42:30.846Z]   UNCATEGORIZED: https://www.spocket.co
[2026-03-07T18:42:30.846Z]   UNCATEGORIZED: https://www.voltagenewmedia.com
[2026-03-07T18:42:30.846Z]   UNCATEGORIZED: https://www.xgentech.net
[2026-03-07T18:42:30.846Z] ── Step 1b: Resolving 1 regex-domain URLs via redirect ──
[2026-03-07T18:42:30.847Z]   SKIP (regex domain, no match): https://www.facebook.com/groups/ReConvert
[2026-03-07T18:42:30.847Z] Programmatic result: ws:1, tw:1, ig:1, li:1 | 22 uncategorized
[2026-03-07T18:42:30.847Z] Sending uncategorized links + HTML sections to AI for analysis...
[2026-03-07T18:42:30.847Z] Saved AI prompt (13226 chars) to ai_prompt.txt
[2026-03-07T18:43:49.184Z] Saved AI response to ai_response.json
[2026-03-07T18:43:49.185Z] ── Parsing AI response (5 lines) ──
[2026-03-07T18:43:49.185Z]   AI LINK: https://apps.shopify.com/reconvert
[2026-03-07T18:43:49.185Z]   AI LINK: https://www.linkedin.com/company/stilyoapps
[2026-03-07T18:43:49.185Z]   AI LINK: https://www.instagram.com/reconvertapp/
[2026-03-07T18:43:49.185Z]   AI LINK: https://twitter.com/reconvertapp
[2026-03-07T18:43:49.185Z]   AI LINK: https://www.facebook.com/groups/ReConvert/
[2026-03-07T18:43:49.185Z] AI returned 5 valid links
[2026-03-07T18:43:49.185Z] ── Categorizing 5 AI-returned links ──
[2026-03-07T18:43:49.186Z]   AI→URLS: https://apps.shopify.com/reconvert
[2026-03-07T18:43:49.186Z]   AI→REGEX: li <- https://www.linkedin.com/company/stilyoapps (duplicate, skipped)
[2026-03-07T18:43:49.186Z]   AI→REGEX: ig <- https://www.instagram.com/reconvertapp/ (duplicate, skipped)
[2026-03-07T18:43:49.186Z]   AI→REGEX: tw <- https://twitter.com/reconvertapp (duplicate, skipped)
[2026-03-07T18:43:49.186Z]   AI→SKIP (regex domain, no match): https://www.facebook.com/groups/ReConvert/
[2026-03-07T18:43:49.186Z] ── Step 2b: Footer/header uncategorized links ──
[2026-03-07T18:43:49.186Z] Footer/header origins (6):
[2026-03-07T18:43:49.186Z]   FOOTER/HEADER ORIGIN: https://www.stilyoapps.info
[2026-03-07T18:43:49.186Z]   FOOTER/HEADER ORIGIN: https://inflatable.shop
[2026-03-07T18:43:49.187Z]   FOOTER/HEADER ORIGIN: https://www.linkedin.com
[2026-03-07T18:43:49.187Z]   FOOTER/HEADER ORIGIN: https://www.instagram.com
[2026-03-07T18:43:49.187Z]   FOOTER/HEADER ORIGIN: https://twitter.com
[2026-03-07T18:43:49.187Z]   FOOTER/HEADER ORIGIN: https://www.facebook.com
[2026-03-07T18:43:49.187Z]   SKIP (not in footer/header): http://socialitee.fr
[2026-03-07T18:43:49.187Z]   SKIP (not in footer/header): http://zissuthemes.com
[2026-03-07T18:43:49.187Z]   SKIP (not in footer/header): https://apps.shopify.com/carti
[2026-03-07T18:43:49.187Z]   SKIP (AI claimed): https://apps.shopify.com/reconvert
[2026-03-07T18:43:49.187Z]   SKIP (not in footer/header): https://calendly.com/reconvert-partnerships/demo
[2026-03-07T18:43:49.187Z]   SKIP (not in footer/header): https://charliesjewellery.com/collections/rings
[2026-03-07T18:43:49.187Z]   SKIP (not in footer/header): https://experts.shopify.com/cirkle-studio
[2026-03-07T18:43:49.187Z]   SKIP (not in footer/header): https://experts.shopify.com/maverick-marketing
[2026-03-07T18:43:49.188Z]   SKIP (not in footer/header): https://fixmysite.co
[2026-03-07T18:43:49.188Z]   ADDED: urls <- https://inflatable.shop/collections/inflatable-tent
[2026-03-07T18:43:49.188Z]   SKIP (not in footer/header): https://marketingmania.ca
[2026-03-07T18:43:49.188Z]   SKIP (not in footer/header): https://q-biz.co.il
[2026-03-07T18:43:49.188Z]   SKIP (not in footer/header): https://tokencs.ca
[2026-03-07T18:43:49.188Z]   SKIP (not in footer/header): https://webelite.co.za
[2026-03-07T18:43:49.188Z]   SKIP (not in footer/header): https://www.bluetechitservices.com
[2026-03-07T18:43:49.188Z]   SKIP (not in footer/header): https://www.ens.enterprises
[2026-03-07T18:43:49.188Z]   SKIP (not in footer/header): https://www.flewid.ca
[2026-03-07T18:43:49.188Z]   SKIP (not in footer/header): https://www.fuznet.com
[2026-03-07T18:43:49.188Z]   SKIP (not in footer/header): https://www.identixweb.com
[2026-03-07T18:43:49.189Z]   SKIP (not in footer/header): https://www.spocket.co
[2026-03-07T18:43:49.189Z]   SKIP (not in footer/header): https://www.voltagenewmedia.com
[2026-03-07T18:43:49.189Z]   SKIP (not in footer/header): https://www.xgentech.net
[2026-03-07T18:43:49.189Z] Step 2b result: added 1 uncategorized domains from footer/header
[2026-03-07T18:43:49.189Z] ── Step 3: Final dedup ──
[2026-03-07T18:43:49.189Z] Dedup: removed 0 of 2 URLs already in specialized fields
[2026-03-07T18:43:49.189Z] ── FINAL RESULT ──
[2026-03-07T18:43:49.189Z]   ws (1):
[2026-03-07T18:43:49.189Z]     - https://www.stilyoapps.info
[2026-03-07T18:43:49.189Z]   li (1):
[2026-03-07T18:43:49.189Z]     - https://www.linkedin.com/company/stilyoapps
[2026-03-07T18:43:49.189Z]   tw (1):
[2026-03-07T18:43:49.189Z]     - https://x.com/reconvertapp
[2026-03-07T18:43:49.189Z]   ig (1):
[2026-03-07T18:43:49.190Z]     - https://www.instagram.com/reconvertapp
[2026-03-07T18:43:49.190Z]   urls (2):
[2026-03-07T18:43:49.190Z]     - https://apps.shopify.com/reconvert
[2026-03-07T18:43:49.190Z]     - https://inflatable.shop/collections/inflatable-tent
[2026-03-07T18:43:49.190Z] Summary: ws:1, tw:1, ig:1, li:1, urls:2
[2026-03-07T18:43:49.190Z] Saved final result to result.json
[2026-03-07T18:43:49.191Z] Override fields: ws, li, tw, ig, urls
[2026-03-07T18:43:49.191Z] Finished at: 2026-03-07T18:43:49.191Z
