[2026-03-07T17:58:04.975Z] === Homepage AI Extractor: Vaxa Technologies ===
[2026-03-07T17:58:04.975Z] Started at: 2026-03-07T17:58:04.975Z
[2026-03-07T17:58:04.975Z] Log directory: E:\code\The Wall\mono\packages\scrapper\logs\homepage_ai_extractor\1772906284975_Vaxa_Technologies
[2026-03-07T17:58:04.975Z] Company: Vaxa Technologies
[2026-03-07T17:58:04.975Z] Website: vaxa.life
[2026-03-07T17:58:04.975Z] cbRank: 301955
[2026-03-07T17:58:04.975Z] Reasons: h
[2026-03-07T17:58:04.975Z] Fetching: https://vaxa.life
[2026-03-07T17:58:09.841Z] Redirected: https://vaxa.life -> https://www.vaxa.life/
[2026-03-07T17:58:09.860Z] Saved HTML (560402 bytes) to page.html
[2026-03-07T17:58:09.864Z] Extracted 15 unique links from page
[2026-03-07T17:58:09.865Z] Saved 15 links to links.json
[2026-03-07T17:58:09.868Z] Extracted footer HTML (12699 chars)
[2026-03-07T17:58:09.868Z] Extracted header HTML (563 chars)
[2026-03-07T17:58:09.872Z] Website (post-redirect): https://www.vaxa.life/ → origin: https://www.vaxa.life
[2026-03-07T17:58:09.873Z] External links: 6 (of 15 total)
[2026-03-07T17:58:09.873Z] ── All external links ──
[2026-03-07T17:58:09.873Z]   EXT: https://orlonutrition.com
[2026-03-07T17:58:09.873Z]   EXT: https://orlonutrition.is
[2026-03-07T17:58:09.873Z]   EXT: https://www.bbc.com/future/bespoke/follow-the-food/the-green-sludge-that-could-transform-our-diets.html
[2026-03-07T17:58:09.873Z]   EXT: https://www.fastcompany.com/90790596/inside-this-vertical-farm-carbon-neutral-algae-grows-under-glowing-pink-lights
[2026-03-07T17:58:09.873Z]   EXT: https://www.hellodesign.co
[2026-03-07T17:58:09.873Z]   EXT: https://www.nationalgeographic.com/premium/article/remove-carbon-emissions
[2026-03-07T17:58:09.873Z] ── Step 1: Programmatic categorization ──
[2026-03-07T17:58:09.873Z]   UNCATEGORIZED: https://orlonutrition.com
[2026-03-07T17:58:09.873Z]   UNCATEGORIZED: https://orlonutrition.is
[2026-03-07T17:58:09.874Z]   UNCATEGORIZED: https://www.bbc.com/future/bespoke/follow-the-food/the-green-sludge-that-could-transform-our-diets.html
[2026-03-07T17:58:09.874Z]   UNCATEGORIZED: https://www.fastcompany.com/90790596/inside-this-vertical-farm-carbon-neutral-algae-grows-under-glowing-pink-lights
[2026-03-07T17:58:09.874Z]   UNCATEGORIZED: https://www.hellodesign.co
[2026-03-07T17:58:09.874Z]   UNCATEGORIZED: https://www.nationalgeographic.com/premium/article/remove-carbon-emissions
[2026-03-07T17:58:09.874Z] Programmatic result: ws:1 | 6 uncategorized
[2026-03-07T17:58:09.874Z] Sending uncategorized links + HTML sections to AI for analysis...
[2026-03-07T17:58:09.875Z] Saved AI prompt (10295 chars) to ai_prompt.txt
[2026-03-07T17:58:58.658Z] Saved AI response to ai_response.json
[2026-03-07T17:58:58.658Z] ── Parsing AI response (4 lines) ──
[2026-03-07T17:58:58.658Z]   AI LINK: https://www.vaxa.life
[2026-03-07T17:58:58.658Z]   AI LINK: http://vaxa.life
[2026-03-07T17:58:58.658Z]   AI LINK: https://orlonutrition.com/
[2026-03-07T17:58:58.658Z]   AI LINK: https://orlonutrition.is
[2026-03-07T17:58:58.659Z] AI returned 4 valid links
[2026-03-07T17:58:58.659Z] ── Categorizing 4 AI-returned links ──
[2026-03-07T17:58:58.659Z]   AI→URLS: https://www.vaxa.life
[2026-03-07T17:58:58.659Z]   AI→URLS: http://vaxa.life
[2026-03-07T17:58:58.659Z]   AI→URLS: https://orlonutrition.com (cleaned from https://orlonutrition.com/)
[2026-03-07T17:58:58.659Z]   AI→URLS: https://orlonutrition.is
[2026-03-07T17:58:58.659Z] ── Step 2b: Footer/header uncategorized links ──
[2026-03-07T17:58:58.659Z] Footer/header origins (5):
[2026-03-07T17:58:58.660Z]   FOOTER/HEADER ORIGIN: https://www.vaxa.life
[2026-03-07T17:58:58.660Z]   FOOTER/HEADER ORIGIN: http://vaxa.life
[2026-03-07T17:58:58.660Z]   FOOTER/HEADER ORIGIN: https://orlonutrition.com
[2026-03-07T17:58:58.660Z]   FOOTER/HEADER ORIGIN: https://orlonutrition.is
[2026-03-07T17:58:58.660Z]   FOOTER/HEADER ORIGIN: https://www.hellodesign.co
[2026-03-07T17:58:58.660Z]   SKIP (AI claimed): https://orlonutrition.com
[2026-03-07T17:58:58.660Z]   SKIP (AI claimed): https://orlonutrition.is
[2026-03-07T17:58:58.660Z]   SKIP (not in footer/header): https://www.bbc.com/future/bespoke/follow-the-food/the-green-sludge-that-could-transform-our-diets.html
[2026-03-07T17:58:58.660Z]   SKIP (not in footer/header): https://www.fastcompany.com/90790596/inside-this-vertical-farm-carbon-neutral-algae-grows-under-glowing-pink-lights
[2026-03-07T17:58:58.660Z]   ADDED: urls <- https://www.hellodesign.co
[2026-03-07T17:58:58.660Z]   SKIP (not in footer/header): https://www.nationalgeographic.com/premium/article/remove-carbon-emissions
[2026-03-07T17:58:58.660Z] Step 2b result: added 1 uncategorized domains from footer/header
[2026-03-07T17:58:58.661Z] ── Step 3: Final dedup ──
[2026-03-07T17:58:58.661Z] Dedup: removed 0 of 5 URLs already in specialized fields
[2026-03-07T17:58:58.661Z] ── FINAL RESULT ──
[2026-03-07T17:58:58.661Z]   ws (1):
[2026-03-07T17:58:58.661Z]     - https://www.vaxa.life
[2026-03-07T17:58:58.661Z]   urls (5):
[2026-03-07T17:58:58.661Z]     - http://vaxa.life
[2026-03-07T17:58:58.661Z]     - https://orlonutrition.com
[2026-03-07T17:58:58.661Z]     - https://orlonutrition.is
[2026-03-07T17:58:58.661Z]     - https://www.hellodesign.co
[2026-03-07T17:58:58.661Z]     - https://www.vaxa.life
[2026-03-07T17:58:58.661Z] Summary: ws:1, urls:5
[2026-03-07T17:58:58.662Z] Saved final result to result.json
[2026-03-07T17:58:58.662Z] Override fields: ws, urls
[2026-03-07T17:58:58.662Z] Finished at: 2026-03-07T17:58:58.662Z
