[2026-03-19T10:27:39.941Z] === Homepage AI Extractor: Cibeez ===
[2026-03-19T10:27:39.941Z] Started at: 2026-03-19T10:27:39.941Z
[2026-03-19T10:27:39.941Z] Log directory: C:\Users\ahmed\code\mono\packages\scrapper\logs\homepage_ai_extractor\1773916059941_Cibeez
[2026-03-19T10:27:39.941Z] Company: Cibeez
[2026-03-19T10:27:39.941Z] Website: cibeez.com
[2026-03-19T10:27:39.941Z] cbRank: 2122131
[2026-03-19T10:27:39.941Z] Reasons: h
[2026-03-19T10:27:39.941Z] Fetching: https://cibeez.com
[2026-03-19T10:27:41.233Z] Redirected: https://cibeez.com -> https://cibeez.com/
[2026-03-19T10:27:41.235Z] Saved HTML (11057 bytes) to page.html
[2026-03-19T10:27:41.237Z] Extracted 1 unique links from page
[2026-03-19T10:27:41.238Z] Saved 1 links to links.json
[2026-03-19T10:27:41.240Z] No footer section found in DOM
[2026-03-19T10:27:41.240Z] No header section found in DOM
[2026-03-19T10:27:41.244Z] Website (post-redirect): https://cibeez.com/ → origin: https://cibeez.com
[2026-03-19T10:27:41.244Z] External links: 0 (of 1 total)
[2026-03-19T10:27:41.244Z] ── All external links ──
[2026-03-19T10:27:41.244Z] ── Step 1: Programmatic categorization ──
[2026-03-19T10:27:41.244Z] Programmatic result: ws:1 | 0 uncategorized
[2026-03-19T10:27:41.244Z] No uncategorized links and no HTML sections — skipping AI analysis
[2026-03-19T10:27:41.244Z] ── Step 2b: Footer/header uncategorized links ──
[2026-03-19T10:27:41.244Z] Footer/header origins (0):
[2026-03-19T10:27:41.244Z] Step 2b result: added 0 uncategorized domains from footer/header
[2026-03-19T10:27:41.244Z] ── Step 2c: YouTube channel handle resolution ──
[2026-03-19T10:27:41.244Z]   YOUTUBE: no ytc entries to resolve
[2026-03-19T10:27:41.244Z] ── Step 3: Final dedup ──
[2026-03-19T10:27:41.244Z] No urls to dedup
[2026-03-19T10:27:41.244Z] ── FINAL RESULT ──
[2026-03-19T10:27:41.244Z]   ws (1):
[2026-03-19T10:27:41.244Z]     - https://cibeez.com
[2026-03-19T10:27:41.244Z] Summary: ws:1
[2026-03-19T10:27:41.248Z] Saved final result to result.json
[2026-03-19T10:27:41.248Z] Override fields: ws
[2026-03-19T10:27:41.248Z] Finished at: 2026-03-19T10:27:41.248Z
