[2026-03-06T06:41:45.571Z] === Homepage AI Extractor: Tolstoy ===
[2026-03-06T06:41:45.571Z] Started at: 2026-03-06T06:41:45.571Z
[2026-03-06T06:41:45.571Z] Log directory: E:\code\The Wall\mono\packages\scrapper\logs\homepage_ai_extractor\1772779305571_Tolstoy
[2026-03-06T06:41:45.571Z] Company: Tolstoy
[2026-03-06T06:41:45.571Z] Website: gotolstoy.com
[2026-03-06T06:41:45.572Z] cbRank: 144949
[2026-03-06T06:41:45.572Z] Reasons: h
[2026-03-06T06:41:45.572Z] Fetching: https://gotolstoy.com
[2026-03-06T06:41:50.173Z] Redirected: https://gotolstoy.com -> https://www.gotolstoy.com/
[2026-03-06T06:41:50.179Z] Saved HTML (146537 bytes) to page.html
[2026-03-06T06:41:50.183Z] Extracted 39 unique links from page
[2026-03-06T06:41:50.183Z] Saved 39 links to links.json
[2026-03-06T06:41:50.186Z] Extracted footer HTML (9487 chars)
[2026-03-06T06:41:50.186Z] Extracted header HTML (4434 chars)
[2026-03-06T06:41:50.190Z] Website (post-redirect): https://www.gotolstoy.com/ → origin: https://www.gotolstoy.com
[2026-03-06T06:41:50.190Z]   SUBDOMAIN: app.gotolstoy.com (added to ws)
[2026-03-06T06:41:50.190Z]   SUBDOMAIN: developers.gotolstoy.com (added to ws)
[2026-03-06T06:41:50.191Z]   SUBDOMAIN: help.gotolstoy.com (added to ws)
[2026-03-06T06:41:50.191Z]   SUBDOMAIN: platform.gotolstoy.com (added to ws)
[2026-03-06T06:41:50.191Z] Website subdomains found: 4
[2026-03-06T06:41:50.191Z] External links: 5 (of 39 total)
[2026-03-06T06:41:50.191Z] ── All external links ──
[2026-03-06T06:41:50.191Z]   EXT: https://apps.shopify.com/tolstoy
[2026-03-06T06:41:50.191Z]   EXT: https://www.instagram.com/gotolstoy
[2026-03-06T06:41:50.191Z]   EXT: https://www.linkedin.com/company/gotolstoy
[2026-03-06T06:41:50.191Z]   EXT: https://www.stan.vision
[2026-03-06T06:41:50.191Z]   EXT: https://x.com/gotolstoy
[2026-03-06T06:41:50.191Z] ── Step 1: Programmatic categorization ──
[2026-03-06T06:41:50.192Z]   UNCATEGORIZED: https://apps.shopify.com/tolstoy
[2026-03-06T06:41:50.192Z]   REGEX: ig <- https://www.instagram.com/gotolstoy
[2026-03-06T06:41:50.192Z]   REGEX: li <- https://www.linkedin.com/company/gotolstoy
[2026-03-06T06:41:50.192Z]   UNCATEGORIZED: https://www.stan.vision
[2026-03-06T06:41:50.192Z]   REGEX: tw <- https://x.com/gotolstoy
[2026-03-06T06:41:50.192Z] Programmatic result: ws:5, ig:1, li:1, tw:1 | 2 uncategorized
[2026-03-06T06:41:50.192Z] Sending uncategorized links + HTML sections to AI for analysis...
[2026-03-06T06:41:50.193Z] Saved AI prompt (5229 chars) to ai_prompt.txt
[2026-03-06T06:42:20.274Z] Saved AI response to ai_response.json
[2026-03-06T06:42:20.274Z] ── Parsing AI response (4 lines) ──
[2026-03-06T06:42:20.274Z]   AI LINK: https://apps.shopify.com/tolstoy
[2026-03-06T06:42:20.274Z]   AI LINK: https://x.com/gotolstoy
[2026-03-06T06:42:20.274Z]   AI LINK: https://www.linkedin.com/company/gotolstoy
[2026-03-06T06:42:20.274Z]   AI LINK: https://www.instagram.com/gotolstoy
[2026-03-06T06:42:20.275Z] AI returned 4 valid links
[2026-03-06T06:42:20.275Z] ── Categorizing 4 AI-returned links ──
[2026-03-06T06:42:20.275Z]   AI→URLS: https://apps.shopify.com/tolstoy
[2026-03-06T06:42:20.275Z]   AI→REGEX: tw <- https://x.com/gotolstoy (duplicate, skipped)
[2026-03-06T06:42:20.275Z]   AI→REGEX: li <- https://www.linkedin.com/company/gotolstoy (duplicate, skipped)
[2026-03-06T06:42:20.275Z]   AI→REGEX: ig <- https://www.instagram.com/gotolstoy (duplicate, skipped)
[2026-03-06T06:42:20.276Z] ── Step 2b: Footer/header uncategorized links ──
[2026-03-06T06:42:20.276Z] Footer/header origins (6):
[2026-03-06T06:42:20.276Z]   FOOTER/HEADER ORIGIN: https://developers.gotolstoy.com
[2026-03-06T06:42:20.276Z]   FOOTER/HEADER ORIGIN: https://help.gotolstoy.com
[2026-03-06T06:42:20.276Z]   FOOTER/HEADER ORIGIN: https://x.com
[2026-03-06T06:42:20.276Z]   FOOTER/HEADER ORIGIN: https://www.linkedin.com
[2026-03-06T06:42:20.276Z]   FOOTER/HEADER ORIGIN: https://www.instagram.com
[2026-03-06T06:42:20.276Z]   FOOTER/HEADER ORIGIN: https://www.stan.vision
[2026-03-06T06:42:20.276Z]   SKIP (AI claimed): https://apps.shopify.com/tolstoy
[2026-03-06T06:42:20.276Z]   ADDED: urls <- https://www.stan.vision
[2026-03-06T06:42:20.277Z] Step 2b result: added 1 uncategorized domains from footer/header
[2026-03-06T06:42:20.277Z] ── Step 3: Final dedup ──
[2026-03-06T06:42:20.277Z] Dedup: removed 0 of 2 URLs already in specialized fields
[2026-03-06T06:42:20.277Z] ── FINAL RESULT ──
[2026-03-06T06:42:20.277Z]   ws (5):
[2026-03-06T06:42:20.277Z]     - https://app.gotolstoy.com
[2026-03-06T06:42:20.277Z]     - https://developers.gotolstoy.com
[2026-03-06T06:42:20.277Z]     - https://help.gotolstoy.com
[2026-03-06T06:42:20.277Z]     - https://platform.gotolstoy.com
[2026-03-06T06:42:20.277Z]     - https://www.gotolstoy.com
[2026-03-06T06:42:20.277Z]   li (1):
[2026-03-06T06:42:20.277Z]     - https://www.linkedin.com/company/gotolstoy
[2026-03-06T06:42:20.277Z]   tw (1):
[2026-03-06T06:42:20.277Z]     - https://x.com/gotolstoy
[2026-03-06T06:42:20.277Z]   ig (1):
[2026-03-06T06:42:20.278Z]     - https://www.instagram.com/gotolstoy
[2026-03-06T06:42:20.278Z]   urls (2):
[2026-03-06T06:42:20.278Z]     - https://apps.shopify.com/tolstoy
[2026-03-06T06:42:20.278Z]     - https://www.stan.vision
[2026-03-06T06:42:20.278Z] Summary: ws:5, ig:1, li:1, tw:1, urls:2
[2026-03-06T06:42:20.278Z] Saved final result to result.json
[2026-03-06T06:42:20.278Z] Override fields: ws, li, tw, ig, urls
[2026-03-06T06:42:20.278Z] Finished at: 2026-03-06T06:42:20.278Z
