[2026-03-07T15:36:43.545Z] === Homepage AI Extractor: flexiWAN ===
[2026-03-07T15:36:43.545Z] Started at: 2026-03-07T15:36:43.545Z
[2026-03-07T15:36:43.545Z] Log directory: E:\code\The Wall\mono\packages\scrapper\logs\homepage_ai_extractor\1772897803545_flexiWAN
[2026-03-07T15:36:43.545Z] Company: flexiWAN
[2026-03-07T15:36:43.545Z] Website: flexiwan.com
[2026-03-07T15:36:43.545Z] cbRank: 274020
[2026-03-07T15:36:43.546Z] Reasons: h
[2026-03-07T15:36:43.546Z] Fetching: https://flexiwan.com
[2026-03-07T15:36:47.604Z] Redirected: https://flexiwan.com -> https://flexiwan.com/
[2026-03-07T15:36:47.614Z] Saved HTML (315221 bytes) to page.html
[2026-03-07T15:36:47.618Z] Extracted 31 unique links from page
[2026-03-07T15:36:47.619Z] Saved 31 links to links.json
[2026-03-07T15:36:47.624Z] Extracted footer HTML (9837 chars)
[2026-03-07T15:36:47.624Z] Extracted header HTML (108577 chars)
[2026-03-07T15:36:47.628Z] Website (post-redirect): https://flexiwan.com/ → origin: https://flexiwan.com
[2026-03-07T15:36:47.628Z]   SUBDOMAIN: docs.flexiwan.com (added to ws)
[2026-03-07T15:36:47.628Z] Website subdomains found: 1
[2026-03-07T15:36:47.628Z] External links: 4 (of 31 total)
[2026-03-07T15:36:47.628Z] ── All external links ──
[2026-03-07T15:36:47.628Z]   EXT: https://twitter.com/flexiWan
[2026-03-07T15:36:47.628Z]   EXT: https://www.linkedin.com/company/flexiwan/about
[2026-03-07T15:36:47.628Z]   EXT: https://youtu.be/D7AHPn6zB6k
[2026-03-07T15:36:47.629Z]   EXT: https://youtu.be/fAiwj7yKlvQ
[2026-03-07T15:36:47.629Z] ── Step 1: Programmatic categorization ──
[2026-03-07T15:36:47.629Z]   REGEX: tw <- https://twitter.com/flexiWan
[2026-03-07T15:36:47.629Z]   REGEX: li <- https://www.linkedin.com/company/flexiwan/about
[2026-03-07T15:36:47.629Z]   UNCATEGORIZED: https://youtu.be/D7AHPn6zB6k
[2026-03-07T15:36:47.629Z]   UNCATEGORIZED: https://youtu.be/fAiwj7yKlvQ
[2026-03-07T15:36:47.629Z] Programmatic result: ws:2, tw:1, li:1 | 2 uncategorized
[2026-03-07T15:36:47.629Z] Sending uncategorized links + HTML sections to AI for analysis...
[2026-03-07T15:36:47.630Z] Saved AI prompt (5666 chars) to ai_prompt.txt
[2026-03-07T15:37:14.230Z] Saved AI response to ai_response.json
[2026-03-07T15:37:14.230Z] ── Parsing AI response (2 lines) ──
[2026-03-07T15:37:14.230Z]   AI LINK: https://twitter.com/flexiWan
[2026-03-07T15:37:14.230Z]   AI LINK: https://www.linkedin.com/company/flexiwan/about/
[2026-03-07T15:37:14.230Z] AI returned 2 valid links
[2026-03-07T15:37:14.230Z] ── Categorizing 2 AI-returned links ──
[2026-03-07T15:37:14.230Z]   AI→REGEX: tw <- https://twitter.com/flexiWan (duplicate, skipped)
[2026-03-07T15:37:14.230Z]   AI→REGEX: li <- https://www.linkedin.com/company/flexiwan/about/ (duplicate, skipped)
[2026-03-07T15:37:14.231Z] ── Step 2b: Footer/header uncategorized links ──
[2026-03-07T15:37:14.231Z] Footer/header origins (4):
[2026-03-07T15:37:14.231Z]   FOOTER/HEADER ORIGIN: https://flexiwan.com
[2026-03-07T15:37:14.231Z]   FOOTER/HEADER ORIGIN: https://twitter.com
[2026-03-07T15:37:14.231Z]   FOOTER/HEADER ORIGIN: https://www.linkedin.com
[2026-03-07T15:37:14.231Z]   FOOTER/HEADER ORIGIN: https://docs.flexiwan.com
[2026-03-07T15:37:14.232Z]   SKIP (not in footer/header): https://youtu.be/D7AHPn6zB6k
[2026-03-07T15:37:14.232Z]   SKIP (not in footer/header): https://youtu.be/fAiwj7yKlvQ
[2026-03-07T15:37:14.232Z] Step 2b result: added 0 uncategorized domains from footer/header
[2026-03-07T15:37:14.232Z] ── Step 3: Final dedup ──
[2026-03-07T15:37:14.232Z] No urls to dedup
[2026-03-07T15:37:14.232Z] ── FINAL RESULT ──
[2026-03-07T15:37:14.232Z]   ws (2):
[2026-03-07T15:37:14.232Z]     - https://docs.flexiwan.com
[2026-03-07T15:37:14.232Z]     - https://flexiwan.com
[2026-03-07T15:37:14.232Z]   li (1):
[2026-03-07T15:37:14.232Z]     - https://www.linkedin.com/company/flexiwan
[2026-03-07T15:37:14.232Z]   tw (1):
[2026-03-07T15:37:14.232Z]     - https://x.com/flexiwan
[2026-03-07T15:37:14.232Z] Summary: ws:2, tw:1, li:1
[2026-03-07T15:37:14.234Z] Saved final result to result.json
[2026-03-07T15:37:14.234Z] Override fields: ws, li, tw
[2026-03-07T15:37:14.234Z] Finished at: 2026-03-07T15:37:14.234Z
