[2026-03-06T10:45:31.638Z] === Homepage AI Extractor: Prise Systems ===
[2026-03-06T10:45:31.638Z] Started at: 2026-03-06T10:45:31.638Z
[2026-03-06T10:45:31.638Z] Log directory: E:\code\The Wall\mono\packages\scrapper\logs\homepage_ai_extractor\1772793931638_Prise_Systems
[2026-03-06T10:45:31.638Z] Company: Prise Systems
[2026-03-06T10:45:31.638Z] Website: prisesystems.com
[2026-03-06T10:45:31.639Z] cbRank: 207461
[2026-03-06T10:45:31.639Z] Reasons: h
[2026-03-06T10:45:31.639Z] Fetching: https://prisesystems.com
[2026-03-06T10:45:34.706Z] Redirected: https://prisesystems.com -> https://www.prisesystems.com/
[2026-03-06T10:45:34.718Z] Saved HTML (333038 bytes) to page.html
[2026-03-06T10:45:34.722Z] Extracted 9 unique links from page
[2026-03-06T10:45:34.723Z] Saved 9 links to links.json
[2026-03-06T10:45:34.725Z] Extracted footer HTML (383 chars)
[2026-03-06T10:45:34.726Z] Extracted header HTML (1266 chars)
[2026-03-06T10:45:34.730Z] Website (post-redirect): https://www.prisesystems.com/ → origin: https://www.prisesystems.com
[2026-03-06T10:45:34.730Z] External links: 0 (of 9 total)
[2026-03-06T10:45:34.730Z] ── All external links ──
[2026-03-06T10:45:34.730Z] ── Step 1: Programmatic categorization ──
[2026-03-06T10:45:34.730Z] Programmatic result: ws:1 | 0 uncategorized
[2026-03-06T10:45:34.730Z] Sending uncategorized links + HTML sections to AI for analysis...
[2026-03-06T10:45:34.731Z] Saved AI prompt (2194 chars) to ai_prompt.txt
[2026-03-06T10:45:40.888Z] Saved AI response to ai_response.json
[2026-03-06T10:45:40.888Z] ── Parsing AI response (1 lines) ──
[2026-03-06T10:45:40.888Z] AI returned 0 valid links
[2026-03-06T10:45:40.888Z] ── Categorizing 0 AI-returned links ──
[2026-03-06T10:45:40.888Z] ── Step 2b: Footer/header uncategorized links ──
[2026-03-06T10:45:40.888Z] Footer/header origins (0):
[2026-03-06T10:45:40.889Z] Step 2b result: added 0 uncategorized domains from footer/header
[2026-03-06T10:45:40.889Z] ── Step 3: Final dedup ──
[2026-03-06T10:45:40.889Z] No urls to dedup
[2026-03-06T10:45:40.889Z] ── FINAL RESULT ──
[2026-03-06T10:45:40.889Z]   ws (1):
[2026-03-06T10:45:40.889Z]     - https://www.prisesystems.com
[2026-03-06T10:45:40.889Z] Summary: ws:1
[2026-03-06T10:45:40.889Z] Saved final result to result.json
[2026-03-06T10:45:40.890Z] Override fields: ws
[2026-03-06T10:45:40.890Z] Finished at: 2026-03-06T10:45:40.890Z
