[2026-03-01T16:15:26.692Z] === Homepage AI Extractor: Datafy.io ===
[2026-03-01T16:15:26.692Z] Started at: 2026-03-01T16:15:26.692Z
[2026-03-01T16:15:26.692Z] Log directory: E:\code\The Wall\mono\packages\scrapper\logs\homepage_ai_extractor\1772381726691_Datafy.io
[2026-03-01T16:15:26.692Z] Company: Datafy.io
[2026-03-01T16:15:26.692Z] Website: datafy.io
[2026-03-01T16:15:26.692Z] cbRank: 28850
[2026-03-01T16:15:26.692Z] Reasons: h
[2026-03-01T16:15:26.692Z] Fetching: https://datafy.io
[2026-03-01T16:15:30.599Z] Dismissed cookie consent popup via: button:has-text("Accept all")
[2026-03-01T16:15:31.107Z] Redirected: https://datafy.io -> https://datafy.io/
[2026-03-01T16:15:31.125Z] Saved HTML (154231 bytes) to page.html
[2026-03-01T16:15:31.136Z] Extracted 19 unique links from page
[2026-03-01T16:15:31.137Z] Saved 19 links to links.json
[2026-03-01T16:15:31.160Z] Extracted footer HTML (4544 chars)
[2026-03-01T16:15:31.161Z] Extracted header HTML (14501 chars)
[2026-03-01T16:15:31.169Z] Website (post-redirect): https://datafy.io/ → origin: https://datafy.io
[2026-03-01T16:15:31.169Z]   SUBDOMAIN: auth.datafy.io (added to ws)
[2026-03-01T16:15:31.169Z]   SUBDOMAIN: docs.datafy.io (added to ws)
[2026-03-01T16:15:31.169Z] Website subdomains found: 2
[2026-03-01T16:15:31.169Z] External links: 1 (of 19 total)
[2026-03-01T16:15:31.169Z] ── All external links ──
[2026-03-01T16:15:31.169Z]   EXT: https://www.cookieyes.com/product/cookie-consent/?ref=cypbcyb&utm_source=cookie-banner&utm_medium=powered-by-cookieyes
[2026-03-01T16:15:31.170Z] ── Step 1: Programmatic categorization ──
[2026-03-01T16:15:31.170Z]   UNCATEGORIZED: https://www.cookieyes.com/product/cookie-consent/?ref=cypbcyb&utm_source=cookie-banner&utm_medium=powered-by-cookieyes
[2026-03-01T16:15:31.170Z] Programmatic result: ws:3 | 1 uncategorized
[2026-03-01T16:15:31.170Z] Sending uncategorized links + HTML sections to AI for analysis...
[2026-03-01T16:15:31.172Z] Saved AI prompt (3650 chars) to ai_prompt.txt
[2026-03-01T16:16:03.210Z] Saved AI response to ai_response.json
[2026-03-01T16:16:03.210Z] ── Parsing AI response (10 lines) ──
[2026-03-01T16:16:03.210Z]   AI LINK: https://datafy.io/datafy-auto-scaler/
[2026-03-01T16:16:03.210Z]   AI LINK: https://datafy.io/datafy-sensor/
[2026-03-01T16:16:03.210Z]   AI LINK: https://datafy.io/about/
[2026-03-01T16:16:03.210Z]   AI LINK: https://docs.datafy.io/
[2026-03-01T16:16:03.211Z]   AI LINK: https://datafy.io/careers/
[2026-03-01T16:16:03.211Z]   AI LINK: https://datafy.io/blog/
[2026-03-01T16:16:03.211Z]   AI LINK: https://datafy.io/events/
[2026-03-01T16:16:03.211Z]   AI LINK: https://datafy.io/glossary/
[2026-03-01T16:16:03.211Z]   AI LINK: https://datafy.io/terms-of-use/
[2026-03-01T16:16:03.211Z]   AI LINK: https://datafy.io/privacy-policy/
[2026-03-01T16:16:03.211Z] AI returned 10 valid links
[2026-03-01T16:16:03.211Z] ── Categorizing 10 AI-returned links ──
[2026-03-01T16:16:03.211Z]   AI→URLS: https://datafy.io/datafy-auto-scaler (cleaned from https://datafy.io/datafy-auto-scaler/)
[2026-03-01T16:16:03.211Z]   AI→URLS: https://datafy.io/datafy-sensor (cleaned from https://datafy.io/datafy-sensor/)
[2026-03-01T16:16:03.211Z]   AI→URLS: https://datafy.io/about (cleaned from https://datafy.io/about/)
[2026-03-01T16:16:03.212Z]   AI→URLS: https://docs.datafy.io (cleaned from https://docs.datafy.io/)
[2026-03-01T16:16:03.212Z]   AI→URLS: https://datafy.io/careers (cleaned from https://datafy.io/careers/)
[2026-03-01T16:16:03.212Z]   AI→URLS: https://datafy.io/blog (cleaned from https://datafy.io/blog/)
[2026-03-01T16:16:03.212Z]   AI→URLS: https://datafy.io/events (cleaned from https://datafy.io/events/)
[2026-03-01T16:16:03.212Z]   AI→URLS: https://datafy.io/glossary (cleaned from https://datafy.io/glossary/)
[2026-03-01T16:16:03.212Z]   AI→URLS: https://datafy.io/terms-of-use (cleaned from https://datafy.io/terms-of-use/)
[2026-03-01T16:16:03.212Z]   AI→URLS: https://datafy.io/privacy-policy (cleaned from https://datafy.io/privacy-policy/)
[2026-03-01T16:16:03.213Z] ── Step 2b: Footer/header uncategorized links ──
[2026-03-01T16:16:03.213Z] Footer/header origins (3):
[2026-03-01T16:16:03.213Z]   FOOTER/HEADER ORIGIN: https://datafy.io
[2026-03-01T16:16:03.213Z]   FOOTER/HEADER ORIGIN: https://docs.datafy.io
[2026-03-01T16:16:03.213Z]   FOOTER/HEADER ORIGIN: https://auth.datafy.io
[2026-03-01T16:16:03.213Z]   SKIP (not in footer/header): https://www.cookieyes.com/product/cookie-consent/?ref=cypbcyb&utm_source=cookie-banner&utm_medium=powered-by-cookieyes
[2026-03-01T16:16:03.213Z] Step 2b result: added 0 uncategorized domains from footer/header
[2026-03-01T16:16:03.214Z] ── Step 3: Final dedup ──
[2026-03-01T16:16:03.214Z] Dedup: removed 0 of 10 URLs already in specialized fields
[2026-03-01T16:16:03.214Z] ── FINAL RESULT ──
[2026-03-01T16:16:03.214Z]   ws (3):
[2026-03-01T16:16:03.214Z]     - https://auth.datafy.io
[2026-03-01T16:16:03.214Z]     - https://datafy.io
[2026-03-01T16:16:03.214Z]     - https://docs.datafy.io
[2026-03-01T16:16:03.214Z]   urls (10):
[2026-03-01T16:16:03.214Z]     - https://datafy.io/about
[2026-03-01T16:16:03.214Z]     - https://datafy.io/blog
[2026-03-01T16:16:03.214Z]     - https://datafy.io/careers
[2026-03-01T16:16:03.214Z]     - https://datafy.io/datafy-auto-scaler
[2026-03-01T16:16:03.214Z]     - https://datafy.io/datafy-sensor
[2026-03-01T16:16:03.214Z]     - https://datafy.io/events
[2026-03-01T16:16:03.214Z]     - https://datafy.io/glossary
[2026-03-01T16:16:03.214Z]     - https://datafy.io/privacy-policy
[2026-03-01T16:16:03.214Z]     - https://datafy.io/terms-of-use
[2026-03-01T16:16:03.214Z]     - https://docs.datafy.io
[2026-03-01T16:16:03.214Z] Summary: ws:3, urls:10
[2026-03-01T16:16:03.215Z] Saved final result to result.json
[2026-03-01T16:16:03.215Z] Override fields: ws, urls
[2026-03-01T16:16:03.215Z] Finished at: 2026-03-01T16:16:03.215Z
