[2026-03-06T11:31:01.397Z] === Homepage AI Extractor: Uplifted ===
[2026-03-06T11:31:01.397Z] Started at: 2026-03-06T11:31:01.397Z
[2026-03-06T11:31:01.397Z] Log directory: E:\code\The Wall\mono\packages\scrapper\logs\homepage_ai_extractor\1772796661397_Uplifted
[2026-03-06T11:31:01.398Z] Company: Uplifted
[2026-03-06T11:31:01.398Z] Website: uplifted.ai
[2026-03-06T11:31:01.398Z] cbRank: 215009
[2026-03-06T11:31:01.398Z] Reasons: h
[2026-03-06T11:31:01.398Z] Fetching: https://uplifted.ai
[2026-03-06T11:31:03.958Z] Redirected: https://uplifted.ai -> https://www.uplifted.ai/
[2026-03-06T11:31:03.962Z] Saved HTML (110080 bytes) to page.html
[2026-03-06T11:31:03.966Z] Extracted 38 unique links from page
[2026-03-06T11:31:03.967Z] Saved 38 links to links.json
[2026-03-06T11:31:03.970Z] Extracted footer HTML (4579 chars)
[2026-03-06T11:31:03.970Z] Extracted header HTML (10628 chars)
[2026-03-06T11:31:03.980Z] Website (post-redirect): https://www.uplifted.ai/ → origin: https://www.uplifted.ai
[2026-03-06T11:31:03.981Z]   SUBDOMAIN: app.uplifted.ai (added to ws)
[2026-03-06T11:31:03.981Z] Website subdomains found: 1
[2026-03-06T11:31:03.981Z] External links: 1 (of 38 total)
[2026-03-06T11:31:03.981Z] ── All external links ──
[2026-03-06T11:31:03.981Z]   EXT: https://form.typeform.com/to/xDnVZmKA
[2026-03-06T11:31:03.981Z] ── Step 1: Programmatic categorization ──
[2026-03-06T11:31:03.981Z]   UNCATEGORIZED: https://form.typeform.com/to/xDnVZmKA
[2026-03-06T11:31:03.981Z] Programmatic result: ws:2 | 1 uncategorized
[2026-03-06T11:31:03.981Z] Sending uncategorized links + HTML sections to AI for analysis...
[2026-03-06T11:31:03.982Z] Saved AI prompt (4396 chars) to ai_prompt.txt
[2026-03-06T11:31:26.846Z] Saved AI response to ai_response.json
[2026-03-06T11:31:26.846Z] ── Parsing AI response (3 lines) ──
[2026-03-06T11:31:26.847Z]   AI LINK: https://app.uplifted.ai/signup
[2026-03-06T11:31:26.847Z]   AI LINK: https://www.uplifted.ai/privacy-policy
[2026-03-06T11:31:26.847Z]   AI LINK: https://www.uplifted.ai/cookies-policy
[2026-03-06T11:31:26.847Z] AI returned 3 valid links
[2026-03-06T11:31:26.847Z] ── Categorizing 3 AI-returned links ──
[2026-03-06T11:31:26.847Z]   AI→URLS: https://app.uplifted.ai/signup
[2026-03-06T11:31:26.847Z]   AI→URLS: https://www.uplifted.ai/privacy-policy
[2026-03-06T11:31:26.847Z]   AI→URLS: https://www.uplifted.ai/cookies-policy
[2026-03-06T11:31:26.848Z] ── Step 2b: Footer/header uncategorized links ──
[2026-03-06T11:31:26.848Z] Footer/header origins (2):
[2026-03-06T11:31:26.848Z]   FOOTER/HEADER ORIGIN: https://app.uplifted.ai
[2026-03-06T11:31:26.848Z]   FOOTER/HEADER ORIGIN: https://www.uplifted.ai
[2026-03-06T11:31:26.848Z]   SKIP (not in footer/header): https://form.typeform.com/to/xDnVZmKA
[2026-03-06T11:31:26.849Z] Step 2b result: added 0 uncategorized domains from footer/header
[2026-03-06T11:31:26.849Z] ── Step 3: Final dedup ──
[2026-03-06T11:31:26.849Z] Dedup: removed 0 of 3 URLs already in specialized fields
[2026-03-06T11:31:26.849Z] ── FINAL RESULT ──
[2026-03-06T11:31:26.849Z]   ws (2):
[2026-03-06T11:31:26.849Z]     - https://app.uplifted.ai
[2026-03-06T11:31:26.849Z]     - https://www.uplifted.ai
[2026-03-06T11:31:26.849Z]   urls (3):
[2026-03-06T11:31:26.849Z]     - https://app.uplifted.ai/signup
[2026-03-06T11:31:26.849Z]     - https://www.uplifted.ai/cookies-policy
[2026-03-06T11:31:26.849Z]     - https://www.uplifted.ai/privacy-policy
[2026-03-06T11:31:26.849Z] Summary: ws:2, urls:3
[2026-03-06T11:31:26.850Z] Saved final result to result.json
[2026-03-06T11:31:26.850Z] Override fields: ws
[2026-03-06T11:31:26.850Z] Finished at: 2026-03-06T11:31:26.850Z
