[2026-03-01T18:50:10.818Z] === Homepage AI Extractor: MedOne ===
[2026-03-01T18:50:10.818Z] Started at: 2026-03-01T18:50:10.818Z
[2026-03-01T18:50:10.818Z] Log directory: E:\code\The Wall\mono\packages\scrapper\logs\homepage_ai_extractor\1772391010817_MedOne
[2026-03-01T18:50:10.818Z] Company: MedOne
[2026-03-01T18:50:10.818Z] Website: medone.co.il
[2026-03-01T18:50:10.818Z] cbRank: 37851
[2026-03-01T18:50:10.818Z] Reasons: h
[2026-03-01T18:50:10.818Z] Fetching: https://medone.co.il
[2026-03-01T18:50:21.926Z] Network idle timeout — continuing with current state
[2026-03-01T18:50:22.044Z] Dismissed cookie consent popup via: button:has-text("Accept all")
[2026-03-01T18:50:22.561Z] Redirected: https://medone.co.il -> https://medone.co.il/
[2026-03-01T18:50:22.575Z] Saved HTML (125545 bytes) to page.html
[2026-03-01T18:50:22.582Z] Extracted 35 unique links from page
[2026-03-01T18:50:22.584Z] Saved 35 links to links.json
[2026-03-01T18:50:22.593Z] Extracted footer HTML (20461 chars)
[2026-03-01T18:50:22.594Z] Extracted header HTML (21775 chars)
[2026-03-01T18:50:22.603Z] Website (post-redirect): https://medone.co.il/ → origin: https://medone.co.il
[2026-03-01T18:50:22.604Z] External links: 5 (of 35 total)
[2026-03-01T18:50:22.604Z] ── All external links ──
[2026-03-01T18:50:22.604Z]   EXT: https://aijourn.com/medone-powering-the-future-of-cloud-and-data-center-solutions-in-israel
[2026-03-01T18:50:22.604Z]   EXT: https://datafloq.com/read/medone-data-centers-the-strategic-advantage-for-global-tech-leaders
[2026-03-01T18:50:22.605Z]   EXT: https://www.cookieyes.com/product/cookie-consent/?ref=cypbcyb&utm_source=cookie-banner&utm_medium=powered-by-cookieyes
[2026-03-01T18:50:22.606Z]   EXT: https://www.facebook.com/people/MedOne/100063725928623
[2026-03-01T18:50:22.606Z]   EXT: https://www.linkedin.com/company/medone
[2026-03-01T18:50:22.606Z] ── Step 1: Programmatic categorization ──
[2026-03-01T18:50:22.607Z]   UNCATEGORIZED: https://aijourn.com/medone-powering-the-future-of-cloud-and-data-center-solutions-in-israel
[2026-03-01T18:50:22.607Z]   UNCATEGORIZED: https://datafloq.com/read/medone-data-centers-the-strategic-advantage-for-global-tech-leaders
[2026-03-01T18:50:22.607Z]   UNCATEGORIZED: https://www.cookieyes.com/product/cookie-consent/?ref=cypbcyb&utm_source=cookie-banner&utm_medium=powered-by-cookieyes
[2026-03-01T18:50:22.607Z]   REGEX: li <- https://www.linkedin.com/company/medone
[2026-03-01T18:50:22.607Z] ── Step 1b: Resolving 1 regex-domain URLs via redirect ──
[2026-03-01T18:50:24.087Z]   RESOLVE: no redirect for https://www.facebook.com/people/MedOne/100063725928623
[2026-03-01T18:50:24.101Z]   SKIP (regex domain, no match): https://www.facebook.com/people/MedOne/100063725928623
[2026-03-01T18:50:24.102Z] Programmatic result: ws:1, li:1 | 3 uncategorized
[2026-03-01T18:50:24.102Z] Sending uncategorized links + HTML sections to AI for analysis...
[2026-03-01T18:50:24.103Z] Saved AI prompt (6380 chars) to ai_prompt.txt
[2026-03-01T18:50:55.144Z] Saved AI response to ai_response.json
[2026-03-01T18:50:55.144Z] ── Parsing AI response (2 lines) ──
[2026-03-01T18:50:55.144Z]   AI LINK: https://www.facebook.com/people/MedOne/100063725928623/
[2026-03-01T18:50:55.144Z]   AI LINK: https://www.linkedin.com/company/medone/
[2026-03-01T18:50:55.144Z] AI returned 2 valid links
[2026-03-01T18:50:55.145Z] ── Categorizing 2 AI-returned links ──
[2026-03-01T18:50:56.273Z]   RESOLVE: no redirect for https://www.facebook.com/people/MedOne/100063725928623/
[2026-03-01T18:50:56.280Z]   AI→SKIP (regex domain, no match): https://www.facebook.com/people/MedOne/100063725928623/
[2026-03-01T18:50:56.280Z]   AI→REGEX: li <- https://www.linkedin.com/company/medone/ (duplicate, skipped)
[2026-03-01T18:50:56.281Z] ── Step 2b: Footer/header uncategorized links ──
[2026-03-01T18:50:56.281Z] Footer/header origins (2):
[2026-03-01T18:50:56.281Z]   FOOTER/HEADER ORIGIN: https://www.facebook.com
[2026-03-01T18:50:56.281Z]   FOOTER/HEADER ORIGIN: https://www.linkedin.com
[2026-03-01T18:50:56.281Z]   SKIP (not in footer/header): https://aijourn.com/medone-powering-the-future-of-cloud-and-data-center-solutions-in-israel
[2026-03-01T18:50:56.281Z]   SKIP (not in footer/header): https://datafloq.com/read/medone-data-centers-the-strategic-advantage-for-global-tech-leaders
[2026-03-01T18:50:56.281Z]   SKIP (not in footer/header): https://www.cookieyes.com/product/cookie-consent/?ref=cypbcyb&utm_source=cookie-banner&utm_medium=powered-by-cookieyes
[2026-03-01T18:50:56.282Z] Step 2b result: added 0 uncategorized domains from footer/header
[2026-03-01T18:50:56.282Z] ── Step 3: Final dedup ──
[2026-03-01T18:50:56.282Z] No urls to dedup
[2026-03-01T18:50:56.282Z] ── FINAL RESULT ──
[2026-03-01T18:50:56.282Z]   ws (1):
[2026-03-01T18:50:56.282Z]     - https://medone.co.il
[2026-03-01T18:50:56.282Z]   li (1):
[2026-03-01T18:50:56.282Z]     - https://www.linkedin.com/company/medone
[2026-03-01T18:50:56.282Z] Summary: ws:1, li:1
[2026-03-01T18:50:56.283Z] Saved final result to result.json
[2026-03-01T18:50:56.283Z] Override fields: ws, li
[2026-03-01T18:50:56.283Z] Finished at: 2026-03-01T18:50:56.283Z
