[2026-02-26T13:03:56.696Z] === Homepage AI Extractor: Trigo ===
[2026-02-26T13:03:56.696Z] Started at: 2026-02-26T13:03:56.696Z
[2026-02-26T13:03:56.696Z] Log directory: E:\code\The Wall\mono\packages\scrapper\logs\homepage_ai_extractor\1772111036695_Trigo
[2026-02-26T13:03:56.696Z] Company: Trigo
[2026-02-26T13:03:56.696Z] Website: trigoretail.com
[2026-02-26T13:03:56.696Z] cbRank: 3641
[2026-02-26T13:03:56.696Z] Reasons: h
[2026-02-26T13:03:56.696Z] Fetching: https://trigoretail.com
[2026-02-26T13:03:59.902Z] Dismissed cookie consent popup via: button:has-text("Allow all")
[2026-02-26T13:04:00.446Z] Redirected: https://trigoretail.com -> https://www.trigoretail.com/
[2026-02-26T13:04:01.678Z] Saved HTML (14010020 bytes) to page.html
[2026-02-26T13:04:01.705Z] Extracted 43 unique links from page
[2026-02-26T13:04:01.707Z] Saved 43 links to links.json
[2026-02-26T13:04:01.736Z] Extracted footer HTML (12171 chars)
[2026-02-26T13:04:01.737Z] Extracted header HTML (121154 chars)
[2026-02-26T13:04:01.748Z] Website (post-redirect): https://www.trigoretail.com/
[2026-02-26T13:04:01.749Z] External links: 17 (of 43 total)
[2026-02-26T13:04:01.749Z] ── All external links ──
[2026-02-26T13:04:01.750Z]   EXT: https://business.safety.google/privacy
[2026-02-26T13:04:01.750Z]   EXT: https://colorsofcharactermovie.com
[2026-02-26T13:04:01.750Z]   EXT: https://holdenbeachcharters.com
[2026-02-26T13:04:01.750Z]   EXT: https://legal.hubspot.com/privacy-policy?__hstc=37525055.365f8339124ac10c96b1b0561ae8a42f.1772111039811.1772111039811.1772111039811.1&__hssc=37525055.1.1772111039811&__hsfp=d0f2dd4d2556806003a75809cbd25bec
[2026-02-26T13:04:01.750Z]   EXT: https://privacy.microsoft.com/en-US/privacystatement
[2026-02-26T13:04:01.750Z]   EXT: https://privacy.microsoft.com/en-us/privacystatement
[2026-02-26T13:04:01.750Z]   EXT: https://support.comeet.co/section/terms-and-policies
[2026-02-26T13:04:01.750Z]   EXT: https://trendemon.com/privacy.html?v=2019
[2026-02-26T13:04:01.750Z]   EXT: https://www.cloudflare.com/privacypolicy
[2026-02-26T13:04:01.750Z]   EXT: https://www.cookiebot.com
[2026-02-26T13:04:01.751Z]   EXT: https://www.cookiebot.com/en/what-is-behind-powered-by-cookiebot/?utm_source=banner_cb&utm_medium=referral&utm_content=v2
[2026-02-26T13:04:01.751Z]   EXT: https://www.cookiebot.com/goto/privacy-policy
[2026-02-26T13:04:01.751Z]   EXT: https://www.facebook.com/policy.php
[2026-02-26T13:04:01.751Z]   EXT: https://www.linkedin.com/company/trigoretail
[2026-02-26T13:04:01.751Z]   EXT: https://www.linkedin.com/legal/privacy-policy
[2026-02-26T13:04:01.751Z]   EXT: https://www.poptin.com/privacy-policy
[2026-02-26T13:04:01.751Z]   EXT: https://www.youtube.com/c/Trigoretail
[2026-02-26T13:04:01.751Z] ── Step 1: Programmatic categorization ──
[2026-02-26T13:04:01.753Z]   UNCATEGORIZED: https://business.safety.google/privacy
[2026-02-26T13:04:01.754Z]   UNCATEGORIZED: https://colorsofcharactermovie.com
[2026-02-26T13:04:01.754Z]   UNCATEGORIZED: https://holdenbeachcharters.com
[2026-02-26T13:04:01.754Z]   UNCATEGORIZED: https://legal.hubspot.com/privacy-policy?__hstc=37525055.365f8339124ac10c96b1b0561ae8a42f.1772111039811.1772111039811.1772111039811.1&__hssc=37525055.1.1772111039811&__hsfp=d0f2dd4d2556806003a75809cbd25bec
[2026-02-26T13:04:01.755Z]   UNCATEGORIZED: https://privacy.microsoft.com/en-US/privacystatement
[2026-02-26T13:04:01.755Z]   UNCATEGORIZED: https://privacy.microsoft.com/en-us/privacystatement
[2026-02-26T13:04:01.755Z]   UNCATEGORIZED: https://support.comeet.co/section/terms-and-policies
[2026-02-26T13:04:01.755Z]   UNCATEGORIZED: https://trendemon.com/privacy.html?v=2019
[2026-02-26T13:04:01.755Z]   UNCATEGORIZED: https://www.cloudflare.com/privacypolicy
[2026-02-26T13:04:01.755Z]   UNCATEGORIZED: https://www.cookiebot.com
[2026-02-26T13:04:01.756Z]   UNCATEGORIZED: https://www.cookiebot.com/en/what-is-behind-powered-by-cookiebot/?utm_source=banner_cb&utm_medium=referral&utm_content=v2
[2026-02-26T13:04:01.756Z]   UNCATEGORIZED: https://www.cookiebot.com/goto/privacy-policy
[2026-02-26T13:04:01.756Z]   SKIP (regex domain, no match): https://www.facebook.com/policy.php
[2026-02-26T13:04:01.756Z]   REGEX: li <- https://www.linkedin.com/company/trigoretail
[2026-02-26T13:04:01.756Z]   SKIP (regex domain, no match): https://www.linkedin.com/legal/privacy-policy
[2026-02-26T13:04:01.756Z]   UNCATEGORIZED: https://www.poptin.com/privacy-policy
[2026-02-26T13:04:01.757Z]   REGEX: ytp <- https://www.youtube.com/c/Trigoretail
[2026-02-26T13:04:01.757Z] Programmatic result: ws:1, li:1, ytp:1 | 13 uncategorized
[2026-02-26T13:04:01.757Z] Sending uncategorized links + HTML sections to AI for analysis...
[2026-02-26T13:04:01.758Z] Saved AI prompt (8917 chars) to ai_prompt.txt
[2026-02-26T13:04:46.351Z] Saved AI response to ai_response.json
[2026-02-26T13:04:46.351Z] ── Parsing AI response (2 lines) ──
[2026-02-26T13:04:46.351Z]   AI LINK: https://www.linkedin.com/company/trigoretail
[2026-02-26T13:04:46.351Z]   AI LINK: https://www.youtube.com/c/Trigoretail
[2026-02-26T13:04:46.351Z] AI returned 2 valid links
[2026-02-26T13:04:46.351Z] ── Categorizing 2 AI-returned links ──
[2026-02-26T13:04:46.352Z]   AI→REGEX: li <- https://www.linkedin.com/company/trigoretail (duplicate, skipped)
[2026-02-26T13:04:46.352Z]   AI→REGEX: ytp <- https://www.youtube.com/c/Trigoretail (duplicate, skipped)
[2026-02-26T13:04:46.352Z] ── Step 2b: Footer/header uncategorized links ──
[2026-02-26T13:04:46.352Z] Footer/header origins (3):
[2026-02-26T13:04:46.353Z]   FOOTER/HEADER ORIGIN: https://www.trigoretail.com
[2026-02-26T13:04:46.353Z]   FOOTER/HEADER ORIGIN: https://www.linkedin.com
[2026-02-26T13:04:46.353Z]   FOOTER/HEADER ORIGIN: https://www.youtube.com
[2026-02-26T13:04:46.353Z]   SKIP (not in footer/header): https://business.safety.google/privacy
[2026-02-26T13:04:46.353Z]   SKIP (not in footer/header): https://colorsofcharactermovie.com
[2026-02-26T13:04:46.353Z]   SKIP (not in footer/header): https://holdenbeachcharters.com
[2026-02-26T13:04:46.353Z]   SKIP (not in footer/header): https://legal.hubspot.com/privacy-policy?__hstc=37525055.365f8339124ac10c96b1b0561ae8a42f.1772111039811.1772111039811.1772111039811.1&__hssc=37525055.1.1772111039811&__hsfp=d0f2dd4d2556806003a75809cbd25bec
[2026-02-26T13:04:46.353Z]   SKIP (not in footer/header): https://privacy.microsoft.com/en-US/privacystatement
[2026-02-26T13:04:46.353Z]   SKIP (not in footer/header): https://privacy.microsoft.com/en-us/privacystatement
[2026-02-26T13:04:46.353Z]   SKIP (not in footer/header): https://support.comeet.co/section/terms-and-policies
[2026-02-26T13:04:46.354Z]   SKIP (not in footer/header): https://trendemon.com/privacy.html?v=2019
[2026-02-26T13:04:46.354Z]   SKIP (not in footer/header): https://www.cloudflare.com/privacypolicy
[2026-02-26T13:04:46.354Z]   SKIP (not in footer/header): https://www.cookiebot.com
[2026-02-26T13:04:46.354Z]   SKIP (not in footer/header): https://www.cookiebot.com/en/what-is-behind-powered-by-cookiebot/?utm_source=banner_cb&utm_medium=referral&utm_content=v2
[2026-02-26T13:04:46.354Z]   SKIP (not in footer/header): https://www.cookiebot.com/goto/privacy-policy
[2026-02-26T13:04:46.354Z]   SKIP (not in footer/header): https://www.poptin.com/privacy-policy
[2026-02-26T13:04:46.354Z] Step 2b result: added 0 uncategorized domains from footer/header
[2026-02-26T13:04:46.354Z] ── Step 3: Final dedup ──
[2026-02-26T13:04:46.354Z] No urls to dedup
[2026-02-26T13:04:46.354Z] ── FINAL RESULT ──
[2026-02-26T13:04:46.354Z]   ws (1):
[2026-02-26T13:04:46.354Z]     - https://www.trigoretail.com/
[2026-02-26T13:04:46.354Z]   li (1):
[2026-02-26T13:04:46.354Z]     - https://www.linkedin.com/company/trigoretail
[2026-02-26T13:04:46.354Z]   ytp (1):
[2026-02-26T13:04:46.354Z]     - https://www.youtube.com/c/Trigoretail
[2026-02-26T13:04:46.355Z] Summary: ws:1, li:1, ytp:1
[2026-02-26T13:04:46.355Z] Saved final result to result.json
[2026-02-26T13:04:46.355Z] Override fields: ws, li, ytp
[2026-02-26T13:04:46.355Z] Finished at: 2026-02-26T13:04:46.355Z
