[2026-03-05T08:28:36.339Z] === Homepage AI Extractor: Inpris ===
[2026-03-05T08:28:36.339Z] Started at: 2026-03-05T08:28:36.339Z
[2026-03-05T08:28:36.339Z] Log directory: E:\code\The Wall\mono\packages\scrapper\logs\homepage_ai_extractor\1772699316338_Inpris
[2026-03-05T08:28:36.339Z] Company: Inpris
[2026-03-05T08:28:36.339Z] Website: humains.com
[2026-03-05T08:28:36.340Z] cbRank: 65754
[2026-03-05T08:28:36.340Z] Reasons: h
[2026-03-05T08:28:36.340Z] Fetching: https://humains.com
[2026-03-05T08:28:47.442Z] Network idle timeout — continuing with current state
[2026-03-05T08:28:47.723Z] Redirected: https://humains.com -> https://www.humains.com/
[2026-03-05T08:28:47.832Z] Saved HTML (3301450 bytes) to page.html
[2026-03-05T08:28:47.838Z] Extracted 15 unique links from page
[2026-03-05T08:28:47.841Z] Saved 15 links to links.json
[2026-03-05T08:28:47.846Z] Extracted footer HTML (8185 chars)
[2026-03-05T08:28:47.846Z] Extracted header HTML (17393 chars)
[2026-03-05T08:28:47.852Z] Website (post-redirect): https://www.humains.com/ → origin: https://www.humains.com
[2026-03-05T08:28:47.852Z] External links: 4 (of 15 total)
[2026-03-05T08:28:47.852Z] ── All external links ──
[2026-03-05T08:28:47.852Z]   EXT: https://www.facebook.com/HumAInsCom
[2026-03-05T08:28:47.852Z]   EXT: https://www.linkedin.com/company/humains-com
[2026-03-05T08:28:47.852Z]   EXT: https://www.youtube.com/@humains
[2026-03-05T08:28:47.852Z]   EXT: https://x.com/InprisHumAIns
[2026-03-05T08:28:47.852Z] ── Step 1: Programmatic categorization ──
[2026-03-05T08:28:47.853Z]   REGEX: fb <- https://www.facebook.com/HumAInsCom
[2026-03-05T08:28:47.853Z]   REGEX: li <- https://www.linkedin.com/company/humains-com
[2026-03-05T08:28:47.853Z]   REGEX: ytp <- https://www.youtube.com/@humains
[2026-03-05T08:28:47.853Z]   REGEX: tw <- https://x.com/InprisHumAIns
[2026-03-05T08:28:47.853Z] Programmatic result: ws:1, fb:1, li:1, ytp:1, tw:1 | 0 uncategorized
[2026-03-05T08:28:47.853Z] Sending uncategorized links + HTML sections to AI for analysis...
[2026-03-05T08:28:47.854Z] Saved AI prompt (7873 chars) to ai_prompt.txt
[2026-03-05T08:29:33.395Z] Saved AI response to ai_response.json
[2026-03-05T08:29:33.395Z] ── Parsing AI response (4 lines) ──
[2026-03-05T08:29:33.396Z]   AI LINK: https://www.linkedin.com/company/humains-com/
[2026-03-05T08:29:33.396Z]   AI LINK: https://x.com/InprisHumAIns
[2026-03-05T08:29:33.396Z]   AI LINK: https://www.youtube.com/@humains
[2026-03-05T08:29:33.396Z]   AI LINK: https://www.facebook.com/HumAInsCom
[2026-03-05T08:29:33.396Z] AI returned 4 valid links
[2026-03-05T08:29:33.396Z] ── Categorizing 4 AI-returned links ──
[2026-03-05T08:29:33.396Z]   AI→REGEX: li <- https://www.linkedin.com/company/humains-com/ (duplicate, skipped)
[2026-03-05T08:29:33.396Z]   AI→REGEX: tw <- https://x.com/InprisHumAIns (duplicate, skipped)
[2026-03-05T08:29:33.397Z]   AI→REGEX: ytp <- https://www.youtube.com/@humains (duplicate, skipped)
[2026-03-05T08:29:33.397Z]   AI→REGEX: fb <- https://www.facebook.com/HumAInsCom (duplicate, skipped)
[2026-03-05T08:29:33.397Z] ── Step 2b: Footer/header uncategorized links ──
[2026-03-05T08:29:33.397Z] Footer/header origins (5):
[2026-03-05T08:29:33.397Z]   FOOTER/HEADER ORIGIN: https://www.linkedin.com
[2026-03-05T08:29:33.397Z]   FOOTER/HEADER ORIGIN: https://x.com
[2026-03-05T08:29:33.397Z]   FOOTER/HEADER ORIGIN: https://www.youtube.com
[2026-03-05T08:29:33.397Z]   FOOTER/HEADER ORIGIN: https://www.facebook.com
[2026-03-05T08:29:33.397Z]   FOOTER/HEADER ORIGIN: https://www.humains.com
[2026-03-05T08:29:33.397Z] Step 2b result: added 0 uncategorized domains from footer/header
[2026-03-05T08:29:33.398Z] ── Step 3: Final dedup ──
[2026-03-05T08:29:33.398Z] No urls to dedup
[2026-03-05T08:29:33.398Z] ── FINAL RESULT ──
[2026-03-05T08:29:33.398Z]   ws (1):
[2026-03-05T08:29:33.398Z]     - https://www.humains.com
[2026-03-05T08:29:33.398Z]   li (1):
[2026-03-05T08:29:33.398Z]     - https://www.linkedin.com/company/humains-com
[2026-03-05T08:29:33.398Z]   fb (1):
[2026-03-05T08:29:33.398Z]     - https://www.facebook.com/humainscom
[2026-03-05T08:29:33.398Z]   tw (1):
[2026-03-05T08:29:33.398Z]     - https://x.com/inprishumains
[2026-03-05T08:29:33.398Z]   ytp (1):
[2026-03-05T08:29:33.398Z]     - https://www.youtube.com/@humains
[2026-03-05T08:29:33.399Z] Summary: ws:1, fb:1, li:1, ytp:1, tw:1
[2026-03-05T08:29:33.399Z] Saved final result to result.json
[2026-03-05T08:29:33.399Z] Override fields: ws, li, fb, tw, ytp
[2026-03-05T08:29:33.399Z] Finished at: 2026-03-05T08:29:33.399Z
