[2026-03-07T13:45:19.637Z] === Homepage AI Extractor: Globaldev Group ===
[2026-03-07T13:45:19.638Z] Started at: 2026-03-07T13:45:19.638Z
[2026-03-07T13:45:19.638Z] Log directory: E:\code\The Wall\mono\packages\scrapper\logs\homepage_ai_extractor\1772891119637_Globaldev_Group
[2026-03-07T13:45:19.638Z] Company: Globaldev Group
[2026-03-07T13:45:19.638Z] Website: globaldev.tech
[2026-03-07T13:45:19.638Z] cbRank: 248315
[2026-03-07T13:45:19.638Z] Reasons: h
[2026-03-07T13:45:19.638Z] Fetching: https://globaldev.tech
[2026-03-07T13:45:22.961Z] Redirected: https://globaldev.tech -> https://globaldev.tech/
[2026-03-07T13:45:22.971Z] Saved HTML (202842 bytes) to page.html
[2026-03-07T13:45:22.976Z] Extracted 20 unique links from page
[2026-03-07T13:45:22.977Z] Saved 20 links to links.json
[2026-03-07T13:45:22.984Z] Extracted footer HTML (6493 chars)
[2026-03-07T13:45:22.985Z] Extracted header HTML (31198 chars)
[2026-03-07T13:45:22.991Z] Website (post-redirect): https://globaldev.tech/ → origin: https://globaldev.tech
[2026-03-07T13:45:22.991Z] External links: 7 (of 20 total)
[2026-03-07T13:45:22.991Z] ── All external links ──
[2026-03-07T13:45:22.991Z]   EXT: https://app.termly.io/policy-viewer/policy.html?policyUUID=592127f8-b6b7-48fc-8335-0b42755964f7
[2026-03-07T13:45:22.991Z]   EXT: https://app.termly.io/policy-viewer/policy.html?policyUUID=826713e5-49a9-4ed8-bed2-0cf910151815
[2026-03-07T13:45:22.991Z]   EXT: https://app.termly.io/policy-viewer/policy.html?policyUUID=d7a4ed97-a7b5-478e-babf-e9cf996df5d9
[2026-03-07T13:45:22.992Z]   EXT: https://calendly.com/dror-globaldev
[2026-03-07T13:45:22.992Z]   EXT: https://www.facebook.com/globaldev.engineering
[2026-03-07T13:45:22.992Z]   EXT: https://www.instagram.com/globaldev.tech
[2026-03-07T13:45:22.992Z]   EXT: https://www.linkedin.com/company/globaldev-tech
[2026-03-07T13:45:22.992Z] ── Step 1: Programmatic categorization ──
[2026-03-07T13:45:22.992Z]   UNCATEGORIZED: https://app.termly.io/policy-viewer/policy.html?policyUUID=592127f8-b6b7-48fc-8335-0b42755964f7
[2026-03-07T13:45:22.993Z]   UNCATEGORIZED: https://app.termly.io/policy-viewer/policy.html?policyUUID=826713e5-49a9-4ed8-bed2-0cf910151815
[2026-03-07T13:45:22.993Z]   UNCATEGORIZED: https://app.termly.io/policy-viewer/policy.html?policyUUID=d7a4ed97-a7b5-478e-babf-e9cf996df5d9
[2026-03-07T13:45:22.993Z]   UNCATEGORIZED: https://calendly.com/dror-globaldev
[2026-03-07T13:45:22.993Z]   REGEX: fb <- https://www.facebook.com/globaldev.engineering
[2026-03-07T13:45:22.993Z]   REGEX: ig <- https://www.instagram.com/globaldev.tech
[2026-03-07T13:45:22.993Z]   REGEX: li <- https://www.linkedin.com/company/globaldev-tech
[2026-03-07T13:45:22.993Z] Programmatic result: ws:1, fb:1, ig:1, li:1 | 4 uncategorized
[2026-03-07T13:45:22.993Z] Sending uncategorized links + HTML sections to AI for analysis...
[2026-03-07T13:45:22.994Z] Saved AI prompt (4019 chars) to ai_prompt.txt
[2026-03-07T13:45:43.935Z] Saved AI response to ai_response.json
[2026-03-07T13:45:43.935Z] ── Parsing AI response (3 lines) ──
[2026-03-07T13:45:43.935Z]   AI LINK: https://www.facebook.com/globaldev.engineering
[2026-03-07T13:45:43.935Z]   AI LINK: https://www.instagram.com/globaldev.tech/
[2026-03-07T13:45:43.935Z]   AI LINK: https://www.linkedin.com/company/globaldev-tech/
[2026-03-07T13:45:43.935Z] AI returned 3 valid links
[2026-03-07T13:45:43.935Z] ── Categorizing 3 AI-returned links ──
[2026-03-07T13:45:43.936Z]   AI→REGEX: fb <- https://www.facebook.com/globaldev.engineering (duplicate, skipped)
[2026-03-07T13:45:43.936Z]   AI→REGEX: ig <- https://www.instagram.com/globaldev.tech/ (duplicate, skipped)
[2026-03-07T13:45:43.936Z]   AI→REGEX: li <- https://www.linkedin.com/company/globaldev-tech/ (duplicate, skipped)
[2026-03-07T13:45:43.936Z] ── Step 2b: Footer/header uncategorized links ──
[2026-03-07T13:45:43.936Z] Footer/header origins (5):
[2026-03-07T13:45:43.936Z]   FOOTER/HEADER ORIGIN: https://www.facebook.com
[2026-03-07T13:45:43.937Z]   FOOTER/HEADER ORIGIN: https://www.instagram.com
[2026-03-07T13:45:43.937Z]   FOOTER/HEADER ORIGIN: https://www.linkedin.com
[2026-03-07T13:45:43.937Z]   FOOTER/HEADER ORIGIN: https://globaldev.tech
[2026-03-07T13:45:43.937Z]   FOOTER/HEADER ORIGIN: https://app.termly.io
[2026-03-07T13:45:43.937Z]   ADDED: urls <- https://app.termly.io/policy-viewer/policy.html (cleaned from https://app.termly.io/policy-viewer/policy.html?policyUUID=592127f8-b6b7-48fc-8335-0b42755964f7)
[2026-03-07T13:45:43.937Z]   SKIP (duplicate): https://app.termly.io/policy-viewer/policy.html
[2026-03-07T13:45:43.937Z]   SKIP (duplicate): https://app.termly.io/policy-viewer/policy.html
[2026-03-07T13:45:43.937Z]   SKIP (not in footer/header): https://calendly.com/dror-globaldev
[2026-03-07T13:45:43.937Z] Step 2b result: added 1 uncategorized domains from footer/header
[2026-03-07T13:45:43.937Z] ── Step 3: Final dedup ──
[2026-03-07T13:45:43.937Z] Dedup: removed 0 of 1 URLs already in specialized fields
[2026-03-07T13:45:43.937Z] ── FINAL RESULT ──
[2026-03-07T13:45:43.937Z]   ws (1):
[2026-03-07T13:45:43.937Z]     - https://globaldev.tech
[2026-03-07T13:45:43.937Z]   li (1):
[2026-03-07T13:45:43.937Z]     - https://www.linkedin.com/company/globaldev-tech
[2026-03-07T13:45:43.938Z]   fb (1):
[2026-03-07T13:45:43.938Z]     - https://www.facebook.com/globaldev.engineering
[2026-03-07T13:45:43.938Z]   ig (1):
[2026-03-07T13:45:43.938Z]     - https://www.instagram.com/globaldev.tech
[2026-03-07T13:45:43.938Z]   urls (1):
[2026-03-07T13:45:43.938Z]     - https://app.termly.io/policy-viewer/policy.html
[2026-03-07T13:45:43.938Z] Summary: ws:1, fb:1, ig:1, li:1, urls:1
[2026-03-07T13:45:43.938Z] Saved final result to result.json
[2026-03-07T13:45:43.938Z] Override fields: ws, li, fb, ig, urls
[2026-03-07T13:45:43.938Z] Finished at: 2026-03-07T13:45:43.938Z
