[2026-03-07T14:15:27.892Z] === Homepage AI Extractor: BioLight Israeli Life Sciences Investments Ltd ===
[2026-03-07T14:15:27.892Z] Started at: 2026-03-07T14:15:27.892Z
[2026-03-07T14:15:27.892Z] Log directory: E:\code\The Wall\mono\packages\scrapper\logs\homepage_ai_extractor\1772892927892_BioLight_Israeli_Life_Sciences_Investments_Ltd
[2026-03-07T14:15:27.892Z] Company: BioLight Israeli Life Sciences Investments Ltd
[2026-03-07T14:15:27.892Z] Website: bio-light.co.il
[2026-03-07T14:15:27.892Z] cbRank: 256095
[2026-03-07T14:15:27.893Z] Reasons: h
[2026-03-07T14:15:27.893Z] Fetching: https://bio-light.co.il
[2026-03-07T14:15:33.732Z] Redirected: https://bio-light.co.il -> https://bio-light.co.il/
[2026-03-07T14:15:33.739Z] Saved HTML (184046 bytes) to page.html
[2026-03-07T14:15:33.743Z] Extracted 31 unique links from page
[2026-03-07T14:15:33.744Z] Saved 31 links to links.json
[2026-03-07T14:15:33.748Z] Extracted footer HTML (9852 chars)
[2026-03-07T14:15:33.748Z] Extracted header HTML (42456 chars)
[2026-03-07T14:15:33.752Z] Website (post-redirect): https://bio-light.co.il/ → origin: https://bio-light.co.il
[2026-03-07T14:15:33.752Z] External links: 10 (of 31 total)
[2026-03-07T14:15:33.752Z] ── All external links ──
[2026-03-07T14:15:33.752Z]   EXT: https://belkin-vision.com
[2026-03-07T14:15:33.752Z]   EXT: https://diagnostear.com
[2026-03-07T14:15:33.752Z]   EXT: https://peripherex.com
[2026-03-07T14:15:33.753Z]   EXT: https://tarsierpharma.com
[2026-03-07T14:15:33.753Z]   EXT: https://web.irm.co.il
[2026-03-07T14:15:33.753Z]   EXT: https://www.aeyehealth.com
[2026-03-07T14:15:33.753Z]   EXT: https://www.funder.co.il/article/178989
[2026-03-07T14:15:33.753Z]   EXT: https://www.linkedin.com/company/biolight
[2026-03-07T14:15:33.753Z]   EXT: https://www.sanoculis.com
[2026-03-07T14:15:33.753Z]   EXT: https://www.youtube.com/channel/UCWQ0pPjz7IoUgkTXbfyybZw
[2026-03-07T14:15:33.753Z] ── Step 1: Programmatic categorization ──
[2026-03-07T14:15:33.754Z]   UNCATEGORIZED: https://belkin-vision.com
[2026-03-07T14:15:33.754Z]   UNCATEGORIZED: https://diagnostear.com
[2026-03-07T14:15:33.754Z]   UNCATEGORIZED: https://peripherex.com
[2026-03-07T14:15:33.754Z]   UNCATEGORIZED: https://tarsierpharma.com
[2026-03-07T14:15:33.754Z]   UNCATEGORIZED: https://web.irm.co.il
[2026-03-07T14:15:33.754Z]   UNCATEGORIZED: https://www.aeyehealth.com
[2026-03-07T14:15:33.754Z]   UNCATEGORIZED: https://www.funder.co.il/article/178989
[2026-03-07T14:15:33.754Z]   REGEX: li <- https://www.linkedin.com/company/biolight
[2026-03-07T14:15:33.755Z]   UNCATEGORIZED: https://www.sanoculis.com
[2026-03-07T14:15:33.755Z]   REGEX: ytc <- https://www.youtube.com/channel/UCWQ0pPjz7IoUgkTXbfyybZw
[2026-03-07T14:15:33.755Z] Programmatic result: ws:1, li:1, ytc:1 | 8 uncategorized
[2026-03-07T14:15:33.755Z] Sending uncategorized links + HTML sections to AI for analysis...
[2026-03-07T14:15:33.756Z] Saved AI prompt (8175 chars) to ai_prompt.txt
[2026-03-07T14:16:19.480Z] Saved AI response to ai_response.json
[2026-03-07T14:16:19.480Z] ── Parsing AI response (3 lines) ──
[2026-03-07T14:16:19.480Z]   AI LINK: https://www.linkedin.com/company/biolight
[2026-03-07T14:16:19.480Z]   AI LINK: https://www.youtube.com/channel/UCWQ0pPjz7IoUgkTXbfyybZw
[2026-03-07T14:16:19.480Z]   AI LINK: https://web.irm.co.il/
[2026-03-07T14:16:19.480Z] AI returned 3 valid links
[2026-03-07T14:16:19.480Z] ── Categorizing 3 AI-returned links ──
[2026-03-07T14:16:19.481Z]   AI→REGEX: li <- https://www.linkedin.com/company/biolight (duplicate, skipped)
[2026-03-07T14:16:19.481Z]   AI→REGEX: ytc <- https://www.youtube.com/channel/UCWQ0pPjz7IoUgkTXbfyybZw (duplicate, skipped)
[2026-03-07T14:16:19.481Z]   AI→URLS: https://web.irm.co.il (cleaned from https://web.irm.co.il/)
[2026-03-07T14:16:19.481Z] ── Step 2b: Footer/header uncategorized links ──
[2026-03-07T14:16:19.481Z] Footer/header origins (10):
[2026-03-07T14:16:19.482Z]   FOOTER/HEADER ORIGIN: https://www.linkedin.com
[2026-03-07T14:16:19.482Z]   FOOTER/HEADER ORIGIN: https://www.youtube.com
[2026-03-07T14:16:19.482Z]   FOOTER/HEADER ORIGIN: https://bio-light.co.il
[2026-03-07T14:16:19.482Z]   FOOTER/HEADER ORIGIN: https://web.irm.co.il
[2026-03-07T14:16:19.482Z]   FOOTER/HEADER ORIGIN: https://diagnostear.com
[2026-03-07T14:16:19.482Z]   FOOTER/HEADER ORIGIN: https://peripherex.com
[2026-03-07T14:16:19.482Z]   FOOTER/HEADER ORIGIN: https://belkin-vision.com
[2026-03-07T14:16:19.482Z]   FOOTER/HEADER ORIGIN: https://tarsierpharma.com
[2026-03-07T14:16:19.482Z]   FOOTER/HEADER ORIGIN: https://www.sanoculis.com
[2026-03-07T14:16:19.482Z]   FOOTER/HEADER ORIGIN: https://www.aeyehealth.com
[2026-03-07T14:16:19.483Z]   ADDED: urls <- https://belkin-vision.com
[2026-03-07T14:16:19.483Z]   ADDED: urls <- https://diagnostear.com
[2026-03-07T14:16:19.483Z]   ADDED: urls <- https://peripherex.com
[2026-03-07T14:16:19.483Z]   ADDED: urls <- https://tarsierpharma.com
[2026-03-07T14:16:19.483Z]   SKIP (AI claimed): https://web.irm.co.il
[2026-03-07T14:16:19.483Z]   ADDED: urls <- https://www.aeyehealth.com
[2026-03-07T14:16:19.483Z]   SKIP (not in footer/header): https://www.funder.co.il/article/178989
[2026-03-07T14:16:19.483Z]   ADDED: urls <- https://www.sanoculis.com
[2026-03-07T14:16:19.483Z] Step 2b result: added 6 uncategorized domains from footer/header
[2026-03-07T14:16:19.483Z] ── Step 3: Final dedup ──
[2026-03-07T14:16:19.483Z] Dedup: removed 0 of 7 URLs already in specialized fields
[2026-03-07T14:16:19.484Z] ── FINAL RESULT ──
[2026-03-07T14:16:19.484Z]   ws (1):
[2026-03-07T14:16:19.484Z]     - https://bio-light.co.il
[2026-03-07T14:16:19.484Z]   li (1):
[2026-03-07T14:16:19.484Z]     - https://www.linkedin.com/company/biolight
[2026-03-07T14:16:19.484Z]   ytc (1):
[2026-03-07T14:16:19.484Z]     - https://www.youtube.com/channel/UCWQ0pPjz7IoUgkTXbfyybZw
[2026-03-07T14:16:19.484Z]   urls (7):
[2026-03-07T14:16:19.484Z]     - https://belkin-vision.com
[2026-03-07T14:16:19.484Z]     - https://diagnostear.com
[2026-03-07T14:16:19.484Z]     - https://peripherex.com
[2026-03-07T14:16:19.484Z]     - https://tarsierpharma.com
[2026-03-07T14:16:19.484Z]     - https://web.irm.co.il
[2026-03-07T14:16:19.485Z]     - https://www.aeyehealth.com
[2026-03-07T14:16:19.485Z]     - https://www.sanoculis.com
[2026-03-07T14:16:19.485Z] Summary: ws:1, li:1, ytc:1, urls:7
[2026-03-07T14:16:19.485Z] Saved final result to result.json
[2026-03-07T14:16:19.485Z] Override fields: ws, li, ytc, urls
[2026-03-07T14:16:19.486Z] Finished at: 2026-03-07T14:16:19.486Z
