[2026-03-01T16:40:37.201Z] === Homepage AI Extractor: Orbs ===
[2026-03-01T16:40:37.201Z] Started at: 2026-03-01T16:40:37.201Z
[2026-03-01T16:40:37.201Z] Log directory: E:\code\The Wall\mono\packages\scrapper\logs\homepage_ai_extractor\1772383237200_Orbs
[2026-03-01T16:40:37.201Z] Company: Orbs
[2026-03-01T16:40:37.201Z] Website: orbs.com
[2026-03-01T16:40:37.201Z] cbRank: 30262
[2026-03-01T16:40:37.201Z] Reasons: h
[2026-03-01T16:40:37.201Z] Fetching: https://orbs.com
[2026-03-01T16:40:46.618Z] Redirected: https://orbs.com -> https://www.orbs.com/
[2026-03-01T16:40:46.745Z] Saved HTML (19730 bytes) to page.html
[2026-03-01T16:40:47.002Z] Extracted 34 unique links from page
[2026-03-01T16:40:47.004Z] Saved 34 links to links.json
[2026-03-01T16:40:47.267Z] No footer section found in DOM
[2026-03-01T16:40:47.273Z] Extracted header HTML (62 chars)
[2026-03-01T16:40:47.333Z] Website (post-redirect): https://www.orbs.com/ → origin: https://www.orbs.com
[2026-03-01T16:40:47.405Z] External links: 13 (of 34 total)
[2026-03-01T16:40:47.407Z] ── All external links ──
[2026-03-01T16:40:47.407Z]   EXT: https://aave.com/cookie-policy
[2026-03-01T16:40:47.407Z]   EXT: https://discord.gg/sswGDYGBt5
[2026-03-01T16:40:47.407Z]   EXT: https://docs.orbs.network
[2026-03-01T16:40:47.407Z]   EXT: https://docs.orbs.network/v3/overview/what-is-orbs
[2026-03-01T16:40:47.408Z]   EXT: https://github.com/orbs-network
[2026-03-01T16:40:47.408Z]   EXT: https://orbs-network.github.io/oip6-migration-web
[2026-03-01T16:40:47.408Z]   EXT: https://snapshot.org/#/orbs-network.eth
[2026-03-01T16:40:47.408Z]   EXT: https://staking.orbs.network
[2026-03-01T16:40:47.408Z]   EXT: https://status.orbs.network
[2026-03-01T16:40:47.409Z]   EXT: https://t.me/OrbsNetwork
[2026-03-01T16:40:47.409Z]   EXT: https://twitter.com/orbs_network
[2026-03-01T16:40:47.409Z]   EXT: https://www.stakingrewards.com/earn/orbs
[2026-03-01T16:40:47.409Z]   EXT: https://www.youtube.com/channel/UCfpV4z-MGxeiabFkht1LNPQ/featured
[2026-03-01T16:40:47.410Z] ── Step 1: Programmatic categorization ──
[2026-03-01T16:40:47.410Z]   UNCATEGORIZED: https://aave.com/cookie-policy
[2026-03-01T16:40:47.410Z]   UNCATEGORIZED: https://discord.gg/sswGDYGBt5
[2026-03-01T16:40:47.411Z]   UNCATEGORIZED: https://docs.orbs.network
[2026-03-01T16:40:47.411Z]   UNCATEGORIZED: https://docs.orbs.network/v3/overview/what-is-orbs
[2026-03-01T16:40:47.411Z]   REGEX: gh <- https://github.com/orbs-network
[2026-03-01T16:40:47.411Z]   UNCATEGORIZED: https://orbs-network.github.io/oip6-migration-web
[2026-03-01T16:40:47.411Z]   UNCATEGORIZED: https://snapshot.org/#/orbs-network.eth
[2026-03-01T16:40:47.412Z]   UNCATEGORIZED: https://staking.orbs.network
[2026-03-01T16:40:47.412Z]   UNCATEGORIZED: https://status.orbs.network
[2026-03-01T16:40:47.412Z]   UNCATEGORIZED: https://t.me/OrbsNetwork
[2026-03-01T16:40:47.412Z]   REGEX: tw <- https://twitter.com/orbs_network
[2026-03-01T16:40:47.412Z]   UNCATEGORIZED: https://www.stakingrewards.com/earn/orbs
[2026-03-01T16:40:47.413Z]   REGEX: ytc <- https://www.youtube.com/channel/UCfpV4z-MGxeiabFkht1LNPQ/featured
[2026-03-01T16:40:47.413Z] Programmatic result: ws:1, gh:1, tw:1, ytc:1 | 10 uncategorized
[2026-03-01T16:40:47.413Z] Sending uncategorized links + HTML sections to AI for analysis...
[2026-03-01T16:40:47.415Z] Saved AI prompt (2282 chars) to ai_prompt.txt
[2026-03-01T16:41:06.243Z] Saved AI response to ai_response.json
[2026-03-01T16:41:06.243Z] ── Parsing AI response (6 lines) ──
[2026-03-01T16:41:06.244Z]   AI LINK: https://discord.gg/sswGDYGBt5
[2026-03-01T16:41:06.244Z]   AI LINK: https://docs.orbs.network
[2026-03-01T16:41:06.244Z]   AI LINK: https://orbs-network.github.io/oip6-migration-web
[2026-03-01T16:41:06.244Z]   AI LINK: https://staking.orbs.network
[2026-03-01T16:41:06.244Z]   AI LINK: https://status.orbs.network
[2026-03-01T16:41:06.244Z]   AI LINK: https://t.me/OrbsNetwork
[2026-03-01T16:41:06.244Z] AI returned 6 valid links
[2026-03-01T16:41:06.244Z] ── Categorizing 6 AI-returned links ──
[2026-03-01T16:41:06.245Z]   AI→URLS: https://discord.gg/sswGDYGBt5
[2026-03-01T16:41:06.245Z]   AI→URLS: https://docs.orbs.network
[2026-03-01T16:41:06.245Z]   AI→URLS: https://orbs-network.github.io/oip6-migration-web
[2026-03-01T16:41:06.245Z]   AI→URLS: https://staking.orbs.network
[2026-03-01T16:41:06.245Z]   AI→URLS: https://status.orbs.network
[2026-03-01T16:41:06.245Z]   AI→URLS: https://t.me/OrbsNetwork
[2026-03-01T16:41:06.245Z] ── Step 2b: Footer/header uncategorized links ──
[2026-03-01T16:41:06.245Z] Footer/header origins (0):
[2026-03-01T16:41:06.245Z]   SKIP (not in footer/header): https://aave.com/cookie-policy
[2026-03-01T16:41:06.245Z]   SKIP (AI claimed): https://discord.gg/sswGDYGBt5
[2026-03-01T16:41:06.245Z]   SKIP (AI claimed): https://docs.orbs.network
[2026-03-01T16:41:06.246Z]   SKIP (not in footer/header): https://docs.orbs.network/v3/overview/what-is-orbs
[2026-03-01T16:41:06.246Z]   SKIP (AI claimed): https://orbs-network.github.io/oip6-migration-web
[2026-03-01T16:41:06.246Z]   SKIP (not in footer/header): https://snapshot.org/#/orbs-network.eth
[2026-03-01T16:41:06.246Z]   SKIP (AI claimed): https://staking.orbs.network
[2026-03-01T16:41:06.246Z]   SKIP (AI claimed): https://status.orbs.network
[2026-03-01T16:41:06.246Z]   SKIP (AI claimed): https://t.me/OrbsNetwork
[2026-03-01T16:41:06.246Z]   SKIP (not in footer/header): https://www.stakingrewards.com/earn/orbs
[2026-03-01T16:41:06.246Z] Step 2b result: added 0 uncategorized domains from footer/header
[2026-03-01T16:41:06.246Z] ── Step 3: Final dedup ──
[2026-03-01T16:41:06.246Z] Dedup: removed 0 of 6 URLs already in specialized fields
[2026-03-01T16:41:06.246Z] ── FINAL RESULT ──
[2026-03-01T16:41:06.246Z]   ws (1):
[2026-03-01T16:41:06.246Z]     - https://www.orbs.com
[2026-03-01T16:41:06.246Z]   tw (1):
[2026-03-01T16:41:06.246Z]     - https://x.com/orbs_network
[2026-03-01T16:41:06.246Z]   gh (1):
[2026-03-01T16:41:06.247Z]     - https://github.com/orbs-network
[2026-03-01T16:41:06.247Z]   ytc (1):
[2026-03-01T16:41:06.247Z]     - https://www.youtube.com/channel/ucfpv4z-mgxeiabfkht1lnpq
[2026-03-01T16:41:06.247Z]   urls (6):
[2026-03-01T16:41:06.247Z]     - https://discord.gg/sswGDYGBt5
[2026-03-01T16:41:06.247Z]     - https://docs.orbs.network
[2026-03-01T16:41:06.247Z]     - https://orbs-network.github.io/oip6-migration-web
[2026-03-01T16:41:06.247Z]     - https://staking.orbs.network
[2026-03-01T16:41:06.247Z]     - https://status.orbs.network
[2026-03-01T16:41:06.247Z]     - https://t.me/OrbsNetwork
[2026-03-01T16:41:06.247Z] Summary: ws:1, gh:1, tw:1, ytc:1, urls:6
[2026-03-01T16:41:06.248Z] Saved final result to result.json
[2026-03-01T16:41:06.248Z] Override fields: ws, tw, gh, ytc, urls
[2026-03-01T16:41:06.248Z] Finished at: 2026-03-01T16:41:06.248Z
