[2026-03-06T04:03:36.832Z] === Homepage AI Extractor: BDO Israel ===
[2026-03-06T04:03:36.832Z] Started at: 2026-03-06T04:03:36.832Z
[2026-03-06T04:03:36.832Z] Log directory: E:\code\The Wall\mono\packages\scrapper\logs\homepage_ai_extractor\1772769816832_BDO_Israel
[2026-03-06T04:03:36.832Z] Company: BDO Israel
[2026-03-06T04:03:36.832Z] Website: bdo.co.il
[2026-03-06T04:03:36.833Z] cbRank: 120851
[2026-03-06T04:03:36.833Z] Reasons: h
[2026-03-06T04:03:36.833Z] Fetching: https://bdo.co.il
[2026-03-06T04:03:44.726Z] Dismissed cookie consent popup via: #CybotCookiebotDialogBodyLevelButtonLevelOptinAllowAll
[2026-03-06T04:03:47.672Z] Redirected: https://bdo.co.il -> https://www.bdo.co.il/he-il/home-he
[2026-03-06T04:03:47.692Z] Saved HTML (464976 bytes) to page.html
[2026-03-06T04:03:47.696Z] Extracted 95 unique links from page
[2026-03-06T04:03:47.697Z] Saved 95 links to links.json
[2026-03-06T04:03:47.704Z] Extracted footer HTML (7143 chars)
[2026-03-06T04:03:47.704Z] Extracted header HTML (29895 chars)
[2026-03-06T04:03:47.711Z] Website (post-redirect): https://www.bdo.co.il/he-il/home-he → origin: https://www.bdo.co.il
[2026-03-06T04:03:47.711Z] External links: 21 (of 95 total)
[2026-03-06T04:03:47.712Z] ── All external links ──
[2026-03-06T04:03:47.712Z]   EXT: https://bdo-career.hunterhrms.com/%D7%9B%D7%9C-%D7%94%D7%9E%D7%A9%D7%A8%D7%95%D7%AA
[2026-03-06T04:03:47.712Z]   EXT: https://business.safety.google/privacy
[2026-03-06T04:03:47.712Z]   EXT: https://privacy.microsoft.com/en-us/PrivacyStatement
[2026-03-06T04:03:47.712Z]   EXT: https://tinyurl.com/58xseyzk
[2026-03-06T04:03:47.712Z]   EXT: https://web.whatsapp.com/send?phone=972523083793&text=%D7%91%D7%A8%D7%95%D7%9B%D7%99%D7%9D%20%D7%94%D7%91%D7%90%D7%99%D7%9D%20%D7%9C%20BDO%20%D7%99%D7%A9%D7%A8%D7%90%D7%9C,%20%D7%91%D7%9E%D7%94%20%D7%A0%D7%95%D7%9B%D7%9C%20%D7%9C%D7%A1%D7%99%D7%99%D7%A2?
[2026-03-06T04:03:47.712Z]   EXT: https://whatsapp.com/channel/0029VbAl5KFGufIrIndBz30Q
[2026-03-06T04:03:47.712Z]   EXT: https://www.acast.com/privacy
[2026-03-06T04:03:47.712Z]   EXT: https://www.activetrail.com/privacy-policy/?_ga=2.70058448.1542296960.1562305491-1516499890.1562305491
[2026-03-06T04:03:47.712Z]   EXT: https://www.cookiebot.com
[2026-03-06T04:03:47.712Z]   EXT: https://www.cookiebot.com/en/what-is-behind-powered-by-cookiebot/?utm_source=banner_cb&utm_medium=referral&utm_content=v2
[2026-03-06T04:03:47.712Z]   EXT: https://www.cookiebot.com/goto/privacy-policy
[2026-03-06T04:03:47.713Z]   EXT: https://www.facebook.com/bdo.co.il
[2026-03-06T04:03:47.713Z]   EXT: https://www.facebook.com/policy.php
[2026-03-06T04:03:47.713Z]   EXT: https://www.linkedin.com/company/450565
[2026-03-06T04:03:47.713Z]   EXT: https://www.linkedin.com/company/bdo-israel
[2026-03-06T04:03:47.713Z]   EXT: https://www.linkedin.com/legal/privacy-policy
[2026-03-06T04:03:47.713Z]   EXT: https://www.outbrain.com/legal/privacy#privacy-policy
[2026-03-06T04:03:47.713Z]   EXT: https://www.poptin.com/privacy-policy
[2026-03-06T04:03:47.713Z]   EXT: https://www.taboola.com/privacy-policy
[2026-03-06T04:03:47.713Z]   EXT: https://www.youtube.com/channel/UC9_ve6vz6zMG7ZCVj6RUCRg?&ab_channel=BDOZivHaft
[2026-03-06T04:03:47.713Z]   EXT: https://www.zoominfo.com/legal/privacy-policy
[2026-03-06T04:03:47.713Z] ── Step 1: Programmatic categorization ──
[2026-03-06T04:03:47.714Z]   UNCATEGORIZED: https://bdo-career.hunterhrms.com/%D7%9B%D7%9C-%D7%94%D7%9E%D7%A9%D7%A8%D7%95%D7%AA
[2026-03-06T04:03:47.714Z]   UNCATEGORIZED: https://business.safety.google/privacy
[2026-03-06T04:03:47.714Z]   UNCATEGORIZED: https://privacy.microsoft.com/en-us/PrivacyStatement
[2026-03-06T04:03:47.714Z]   UNCATEGORIZED: https://tinyurl.com/58xseyzk
[2026-03-06T04:03:47.714Z]   UNCATEGORIZED: https://web.whatsapp.com/send?phone=972523083793&text=%D7%91%D7%A8%D7%95%D7%9B%D7%99%D7%9D%20%D7%94%D7%91%D7%90%D7%99%D7%9D%20%D7%9C%20BDO%20%D7%99%D7%A9%D7%A8%D7%90%D7%9C,%20%D7%91%D7%9E%D7%94%20%D7%A0%D7%95%D7%9B%D7%9C%20%D7%9C%D7%A1%D7%99%D7%99%D7%A2?
[2026-03-06T04:03:47.714Z]   UNCATEGORIZED: https://whatsapp.com/channel/0029VbAl5KFGufIrIndBz30Q
[2026-03-06T04:03:47.714Z]   UNCATEGORIZED: https://www.acast.com/privacy
[2026-03-06T04:03:47.715Z]   UNCATEGORIZED: https://www.activetrail.com/privacy-policy/?_ga=2.70058448.1542296960.1562305491-1516499890.1562305491
[2026-03-06T04:03:47.715Z]   UNCATEGORIZED: https://www.cookiebot.com
[2026-03-06T04:03:47.715Z]   UNCATEGORIZED: https://www.cookiebot.com/en/what-is-behind-powered-by-cookiebot/?utm_source=banner_cb&utm_medium=referral&utm_content=v2
[2026-03-06T04:03:47.715Z]   UNCATEGORIZED: https://www.cookiebot.com/goto/privacy-policy
[2026-03-06T04:03:47.715Z]   REGEX: fb <- https://www.facebook.com/bdo.co.il
[2026-03-06T04:03:47.715Z]   REGEX: li <- https://www.linkedin.com/company/450565
[2026-03-06T04:03:47.715Z]   REGEX: li <- https://www.linkedin.com/company/bdo-israel
[2026-03-06T04:03:47.715Z]   UNCATEGORIZED: https://www.outbrain.com/legal/privacy#privacy-policy
[2026-03-06T04:03:47.715Z]   UNCATEGORIZED: https://www.poptin.com/privacy-policy
[2026-03-06T04:03:47.716Z]   UNCATEGORIZED: https://www.taboola.com/privacy-policy
[2026-03-06T04:03:47.716Z]   REGEX: ytc <- https://www.youtube.com/channel/UC9_ve6vz6zMG7ZCVj6RUCRg?&ab_channel=BDOZivHaft
[2026-03-06T04:03:47.716Z]   UNCATEGORIZED: https://www.zoominfo.com/legal/privacy-policy
[2026-03-06T04:03:47.716Z] ── Step 1b: Resolving 2 regex-domain URLs via redirect ──
[2026-03-06T04:03:47.716Z]   SKIP (regex domain, no match): https://www.facebook.com/policy.php
[2026-03-06T04:03:47.716Z]   SKIP (regex domain, no match): https://www.linkedin.com/legal/privacy-policy
[2026-03-06T04:03:47.716Z] Programmatic result: ws:1, fb:1, li:2, ytc:1 | 15 uncategorized
[2026-03-06T04:03:47.716Z] Sending uncategorized links + HTML sections to AI for analysis...
[2026-03-06T04:03:47.717Z] Saved AI prompt (5071 chars) to ai_prompt.txt
[2026-03-06T04:04:22.187Z] Saved AI response to ai_response.json
[2026-03-06T04:04:22.187Z] ── Parsing AI response (3 lines) ──
[2026-03-06T04:04:22.188Z]   AI LINK: https://www.linkedin.com/company/bdo-israel
[2026-03-06T04:04:22.188Z]   AI LINK: https://www.facebook.com/bdo.co.il
[2026-03-06T04:04:22.188Z]   AI LINK: https://www.youtube.com/channel/UC9_ve6vz6zMG7ZCVj6RUCRg?&amp;ab_channel=BDOZivHaft
[2026-03-06T04:04:22.188Z] AI returned 3 valid links
[2026-03-06T04:04:22.188Z] ── Categorizing 3 AI-returned links ──
[2026-03-06T04:04:22.188Z]   AI→REGEX: li <- https://www.linkedin.com/company/bdo-israel (duplicate, skipped)
[2026-03-06T04:04:22.188Z]   AI→REGEX: fb <- https://www.facebook.com/bdo.co.il (duplicate, skipped)
[2026-03-06T04:04:22.188Z]   AI→SKIP (regex domain, no match): https://www.youtube.com/channel/UC9_ve6vz6zMG7ZCVj6RUCRg?&amp;ab_channel=BDOZivHaft
[2026-03-06T04:04:22.189Z] ── Step 2b: Footer/header uncategorized links ──
[2026-03-06T04:04:22.189Z] Footer/header origins (3):
[2026-03-06T04:04:22.190Z]   FOOTER/HEADER ORIGIN: https://www.linkedin.com
[2026-03-06T04:04:22.190Z]   FOOTER/HEADER ORIGIN: https://www.facebook.com
[2026-03-06T04:04:22.190Z]   FOOTER/HEADER ORIGIN: https://www.youtube.com
[2026-03-06T04:04:22.190Z]   SKIP (not in footer/header): https://bdo-career.hunterhrms.com/%D7%9B%D7%9C-%D7%94%D7%9E%D7%A9%D7%A8%D7%95%D7%AA
[2026-03-06T04:04:22.190Z]   SKIP (not in footer/header): https://business.safety.google/privacy
[2026-03-06T04:04:22.190Z]   SKIP (not in footer/header): https://privacy.microsoft.com/en-us/PrivacyStatement
[2026-03-06T04:04:22.190Z]   SKIP (not in footer/header): https://tinyurl.com/58xseyzk
[2026-03-06T04:04:22.190Z]   SKIP (not in footer/header): https://web.whatsapp.com/send?phone=972523083793&text=%D7%91%D7%A8%D7%95%D7%9B%D7%99%D7%9D%20%D7%94%D7%91%D7%90%D7%99%D7%9D%20%D7%9C%20BDO%20%D7%99%D7%A9%D7%A8%D7%90%D7%9C,%20%D7%91%D7%9E%D7%94%20%D7%A0%D7%95%D7%9B%D7%9C%20%D7%9C%D7%A1%D7%99%D7%99%D7%A2?
[2026-03-06T04:04:22.190Z]   SKIP (not in footer/header): https://whatsapp.com/channel/0029VbAl5KFGufIrIndBz30Q
[2026-03-06T04:04:22.190Z]   SKIP (not in footer/header): https://www.acast.com/privacy
[2026-03-06T04:04:22.191Z]   SKIP (not in footer/header): https://www.activetrail.com/privacy-policy/?_ga=2.70058448.1542296960.1562305491-1516499890.1562305491
[2026-03-06T04:04:22.191Z]   SKIP (not in footer/header): https://www.cookiebot.com
[2026-03-06T04:04:22.191Z]   SKIP (not in footer/header): https://www.cookiebot.com/en/what-is-behind-powered-by-cookiebot/?utm_source=banner_cb&utm_medium=referral&utm_content=v2
[2026-03-06T04:04:22.191Z]   SKIP (not in footer/header): https://www.cookiebot.com/goto/privacy-policy
[2026-03-06T04:04:22.191Z]   SKIP (not in footer/header): https://www.outbrain.com/legal/privacy#privacy-policy
[2026-03-06T04:04:22.191Z]   SKIP (not in footer/header): https://www.poptin.com/privacy-policy
[2026-03-06T04:04:22.191Z]   SKIP (not in footer/header): https://www.taboola.com/privacy-policy
[2026-03-06T04:04:22.191Z]   SKIP (not in footer/header): https://www.zoominfo.com/legal/privacy-policy
[2026-03-06T04:04:22.191Z] Step 2b result: added 0 uncategorized domains from footer/header
[2026-03-06T04:04:22.191Z] ── Step 3: Final dedup ──
[2026-03-06T04:04:22.191Z] No urls to dedup
[2026-03-06T04:04:22.191Z] ── FINAL RESULT ──
[2026-03-06T04:04:22.192Z]   ws (1):
[2026-03-06T04:04:22.192Z]     - https://www.bdo.co.il
[2026-03-06T04:04:22.192Z]   li (2):
[2026-03-06T04:04:22.192Z]     - https://www.linkedin.com/company/450565
[2026-03-06T04:04:22.192Z]     - https://www.linkedin.com/company/bdo-israel
[2026-03-06T04:04:22.192Z]   fb (1):
[2026-03-06T04:04:22.192Z]     - https://www.facebook.com/bdo.co.il
[2026-03-06T04:04:22.192Z]   ytc (1):
[2026-03-06T04:04:22.192Z]     - https://www.youtube.com/channel/UC9_ve6vz6zMG7ZCVj6RUCRg
[2026-03-06T04:04:22.192Z] Summary: ws:1, fb:1, li:2, ytc:1
[2026-03-06T04:04:22.194Z] Saved final result to result.json
[2026-03-06T04:04:22.194Z] Override fields: ws, li, fb, ytc
[2026-03-06T04:04:22.195Z] Finished at: 2026-03-06T04:04:22.195Z
