[2026-03-05T10:54:38.594Z] === Homepage AI Extractor: Twik ===
[2026-03-05T10:54:38.595Z] Started at: 2026-03-05T10:54:38.595Z
[2026-03-05T10:54:38.595Z] Log directory: E:\code\The Wall\mono\packages\scrapper\logs\homepage_ai_extractor\1772708078594_Twik
[2026-03-05T10:54:38.595Z] Company: Twik
[2026-03-05T10:54:38.595Z] Website: twik.io
[2026-03-05T10:54:38.595Z] cbRank: 83916
[2026-03-05T10:54:38.595Z] Reasons: h
[2026-03-05T10:54:38.595Z] Fetching: https://twik.io
[2026-03-05T10:54:51.890Z] Network idle timeout — continuing with current state
[2026-03-05T10:54:51.951Z] Redirected: https://twik.io -> https://www.twik.io/
[2026-03-05T10:54:51.974Z] Saved HTML (671554 bytes) to page.html
[2026-03-05T10:54:51.978Z] Extracted 23 unique links from page
[2026-03-05T10:54:51.979Z] Saved 23 links to links.json
[2026-03-05T10:54:51.981Z] Extracted footer HTML (8732 chars)
[2026-03-05T10:54:51.982Z] Extracted header HTML (7709 chars)
[2026-03-05T10:54:51.986Z] Website (post-redirect): https://www.twik.io/ → origin: https://www.twik.io
[2026-03-05T10:54:51.986Z]   SUBDOMAIN: apps.twik.io (added to ws)
[2026-03-05T10:54:51.986Z]   SUBDOMAIN: panel.twik.io (added to ws)
[2026-03-05T10:54:51.986Z]   SUBDOMAIN: shopify.twik.io (added to ws)
[2026-03-05T10:54:51.986Z] Website subdomains found: 3
[2026-03-05T10:54:51.987Z] External links: 7 (of 23 total)
[2026-03-05T10:54:51.987Z] ── All external links ──
[2026-03-05T10:54:51.987Z]   EXT: https://chat.socialintents.com/c/twikapp
[2026-03-05T10:54:51.987Z]   EXT: https://instagram.com/twik.io?igshid=YmMyMTA2M2Y=
[2026-03-05T10:54:51.987Z]   EXT: https://twitter.com/TwikPlatform
[2026-03-05T10:54:51.987Z]   EXT: https://www.facebook.com/twik.io
[2026-03-05T10:54:51.987Z]   EXT: https://www.linkedin.com/company/twik
[2026-03-05T10:54:51.987Z]   EXT: https://www.wix.com/app-market/twik-store-personalization
[2026-03-05T10:54:51.987Z]   EXT: https://www.youtube.com/channel/UCgtrcvW7kRcabERa8PgGYxw
[2026-03-05T10:54:51.987Z] ── Step 1: Programmatic categorization ──
[2026-03-05T10:54:51.987Z]   UNCATEGORIZED: https://chat.socialintents.com/c/twikapp
[2026-03-05T10:54:51.987Z]   REGEX: ig <- https://instagram.com/twik.io?igshid=YmMyMTA2M2Y=
[2026-03-05T10:54:51.987Z]   REGEX: tw <- https://twitter.com/TwikPlatform
[2026-03-05T10:54:51.988Z]   REGEX: fb <- https://www.facebook.com/twik.io
[2026-03-05T10:54:51.988Z]   REGEX: li <- https://www.linkedin.com/company/twik
[2026-03-05T10:54:51.988Z]   UNCATEGORIZED: https://www.wix.com/app-market/twik-store-personalization
[2026-03-05T10:54:51.988Z]   REGEX: ytc <- https://www.youtube.com/channel/UCgtrcvW7kRcabERa8PgGYxw
[2026-03-05T10:54:51.988Z] Programmatic result: ws:4, ig:1, tw:1, fb:1, li:1, ytc:1 | 2 uncategorized
[2026-03-05T10:54:51.988Z] Sending uncategorized links + HTML sections to AI for analysis...
[2026-03-05T10:54:51.989Z] Saved AI prompt (5203 chars) to ai_prompt.txt
[2026-03-05T10:55:34.505Z] Saved AI response to ai_response.json
[2026-03-05T10:55:34.505Z] ── Parsing AI response (7 lines) ──
[2026-03-05T10:55:34.506Z]   AI LINK: https://www.linkedin.com/company/twik
[2026-03-05T10:55:34.506Z]   AI LINK: https://instagram.com/twik.io?igshid=YmMyMTA2M2Y=
[2026-03-05T10:55:34.506Z]   AI LINK: https://www.facebook.com/twik.io
[2026-03-05T10:55:34.506Z]   AI LINK: https://twitter.com/TwikPlatform
[2026-03-05T10:55:34.506Z]   AI LINK: https://www.youtube.com/channel/UCgtrcvW7kRcabERa8PgGYxw
[2026-03-05T10:55:34.506Z]   AI LINK: https://shopify.twik.io/apps/ecommerce-personalization
[2026-03-05T10:55:34.506Z]   AI LINK: https://www.wix.com/app-market/twik-store-personalization
[2026-03-05T10:55:34.506Z] AI returned 7 valid links
[2026-03-05T10:55:34.506Z] ── Categorizing 7 AI-returned links ──
[2026-03-05T10:55:34.506Z]   AI→REGEX: li <- https://www.linkedin.com/company/twik (duplicate, skipped)
[2026-03-05T10:55:34.506Z]   AI→REGEX: ig <- https://instagram.com/twik.io?igshid=YmMyMTA2M2Y= (duplicate, skipped)
[2026-03-05T10:55:34.506Z]   AI→REGEX: fb <- https://www.facebook.com/twik.io (duplicate, skipped)
[2026-03-05T10:55:34.506Z]   AI→REGEX: tw <- https://twitter.com/TwikPlatform (duplicate, skipped)
[2026-03-05T10:55:34.507Z]   AI→REGEX: ytc <- https://www.youtube.com/channel/UCgtrcvW7kRcabERa8PgGYxw (duplicate, skipped)
[2026-03-05T10:55:34.507Z]   AI→URLS: https://shopify.twik.io/apps/ecommerce-personalization
[2026-03-05T10:55:34.507Z]   AI→URLS: https://www.wix.com/app-market/twik-store-personalization
[2026-03-05T10:55:34.507Z] ── Step 2b: Footer/header uncategorized links ──
[2026-03-05T10:55:34.507Z] Footer/header origins (11):
[2026-03-05T10:55:34.507Z]   FOOTER/HEADER ORIGIN: https://www.twik.io
[2026-03-05T10:55:34.507Z]   FOOTER/HEADER ORIGIN: https://www.linkedin.com
[2026-03-05T10:55:34.508Z]   FOOTER/HEADER ORIGIN: https://instagram.com
[2026-03-05T10:55:34.508Z]   FOOTER/HEADER ORIGIN: https://www.facebook.com
[2026-03-05T10:55:34.508Z]   FOOTER/HEADER ORIGIN: https://twitter.com
[2026-03-05T10:55:34.508Z]   FOOTER/HEADER ORIGIN: https://www.youtube.com
[2026-03-05T10:55:34.508Z]   FOOTER/HEADER ORIGIN: https://chat.socialintents.com
[2026-03-05T10:55:34.508Z]   FOOTER/HEADER ORIGIN: https://shopify.twik.io
[2026-03-05T10:55:34.508Z]   FOOTER/HEADER ORIGIN: https://www.wix.com
[2026-03-05T10:55:34.508Z]   FOOTER/HEADER ORIGIN: https://panel.twik.io
[2026-03-05T10:55:34.508Z]   FOOTER/HEADER ORIGIN: http://link
[2026-03-05T10:55:34.508Z]   ADDED: urls <- https://chat.socialintents.com/c/twikapp
[2026-03-05T10:55:34.508Z]   SKIP (AI claimed): https://www.wix.com/app-market/twik-store-personalization
[2026-03-05T10:55:34.508Z] Step 2b result: added 1 uncategorized domains from footer/header
[2026-03-05T10:55:34.508Z] ── Step 3: Final dedup ──
[2026-03-05T10:55:34.508Z] Dedup: removed 0 of 3 URLs already in specialized fields
[2026-03-05T10:55:34.509Z] ── FINAL RESULT ──
[2026-03-05T10:55:34.509Z]   ws (4):
[2026-03-05T10:55:34.509Z]     - https://apps.twik.io
[2026-03-05T10:55:34.509Z]     - https://panel.twik.io
[2026-03-05T10:55:34.509Z]     - https://shopify.twik.io
[2026-03-05T10:55:34.509Z]     - https://www.twik.io
[2026-03-05T10:55:34.509Z]   li (1):
[2026-03-05T10:55:34.509Z]     - https://www.linkedin.com/company/twik
[2026-03-05T10:55:34.509Z]   fb (1):
[2026-03-05T10:55:34.509Z]     - https://www.facebook.com/twik.io
[2026-03-05T10:55:34.509Z]   tw (1):
[2026-03-05T10:55:34.509Z]     - https://x.com/twikplatform
[2026-03-05T10:55:34.509Z]   ig (1):
[2026-03-05T10:55:34.509Z]     - https://www.instagram.com/twik.io
[2026-03-05T10:55:34.509Z]   ytc (1):
[2026-03-05T10:55:34.509Z]     - https://www.youtube.com/channel/UCgtrcvW7kRcabERa8PgGYxw
[2026-03-05T10:55:34.509Z]   urls (3):
[2026-03-05T10:55:34.510Z]     - https://chat.socialintents.com/c/twikapp
[2026-03-05T10:55:34.510Z]     - https://shopify.twik.io/apps/ecommerce-personalization
[2026-03-05T10:55:34.510Z]     - https://www.wix.com/app-market/twik-store-personalization
[2026-03-05T10:55:34.510Z] Summary: ws:4, ig:1, tw:1, fb:1, li:1, ytc:1, urls:3
[2026-03-05T10:55:34.510Z] Saved final result to result.json
[2026-03-05T10:55:34.510Z] Override fields: ws, li, fb, tw, ig, ytc, urls
[2026-03-05T10:55:34.510Z] Finished at: 2026-03-05T10:55:34.510Z
