[2026-03-01T18:23:58.485Z] === Homepage AI Extractor: Blender ===
[2026-03-01T18:23:58.485Z] Started at: 2026-03-01T18:23:58.485Z
[2026-03-01T18:23:58.485Z] Log directory: E:\code\The Wall\mono\packages\scrapper\logs\homepage_ai_extractor\1772389438484_Blender
[2026-03-01T18:23:58.486Z] Company: Blender
[2026-03-01T18:23:58.486Z] Website: blender.global
[2026-03-01T18:23:58.486Z] cbRank: 36380
[2026-03-01T18:23:58.486Z] Reasons: h
[2026-03-01T18:23:58.486Z] Fetching: https://blender.global
[2026-03-01T18:24:02.853Z] Redirected: https://blender.global -> https://blender.global/
[2026-03-01T18:24:02.886Z] Saved HTML (789745 bytes) to page.html
[2026-03-01T18:24:02.891Z] Extracted 13 unique links from page
[2026-03-01T18:24:02.892Z] Saved 13 links to links.json
[2026-03-01T18:24:02.899Z] Extracted footer HTML (471 chars)
[2026-03-01T18:24:02.899Z] Extracted header HTML (9250 chars)
[2026-03-01T18:24:02.906Z] Website (post-redirect): https://blender.global/ → origin: https://blender.global
[2026-03-01T18:24:02.908Z] External links: 7 (of 13 total)
[2026-03-01T18:24:02.908Z] ── All external links ──
[2026-03-01T18:24:02.908Z]   EXT: https://blender.loans/?geo=IT&lang=en
[2026-03-01T18:24:02.909Z]   EXT: https://blender.loans/?geo=IT&lang=it
[2026-03-01T18:24:02.909Z]   EXT: https://blender.loans/?geo=LT
[2026-03-01T18:24:02.909Z]   EXT: https://blender.loans/?geo=LV&lang=lv
[2026-03-01T18:24:02.909Z]   EXT: https://blender.loans/?geo=LV&lang=ru
[2026-03-01T18:24:02.909Z]   EXT: https://blender.loans/?geo=PL
[2026-03-01T18:24:02.909Z]   EXT: https://www.blender.co.il/?geo=IL
[2026-03-01T18:24:02.910Z] ── Step 1: Programmatic categorization ──
[2026-03-01T18:24:02.910Z]   UNCATEGORIZED: https://blender.loans/?geo=IT&lang=en
[2026-03-01T18:24:02.910Z]   UNCATEGORIZED: https://blender.loans/?geo=IT&lang=it
[2026-03-01T18:24:02.910Z]   UNCATEGORIZED: https://blender.loans/?geo=LT
[2026-03-01T18:24:02.910Z]   UNCATEGORIZED: https://blender.loans/?geo=LV&lang=lv
[2026-03-01T18:24:02.910Z]   UNCATEGORIZED: https://blender.loans/?geo=LV&lang=ru
[2026-03-01T18:24:02.910Z]   UNCATEGORIZED: https://blender.loans/?geo=PL
[2026-03-01T18:24:02.911Z]   UNCATEGORIZED: https://www.blender.co.il/?geo=IL
[2026-03-01T18:24:02.911Z] Programmatic result: ws:1 | 7 uncategorized
[2026-03-01T18:24:02.911Z] Sending uncategorized links + HTML sections to AI for analysis...
[2026-03-01T18:24:02.912Z] Saved AI prompt (2404 chars) to ai_prompt.txt
[2026-03-01T18:24:11.611Z] Saved AI response to ai_response.json
[2026-03-01T18:24:11.611Z] ── Parsing AI response (1 lines) ──
[2026-03-01T18:24:11.611Z]   AI LINK: https://www.blender.global/
[2026-03-01T18:24:11.611Z] AI returned 1 valid links
[2026-03-01T18:24:11.611Z] ── Categorizing 1 AI-returned links ──
[2026-03-01T18:24:11.612Z]   AI→URLS: https://www.blender.global (cleaned from https://www.blender.global/)
[2026-03-01T18:24:11.613Z] ── Step 2b: Footer/header uncategorized links ──
[2026-03-01T18:24:11.613Z] Footer/header origins (3):
[2026-03-01T18:24:11.613Z]   FOOTER/HEADER ORIGIN: https://www.blender.global
[2026-03-01T18:24:11.613Z]   FOOTER/HEADER ORIGIN: https://www.blender.co.il
[2026-03-01T18:24:11.613Z]   FOOTER/HEADER ORIGIN: https://blender.loans
[2026-03-01T18:24:11.613Z]   ADDED: urls <- https://blender.loans (cleaned from https://blender.loans/?geo=IT&lang=en)
[2026-03-01T18:24:11.614Z]   SKIP (duplicate): https://blender.loans
[2026-03-01T18:24:11.614Z]   SKIP (duplicate): https://blender.loans
[2026-03-01T18:24:11.614Z]   SKIP (duplicate): https://blender.loans
[2026-03-01T18:24:11.614Z]   SKIP (duplicate): https://blender.loans
[2026-03-01T18:24:11.614Z]   SKIP (duplicate): https://blender.loans
[2026-03-01T18:24:11.614Z]   ADDED: urls <- https://www.blender.co.il (cleaned from https://www.blender.co.il/?geo=IL)
[2026-03-01T18:24:11.614Z] Step 2b result: added 2 uncategorized domains from footer/header
[2026-03-01T18:24:11.614Z] ── Step 3: Final dedup ──
[2026-03-01T18:24:11.614Z] Dedup: removed 0 of 3 URLs already in specialized fields
[2026-03-01T18:24:11.614Z] ── FINAL RESULT ──
[2026-03-01T18:24:11.614Z]   ws (1):
[2026-03-01T18:24:11.614Z]     - https://blender.global
[2026-03-01T18:24:11.614Z]   urls (3):
[2026-03-01T18:24:11.614Z]     - https://blender.loans
[2026-03-01T18:24:11.614Z]     - https://www.blender.co.il
[2026-03-01T18:24:11.615Z]     - https://www.blender.global
[2026-03-01T18:24:11.615Z] Summary: ws:1, urls:3
[2026-03-01T18:24:11.615Z] Saved final result to result.json
[2026-03-01T18:24:11.615Z] Override fields: ws, urls
[2026-03-01T18:24:11.616Z] Finished at: 2026-03-01T18:24:11.616Z
