[2026-03-07T15:42:46.524Z] === Homepage AI Extractor: Afimilk ===
[2026-03-07T15:42:46.524Z] Started at: 2026-03-07T15:42:46.524Z
[2026-03-07T15:42:46.524Z] Log directory: E:\code\The Wall\mono\packages\scrapper\logs\homepage_ai_extractor\1772898166524_Afimilk
[2026-03-07T15:42:46.524Z] Company: Afimilk
[2026-03-07T15:42:46.524Z] Website: afimilk.com
[2026-03-07T15:42:46.524Z] cbRank: 274327
[2026-03-07T15:42:46.525Z] Reasons: h
[2026-03-07T15:42:46.525Z] Fetching: https://afimilk.com
[2026-03-07T15:42:50.241Z] Redirected: https://afimilk.com -> https://www.afimilk.com/
[2026-03-07T15:42:50.248Z] Saved HTML (169844 bytes) to page.html
[2026-03-07T15:42:50.252Z] Extracted 44 unique links from page
[2026-03-07T15:42:50.253Z] Saved 44 links to links.json
[2026-03-07T15:42:50.256Z] No footer section found in DOM
[2026-03-07T15:42:50.256Z] Extracted header HTML (148 chars)
[2026-03-07T15:42:50.260Z] Website (post-redirect): https://www.afimilk.com/ → origin: https://www.afimilk.com
[2026-03-07T15:42:50.261Z]   SUBDOMAIN: docs.afimilk.com (added to ws)
[2026-03-07T15:42:50.261Z] Website subdomains found: 1
[2026-03-07T15:42:50.261Z] External links: 11 (of 44 total)
[2026-03-07T15:42:50.261Z] ── All external links ──
[2026-03-07T15:42:50.261Z]   EXT: https://twitter.com/AfimilkLTD
[2026-03-07T15:42:50.261Z]   EXT: https://www.facebook.com/afimilk
[2026-03-07T15:42:50.261Z]   EXT: https://www.instagram.com/afimilk
[2026-03-07T15:42:50.261Z]   EXT: https://www.linkedin.com/company/85260
[2026-03-07T15:42:50.261Z]   EXT: https://www.now-branding.co.il
[2026-03-07T15:42:50.261Z]   EXT: https://www.tiktok.com/@afimilk.ltd
[2026-03-07T15:42:50.261Z]   EXT: https://www.youtube.com/user/afimilk
[2026-03-07T15:42:50.262Z]   EXT: https://www.youtube.com/watch?v=9J2bO4H2AkU
[2026-03-07T15:42:50.262Z]   EXT: https://www.youtube.com/watch?v=BggEgI1N0cs
[2026-03-07T15:42:50.262Z]   EXT: https://www.youtube.com/watch?v=LGJjwpBC4H8
[2026-03-07T15:42:50.262Z]   EXT: https://www.youtube.com/watch?v=lhYXY1t0K_M
[2026-03-07T15:42:50.262Z] ── Step 1: Programmatic categorization ──
[2026-03-07T15:42:50.262Z]   REGEX: tw <- https://twitter.com/AfimilkLTD
[2026-03-07T15:42:50.262Z]   REGEX: fb <- https://www.facebook.com/afimilk
[2026-03-07T15:42:50.262Z]   REGEX: ig <- https://www.instagram.com/afimilk
[2026-03-07T15:42:50.262Z]   REGEX: li <- https://www.linkedin.com/company/85260
[2026-03-07T15:42:50.263Z]   UNCATEGORIZED: https://www.now-branding.co.il
[2026-03-07T15:42:50.263Z]   REGEX: tt <- https://www.tiktok.com/@afimilk.ltd
[2026-03-07T15:42:50.263Z]   REGEX: ytp <- https://www.youtube.com/user/afimilk
[2026-03-07T15:42:50.263Z] ── Step 1b: Resolving 4 regex-domain URLs via redirect ──
[2026-03-07T15:42:50.263Z]   SKIP (regex domain, no match): https://www.youtube.com/watch?v=9J2bO4H2AkU
[2026-03-07T15:42:50.263Z]   SKIP (regex domain, no match): https://www.youtube.com/watch?v=BggEgI1N0cs
[2026-03-07T15:42:50.263Z]   SKIP (regex domain, no match): https://www.youtube.com/watch?v=LGJjwpBC4H8
[2026-03-07T15:42:50.263Z]   SKIP (regex domain, no match): https://www.youtube.com/watch?v=lhYXY1t0K_M
[2026-03-07T15:42:50.263Z] Programmatic result: ws:2, tw:1, fb:1, ig:1, li:1, tt:1, ytp:1 | 1 uncategorized
[2026-03-07T15:42:50.263Z] Sending uncategorized links + HTML sections to AI for analysis...
[2026-03-07T15:42:50.264Z] Saved AI prompt (1951 chars) to ai_prompt.txt
[2026-03-07T15:42:55.756Z] Saved AI response to ai_response.json
[2026-03-07T15:42:55.756Z] ── Parsing AI response (1 lines) ──
[2026-03-07T15:42:55.756Z] AI returned 0 valid links
[2026-03-07T15:42:55.756Z] ── Categorizing 0 AI-returned links ──
[2026-03-07T15:42:55.756Z] ── Step 2b: Footer/header uncategorized links ──
[2026-03-07T15:42:55.756Z] Footer/header origins (0):
[2026-03-07T15:42:55.757Z]   SKIP (not in footer/header): https://www.now-branding.co.il
[2026-03-07T15:42:55.757Z] Step 2b result: added 0 uncategorized domains from footer/header
[2026-03-07T15:42:55.757Z] ── Step 3: Final dedup ──
[2026-03-07T15:42:55.757Z] No urls to dedup
[2026-03-07T15:42:55.757Z] ── FINAL RESULT ──
[2026-03-07T15:42:55.757Z]   ws (2):
[2026-03-07T15:42:55.757Z]     - https://docs.afimilk.com
[2026-03-07T15:42:55.757Z]     - https://www.afimilk.com
[2026-03-07T15:42:55.757Z]   li (1):
[2026-03-07T15:42:55.757Z]     - https://www.linkedin.com/company/85260
[2026-03-07T15:42:55.757Z]   fb (1):
[2026-03-07T15:42:55.757Z]     - https://www.facebook.com/afimilk
[2026-03-07T15:42:55.757Z]   tw (1):
[2026-03-07T15:42:55.757Z]     - https://x.com/afimilkltd
[2026-03-07T15:42:55.757Z]   ig (1):
[2026-03-07T15:42:55.758Z]     - https://www.instagram.com/afimilk
[2026-03-07T15:42:55.758Z]   ytp (1):
[2026-03-07T15:42:55.758Z]     - https://www.youtube.com/@afimilk
[2026-03-07T15:42:55.758Z]   tt (1):
[2026-03-07T15:42:55.758Z]     - https://www.tiktok.com/@afimilk.ltd
[2026-03-07T15:42:55.758Z] Summary: ws:2, tw:1, fb:1, ig:1, li:1, tt:1, ytp:1
[2026-03-07T15:42:55.758Z] Saved final result to result.json
[2026-03-07T15:42:55.758Z] Override fields: ws, li, fb, tw, ig, ytp, tt
[2026-03-07T15:42:55.759Z] Finished at: 2026-03-07T15:42:55.759Z
