[2026-02-27T05:03:19.336Z] === Homepage AI Extractor: Loora ===
[2026-02-27T05:03:19.336Z] Started at: 2026-02-27T05:03:19.336Z
[2026-02-27T05:03:19.336Z] Log directory: E:\code\The Wall\mono\packages\scrapper\logs\homepage_ai_extractor\1772168599335_Loora
[2026-02-27T05:03:19.336Z] Company: Loora
[2026-02-27T05:03:19.336Z] Website: loora.ai
[2026-02-27T05:03:19.336Z] cbRank: 17671
[2026-02-27T05:03:19.337Z] Reasons: h
[2026-02-27T05:03:19.337Z] Fetching: https://loora.ai
[2026-02-27T05:03:22.257Z] Redirected: https://loora.ai -> https://www.loora.com/
[2026-02-27T05:03:22.271Z] Saved HTML (176442 bytes) to page.html
[2026-02-27T05:03:22.280Z] Extracted 21 unique links from page
[2026-02-27T05:03:22.282Z] Saved 21 links to links.json
[2026-02-27T05:03:22.293Z] Extracted footer HTML (21521 chars)
[2026-02-27T05:03:22.294Z] Extracted header HTML (1747 chars)
[2026-02-27T05:03:22.305Z] Website (post-redirect): https://www.loora.com/
[2026-02-27T05:03:22.306Z]   SUBDOMAIN: business.loora.com (added to ws)
[2026-02-27T05:03:22.307Z] Website subdomains found: 1
[2026-02-27T05:03:22.307Z] External links: 8 (of 21 total)
[2026-02-27T05:03:22.307Z] ── All external links ──
[2026-02-27T05:03:22.308Z]   EXT: https://loora.notion.site/Privacy-Policy-ef0742ecd68747f280fdbbe9ef46d527
[2026-02-27T05:03:22.308Z]   EXT: https://loora.notion.site/Terms-and-Conditions-c5de2f24f44949bd8336426800fd1631
[2026-02-27T05:03:22.309Z]   EXT: https://loora.onelink.me/ntkb/AndroidDownload
[2026-02-27T05:03:22.309Z]   EXT: https://loora.onelink.me/ntkb/websiteDownload
[2026-02-27T05:03:22.309Z]   EXT: https://www.instagram.com/loora.ai
[2026-02-27T05:03:22.309Z]   EXT: https://www.linkedin.com/company/loora
[2026-02-27T05:03:22.309Z]   EXT: https://www.tiktok.com/@loora.ai
[2026-02-27T05:03:22.310Z]   EXT: https://www.youtube.com/@speak-English-with-loora-AI
[2026-02-27T05:03:22.310Z] ── Step 1: Programmatic categorization ──
[2026-02-27T05:03:22.310Z]   UNCATEGORIZED: https://loora.notion.site/Privacy-Policy-ef0742ecd68747f280fdbbe9ef46d527
[2026-02-27T05:03:22.311Z]   UNCATEGORIZED: https://loora.notion.site/Terms-and-Conditions-c5de2f24f44949bd8336426800fd1631
[2026-02-27T05:03:22.311Z]   UNCATEGORIZED: https://loora.onelink.me/ntkb/AndroidDownload
[2026-02-27T05:03:22.312Z]   UNCATEGORIZED: https://loora.onelink.me/ntkb/websiteDownload
[2026-02-27T05:03:22.312Z]   REGEX: ig <- https://www.instagram.com/loora.ai
[2026-02-27T05:03:22.313Z]   REGEX: li <- https://www.linkedin.com/company/loora
[2026-02-27T05:03:22.313Z]   REGEX: tt <- https://www.tiktok.com/@loora.ai
[2026-02-27T05:03:22.313Z]   REGEX: ytp <- https://www.youtube.com/@speak-English-with-loora-AI
[2026-02-27T05:03:22.314Z] Programmatic result: ws:2, ig:1, li:1, tt:1, ytp:1 | 4 uncategorized
[2026-02-27T05:03:22.314Z] Sending uncategorized links + HTML sections to AI for analysis...
[2026-02-27T05:03:22.316Z] Saved AI prompt (4428 chars) to ai_prompt.txt
[2026-02-27T05:03:56.288Z] Saved AI response to ai_response.json
[2026-02-27T05:03:56.288Z] ── Parsing AI response (6 lines) ──
[2026-02-27T05:03:56.288Z]   AI LINK: https://www.tiktok.com/@loora.ai
[2026-02-27T05:03:56.288Z]   AI LINK: https://www.youtube.com/@speak-English-with-loora-AI
[2026-02-27T05:03:56.288Z]   AI LINK: https://www.instagram.com/loora.ai/
[2026-02-27T05:03:56.288Z]   AI LINK: https://www.linkedin.com/company/loora/
[2026-02-27T05:03:56.288Z]   AI LINK: https://loora.onelink.me/ntkb/AndroidDownload
[2026-02-27T05:03:56.289Z]   AI LINK: https://loora.onelink.me/ntkb/websiteDownload
[2026-02-27T05:03:56.289Z] AI returned 6 valid links
[2026-02-27T05:03:56.289Z] ── Categorizing 6 AI-returned links ──
[2026-02-27T05:03:56.289Z]   AI→REGEX: tt <- https://www.tiktok.com/@loora.ai (duplicate, skipped)
[2026-02-27T05:03:56.289Z]   AI→REGEX: ytp <- https://www.youtube.com/@speak-English-with-loora-AI (duplicate, skipped)
[2026-02-27T05:03:56.289Z]   AI→REGEX: ig <- https://www.instagram.com/loora.ai/ (duplicate, skipped)
[2026-02-27T05:03:56.289Z]   AI→REGEX: li <- https://www.linkedin.com/company/loora/ (duplicate, skipped)
[2026-02-27T05:03:56.289Z]   AI→URLS: https://loora.onelink.me/ntkb/AndroidDownload
[2026-02-27T05:03:56.289Z]   AI→URLS: https://loora.onelink.me/ntkb/websiteDownload
[2026-02-27T05:03:56.290Z] ── Step 2b: Footer/header uncategorized links ──
[2026-02-27T05:03:56.290Z] Footer/header origins (7):
[2026-02-27T05:03:56.290Z]   FOOTER/HEADER ORIGIN: https://loora.notion.site
[2026-02-27T05:03:56.290Z]   FOOTER/HEADER ORIGIN: https://business.loora.com
[2026-02-27T05:03:56.290Z]   FOOTER/HEADER ORIGIN: https://loora.onelink.me
[2026-02-27T05:03:56.290Z]   FOOTER/HEADER ORIGIN: https://www.tiktok.com
[2026-02-27T05:03:56.290Z]   FOOTER/HEADER ORIGIN: https://www.youtube.com
[2026-02-27T05:03:56.291Z]   FOOTER/HEADER ORIGIN: https://www.instagram.com
[2026-02-27T05:03:56.291Z]   FOOTER/HEADER ORIGIN: https://www.linkedin.com
[2026-02-27T05:03:56.291Z]   ADDED: urls <- https://loora.notion.site/Privacy-Policy-ef0742ecd68747f280fdbbe9ef46d527
[2026-02-27T05:03:56.291Z]   ADDED: urls <- https://loora.notion.site/Terms-and-Conditions-c5de2f24f44949bd8336426800fd1631
[2026-02-27T05:03:56.291Z]   SKIP (AI claimed): https://loora.onelink.me/ntkb/AndroidDownload
[2026-02-27T05:03:56.291Z]   SKIP (AI claimed): https://loora.onelink.me/ntkb/websiteDownload
[2026-02-27T05:03:56.291Z] Step 2b result: added 2 uncategorized domains from footer/header
[2026-02-27T05:03:56.291Z] ── Step 3: Final dedup ──
[2026-02-27T05:03:56.291Z] Dedup: removed 0 of 4 URLs already in specialized fields
[2026-02-27T05:03:56.291Z] ── FINAL RESULT ──
[2026-02-27T05:03:56.291Z]   ws (2):
[2026-02-27T05:03:56.291Z]     - https://business.loora.com
[2026-02-27T05:03:56.291Z]     - https://www.loora.com/
[2026-02-27T05:03:56.292Z]   li (1):
[2026-02-27T05:03:56.292Z]     - https://www.linkedin.com/company/loora
[2026-02-27T05:03:56.292Z]   ig (1):
[2026-02-27T05:03:56.292Z]     - https://www.instagram.com/loora.ai
[2026-02-27T05:03:56.292Z]   ytp (1):
[2026-02-27T05:03:56.292Z]     - https://www.youtube.com/@speak-english-with-loora-ai
[2026-02-27T05:03:56.292Z]   tt (1):
[2026-02-27T05:03:56.292Z]     - https://www.tiktok.com/@loora.ai
[2026-02-27T05:03:56.292Z]   urls (4):
[2026-02-27T05:03:56.292Z]     - https://loora.notion.site/Privacy-Policy-ef0742ecd68747f280fdbbe9ef46d527
[2026-02-27T05:03:56.292Z]     - https://loora.notion.site/Terms-and-Conditions-c5de2f24f44949bd8336426800fd1631
[2026-02-27T05:03:56.292Z]     - https://loora.onelink.me/ntkb/AndroidDownload
[2026-02-27T05:03:56.292Z]     - https://loora.onelink.me/ntkb/websiteDownload
[2026-02-27T05:03:56.293Z] Summary: ws:2, ig:1, li:1, tt:1, ytp:1, urls:4
[2026-02-27T05:03:56.293Z] Saved final result to result.json
[2026-02-27T05:03:56.294Z] Override fields: ws, li, ig, ytp, tt, urls
[2026-02-27T05:03:56.294Z] Finished at: 2026-02-27T05:03:56.294Z
