[2026-03-07T14:31:37.761Z] === Homepage AI Extractor: ULTRA-RED ===
[2026-03-07T14:31:37.761Z] Started at: 2026-03-07T14:31:37.761Z
[2026-03-07T14:31:37.761Z] Log directory: E:\code\The Wall\mono\packages\scrapper\logs\homepage_ai_extractor\1772893897761_ULTRA-RED
[2026-03-07T14:31:37.761Z] Company: ULTRA-RED
[2026-03-07T14:31:37.761Z] Website: ultrared.ai
[2026-03-07T14:31:37.761Z] cbRank: 261783
[2026-03-07T14:31:37.761Z] Reasons: h
[2026-03-07T14:31:37.762Z] Fetching: https://ultrared.ai
[2026-03-07T14:31:41.043Z] Redirected: https://ultrared.ai -> https://www.ultrared.ai/
[2026-03-07T14:31:41.048Z] Saved HTML (84893 bytes) to page.html
[2026-03-07T14:31:41.052Z] Extracted 37 unique links from page
[2026-03-07T14:31:41.055Z] Saved 37 links to links.json
[2026-03-07T14:31:41.059Z] Extracted footer HTML (4453 chars)
[2026-03-07T14:31:41.059Z] Extracted header HTML (10487 chars)
[2026-03-07T14:31:41.063Z] Website (post-redirect): https://www.ultrared.ai/ → origin: https://www.ultrared.ai
[2026-03-07T14:31:41.064Z] External links: 8 (of 37 total)
[2026-03-07T14:31:41.064Z] ── All external links ──
[2026-03-07T14:31:41.064Z]   EXT: https://cyberdefenseawards.com/top-infosec-innovators-for-2024
[2026-03-07T14:31:41.064Z]   EXT: https://finance.yahoo.com/news/leaf-home-selects-ultra-red-133600216.html
[2026-03-07T14:31:41.064Z]   EXT: https://www.bayer.com/en/cybersecurity-hall-of-fame
[2026-03-07T14:31:41.064Z]   EXT: https://www.globenewswire.com/news-release/2025/10/09/3164295/0/en/Cybersecurity-Innovators-Honored-in-Ninth-Annual-CyberSecurity-Breakthrough-Awards-Program.html
[2026-03-07T14:31:41.064Z]   EXT: https://www.linkedin.com/company/ultra-red-ltd
[2026-03-07T14:31:41.064Z]   EXT: https://www.prnewswire.com/news-releases/ultra-red-reports-triple-growth-in-2024-strengthening-its-position-as-a-ctem-leader-302380129.html
[2026-03-07T14:31:41.065Z]   EXT: https://www.scworld.com/perspective/why-do-accept-being-wrong-more-than-50-of-the-time
[2026-03-07T14:31:41.065Z]   EXT: https://x.com/ULTRAREDonX
[2026-03-07T14:31:41.065Z] ── Step 1: Programmatic categorization ──
[2026-03-07T14:31:41.065Z]   UNCATEGORIZED: https://cyberdefenseawards.com/top-infosec-innovators-for-2024
[2026-03-07T14:31:41.065Z]   UNCATEGORIZED: https://finance.yahoo.com/news/leaf-home-selects-ultra-red-133600216.html
[2026-03-07T14:31:41.065Z]   UNCATEGORIZED: https://www.bayer.com/en/cybersecurity-hall-of-fame
[2026-03-07T14:31:41.065Z]   UNCATEGORIZED: https://www.globenewswire.com/news-release/2025/10/09/3164295/0/en/Cybersecurity-Innovators-Honored-in-Ninth-Annual-CyberSecurity-Breakthrough-Awards-Program.html
[2026-03-07T14:31:41.065Z]   REGEX: li <- https://www.linkedin.com/company/ultra-red-ltd
[2026-03-07T14:31:41.065Z]   UNCATEGORIZED: https://www.prnewswire.com/news-releases/ultra-red-reports-triple-growth-in-2024-strengthening-its-position-as-a-ctem-leader-302380129.html
[2026-03-07T14:31:41.065Z]   UNCATEGORIZED: https://www.scworld.com/perspective/why-do-accept-being-wrong-more-than-50-of-the-time
[2026-03-07T14:31:41.066Z]   REGEX: tw <- https://x.com/ULTRAREDonX
[2026-03-07T14:31:41.066Z] Programmatic result: ws:1, li:1, tw:1 | 6 uncategorized
[2026-03-07T14:31:41.066Z] Sending uncategorized links + HTML sections to AI for analysis...
[2026-03-07T14:31:41.066Z] Saved AI prompt (5597 chars) to ai_prompt.txt
[2026-03-07T14:32:09.488Z] Saved AI response to ai_response.json
[2026-03-07T14:32:09.488Z] ── Parsing AI response (2 lines) ──
[2026-03-07T14:32:09.488Z]   AI LINK: https://www.linkedin.com/company/ultra-red-ltd/
[2026-03-07T14:32:09.488Z]   AI LINK: https://x.com/ULTRAREdonX
[2026-03-07T14:32:09.488Z] AI returned 2 valid links
[2026-03-07T14:32:09.488Z] ── Categorizing 2 AI-returned links ──
[2026-03-07T14:32:09.488Z]   AI→REGEX: li <- https://www.linkedin.com/company/ultra-red-ltd/ (duplicate, skipped)
[2026-03-07T14:32:09.489Z]   AI→REGEX: tw <- https://x.com/ULTRAREdonX (duplicate, skipped)
[2026-03-07T14:32:09.489Z] ── Step 2b: Footer/header uncategorized links ──
[2026-03-07T14:32:09.490Z] Footer/header origins (2):
[2026-03-07T14:32:09.490Z]   FOOTER/HEADER ORIGIN: https://www.linkedin.com
[2026-03-07T14:32:09.490Z]   FOOTER/HEADER ORIGIN: https://x.com
[2026-03-07T14:32:09.490Z]   SKIP (not in footer/header): https://cyberdefenseawards.com/top-infosec-innovators-for-2024
[2026-03-07T14:32:09.490Z]   SKIP (not in footer/header): https://finance.yahoo.com/news/leaf-home-selects-ultra-red-133600216.html
[2026-03-07T14:32:09.490Z]   SKIP (not in footer/header): https://www.bayer.com/en/cybersecurity-hall-of-fame
[2026-03-07T14:32:09.490Z]   SKIP (not in footer/header): https://www.globenewswire.com/news-release/2025/10/09/3164295/0/en/Cybersecurity-Innovators-Honored-in-Ninth-Annual-CyberSecurity-Breakthrough-Awards-Program.html
[2026-03-07T14:32:09.490Z]   SKIP (not in footer/header): https://www.prnewswire.com/news-releases/ultra-red-reports-triple-growth-in-2024-strengthening-its-position-as-a-ctem-leader-302380129.html
[2026-03-07T14:32:09.490Z]   SKIP (not in footer/header): https://www.scworld.com/perspective/why-do-accept-being-wrong-more-than-50-of-the-time
[2026-03-07T14:32:09.490Z] Step 2b result: added 0 uncategorized domains from footer/header
[2026-03-07T14:32:09.490Z] ── Step 3: Final dedup ──
[2026-03-07T14:32:09.491Z] No urls to dedup
[2026-03-07T14:32:09.491Z] ── FINAL RESULT ──
[2026-03-07T14:32:09.491Z]   ws (1):
[2026-03-07T14:32:09.491Z]     - https://www.ultrared.ai
[2026-03-07T14:32:09.491Z]   li (1):
[2026-03-07T14:32:09.491Z]     - https://www.linkedin.com/company/ultra-red-ltd
[2026-03-07T14:32:09.491Z]   tw (1):
[2026-03-07T14:32:09.491Z]     - https://x.com/ultraredonx
[2026-03-07T14:32:09.491Z] Summary: ws:1, li:1, tw:1
[2026-03-07T14:32:09.492Z] Saved final result to result.json
[2026-03-07T14:32:09.492Z] Override fields: ws, li, tw
[2026-03-07T14:32:09.492Z] Finished at: 2026-03-07T14:32:09.492Z
