[2026-03-19T18:05:59.143Z] === Homepage AI Extractor: Benjamin Berros Insurance Agency ===
[2026-03-19T18:05:59.144Z] Started at: 2026-03-19T18:05:59.144Z
[2026-03-19T18:05:59.144Z] Log directory: C:\Users\ahmed\code\mono\packages\scrapper\logs\homepage_ai_extractor\1773943559143_Benjamin_Berros_Insurance_Agency
[2026-03-19T18:05:59.144Z] Company: Benjamin Berros Insurance Agency
[2026-03-19T18:05:59.144Z] Website: 2befinance.com
[2026-03-19T18:05:59.144Z] cbRank: 2407550
[2026-03-19T18:05:59.144Z] Reasons: h
[2026-03-19T18:05:59.144Z] Fetching: https://2befinance.com
[2026-03-19T18:06:03.240Z] Redirected: https://2befinance.com -> https://2befinance.com/fr/
[2026-03-19T18:06:03.243Z] Saved HTML (36076 bytes) to page.html
[2026-03-19T18:06:03.245Z] Extracted 2 unique links from page
[2026-03-19T18:06:03.245Z] Saved 2 links to links.json
[2026-03-19T18:06:03.247Z] No footer section found in DOM
[2026-03-19T18:06:03.247Z] No header section found in DOM
[2026-03-19T18:06:03.252Z] Website (post-redirect): https://2befinance.com/fr/ → origin: https://2befinance.com
[2026-03-19T18:06:03.253Z] External links: 0 (of 2 total)
[2026-03-19T18:06:03.253Z] ── All external links ──
[2026-03-19T18:06:03.253Z] ── Step 1: Programmatic categorization ──
[2026-03-19T18:06:03.253Z] Programmatic result: ws:1 | 0 uncategorized
[2026-03-19T18:06:03.253Z] No uncategorized links and no HTML sections — skipping AI analysis
[2026-03-19T18:06:03.253Z] ── Step 2b: Footer/header uncategorized links ──
[2026-03-19T18:06:03.253Z] Footer/header origins (0):
[2026-03-19T18:06:03.253Z] Step 2b result: added 0 uncategorized domains from footer/header
[2026-03-19T18:06:03.253Z] ── Step 2c: YouTube channel handle resolution ──
[2026-03-19T18:06:03.253Z]   YOUTUBE: no ytc entries to resolve
[2026-03-19T18:06:03.254Z] ── Step 3: Final dedup ──
[2026-03-19T18:06:03.254Z] No urls to dedup
[2026-03-19T18:06:03.254Z] ── FINAL RESULT ──
[2026-03-19T18:06:03.254Z]   ws (1):
[2026-03-19T18:06:03.254Z]     - https://2befinance.com
[2026-03-19T18:06:03.254Z] Summary: ws:1
[2026-03-19T18:06:03.257Z] Saved final result to result.json
[2026-03-19T18:06:03.257Z] Override fields: ws
[2026-03-19T18:06:03.257Z] Finished at: 2026-03-19T18:06:03.257Z
