[2026-02-24T00:21:18.425Z] === Homepage AI Extractor: Appcharge ===
[2026-02-24T00:21:18.433Z] Started at: 2026-02-24T00:21:18.433Z
[2026-02-24T00:21:18.433Z] Log directory: E:\code\The Wall\mono\packages\scrapper\logs\homepage_ai_extractor\Appcharge
[2026-02-24T00:21:18.433Z] Company: Appcharge
[2026-02-24T00:21:18.433Z] Website: appcharge.com
[2026-02-24T00:21:18.433Z] cbRank: 1605
[2026-02-24T00:21:18.433Z] Reasons: h
[2026-02-24T00:21:18.434Z] Fetching: https://appcharge.com
[2026-02-24T00:21:35.950Z] Network idle timeout — continuing with current state
[2026-02-24T00:21:36.074Z] Dismissed cookie consent popup via: button:has-text("Accept all")
[2026-02-24T00:21:37.116Z] Redirected: https://appcharge.com -> https://www.appcharge.com/
[2026-02-24T00:21:49.548Z] Saved HTML (123726853 bytes) to page.html
[2026-02-24T00:21:49.600Z] Extracted 69 unique links from page
[2026-02-24T00:21:49.601Z] Saved 69 links to links.json
[2026-02-24T00:21:49.611Z] Extracted footer HTML (14775 chars)
[2026-02-24T00:21:49.611Z] Extracted header HTML (9307 chars)
[2026-02-24T00:21:49.635Z] Website (post-redirect): https://www.appcharge.com/
[2026-02-24T00:21:49.636Z] External links: 23 (of 69 total)
[2026-02-24T00:21:49.639Z] Programmatic categorization: ws:1, li:1, ytp:1 | 21 uncategorized
[2026-02-24T00:21:49.640Z] Sending uncategorized links + HTML sections to AI for analysis...
[2026-02-24T00:21:49.641Z] Saved AI prompt (11488 chars) to ai_prompt.txt
[2026-02-24T00:22:42.080Z] Saved AI response to ai_response.json
[2026-02-24T00:22:42.081Z] AI found: fb:1
[2026-02-24T00:22:42.082Z] AI added: fb <- https://www.facebook.com/profile.php?id=61561199398476
[2026-02-24T00:22:42.082Z] Added 20 uncategorized links to urls for future inspection
[2026-02-24T00:22:42.082Z] Final categorization: ws:1, li:1, ytp:1, fb:1, urls:20
[2026-02-24T00:22:42.083Z] Saved final result to result.json
[2026-02-24T00:22:42.084Z] Override fields: ws, li, fb, ytp, urls
[2026-02-24T00:22:42.084Z] Finished at: 2026-02-24T00:22:42.084Z
