[2026-03-01T18:39:30.691Z] === Homepage AI Extractor: Atly ===
[2026-03-01T18:39:30.691Z] Started at: 2026-03-01T18:39:30.691Z
[2026-03-01T18:39:30.691Z] Log directory: E:\code\The Wall\mono\packages\scrapper\logs\homepage_ai_extractor\1772390370691_Atly
[2026-03-01T18:39:30.692Z] Company: Atly
[2026-03-01T18:39:30.692Z] Website: atly.com
[2026-03-01T18:39:30.692Z] cbRank: 37279
[2026-03-01T18:39:30.692Z] Reasons: h
[2026-03-01T18:39:30.692Z] Fetching: https://atly.com
[2026-03-01T18:39:34.244Z] Redirected: https://atly.com -> https://www.atly.com/
[2026-03-01T18:39:34.250Z] Saved HTML (99103 bytes) to page.html
[2026-03-01T18:39:34.253Z] Extracted 16 unique links from page
[2026-03-01T18:39:34.254Z] Saved 16 links to links.json
[2026-03-01T18:39:34.257Z] No footer section found in DOM
[2026-03-01T18:39:34.257Z] Extracted header HTML (3688 chars)
[2026-03-01T18:39:34.263Z] Website (post-redirect): https://www.atly.com/ → origin: https://www.atly.com
[2026-03-01T18:39:34.264Z] External links: 5 (of 16 total)
[2026-03-01T18:39:34.264Z] ── All external links ──
[2026-03-01T18:39:34.264Z]   EXT: https://apps.apple.com/us/app/atly-know-where-to-go/id1449597018
[2026-03-01T18:39:34.264Z]   EXT: https://play.google.com/store/search?q=atly&c=apps
[2026-03-01T18:39:34.264Z]   EXT: https://www.facebook.com/atlyofficial
[2026-03-01T18:39:34.264Z]   EXT: https://www.instagram.com/atly
[2026-03-01T18:39:34.264Z]   EXT: https://www.tiktok.com/@atlyofficial
[2026-03-01T18:39:34.264Z] ── Step 1: Programmatic categorization ──
[2026-03-01T18:39:34.265Z]   UNCATEGORIZED: https://apps.apple.com/us/app/atly-know-where-to-go/id1449597018
[2026-03-01T18:39:34.265Z]   UNCATEGORIZED: https://play.google.com/store/search?q=atly&c=apps
[2026-03-01T18:39:34.265Z]   REGEX: fb <- https://www.facebook.com/atlyofficial
[2026-03-01T18:39:34.265Z]   REGEX: ig <- https://www.instagram.com/atly
[2026-03-01T18:39:34.265Z]   REGEX: tt <- https://www.tiktok.com/@atlyofficial
[2026-03-01T18:39:34.265Z] Programmatic result: ws:1, fb:1, ig:1, tt:1 | 2 uncategorized
[2026-03-01T18:39:34.265Z] Sending uncategorized links + HTML sections to AI for analysis...
[2026-03-01T18:39:34.266Z] Saved AI prompt (2029 chars) to ai_prompt.txt
[2026-03-01T18:39:49.016Z] Saved AI response to ai_response.json
[2026-03-01T18:39:49.017Z] ── Parsing AI response (2 lines) ──
[2026-03-01T18:39:49.017Z]   AI LINK: https://apps.apple.com/us/app/atly-know-where-to-go/id1449597018
[2026-03-01T18:39:49.017Z]   AI LINK: https://play.google.com/store/search?q=atly&c=apps
[2026-03-01T18:39:49.017Z] AI returned 2 valid links
[2026-03-01T18:39:49.017Z] ── Categorizing 2 AI-returned links ──
[2026-03-01T18:39:49.017Z]   AI→URLS: https://apps.apple.com/us/app/atly-know-where-to-go/id1449597018
[2026-03-01T18:39:49.017Z]   AI→URLS: https://play.google.com/store/search (cleaned from https://play.google.com/store/search?q=atly&c=apps)
[2026-03-01T18:39:49.018Z] ── Step 2b: Footer/header uncategorized links ──
[2026-03-01T18:39:49.018Z] Footer/header origins (5):
[2026-03-01T18:39:49.018Z]   FOOTER/HEADER ORIGIN: https://apps.apple.com
[2026-03-01T18:39:49.018Z]   FOOTER/HEADER ORIGIN: https://play.google.com
[2026-03-01T18:39:49.018Z]   FOOTER/HEADER ORIGIN: https://www.instagram.com
[2026-03-01T18:39:49.018Z]   FOOTER/HEADER ORIGIN: https://www.tiktok.com
[2026-03-01T18:39:49.018Z]   FOOTER/HEADER ORIGIN: https://www.facebook.com
[2026-03-01T18:39:49.018Z]   SKIP (AI claimed): https://apps.apple.com/us/app/atly-know-where-to-go/id1449597018
[2026-03-01T18:39:49.018Z]   SKIP (AI claimed): https://play.google.com/store/search?q=atly&c=apps
[2026-03-01T18:39:49.018Z] Step 2b result: added 0 uncategorized domains from footer/header
[2026-03-01T18:39:49.018Z] ── Step 3: Final dedup ──
[2026-03-01T18:39:49.018Z] Dedup: removed 0 of 2 URLs already in specialized fields
[2026-03-01T18:39:49.018Z] ── FINAL RESULT ──
[2026-03-01T18:39:49.018Z]   ws (1):
[2026-03-01T18:39:49.018Z]     - https://www.atly.com
[2026-03-01T18:39:49.018Z]   fb (1):
[2026-03-01T18:39:49.018Z]     - https://www.facebook.com/atlyofficial
[2026-03-01T18:39:49.019Z]   ig (1):
[2026-03-01T18:39:49.019Z]     - https://www.instagram.com/atly
[2026-03-01T18:39:49.019Z]   tt (1):
[2026-03-01T18:39:49.019Z]     - https://www.tiktok.com/@atlyofficial
[2026-03-01T18:39:49.019Z]   urls (2):
[2026-03-01T18:39:49.019Z]     - https://apps.apple.com/us/app/atly-know-where-to-go/id1449597018
[2026-03-01T18:39:49.019Z]     - https://play.google.com/store/search
[2026-03-01T18:39:49.019Z] Summary: ws:1, fb:1, ig:1, tt:1, urls:2
[2026-03-01T18:39:49.019Z] Saved final result to result.json
[2026-03-01T18:39:49.019Z] Override fields: ws, fb, ig, tt, urls
[2026-03-01T18:39:49.020Z] Finished at: 2026-03-01T18:39:49.020Z
