[2026-03-06T08:57:18.752Z] === Homepage AI Extractor: Abbi.io ===
[2026-03-06T08:57:18.753Z] Started at: 2026-03-06T08:57:18.753Z
[2026-03-06T08:57:18.753Z] Log directory: E:\code\The Wall\mono\packages\scrapper\logs\homepage_ai_extractor\1772787438752_Abbi.io
[2026-03-06T08:57:18.753Z] Company: Abbi.io
[2026-03-06T08:57:18.753Z] Website: abbi.io
[2026-03-06T08:57:18.753Z] cbRank: 180308
[2026-03-06T08:57:18.753Z] Reasons: h
[2026-03-06T08:57:18.753Z] Fetching: https://abbi.io
[2026-03-06T08:57:29.366Z] Network idle timeout — continuing with current state
[2026-03-06T08:57:29.411Z] Redirected: https://abbi.io -> https://www.abbi.io/
[2026-03-06T08:57:29.413Z] Saved HTML (32779 bytes) to page.html
[2026-03-06T08:57:29.416Z] Extracted 16 unique links from page
[2026-03-06T08:57:29.416Z] Saved 16 links to links.json
[2026-03-06T08:57:29.419Z] Extracted footer HTML (1051 chars)
[2026-03-06T08:57:29.419Z] Extracted header HTML (3365 chars)
[2026-03-06T08:57:29.426Z] Website (post-redirect): https://www.abbi.io/ → origin: https://www.abbi.io
[2026-03-06T08:57:29.426Z] External links: 6 (of 16 total)
[2026-03-06T08:57:29.426Z] ── All external links ──
[2026-03-06T08:57:29.426Z]   EXT: https://abbi.zendesk.com/hc/en-us
[2026-03-06T08:57:29.426Z]   EXT: https://bintray.com/abbiio/maven/abbisdk/view
[2026-03-06T08:57:29.426Z]   EXT: https://cocoapods.org/pods/abbi
[2026-03-06T08:57:29.426Z]   EXT: https://github.com/abbiio
[2026-03-06T08:57:29.427Z]   EXT: https://twitter.com/goabbi
[2026-03-06T08:57:29.427Z]   EXT: https://www.facebook.com/abbiio
[2026-03-06T08:57:29.427Z] ── Step 1: Programmatic categorization ──
[2026-03-06T08:57:29.427Z]   UNCATEGORIZED: https://abbi.zendesk.com/hc/en-us
[2026-03-06T08:57:29.427Z]   UNCATEGORIZED: https://bintray.com/abbiio/maven/abbisdk/view
[2026-03-06T08:57:29.427Z]   UNCATEGORIZED: https://cocoapods.org/pods/abbi
[2026-03-06T08:57:29.427Z]   REGEX: gh <- https://github.com/abbiio
[2026-03-06T08:57:29.427Z]   REGEX: tw <- https://twitter.com/goabbi
[2026-03-06T08:57:29.427Z]   REGEX: fb <- https://www.facebook.com/abbiio
[2026-03-06T08:57:29.427Z] Programmatic result: ws:1, gh:1, tw:1, fb:1 | 3 uncategorized
[2026-03-06T08:57:29.428Z] Sending uncategorized links + HTML sections to AI for analysis...
[2026-03-06T08:57:29.428Z] Saved AI prompt (2713 chars) to ai_prompt.txt
[2026-03-06T08:57:54.476Z] Saved AI response to ai_response.json
[2026-03-06T08:57:54.476Z] ── Parsing AI response (6 lines) ──
[2026-03-06T08:57:54.476Z]   AI LINK: https://twitter.com/goabbi
[2026-03-06T08:57:54.476Z]   AI LINK: https://www.facebook.com/abbiio
[2026-03-06T08:57:54.476Z]   AI LINK: https://abbi.zendesk.com/hc/en-us
[2026-03-06T08:57:54.476Z]   AI LINK: https://github.com/abbiio/
[2026-03-06T08:57:54.476Z]   AI LINK: https://cocoapods.org/pods/abbi
[2026-03-06T08:57:54.476Z]   AI LINK: https://bintray.com/abbiio/maven/abbisdk/view
[2026-03-06T08:57:54.476Z] AI returned 6 valid links
[2026-03-06T08:57:54.477Z] ── Categorizing 6 AI-returned links ──
[2026-03-06T08:57:54.477Z]   AI→REGEX: tw <- https://twitter.com/goabbi (duplicate, skipped)
[2026-03-06T08:57:54.477Z]   AI→REGEX: fb <- https://www.facebook.com/abbiio (duplicate, skipped)
[2026-03-06T08:57:54.477Z]   AI→URLS: https://abbi.zendesk.com/hc/en-us
[2026-03-06T08:57:54.477Z]   AI→REGEX: gh <- https://github.com/abbiio/ (duplicate, skipped)
[2026-03-06T08:57:54.477Z]   AI→URLS: https://cocoapods.org/pods/abbi
[2026-03-06T08:57:54.477Z]   AI→URLS: https://bintray.com/abbiio/maven/abbisdk/view
[2026-03-06T08:57:54.477Z] ── Step 2b: Footer/header uncategorized links ──
[2026-03-06T08:57:54.477Z] Footer/header origins (8):
[2026-03-06T08:57:54.478Z]   FOOTER/HEADER ORIGIN: https://twitter.com
[2026-03-06T08:57:54.478Z]   FOOTER/HEADER ORIGIN: https://www.facebook.com
[2026-03-06T08:57:54.478Z]   FOOTER/HEADER ORIGIN: https://abbi.io
[2026-03-06T08:57:54.478Z]   FOOTER/HEADER ORIGIN: https://abbi.zendesk.com
[2026-03-06T08:57:54.478Z]   FOOTER/HEADER ORIGIN: https://github.com
[2026-03-06T08:57:54.478Z]   FOOTER/HEADER ORIGIN: https://cocoapods.org
[2026-03-06T08:57:54.478Z]   FOOTER/HEADER ORIGIN: https://bintray.com
[2026-03-06T08:57:54.478Z]   FOOTER/HEADER ORIGIN: https://www.abbi.io
[2026-03-06T08:57:54.478Z]   SKIP (AI claimed): https://abbi.zendesk.com/hc/en-us
[2026-03-06T08:57:54.478Z]   SKIP (AI claimed): https://bintray.com/abbiio/maven/abbisdk/view
[2026-03-06T08:57:54.478Z]   SKIP (AI claimed): https://cocoapods.org/pods/abbi
[2026-03-06T08:57:54.478Z] Step 2b result: added 0 uncategorized domains from footer/header
[2026-03-06T08:57:54.478Z] ── Step 3: Final dedup ──
[2026-03-06T08:57:54.478Z] Dedup: removed 0 of 3 URLs already in specialized fields
[2026-03-06T08:57:54.479Z] ── FINAL RESULT ──
[2026-03-06T08:57:54.479Z]   ws (1):
[2026-03-06T08:57:54.479Z]     - https://www.abbi.io
[2026-03-06T08:57:54.479Z]   fb (1):
[2026-03-06T08:57:54.479Z]     - https://www.facebook.com/abbiio
[2026-03-06T08:57:54.479Z]   tw (1):
[2026-03-06T08:57:54.479Z]     - https://x.com/goabbi
[2026-03-06T08:57:54.479Z]   gh (1):
[2026-03-06T08:57:54.479Z]     - https://github.com/abbiio
[2026-03-06T08:57:54.479Z]   urls (3):
[2026-03-06T08:57:54.479Z]     - https://abbi.zendesk.com/hc/en-us
[2026-03-06T08:57:54.479Z]     - https://bintray.com/abbiio/maven/abbisdk/view
[2026-03-06T08:57:54.479Z]     - https://cocoapods.org/pods/abbi
[2026-03-06T08:57:54.479Z] Summary: ws:1, gh:1, tw:1, fb:1, urls:3
[2026-03-06T08:57:54.480Z] Saved final result to result.json
[2026-03-06T08:57:54.480Z] Override fields: ws, fb, tw, gh, urls
[2026-03-06T08:57:54.480Z] Finished at: 2026-03-06T08:57:54.480Z
