[2026-03-01T18:17:41.510Z] === Homepage AI Extractor: Proggio ===
[2026-03-01T18:17:41.512Z] Started at: 2026-03-01T18:17:41.512Z
[2026-03-01T18:17:41.512Z] Log directory: E:\code\The Wall\mono\packages\scrapper\logs\homepage_ai_extractor\1772389061508_Proggio
[2026-03-01T18:17:41.512Z] Company: Proggio
[2026-03-01T18:17:41.512Z] Website: proggio.com
[2026-03-01T18:17:41.512Z] cbRank: 35794
[2026-03-01T18:17:41.512Z] Reasons: h
[2026-03-01T18:17:41.513Z] Fetching: https://proggio.com
[2026-03-01T18:17:44.168Z] Redirected: https://proggio.com -> https://www.proggio.com/
[2026-03-01T18:17:44.178Z] Saved HTML (146395 bytes) to page.html
[2026-03-01T18:17:44.184Z] Extracted 85 unique links from page
[2026-03-01T18:17:44.185Z] Saved 85 links to links.json
[2026-03-01T18:17:44.191Z] Extracted footer HTML (9056 chars)
[2026-03-01T18:17:44.191Z] Extracted header HTML (30775 chars)
[2026-03-01T18:17:44.203Z] Website (post-redirect): https://www.proggio.com/ → origin: https://www.proggio.com
[2026-03-01T18:17:44.204Z]   SUBDOMAIN: app.proggio.com (added to ws)
[2026-03-01T18:17:44.204Z]   SUBDOMAIN: landing.proggio.com (added to ws)
[2026-03-01T18:17:44.204Z] Website subdomains found: 2
[2026-03-01T18:17:44.204Z] External links: 5 (of 85 total)
[2026-03-01T18:17:44.204Z] ── All external links ──
[2026-03-01T18:17:44.204Z]   EXT: https://twitter.com/ProggioApp
[2026-03-01T18:17:44.204Z]   EXT: https://www.facebook.com/proggioppm
[2026-03-01T18:17:44.205Z]   EXT: https://www.instagram.com/proggioapp
[2026-03-01T18:17:44.205Z]   EXT: https://www.linkedin.com/company/proggio
[2026-03-01T18:17:44.205Z]   EXT: https://www.youtube.com/channel/UCAsdxctxjk192p6EmvH0TUw
[2026-03-01T18:17:44.205Z] ── Step 1: Programmatic categorization ──
[2026-03-01T18:17:44.205Z]   REGEX: tw <- https://twitter.com/ProggioApp
[2026-03-01T18:17:44.205Z]   REGEX: fb <- https://www.facebook.com/proggioppm
[2026-03-01T18:17:44.205Z]   REGEX: ig <- https://www.instagram.com/proggioapp
[2026-03-01T18:17:44.205Z]   REGEX: li <- https://www.linkedin.com/company/proggio
[2026-03-01T18:17:44.205Z]   REGEX: ytc <- https://www.youtube.com/channel/UCAsdxctxjk192p6EmvH0TUw
[2026-03-01T18:17:44.205Z] Programmatic result: ws:3, tw:1, fb:1, ig:1, li:1, ytc:1 | 0 uncategorized
[2026-03-01T18:17:44.205Z] Sending uncategorized links + HTML sections to AI for analysis...
[2026-03-01T18:17:44.207Z] Saved AI prompt (7590 chars) to ai_prompt.txt
[2026-03-01T18:18:29.530Z] Saved AI response to ai_response.json
[2026-03-01T18:18:29.531Z] ── Parsing AI response (5 lines) ──
[2026-03-01T18:18:29.531Z]   AI LINK: https://www.instagram.com/proggioapp
[2026-03-01T18:18:29.531Z]   AI LINK: https://twitter.com/ProggioApp
[2026-03-01T18:18:29.531Z]   AI LINK: https://www.facebook.com/proggioppm
[2026-03-01T18:18:29.531Z]   AI LINK: https://www.linkedin.com/company/proggio/
[2026-03-01T18:18:29.531Z]   AI LINK: https://www.youtube.com/channel/UCAsdxctxjk192p6EmvH0TUw
[2026-03-01T18:18:29.531Z] AI returned 5 valid links
[2026-03-01T18:18:29.531Z] ── Categorizing 5 AI-returned links ──
[2026-03-01T18:18:29.532Z]   AI→REGEX: ig <- https://www.instagram.com/proggioapp (duplicate, skipped)
[2026-03-01T18:18:29.532Z]   AI→REGEX: tw <- https://twitter.com/ProggioApp (duplicate, skipped)
[2026-03-01T18:18:29.532Z]   AI→REGEX: fb <- https://www.facebook.com/proggioppm (duplicate, skipped)
[2026-03-01T18:18:29.532Z]   AI→REGEX: li <- https://www.linkedin.com/company/proggio/ (duplicate, skipped)
[2026-03-01T18:18:29.532Z]   AI→REGEX: ytc <- https://www.youtube.com/channel/UCAsdxctxjk192p6EmvH0TUw (duplicate, skipped)
[2026-03-01T18:18:29.533Z] ── Step 2b: Footer/header uncategorized links ──
[2026-03-01T18:18:29.533Z] Footer/header origins (8):
[2026-03-01T18:18:29.534Z]   FOOTER/HEADER ORIGIN: https://www.instagram.com
[2026-03-01T18:18:29.534Z]   FOOTER/HEADER ORIGIN: https://twitter.com
[2026-03-01T18:18:29.534Z]   FOOTER/HEADER ORIGIN: https://www.facebook.com
[2026-03-01T18:18:29.534Z]   FOOTER/HEADER ORIGIN: https://www.linkedin.com
[2026-03-01T18:18:29.534Z]   FOOTER/HEADER ORIGIN: https://www.youtube.com
[2026-03-01T18:18:29.534Z]   FOOTER/HEADER ORIGIN: https://www.proggio.com
[2026-03-01T18:18:29.534Z]   FOOTER/HEADER ORIGIN: https://landing.proggio.com
[2026-03-01T18:18:29.534Z]   FOOTER/HEADER ORIGIN: https://app.proggio.com
[2026-03-01T18:18:29.534Z] Step 2b result: added 0 uncategorized domains from footer/header
[2026-03-01T18:18:29.534Z] ── Step 3: Final dedup ──
[2026-03-01T18:18:29.534Z] No urls to dedup
[2026-03-01T18:18:29.534Z] ── FINAL RESULT ──
[2026-03-01T18:18:29.534Z]   ws (3):
[2026-03-01T18:18:29.534Z]     - https://app.proggio.com
[2026-03-01T18:18:29.534Z]     - https://landing.proggio.com
[2026-03-01T18:18:29.534Z]     - https://www.proggio.com
[2026-03-01T18:18:29.535Z]   li (1):
[2026-03-01T18:18:29.535Z]     - https://www.linkedin.com/company/proggio
[2026-03-01T18:18:29.535Z]   fb (1):
[2026-03-01T18:18:29.535Z]     - https://www.facebook.com/proggioppm
[2026-03-01T18:18:29.535Z]   tw (1):
[2026-03-01T18:18:29.535Z]     - https://x.com/proggioapp
[2026-03-01T18:18:29.535Z]   ig (1):
[2026-03-01T18:18:29.535Z]     - https://www.instagram.com/proggioapp
[2026-03-01T18:18:29.535Z]   ytc (1):
[2026-03-01T18:18:29.535Z]     - https://www.youtube.com/channel/ucasdxctxjk192p6emvh0tuw
[2026-03-01T18:18:29.535Z] Summary: ws:3, tw:1, fb:1, ig:1, li:1, ytc:1
[2026-03-01T18:18:29.536Z] Saved final result to result.json
[2026-03-01T18:18:29.536Z] Override fields: ws, li, fb, tw, ig, ytc
[2026-03-01T18:18:29.536Z] Finished at: 2026-03-01T18:18:29.536Z
