[2026-03-05T06:53:03.866Z] === Homepage AI Extractor: Magentiq Eye Ltd ===
[2026-03-05T06:53:03.867Z] Started at: 2026-03-05T06:53:03.867Z
[2026-03-05T06:53:03.867Z] Log directory: E:\code\The Wall\mono\packages\scrapper\logs\homepage_ai_extractor\1772693583866_Magentiq_Eye_Ltd
[2026-03-05T06:53:03.867Z] Company: Magentiq Eye Ltd
[2026-03-05T06:53:03.867Z] Website: magentiq.com
[2026-03-05T06:53:03.867Z] cbRank: 55763
[2026-03-05T06:53:03.867Z] Reasons: h
[2026-03-05T06:53:03.867Z] Fetching: https://magentiq.com
[2026-03-05T06:53:06.195Z] Redirected: https://magentiq.com -> https://magentiq.com/
[2026-03-05T06:53:06.203Z] Saved HTML (150662 bytes) to page.html
[2026-03-05T06:53:06.208Z] Extracted 17 unique links from page
[2026-03-05T06:53:06.208Z] Saved 17 links to links.json
[2026-03-05T06:53:06.218Z] Extracted footer HTML (6758 chars)
[2026-03-05T06:53:06.218Z] Extracted header HTML (1834 chars)
[2026-03-05T06:53:06.223Z] Website (post-redirect): https://magentiq.com/ → origin: https://magentiq.com
[2026-03-05T06:53:06.224Z] External links: 5 (of 17 total)
[2026-03-05T06:53:06.224Z] ── All external links ──
[2026-03-05T06:53:06.224Z]   EXT: https://programme.ueg.eu/week2022/#/details/presentations/2624
[2026-03-05T06:53:06.224Z]   EXT: https://twitter.com/MagentiqEye
[2026-03-05T06:53:06.224Z]   EXT: https://vee.co.il
[2026-03-05T06:53:06.224Z]   EXT: https://vee.co.il/pricing
[2026-03-05T06:53:06.224Z]   EXT: https://www.linkedin.com/company/magentiq-eye-ltd
[2026-03-05T06:53:06.224Z] ── Step 1: Programmatic categorization ──
[2026-03-05T06:53:06.224Z]   UNCATEGORIZED: https://programme.ueg.eu/week2022/#/details/presentations/2624
[2026-03-05T06:53:06.224Z]   REGEX: tw <- https://twitter.com/MagentiqEye
[2026-03-05T06:53:06.224Z]   UNCATEGORIZED: https://vee.co.il
[2026-03-05T06:53:06.225Z]   UNCATEGORIZED: https://vee.co.il/pricing
[2026-03-05T06:53:06.225Z]   REGEX: li <- https://www.linkedin.com/company/magentiq-eye-ltd
[2026-03-05T06:53:06.225Z] Programmatic result: ws:1, tw:1, li:1 | 3 uncategorized
[2026-03-05T06:53:06.225Z] Sending uncategorized links + HTML sections to AI for analysis...
[2026-03-05T06:53:06.226Z] Saved AI prompt (6293 chars) to ai_prompt.txt
[2026-03-05T06:53:34.841Z] Saved AI response to ai_response.json
[2026-03-05T06:53:34.841Z] ── Parsing AI response (2 lines) ──
[2026-03-05T06:53:34.841Z]   AI LINK: https://twitter.com/MagentiqEye
[2026-03-05T06:53:34.842Z]   AI LINK: https://www.linkedin.com/company/magentiq-eye-ltd
[2026-03-05T06:53:34.842Z] AI returned 2 valid links
[2026-03-05T06:53:34.842Z] ── Categorizing 2 AI-returned links ──
[2026-03-05T06:53:34.842Z]   AI→REGEX: tw <- https://twitter.com/MagentiqEye (duplicate, skipped)
[2026-03-05T06:53:34.842Z]   AI→REGEX: li <- https://www.linkedin.com/company/magentiq-eye-ltd (duplicate, skipped)
[2026-03-05T06:53:34.842Z] ── Step 2b: Footer/header uncategorized links ──
[2026-03-05T06:53:34.842Z] Footer/header origins (3):
[2026-03-05T06:53:34.842Z]   FOOTER/HEADER ORIGIN: https://magentiq.com
[2026-03-05T06:53:34.842Z]   FOOTER/HEADER ORIGIN: https://twitter.com
[2026-03-05T06:53:34.843Z]   FOOTER/HEADER ORIGIN: https://www.linkedin.com
[2026-03-05T06:53:34.843Z]   SKIP (not in footer/header): https://programme.ueg.eu/week2022/#/details/presentations/2624
[2026-03-05T06:53:34.843Z]   SKIP (not in footer/header): https://vee.co.il
[2026-03-05T06:53:34.843Z]   SKIP (not in footer/header): https://vee.co.il/pricing
[2026-03-05T06:53:34.843Z] Step 2b result: added 0 uncategorized domains from footer/header
[2026-03-05T06:53:34.843Z] ── Step 3: Final dedup ──
[2026-03-05T06:53:34.843Z] No urls to dedup
[2026-03-05T06:53:34.843Z] ── FINAL RESULT ──
[2026-03-05T06:53:34.843Z]   ws (1):
[2026-03-05T06:53:34.843Z]     - https://magentiq.com
[2026-03-05T06:53:34.843Z]   li (1):
[2026-03-05T06:53:34.843Z]     - https://www.linkedin.com/company/magentiq-eye-ltd
[2026-03-05T06:53:34.844Z]   tw (1):
[2026-03-05T06:53:34.844Z]     - https://x.com/magentiqeye
[2026-03-05T06:53:34.844Z] Summary: ws:1, tw:1, li:1
[2026-03-05T06:53:34.846Z] Saved final result to result.json
[2026-03-05T06:53:34.846Z] Override fields: ws, li, tw
[2026-03-05T06:53:34.846Z] Finished at: 2026-03-05T06:53:34.846Z
