[2026-03-07T14:52:58.330Z] === Homepage AI Extractor: Momentis Surgical ===
[2026-03-07T14:52:58.330Z] Started at: 2026-03-07T14:52:58.330Z
[2026-03-07T14:52:58.330Z] Log directory: E:\code\The Wall\mono\packages\scrapper\logs\homepage_ai_extractor\1772895178330_Momentis_Surgical
[2026-03-07T14:52:58.330Z] Company: Momentis Surgical
[2026-03-07T14:52:58.331Z] Website: momentissurgical.com
[2026-03-07T14:52:58.331Z] cbRank: 265839
[2026-03-07T14:52:58.331Z] Reasons: h
[2026-03-07T14:52:58.331Z] Fetching: https://momentissurgical.com
[2026-03-07T14:53:08.282Z] Redirected: https://momentissurgical.com -> https://www.momentissurgical.com/
[2026-03-07T14:53:08.286Z] Saved HTML (81162 bytes) to page.html
[2026-03-07T14:53:08.289Z] Extracted 16 unique links from page
[2026-03-07T14:53:08.292Z] Saved 16 links to links.json
[2026-03-07T14:53:08.296Z] Extracted footer HTML (5951 chars)
[2026-03-07T14:53:08.296Z] Extracted header HTML (2597 chars)
[2026-03-07T14:53:08.301Z] Website (post-redirect): https://www.momentissurgical.com/ → origin: https://www.momentissurgical.com
[2026-03-07T14:53:08.301Z] External links: 3 (of 16 total)
[2026-03-07T14:53:08.301Z] ── All external links ──
[2026-03-07T14:53:08.301Z]   EXT: https://healthcareprofessionals.momentisuniversity.com/Account/Login
[2026-03-07T14:53:08.301Z]   EXT: https://vimeo.com/770046761
[2026-03-07T14:53:08.301Z]   EXT: https://www.prnewswire.com/news-releases/momentis-surgical-expands-to-general-surgery-market-with-fda-510k-clearance-for-its-anovo-robotic-system-302276217.html
[2026-03-07T14:53:08.301Z] ── Step 1: Programmatic categorization ──
[2026-03-07T14:53:08.302Z]   UNCATEGORIZED: https://healthcareprofessionals.momentisuniversity.com/Account/Login
[2026-03-07T14:53:08.302Z]   UNCATEGORIZED: https://vimeo.com/770046761
[2026-03-07T14:53:08.302Z]   UNCATEGORIZED: https://www.prnewswire.com/news-releases/momentis-surgical-expands-to-general-surgery-market-with-fda-510k-clearance-for-its-anovo-robotic-system-302276217.html
[2026-03-07T14:53:08.302Z] Programmatic result: ws:1 | 3 uncategorized
[2026-03-07T14:53:08.302Z] Sending uncategorized links + HTML sections to AI for analysis...
[2026-03-07T14:53:08.303Z] Saved AI prompt (6030 chars) to ai_prompt.txt
[2026-03-07T14:54:07.246Z] Saved AI response to ai_response.json
[2026-03-07T14:54:07.247Z] ── Parsing AI response (12 lines) ──
[2026-03-07T14:54:07.247Z]   AI LINK: https://healthcareprofessionals.momentisuniversity.com/Account/Login
[2026-03-07T14:54:07.247Z]   AI LINK: https://www.momentissurgical.com/anovo-surgical-system/
[2026-03-07T14:54:07.247Z]   AI LINK: https://www.momentissurgical.com/anovo-surgical-system/clinical-evidence/
[2026-03-07T14:54:07.247Z]   AI LINK: https://www.momentissurgical.com/anovo-surgical-system/clinical-evidence/transvaginal/
[2026-03-07T14:54:07.247Z]   AI LINK: https://www.momentissurgical.com/request-demo/
[2026-03-07T14:54:07.247Z]   AI LINK: https://www.momentissurgical.com/about-momentis/
[2026-03-07T14:54:07.247Z]   AI LINK: https://www.momentissurgical.com/news-events/
[2026-03-07T14:54:07.248Z]   AI LINK: https://www.momentissurgical.com/about-momentis/our-team/
[2026-03-07T14:54:07.248Z]   AI LINK: https://www.momentissurgical.com/patient-resources/
[2026-03-07T14:54:07.248Z]   AI LINK: https://www.momentissurgical.com/privacy-policy/
[2026-03-07T14:54:07.248Z]   AI LINK: https://www.momentissurgical.com/social-media-guidelines/
[2026-03-07T14:54:07.248Z]   AI LINK: https://www.momentissurgical.com/patents/
[2026-03-07T14:54:07.248Z] AI returned 12 valid links
[2026-03-07T14:54:07.248Z] ── Categorizing 12 AI-returned links ──
[2026-03-07T14:54:07.248Z]   AI→URLS: https://healthcareprofessionals.momentisuniversity.com/Account/Login
[2026-03-07T14:54:07.248Z]   AI→URLS: https://www.momentissurgical.com/anovo-surgical-system (cleaned from https://www.momentissurgical.com/anovo-surgical-system/)
[2026-03-07T14:54:07.248Z]   AI→URLS: https://www.momentissurgical.com/anovo-surgical-system/clinical-evidence (cleaned from https://www.momentissurgical.com/anovo-surgical-system/clinical-evidence/)
[2026-03-07T14:54:07.249Z]   AI→URLS: https://www.momentissurgical.com/anovo-surgical-system/clinical-evidence/transvaginal (cleaned from https://www.momentissurgical.com/anovo-surgical-system/clinical-evidence/transvaginal/)
[2026-03-07T14:54:07.249Z]   AI→URLS: https://www.momentissurgical.com/request-demo (cleaned from https://www.momentissurgical.com/request-demo/)
[2026-03-07T14:54:07.249Z]   AI→URLS: https://www.momentissurgical.com/about-momentis (cleaned from https://www.momentissurgical.com/about-momentis/)
[2026-03-07T14:54:07.249Z]   AI→URLS: https://www.momentissurgical.com/news-events (cleaned from https://www.momentissurgical.com/news-events/)
[2026-03-07T14:54:07.249Z]   AI→URLS: https://www.momentissurgical.com/about-momentis/our-team (cleaned from https://www.momentissurgical.com/about-momentis/our-team/)
[2026-03-07T14:54:07.249Z]   AI→URLS: https://www.momentissurgical.com/patient-resources (cleaned from https://www.momentissurgical.com/patient-resources/)
[2026-03-07T14:54:07.249Z]   AI→URLS: https://www.momentissurgical.com/privacy-policy (cleaned from https://www.momentissurgical.com/privacy-policy/)
[2026-03-07T14:54:07.249Z]   AI→URLS: https://www.momentissurgical.com/social-media-guidelines (cleaned from https://www.momentissurgical.com/social-media-guidelines/)
[2026-03-07T14:54:07.249Z]   AI→URLS: https://www.momentissurgical.com/patents (cleaned from https://www.momentissurgical.com/patents/)
[2026-03-07T14:54:07.250Z] ── Step 2b: Footer/header uncategorized links ──
[2026-03-07T14:54:07.250Z] Footer/header origins (2):
[2026-03-07T14:54:07.250Z]   FOOTER/HEADER ORIGIN: https://www.momentissurgical.com
[2026-03-07T14:54:07.250Z]   FOOTER/HEADER ORIGIN: https://healthcareprofessionals.momentisuniversity.com
[2026-03-07T14:54:07.250Z]   SKIP (AI claimed): https://healthcareprofessionals.momentisuniversity.com/Account/Login
[2026-03-07T14:54:07.250Z]   SKIP (not in footer/header): https://vimeo.com/770046761
[2026-03-07T14:54:07.250Z]   SKIP (not in footer/header): https://www.prnewswire.com/news-releases/momentis-surgical-expands-to-general-surgery-market-with-fda-510k-clearance-for-its-anovo-robotic-system-302276217.html
[2026-03-07T14:54:07.250Z] Step 2b result: added 0 uncategorized domains from footer/header
[2026-03-07T14:54:07.250Z] ── Step 3: Final dedup ──
[2026-03-07T14:54:07.250Z] Dedup: removed 0 of 12 URLs already in specialized fields
[2026-03-07T14:54:07.251Z] ── FINAL RESULT ──
[2026-03-07T14:54:07.251Z]   ws (1):
[2026-03-07T14:54:07.251Z]     - https://www.momentissurgical.com
[2026-03-07T14:54:07.251Z]   urls (12):
[2026-03-07T14:54:07.251Z]     - https://healthcareprofessionals.momentisuniversity.com/Account/Login
[2026-03-07T14:54:07.251Z]     - https://www.momentissurgical.com/about-momentis
[2026-03-07T14:54:07.251Z]     - https://www.momentissurgical.com/about-momentis/our-team
[2026-03-07T14:54:07.251Z]     - https://www.momentissurgical.com/anovo-surgical-system
[2026-03-07T14:54:07.251Z]     - https://www.momentissurgical.com/anovo-surgical-system/clinical-evidence
[2026-03-07T14:54:07.251Z]     - https://www.momentissurgical.com/anovo-surgical-system/clinical-evidence/transvaginal
[2026-03-07T14:54:07.251Z]     - https://www.momentissurgical.com/news-events
[2026-03-07T14:54:07.251Z]     - https://www.momentissurgical.com/patents
[2026-03-07T14:54:07.251Z]     - https://www.momentissurgical.com/patient-resources
[2026-03-07T14:54:07.251Z]     - https://www.momentissurgical.com/privacy-policy
[2026-03-07T14:54:07.251Z]     - https://www.momentissurgical.com/request-demo
[2026-03-07T14:54:07.252Z]     - https://www.momentissurgical.com/social-media-guidelines
[2026-03-07T14:54:07.252Z] Summary: ws:1, urls:12
[2026-03-07T14:54:07.252Z] Saved final result to result.json
[2026-03-07T14:54:07.252Z] Override fields: ws, urls
[2026-03-07T14:54:07.252Z] Finished at: 2026-03-07T14:54:07.252Z
