[2026-03-05T07:11:08.440Z] === Homepage AI Extractor: Spetz ===
[2026-03-05T07:11:08.440Z] Started at: 2026-03-05T07:11:08.440Z
[2026-03-05T07:11:08.440Z] Log directory: E:\code\The Wall\mono\packages\scrapper\logs\homepage_ai_extractor\1772694668439_Spetz
[2026-03-05T07:11:08.440Z] Company: Spetz
[2026-03-05T07:11:08.440Z] Website: spetz.io
[2026-03-05T07:11:08.441Z] cbRank: 57530
[2026-03-05T07:11:08.441Z] Reasons: h
[2026-03-05T07:11:08.441Z] Fetching: https://spetz.io
[2026-03-05T07:11:10.066Z] Redirected: https://spetz.io -> https://spetz.io/
[2026-03-05T07:11:10.072Z] Saved HTML (77792 bytes) to page.html
[2026-03-05T07:11:10.081Z] Extracted 31 unique links from page
[2026-03-05T07:11:10.082Z] Saved 31 links to links.json
[2026-03-05T07:11:10.087Z] Extracted footer HTML (176 chars)
[2026-03-05T07:11:10.087Z] Extracted header HTML (1955 chars)
[2026-03-05T07:11:10.095Z] Website (post-redirect): https://spetz.io/ → origin: https://spetz.io
[2026-03-05T07:11:10.095Z] External links: 0 (of 31 total)
[2026-03-05T07:11:10.095Z] ── All external links ──
[2026-03-05T07:11:10.095Z] ── Step 1: Programmatic categorization ──
[2026-03-05T07:11:10.096Z] Programmatic result: ws:1 | 0 uncategorized
[2026-03-05T07:11:10.096Z] Sending uncategorized links + HTML sections to AI for analysis...
[2026-03-05T07:11:10.096Z] Saved AI prompt (2019 chars) to ai_prompt.txt
[2026-03-05T07:11:19.566Z] Saved AI response to ai_response.json
[2026-03-05T07:11:19.566Z] ── Parsing AI response (1 lines) ──
[2026-03-05T07:11:19.566Z]   AI LINK: https://spetz.io/the-role-of-personalization-in-chatbot-engagement/
[2026-03-05T07:11:19.566Z] AI returned 1 valid links
[2026-03-05T07:11:19.566Z] ── Categorizing 1 AI-returned links ──
[2026-03-05T07:11:19.567Z]   AI→URLS: https://spetz.io/the-role-of-personalization-in-chatbot-engagement (cleaned from https://spetz.io/the-role-of-personalization-in-chatbot-engagement/)
[2026-03-05T07:11:19.567Z] ── Step 2b: Footer/header uncategorized links ──
[2026-03-05T07:11:19.567Z] Footer/header origins (1):
[2026-03-05T07:11:19.567Z]   FOOTER/HEADER ORIGIN: https://spetz.io
[2026-03-05T07:11:19.567Z] Step 2b result: added 0 uncategorized domains from footer/header
[2026-03-05T07:11:19.567Z] ── Step 3: Final dedup ──
[2026-03-05T07:11:19.567Z] Dedup: removed 0 of 1 URLs already in specialized fields
[2026-03-05T07:11:19.567Z] ── FINAL RESULT ──
[2026-03-05T07:11:19.567Z]   ws (1):
[2026-03-05T07:11:19.567Z]     - https://spetz.io
[2026-03-05T07:11:19.567Z]   urls (1):
[2026-03-05T07:11:19.567Z]     - https://spetz.io/the-role-of-personalization-in-chatbot-engagement
[2026-03-05T07:11:19.568Z] Summary: ws:1, urls:1
[2026-03-05T07:11:19.568Z] Saved final result to result.json
[2026-03-05T07:11:19.568Z] Override fields: ws, urls
[2026-03-05T07:11:19.568Z] Finished at: 2026-03-05T07:11:19.568Z
