[2026-03-05T12:45:22.755Z] === Homepage AI Extractor: Bank Leumi ===
[2026-03-05T12:45:22.755Z] Started at: 2026-03-05T12:45:22.755Z
[2026-03-05T12:45:22.755Z] Log directory: E:\code\The Wall\mono\packages\scrapper\logs\homepage_ai_extractor\1772714722754_Bank_Leumi
[2026-03-05T12:45:22.755Z] Company: Bank Leumi
[2026-03-05T12:45:22.755Z] Website: leumi.co.il
[2026-03-05T12:45:22.755Z] cbRank: 96632
[2026-03-05T12:45:22.755Z] Reasons: h
[2026-03-05T12:45:22.755Z] Fetching: https://leumi.co.il
[2026-03-05T12:45:28.844Z] Dismissed cookie consent popup via: button:has-text("Accept all")
[2026-03-05T12:45:29.444Z] Redirected: https://leumi.co.il -> https://www.leumi.co.il/he
[2026-03-05T12:45:29.468Z] Saved HTML (343986 bytes) to page.html
[2026-03-05T12:45:29.474Z] Extracted 92 unique links from page
[2026-03-05T12:45:29.475Z] Saved 92 links to links.json
[2026-03-05T12:45:29.491Z] Extracted footer HTML (16374 chars)
[2026-03-05T12:45:29.491Z] Extracted header HTML (16905 chars)
[2026-03-05T12:45:29.500Z] Website (post-redirect): https://www.leumi.co.il/he → origin: https://www.leumi.co.il
[2026-03-05T12:45:29.501Z]   SUBDOMAIN: bonus.leumi.co.il (added to ws)
[2026-03-05T12:45:29.501Z]   SUBDOMAIN: mortgage.leumi.co.il (added to ws)
[2026-03-05T12:45:29.501Z] Website subdomains found: 2
[2026-03-05T12:45:29.502Z] External links: 8 (of 92 total)
[2026-03-05T12:45:29.502Z] ── All external links ──
[2026-03-05T12:45:29.502Z]   EXT: https://hb2.bankleumi.co.il/H/Login.html
[2026-03-05T12:45:29.502Z]   EXT: https://hb2.bankleumi.co.il/staticcontent/gate-keeper/he/?trackingCode=ce98d357-2240-4e46-6eb8-9b49605d327c&sysNum=23&langNum=1#fireglass_params&tabid=a5c0dfc52c8d5ca9&application_server_address=bankleumi-17-me-west1.prod.fire.glass&popup=true&is_right_side_popup=true&start_with_session_counter=1
[2026-03-05T12:45:29.502Z]   EXT: https://twitter.com/leumidigital
[2026-03-05T12:45:29.502Z]   EXT: https://ufapi.bankleumi.co.il/mortgageCalculator/Calc
[2026-03-05T12:45:29.503Z]   EXT: https://www.facebook.com/LeumiDigital
[2026-03-05T12:45:29.503Z]   EXT: https://www.onetrust.com/products/cookie-consent
[2026-03-05T12:45:29.503Z]   EXT: https://www.pepper.co.il
[2026-03-05T12:45:29.503Z]   EXT: https://www.youtube.com/user/LeumiDigital
[2026-03-05T12:45:29.503Z] ── Step 1: Programmatic categorization ──
[2026-03-05T12:45:29.503Z]   UNCATEGORIZED: https://hb2.bankleumi.co.il/H/Login.html
[2026-03-05T12:45:29.503Z]   UNCATEGORIZED: https://hb2.bankleumi.co.il/staticcontent/gate-keeper/he/?trackingCode=ce98d357-2240-4e46-6eb8-9b49605d327c&sysNum=23&langNum=1#fireglass_params&tabid=a5c0dfc52c8d5ca9&application_server_address=bankleumi-17-me-west1.prod.fire.glass&popup=true&is_right_side_popup=true&start_with_session_counter=1
[2026-03-05T12:45:29.503Z]   REGEX: tw <- https://twitter.com/leumidigital
[2026-03-05T12:45:29.504Z]   UNCATEGORIZED: https://ufapi.bankleumi.co.il/mortgageCalculator/Calc
[2026-03-05T12:45:29.504Z]   REGEX: fb <- https://www.facebook.com/LeumiDigital
[2026-03-05T12:45:29.504Z]   UNCATEGORIZED: https://www.onetrust.com/products/cookie-consent
[2026-03-05T12:45:29.504Z]   UNCATEGORIZED: https://www.pepper.co.il
[2026-03-05T12:45:29.504Z]   REGEX: ytp <- https://www.youtube.com/user/LeumiDigital
[2026-03-05T12:45:29.504Z] Programmatic result: ws:3, tw:1, fb:1, ytp:1 | 5 uncategorized
[2026-03-05T12:45:29.504Z] Sending uncategorized links + HTML sections to AI for analysis...
[2026-03-05T12:45:29.506Z] Saved AI prompt (11958 chars) to ai_prompt.txt
[2026-03-05T12:46:36.745Z] Saved AI response to ai_response.json
[2026-03-05T12:46:36.745Z] ── Parsing AI response (3 lines) ──
[2026-03-05T12:46:36.745Z]   AI LINK: https://www.facebook.com/LeumiDigital/
[2026-03-05T12:46:36.746Z]   AI LINK: https://twitter.com/leumidigital
[2026-03-05T12:46:36.746Z]   AI LINK: https://www.youtube.com/user/LeumiDigital
[2026-03-05T12:46:36.746Z] AI returned 3 valid links
[2026-03-05T12:46:36.746Z] ── Categorizing 3 AI-returned links ──
[2026-03-05T12:46:36.746Z]   AI→REGEX: fb <- https://www.facebook.com/LeumiDigital/ (duplicate, skipped)
[2026-03-05T12:46:36.746Z]   AI→REGEX: tw <- https://twitter.com/leumidigital (duplicate, skipped)
[2026-03-05T12:46:36.746Z]   AI→REGEX: ytp <- https://www.youtube.com/user/LeumiDigital (duplicate, skipped)
[2026-03-05T12:46:36.747Z] ── Step 2b: Footer/header uncategorized links ──
[2026-03-05T12:46:36.747Z] Footer/header origins (6):
[2026-03-05T12:46:36.747Z]   FOOTER/HEADER ORIGIN: https://www.leumi.co.il
[2026-03-05T12:46:36.747Z]   FOOTER/HEADER ORIGIN: https://www.facebook.com
[2026-03-05T12:46:36.748Z]   FOOTER/HEADER ORIGIN: https://twitter.com
[2026-03-05T12:46:36.748Z]   FOOTER/HEADER ORIGIN: https://www.youtube.com
[2026-03-05T12:46:36.748Z]   FOOTER/HEADER ORIGIN: https://mortgage.leumi.co.il
[2026-03-05T12:46:36.748Z]   FOOTER/HEADER ORIGIN: https://hb2.bankleumi.co.il
[2026-03-05T12:46:36.748Z]   ADDED: urls <- https://hb2.bankleumi.co.il/H/Login.html
[2026-03-05T12:46:36.748Z]   ADDED: urls <- https://hb2.bankleumi.co.il/staticcontent/gate-keeper/he (cleaned from https://hb2.bankleumi.co.il/staticcontent/gate-keeper/he/?trackingCode=ce98d357-2240-4e46-6eb8-9b49605d327c&sysNum=23&langNum=1#fireglass_params&tabid=a5c0dfc52c8d5ca9&application_server_address=bankleumi-17-me-west1.prod.fire.glass&popup=true&is_right_side_popup=true&start_with_session_counter=1)
[2026-03-05T12:46:36.748Z]   SKIP (not in footer/header): https://ufapi.bankleumi.co.il/mortgageCalculator/Calc
[2026-03-05T12:46:36.748Z]   SKIP (not in footer/header): https://www.onetrust.com/products/cookie-consent
[2026-03-05T12:46:36.748Z]   SKIP (not in footer/header): https://www.pepper.co.il
[2026-03-05T12:46:36.748Z] Step 2b result: added 2 uncategorized domains from footer/header
[2026-03-05T12:46:36.748Z] ── Step 3: Final dedup ──
[2026-03-05T12:46:36.748Z] Dedup: removed 0 of 2 URLs already in specialized fields
[2026-03-05T12:46:36.749Z] ── FINAL RESULT ──
[2026-03-05T12:46:36.749Z]   ws (3):
[2026-03-05T12:46:36.749Z]     - https://bonus.leumi.co.il
[2026-03-05T12:46:36.749Z]     - https://mortgage.leumi.co.il
[2026-03-05T12:46:36.749Z]     - https://www.leumi.co.il
[2026-03-05T12:46:36.749Z]   fb (1):
[2026-03-05T12:46:36.749Z]     - https://www.facebook.com/leumidigital
[2026-03-05T12:46:36.749Z]   tw (1):
[2026-03-05T12:46:36.749Z]     - https://x.com/leumidigital
[2026-03-05T12:46:36.749Z]   ytp (1):
[2026-03-05T12:46:36.749Z]     - https://www.youtube.com/@leumidigital
[2026-03-05T12:46:36.749Z]   urls (2):
[2026-03-05T12:46:36.749Z]     - https://hb2.bankleumi.co.il/H/Login.html
[2026-03-05T12:46:36.750Z]     - https://hb2.bankleumi.co.il/staticcontent/gate-keeper/he
[2026-03-05T12:46:36.750Z] Summary: ws:3, tw:1, fb:1, ytp:1, urls:2
[2026-03-05T12:46:36.750Z] Saved final result to result.json
[2026-03-05T12:46:36.750Z] Override fields: ws, fb, tw, ytp, urls
[2026-03-05T12:46:36.750Z] Finished at: 2026-03-05T12:46:36.750Z
