[2026-03-21T18:35:17.284Z] === Homepage AI Extractor: Dov Shilansky & Co. Law Office ===
[2026-03-21T18:35:17.284Z] Started at: 2026-03-21T18:35:17.284Z
[2026-03-21T18:35:17.284Z] Log directory: C:\Users\ahmed\code\mono\packages\scrapper\logs\homepage_ai_extractor\1774118117284_Dov_Shilansky_&_Co._Law_Office
[2026-03-21T18:35:17.284Z] Company: Dov Shilansky & Co. Law Office
[2026-03-21T18:35:17.284Z] Website: shilansky.co.il
[2026-03-21T18:35:17.285Z] cbRank: 3660628
[2026-03-21T18:35:17.285Z] Reasons: h
[2026-03-21T18:35:17.285Z] Fetching: https://shilansky.co.il
[2026-03-21T18:35:20.025Z] Redirected: https://shilansky.co.il -> https://www.shilansky.co.il/
[2026-03-21T18:35:20.027Z] Saved HTML (18605 bytes) to page.html
[2026-03-21T18:35:20.029Z] Extracted 10 unique links from page
[2026-03-21T18:35:20.030Z] Saved 10 links to links.json
[2026-03-21T18:35:20.032Z] No footer section found in DOM
[2026-03-21T18:35:20.032Z] No header section found in DOM
[2026-03-21T18:35:20.036Z] Website (post-redirect): https://www.shilansky.co.il/ → origin: https://www.shilansky.co.il
[2026-03-21T18:35:20.036Z] External links: 0 (of 10 total)
[2026-03-21T18:35:20.036Z] ── All external links ──
[2026-03-21T18:35:20.036Z] ── Step 1: Programmatic categorization ──
[2026-03-21T18:35:20.036Z] Programmatic result: ws:1 | 0 uncategorized
[2026-03-21T18:35:20.036Z] No uncategorized links and no HTML sections — skipping AI analysis
[2026-03-21T18:35:20.036Z] ── Step 2b: Footer/header uncategorized links ──
[2026-03-21T18:35:20.036Z] Footer/header origins (0):
[2026-03-21T18:35:20.036Z] Step 2b result: added 0 uncategorized domains from footer/header
[2026-03-21T18:35:20.036Z] ── Step 2c: YouTube channel handle resolution ──
[2026-03-21T18:35:20.036Z]   YOUTUBE: no ytc entries to resolve
[2026-03-21T18:35:20.036Z] ── Step 3: Final dedup ──
[2026-03-21T18:35:20.037Z] No urls to dedup
[2026-03-21T18:35:20.037Z] ── FINAL RESULT ──
[2026-03-21T18:35:20.037Z]   ws (1):
[2026-03-21T18:35:20.037Z]     - https://www.shilansky.co.il
[2026-03-21T18:35:20.037Z] Summary: ws:1
[2026-03-21T18:35:20.038Z] Saved final result to result.json
[2026-03-21T18:35:20.038Z] Override fields: ws
[2026-03-21T18:35:20.038Z] Finished at: 2026-03-21T18:35:20.038Z
