[2026-03-05T07:21:03.559Z] === Homepage AI Extractor: Splisense ===
[2026-03-05T07:21:03.559Z] Started at: 2026-03-05T07:21:03.559Z
[2026-03-05T07:21:03.559Z] Log directory: E:\code\The Wall\mono\packages\scrapper\logs\homepage_ai_extractor\1772695263558_Splisense
[2026-03-05T07:21:03.559Z] Company: Splisense
[2026-03-05T07:21:03.559Z] Website: splisense.com
[2026-03-05T07:21:03.559Z] cbRank: 58715
[2026-03-05T07:21:03.559Z] Reasons: h
[2026-03-05T07:21:03.559Z] Fetching: https://splisense.com
[2026-03-05T07:21:05.823Z] Redirected: https://splisense.com -> https://splisense.com/
[2026-03-05T07:21:05.828Z] Saved HTML (85309 bytes) to page.html
[2026-03-05T07:21:05.832Z] Extracted 21 unique links from page
[2026-03-05T07:21:05.833Z] Saved 21 links to links.json
[2026-03-05T07:21:05.837Z] No footer section found in DOM
[2026-03-05T07:21:05.837Z] Extracted header HTML (11385 chars)
[2026-03-05T07:21:05.841Z] Website (post-redirect): https://splisense.com/ → origin: https://splisense.com
[2026-03-05T07:21:05.842Z] External links: 2 (of 21 total)
[2026-03-05T07:21:05.842Z] ── All external links ──
[2026-03-05T07:21:05.842Z]   EXT: http://scoopsites.co.il
[2026-03-05T07:21:05.842Z]   EXT: https://www.linkedin.com/company/splisenseltd/?originalSubdomain=il
[2026-03-05T07:21:05.842Z] ── Step 1: Programmatic categorization ──
[2026-03-05T07:21:05.842Z]   UNCATEGORIZED: http://scoopsites.co.il
[2026-03-05T07:21:05.842Z]   REGEX: li <- https://www.linkedin.com/company/splisenseltd/?originalSubdomain=il
[2026-03-05T07:21:05.842Z] Programmatic result: ws:1, li:1 | 1 uncategorized
[2026-03-05T07:21:05.842Z] Sending uncategorized links + HTML sections to AI for analysis...
[2026-03-05T07:21:05.843Z] Saved AI prompt (1950 chars) to ai_prompt.txt
[2026-03-05T07:21:11.421Z] Saved AI response to ai_response.json
[2026-03-05T07:21:11.421Z] ── Parsing AI response (1 lines) ──
[2026-03-05T07:21:11.421Z] AI returned 0 valid links
[2026-03-05T07:21:11.421Z] ── Categorizing 0 AI-returned links ──
[2026-03-05T07:21:11.421Z] ── Step 2b: Footer/header uncategorized links ──
[2026-03-05T07:21:11.421Z] Footer/header origins (0):
[2026-03-05T07:21:11.422Z]   SKIP (not in footer/header): http://scoopsites.co.il
[2026-03-05T07:21:11.422Z] Step 2b result: added 0 uncategorized domains from footer/header
[2026-03-05T07:21:11.422Z] ── Step 3: Final dedup ──
[2026-03-05T07:21:11.422Z] No urls to dedup
[2026-03-05T07:21:11.422Z] ── FINAL RESULT ──
[2026-03-05T07:21:11.422Z]   ws (1):
[2026-03-05T07:21:11.422Z]     - https://splisense.com
[2026-03-05T07:21:11.422Z]   li (1):
[2026-03-05T07:21:11.422Z]     - https://www.linkedin.com/company/splisenseltd
[2026-03-05T07:21:11.422Z] Summary: ws:1, li:1
[2026-03-05T07:21:11.423Z] Saved final result to result.json
[2026-03-05T07:21:11.423Z] Override fields: ws, li
[2026-03-05T07:21:11.423Z] Finished at: 2026-03-05T07:21:11.423Z
