[2026-03-07T12:31:47.123Z] === Homepage AI Extractor: Wiserpay ===
[2026-03-07T12:31:47.124Z] Started at: 2026-03-07T12:31:47.124Z
[2026-03-07T12:31:47.124Z] Log directory: E:\code\The Wall\mono\packages\scrapper\logs\homepage_ai_extractor\1772886707123_Wiserpay
[2026-03-07T12:31:47.124Z] Company: Wiserpay
[2026-03-07T12:31:47.124Z] Website: wiserpay.co
[2026-03-07T12:31:47.124Z] cbRank: 229327
[2026-03-07T12:31:47.124Z] Reasons: h
[2026-03-07T12:31:47.124Z] Fetching: https://wiserpay.co
[2026-03-07T12:31:50.988Z] Redirected: https://wiserpay.co -> https://wiserpay.co/
[2026-03-07T12:31:50.996Z] Saved HTML (172114 bytes) to page.html
[2026-03-07T12:31:51.001Z] Extracted 14 unique links from page
[2026-03-07T12:31:51.002Z] Saved 14 links to links.json
[2026-03-07T12:31:51.006Z] No footer section found in DOM
[2026-03-07T12:31:51.006Z] Extracted header HTML (11314 chars)
[2026-03-07T12:31:51.011Z] Website (post-redirect): https://wiserpay.co/ → origin: https://wiserpay.co
[2026-03-07T12:31:51.011Z] External links: 2 (of 14 total)
[2026-03-07T12:31:51.011Z] ── All external links ──
[2026-03-07T12:31:51.011Z]   EXT: https://cookiedatabase.org/tcf/purposes
[2026-03-07T12:31:51.012Z]   EXT: https://linkedin.com/company/wiserpay
[2026-03-07T12:31:51.012Z] ── Step 1: Programmatic categorization ──
[2026-03-07T12:31:51.012Z]   UNCATEGORIZED: https://cookiedatabase.org/tcf/purposes
[2026-03-07T12:31:51.012Z]   REGEX: li <- https://linkedin.com/company/wiserpay
[2026-03-07T12:31:51.012Z] Programmatic result: ws:1, li:1 | 1 uncategorized
[2026-03-07T12:31:51.013Z] Sending uncategorized links + HTML sections to AI for analysis...
[2026-03-07T12:31:51.013Z] Saved AI prompt (1963 chars) to ai_prompt.txt
[2026-03-07T12:31:56.411Z] Saved AI response to ai_response.json
[2026-03-07T12:31:56.411Z] ── Parsing AI response (1 lines) ──
[2026-03-07T12:31:56.411Z] AI returned 0 valid links
[2026-03-07T12:31:56.412Z] ── Categorizing 0 AI-returned links ──
[2026-03-07T12:31:56.412Z] ── Step 2b: Footer/header uncategorized links ──
[2026-03-07T12:31:56.412Z] Footer/header origins (0):
[2026-03-07T12:31:56.412Z]   SKIP (not in footer/header): https://cookiedatabase.org/tcf/purposes
[2026-03-07T12:31:56.412Z] Step 2b result: added 0 uncategorized domains from footer/header
[2026-03-07T12:31:56.412Z] ── Step 3: Final dedup ──
[2026-03-07T12:31:56.412Z] No urls to dedup
[2026-03-07T12:31:56.412Z] ── FINAL RESULT ──
[2026-03-07T12:31:56.413Z]   ws (1):
[2026-03-07T12:31:56.413Z]     - https://wiserpay.co
[2026-03-07T12:31:56.413Z]   li (1):
[2026-03-07T12:31:56.413Z]     - https://www.linkedin.com/company/wiserpay
[2026-03-07T12:31:56.413Z] Summary: ws:1, li:1
[2026-03-07T12:31:56.413Z] Saved final result to result.json
[2026-03-07T12:31:56.413Z] Override fields: ws, li
[2026-03-07T12:31:56.414Z] Finished at: 2026-03-07T12:31:56.414Z
