[2026-03-01T21:30:51.912Z] === Homepage AI Extractor: Hoopo ===
[2026-03-01T21:30:51.914Z] Started at: 2026-03-01T21:30:51.914Z
[2026-03-01T21:30:51.914Z] Log directory: E:\code\The Wall\mono\packages\scrapper\logs\homepage_ai_extractor\1772400651911_Hoopo
[2026-03-01T21:30:51.914Z] Company: Hoopo
[2026-03-01T21:30:51.914Z] Website: hoopo.tech
[2026-03-01T21:30:51.914Z] cbRank: 46534
[2026-03-01T21:30:51.914Z] Reasons: h
[2026-03-01T21:30:51.915Z] Fetching: https://hoopo.tech
[2026-03-01T21:31:04.105Z] Network idle timeout — continuing with current state
[2026-03-01T21:31:04.268Z] Dismissed cookie consent popup via: button:has-text("Accept all")
[2026-03-01T21:31:04.773Z] Redirected: https://hoopo.tech -> https://www.hoopo.tech/
[2026-03-01T21:31:04.784Z] Saved HTML (197472 bytes) to page.html
[2026-03-01T21:31:04.788Z] Extracted 25 unique links from page
[2026-03-01T21:31:04.789Z] Saved 25 links to links.json
[2026-03-01T21:31:04.792Z] No footer section found in DOM
[2026-03-01T21:31:04.792Z] Extracted header HTML (5756 chars)
[2026-03-01T21:31:04.809Z] Website (post-redirect): https://www.hoopo.tech/ → origin: https://www.hoopo.tech
[2026-03-01T21:31:04.810Z]   SUBDOMAIN: platform.hoopo.tech (added to ws)
[2026-03-01T21:31:04.810Z]   SUBDOMAIN: support.hoopo.tech (added to ws)
[2026-03-01T21:31:04.810Z] Website subdomains found: 2
[2026-03-01T21:31:04.811Z] External links: 4 (of 25 total)
[2026-03-01T21:31:04.811Z] ── All external links ──
[2026-03-01T21:31:04.811Z]   EXT: https://il.linkedin.com/company/hoopo
[2026-03-01T21:31:04.811Z]   EXT: https://twitter.com/hoopoIOT
[2026-03-01T21:31:04.811Z]   EXT: https://www.cookieyes.com/product/cookie-consent/?ref=cypbcyb&utm_source=cookie-banner&utm_medium=powered-by-cookieyes
[2026-03-01T21:31:04.811Z]   EXT: https://www.facebook.com/hoopoSystems
[2026-03-01T21:31:04.811Z] ── Step 1: Programmatic categorization ──
[2026-03-01T21:31:04.811Z]   REGEX: li <- https://il.linkedin.com/company/hoopo
[2026-03-01T21:31:04.812Z]   REGEX: tw <- https://twitter.com/hoopoIOT
[2026-03-01T21:31:04.812Z]   UNCATEGORIZED: https://www.cookieyes.com/product/cookie-consent/?ref=cypbcyb&utm_source=cookie-banner&utm_medium=powered-by-cookieyes
[2026-03-01T21:31:04.812Z]   REGEX: fb <- https://www.facebook.com/hoopoSystems
[2026-03-01T21:31:04.812Z] Programmatic result: ws:3, li:1, tw:1, fb:1 | 1 uncategorized
[2026-03-01T21:31:04.812Z] Sending uncategorized links + HTML sections to AI for analysis...
[2026-03-01T21:31:04.813Z] Saved AI prompt (2033 chars) to ai_prompt.txt
[2026-03-01T21:31:10.249Z] Saved AI response to ai_response.json
[2026-03-01T21:31:10.249Z] ── Parsing AI response (1 lines) ──
[2026-03-01T21:31:10.249Z] AI returned 0 valid links
[2026-03-01T21:31:10.249Z] ── Categorizing 0 AI-returned links ──
[2026-03-01T21:31:10.251Z] ── Step 2b: Footer/header uncategorized links ──
[2026-03-01T21:31:10.251Z] Footer/header origins (1):
[2026-03-01T21:31:10.251Z]   FOOTER/HEADER ORIGIN: https://platform.hoopo.tech
[2026-03-01T21:31:10.251Z]   SKIP (not in footer/header): https://www.cookieyes.com/product/cookie-consent/?ref=cypbcyb&utm_source=cookie-banner&utm_medium=powered-by-cookieyes
[2026-03-01T21:31:10.251Z] Step 2b result: added 0 uncategorized domains from footer/header
[2026-03-01T21:31:10.251Z] ── Step 3: Final dedup ──
[2026-03-01T21:31:10.251Z] No urls to dedup
[2026-03-01T21:31:10.252Z] ── FINAL RESULT ──
[2026-03-01T21:31:10.252Z]   ws (3):
[2026-03-01T21:31:10.252Z]     - https://platform.hoopo.tech
[2026-03-01T21:31:10.252Z]     - https://support.hoopo.tech
[2026-03-01T21:31:10.252Z]     - https://www.hoopo.tech
[2026-03-01T21:31:10.252Z]   li (1):
[2026-03-01T21:31:10.252Z]     - https://www.linkedin.com/company/hoopo
[2026-03-01T21:31:10.252Z]   fb (1):
[2026-03-01T21:31:10.252Z]     - https://www.facebook.com/hooposystems
[2026-03-01T21:31:10.252Z]   tw (1):
[2026-03-01T21:31:10.252Z]     - https://x.com/hoopoiot
[2026-03-01T21:31:10.252Z] Summary: ws:3, li:1, tw:1, fb:1
[2026-03-01T21:31:10.253Z] Saved final result to result.json
[2026-03-01T21:31:10.253Z] Override fields: ws, li, fb, tw
[2026-03-01T21:31:10.253Z] Finished at: 2026-03-01T21:31:10.253Z
