[2026-02-27T06:30:14.529Z] === Homepage AI Extractor: Namogoo ===
[2026-02-27T06:30:14.529Z] Started at: 2026-02-27T06:30:14.529Z
[2026-02-27T06:30:14.529Z] Log directory: E:\code\The Wall\mono\packages\scrapper\logs\homepage_ai_extractor\1772173814527_Namogoo
[2026-02-27T06:30:14.530Z] Company: Namogoo
[2026-02-27T06:30:14.530Z] Website: namogoo.com
[2026-02-27T06:30:14.530Z] cbRank: 24443
[2026-02-27T06:30:14.531Z] Reasons: h
[2026-02-27T06:30:14.531Z] Fetching: https://namogoo.com
[2026-02-27T06:30:22.345Z] Dismissed cookie consent popup via: button:has-text("Accept all")
[2026-02-27T06:30:22.858Z] Redirected: https://namogoo.com -> https://www.abtasty.com/adaptivecx/
[2026-02-27T06:30:22.913Z] Saved HTML (382829 bytes) to page.html
[2026-02-27T06:30:22.927Z] Extracted 79 unique links from page
[2026-02-27T06:30:22.929Z] Saved 79 links to links.json
[2026-02-27T06:30:22.975Z] Extracted footer HTML (280 chars)
[2026-02-27T06:30:22.975Z] Extracted header HTML (42198 chars)
[2026-02-27T06:30:22.982Z] Website (post-redirect): https://www.abtasty.com/adaptivecx/
[2026-02-27T06:30:22.982Z]   SUBDOMAIN: auth.abtasty.com (added to ws)
[2026-02-27T06:30:22.982Z]   SUBDOMAIN: careers.abtasty.com (added to ws)
[2026-02-27T06:30:22.982Z]   SUBDOMAIN: docs.abtasty.com (added to ws)
[2026-02-27T06:30:22.982Z] Website subdomains found: 3
[2026-02-27T06:30:22.982Z] External links: 6 (of 79 total)
[2026-02-27T06:30:22.982Z] ── All external links ──
[2026-02-27T06:30:22.983Z]   EXT: https://beian.miit.gov.cn/#/Integrated/index
[2026-02-27T06:30:22.983Z]   EXT: https://open.spotify.com/show/2HcTLKMv7Y4wqaDpZhylAV?si=b2bdebc8bab649d4&nd=1&dlsi=2aaa9614b80a48ca
[2026-02-27T06:30:22.983Z]   EXT: https://twitter.com/ABTasty
[2026-02-27T06:30:22.983Z]   EXT: https://www.facebook.com/abtasty
[2026-02-27T06:30:22.983Z]   EXT: https://www.instagram.com/abtasty
[2026-02-27T06:30:22.983Z]   EXT: https://www.linkedin.com/company/ab-tasty
[2026-02-27T06:30:22.983Z] ── Step 1: Programmatic categorization ──
[2026-02-27T06:30:22.983Z]   UNCATEGORIZED: https://beian.miit.gov.cn/#/Integrated/index
[2026-02-27T06:30:22.983Z]   UNCATEGORIZED: https://open.spotify.com/show/2HcTLKMv7Y4wqaDpZhylAV?si=b2bdebc8bab649d4&nd=1&dlsi=2aaa9614b80a48ca
[2026-02-27T06:30:22.984Z]   REGEX: tw <- https://twitter.com/ABTasty
[2026-02-27T06:30:22.984Z]   REGEX: fb <- https://www.facebook.com/abtasty
[2026-02-27T06:30:22.984Z]   REGEX: ig <- https://www.instagram.com/abtasty
[2026-02-27T06:30:22.984Z]   REGEX: li <- https://www.linkedin.com/company/ab-tasty
[2026-02-27T06:30:22.984Z] Programmatic result: ws:4, tw:1, fb:1, ig:1, li:1 | 2 uncategorized
[2026-02-27T06:30:22.984Z] Sending uncategorized links + HTML sections to AI for analysis...
[2026-02-27T06:30:22.985Z] Saved AI prompt (2238 chars) to ai_prompt.txt
[2026-02-27T06:30:29.500Z] Saved AI response to ai_response.json
[2026-02-27T06:30:29.501Z] ── Parsing AI response (1 lines) ──
[2026-02-27T06:30:29.501Z] AI returned 0 valid links
[2026-02-27T06:30:29.501Z] ── Categorizing 0 AI-returned links ──
[2026-02-27T06:30:29.502Z] ── Step 2b: Footer/header uncategorized links ──
[2026-02-27T06:30:29.502Z] Footer/header origins (4):
[2026-02-27T06:30:29.502Z]   FOOTER/HEADER ORIGIN: https://www.abtasty.com
[2026-02-27T06:30:29.502Z]   FOOTER/HEADER ORIGIN: https://docs.abtasty.com
[2026-02-27T06:30:29.502Z]   FOOTER/HEADER ORIGIN: https://careers.abtasty.com
[2026-02-27T06:30:29.502Z]   FOOTER/HEADER ORIGIN: https://auth.abtasty.com
[2026-02-27T06:30:29.503Z]   SKIP (not in footer/header): https://beian.miit.gov.cn/#/Integrated/index
[2026-02-27T06:30:29.503Z]   SKIP (not in footer/header): https://open.spotify.com/show/2HcTLKMv7Y4wqaDpZhylAV?si=b2bdebc8bab649d4&nd=1&dlsi=2aaa9614b80a48ca
[2026-02-27T06:30:29.503Z] Step 2b result: added 0 uncategorized domains from footer/header
[2026-02-27T06:30:29.503Z] ── Step 3: Final dedup ──
[2026-02-27T06:30:29.503Z] No urls to dedup
[2026-02-27T06:30:29.503Z] ── FINAL RESULT ──
[2026-02-27T06:30:29.503Z]   ws (4):
[2026-02-27T06:30:29.504Z]     - https://auth.abtasty.com
[2026-02-27T06:30:29.504Z]     - https://careers.abtasty.com
[2026-02-27T06:30:29.504Z]     - https://docs.abtasty.com
[2026-02-27T06:30:29.504Z]     - https://www.abtasty.com/adaptivecx/
[2026-02-27T06:30:29.504Z]   li (1):
[2026-02-27T06:30:29.504Z]     - https://www.linkedin.com/company/ab-tasty
[2026-02-27T06:30:29.504Z]   fb (1):
[2026-02-27T06:30:29.504Z]     - https://www.facebook.com/abtasty
[2026-02-27T06:30:29.504Z]   tw (1):
[2026-02-27T06:30:29.504Z]     - https://x.com/abtasty
[2026-02-27T06:30:29.505Z]   ig (1):
[2026-02-27T06:30:29.505Z]     - https://www.instagram.com/abtasty
[2026-02-27T06:30:29.505Z] Summary: ws:4, tw:1, fb:1, ig:1, li:1
[2026-02-27T06:30:29.508Z] Saved final result to result.json
[2026-02-27T06:30:29.508Z] Override fields: ws, li, fb, tw, ig
[2026-02-27T06:30:29.508Z] Finished at: 2026-02-27T06:30:29.508Z
