[2026-03-13T07:55:19.102Z] === Homepage AI Extractor: AE40 ===
[2026-03-13T07:55:19.102Z] Started at: 2026-03-13T07:55:19.102Z
[2026-03-13T07:55:19.103Z] Log directory: E:\code\The Wall\mono\packages\scrapper\logs\homepage_ai_extractor\1773388519102_AE40
[2026-03-13T07:55:19.103Z] Company: AE40
[2026-03-13T07:55:19.103Z] Website: ae40.com
[2026-03-13T07:55:19.103Z] cbRank: 1052722
[2026-03-13T07:55:19.103Z] Reasons: h
[2026-03-13T07:55:19.103Z] Fetching: https://ae40.com
[2026-03-13T07:55:20.221Z] Redirected: https://ae40.com -> https://ae40.com/
[2026-03-13T07:55:20.224Z] Saved HTML (14647 bytes) to page.html
[2026-03-13T07:55:20.228Z] Extracted 11 unique links from page
[2026-03-13T07:55:20.228Z] Saved 11 links to links.json
[2026-03-13T07:55:20.232Z] No footer section found in DOM
[2026-03-13T07:55:20.233Z] No header section found in DOM
[2026-03-13T07:55:20.237Z] Website (post-redirect): https://ae40.com/ → origin: https://ae40.com
[2026-03-13T07:55:20.238Z] External links: 0 (of 11 total)
[2026-03-13T07:55:20.238Z] ── All external links ──
[2026-03-13T07:55:20.238Z] ── Step 1: Programmatic categorization ──
[2026-03-13T07:55:20.238Z] Programmatic result: ws:1 | 0 uncategorized
[2026-03-13T07:55:20.238Z] No uncategorized links and no HTML sections — skipping AI analysis
[2026-03-13T07:55:20.238Z] ── Step 2b: Footer/header uncategorized links ──
[2026-03-13T07:55:20.238Z] Footer/header origins (0):
[2026-03-13T07:55:20.238Z] Step 2b result: added 0 uncategorized domains from footer/header
[2026-03-13T07:55:20.238Z] ── Step 2c: YouTube channel handle resolution ──
[2026-03-13T07:55:20.238Z]   YOUTUBE: no ytc entries to resolve
[2026-03-13T07:55:20.239Z] ── Step 3: Final dedup ──
[2026-03-13T07:55:20.239Z] No urls to dedup
[2026-03-13T07:55:20.239Z] ── FINAL RESULT ──
[2026-03-13T07:55:20.239Z]   ws (1):
[2026-03-13T07:55:20.239Z]     - https://ae40.com
[2026-03-13T07:55:20.239Z] Summary: ws:1
[2026-03-13T07:55:20.240Z] Saved final result to result.json
[2026-03-13T07:55:20.240Z] Override fields: ws
[2026-03-13T07:55:20.240Z] Finished at: 2026-03-13T07:55:20.240Z
