[2026-02-27T05:54:34.227Z] === Homepage AI Extractor: Diagnostic Robotics ===
[2026-02-27T05:54:34.228Z] Started at: 2026-02-27T05:54:34.228Z
[2026-02-27T05:54:34.228Z] Log directory: E:\code\The Wall\mono\packages\scrapper\logs\homepage_ai_extractor\1772171674226_Diagnostic_Robotics
[2026-02-27T05:54:34.228Z] Company: Diagnostic Robotics
[2026-02-27T05:54:34.228Z] Website: diagnosticrobotics.com
[2026-02-27T05:54:34.228Z] cbRank: 21106
[2026-02-27T05:54:34.228Z] Reasons: h
[2026-02-27T05:54:34.228Z] Fetching: https://diagnosticrobotics.com
[2026-02-27T05:54:38.287Z] Redirected: https://diagnosticrobotics.com -> https://www.diagnosticrobotics.com/
[2026-02-27T05:54:38.296Z] Saved HTML (53533 bytes) to page.html
[2026-02-27T05:54:38.302Z] Extracted 15 unique links from page
[2026-02-27T05:54:38.304Z] Saved 15 links to links.json
[2026-02-27T05:54:38.310Z] No footer section found in DOM
[2026-02-27T05:54:38.311Z] Extracted header HTML (2585 chars)
[2026-02-27T05:54:38.324Z] Website (post-redirect): https://www.diagnosticrobotics.com/
[2026-02-27T05:54:38.324Z] External links: 2 (of 15 total)
[2026-02-27T05:54:38.324Z] ── All external links ──
[2026-02-27T05:54:38.325Z]   EXT: https://twitter.com/DiagnosticRobo
[2026-02-27T05:54:38.325Z]   EXT: https://www.linkedin.com/company/diagnostic-robotics/?originalSubdomain=il
[2026-02-27T05:54:38.325Z] ── Step 1: Programmatic categorization ──
[2026-02-27T05:54:38.325Z]   REGEX: tw <- https://twitter.com/DiagnosticRobo
[2026-02-27T05:54:38.325Z]   REGEX: li <- https://www.linkedin.com/company/diagnostic-robotics/?originalSubdomain=il
[2026-02-27T05:54:38.326Z] Programmatic result: ws:1, tw:1, li:1 | 0 uncategorized
[2026-02-27T05:54:38.326Z] Sending uncategorized links + HTML sections to AI for analysis...
[2026-02-27T05:54:38.327Z] Saved AI prompt (1955 chars) to ai_prompt.txt
[2026-02-27T05:54:43.542Z] Saved AI response to ai_response.json
[2026-02-27T05:54:43.542Z] ── Parsing AI response (1 lines) ──
[2026-02-27T05:54:43.542Z] AI returned 0 valid links
[2026-02-27T05:54:43.542Z] ── Categorizing 0 AI-returned links ──
[2026-02-27T05:54:43.543Z] ── Step 2b: Footer/header uncategorized links ──
[2026-02-27T05:54:43.543Z] Footer/header origins (0):
[2026-02-27T05:54:43.544Z] Step 2b result: added 0 uncategorized domains from footer/header
[2026-02-27T05:54:43.544Z] ── Step 3: Final dedup ──
[2026-02-27T05:54:43.544Z] No urls to dedup
[2026-02-27T05:54:43.544Z] ── FINAL RESULT ──
[2026-02-27T05:54:43.544Z]   ws (1):
[2026-02-27T05:54:43.545Z]     - https://www.diagnosticrobotics.com/
[2026-02-27T05:54:43.545Z]   li (1):
[2026-02-27T05:54:43.545Z]     - https://www.linkedin.com/company/diagnostic-robotics
[2026-02-27T05:54:43.545Z]   tw (1):
[2026-02-27T05:54:43.545Z]     - https://x.com/diagnosticrobo
[2026-02-27T05:54:43.545Z] Summary: ws:1, tw:1, li:1
[2026-02-27T05:54:43.547Z] Saved final result to result.json
[2026-02-27T05:54:43.547Z] Override fields: ws, li, tw
[2026-02-27T05:54:43.548Z] Finished at: 2026-02-27T05:54:43.548Z
