[2026-02-27T04:03:53.387Z] === Homepage AI Extractor: Fetcherr ===
[2026-02-27T04:03:53.387Z] Started at: 2026-02-27T04:03:53.387Z
[2026-02-27T04:03:53.388Z] Log directory: E:\code\The Wall\mono\packages\scrapper\logs\homepage_ai_extractor\1772165033386_Fetcherr
[2026-02-27T04:03:53.388Z] Company: Fetcherr
[2026-02-27T04:03:53.388Z] Website: fetcherr.io
[2026-02-27T04:03:53.388Z] cbRank: 12300
[2026-02-27T04:03:53.389Z] Reasons: h
[2026-02-27T04:03:53.389Z] Fetching: https://fetcherr.io
[2026-02-27T04:03:57.544Z] Dismissed cookie consent popup via: button:has-text("Accept all")
[2026-02-27T04:03:58.068Z] Redirected: https://fetcherr.io -> https://www.fetcherr.io/
[2026-02-27T04:03:58.324Z] Saved HTML (2918151 bytes) to page.html
[2026-02-27T04:03:58.363Z] Extracted 35 unique links from page
[2026-02-27T04:03:58.365Z] Saved 35 links to links.json
[2026-02-27T04:03:58.427Z] Extracted footer HTML (17073 chars)
[2026-02-27T04:03:58.427Z] Extracted header HTML (139648 chars)
[2026-02-27T04:03:58.433Z] Website (post-redirect): https://www.fetcherr.io/
[2026-02-27T04:03:58.434Z] External links: 13 (of 35 total)
[2026-02-27T04:03:58.434Z] ── All external links ──
[2026-02-27T04:03:58.434Z]   EXT: https://fortune.com/2023/01/31/tech-forward-everyday-ai-airline-industry-fuel-consumption-food-waste
[2026-02-27T04:03:58.434Z]   EXT: https://markets.businessinsider.com/news/stocks/fetcherr-named-best-travel-tech-startup-by-world-travel-tech-awards-1032712628
[2026-02-27T04:03:58.435Z]   EXT: https://skift.com/2024/06/26/fetcherr-raises-25-million-to-help-airlines-create-fares-youll-want-to-book
[2026-02-27T04:03:58.435Z]   EXT: https://techcrunch.com/2024/06/26/fetcherr-lands-90m-to-get-airlines-on-board-with-dynamic-pricing/?guccounter=1&guce_referrer=aHR0cHM6Ly93d3cuZ29vZ2xlLmNvbS8&guce_referrer_sig=AQAAAMRpE7vcvNYh40DngJ1IgZkoQnj99bwlKceVo3i0uREsKjlDOvOFGA1TbiDygNpBkG2twJy2aBYVTAEWs7hTM4IsvM0zIP4s_UppgYLISV3Ovdo8POEPRRaFeUUvjm_6a8c_VVfmyuoJHvQFahqCOchm8iND8YnUTWJ5DThLsiEf
[2026-02-27T04:03:58.435Z]   EXT: https://www.aerotime.aero/articles/ai-driven-airline-pricing-is-making-strides-but-how-does-it-work-video
[2026-02-27T04:03:58.435Z]   EXT: https://www.aerotime.aero/articles/how-virgin-atlantic-and-fetcherr-are-transforming-the-airline-experience-with-ai
[2026-02-27T04:03:58.435Z]   EXT: https://www.cloud-awards.com/2025-ai-awards-winners
[2026-02-27T04:03:58.436Z]   EXT: https://www.forbes.com/sites/tedreed/2024/08/21/airline-pricing-systems-are-ancient-heres-how-ai-can-help
[2026-02-27T04:03:58.436Z]   EXT: https://www.linkedin.com/company/fetcherr-ltd
[2026-02-27T04:03:58.436Z]   EXT: https://www.nasdaq.com/articles/large-market-models%3A-the-crystal-ball-of-modern-business
[2026-02-27T04:03:58.436Z]   EXT: https://www.phocuswire.com/delta-fetcherr-ai-pricing-deployment
[2026-02-27T04:03:58.436Z]   EXT: https://www.phocuswire.com/viva-aerobus-fetcherr-ai-pricing-engine
[2026-02-27T04:03:58.436Z]   EXT: https://www.travelweekly.com/On-The-Record/Uri-Yerushalmi-Fetcher
[2026-02-27T04:03:58.436Z] ── Step 1: Programmatic categorization ──
[2026-02-27T04:03:58.437Z]   UNCATEGORIZED: https://fortune.com/2023/01/31/tech-forward-everyday-ai-airline-industry-fuel-consumption-food-waste
[2026-02-27T04:03:58.437Z]   UNCATEGORIZED: https://markets.businessinsider.com/news/stocks/fetcherr-named-best-travel-tech-startup-by-world-travel-tech-awards-1032712628
[2026-02-27T04:03:58.437Z]   UNCATEGORIZED: https://skift.com/2024/06/26/fetcherr-raises-25-million-to-help-airlines-create-fares-youll-want-to-book
[2026-02-27T04:03:58.437Z]   UNCATEGORIZED: https://techcrunch.com/2024/06/26/fetcherr-lands-90m-to-get-airlines-on-board-with-dynamic-pricing/?guccounter=1&guce_referrer=aHR0cHM6Ly93d3cuZ29vZ2xlLmNvbS8&guce_referrer_sig=AQAAAMRpE7vcvNYh40DngJ1IgZkoQnj99bwlKceVo3i0uREsKjlDOvOFGA1TbiDygNpBkG2twJy2aBYVTAEWs7hTM4IsvM0zIP4s_UppgYLISV3Ovdo8POEPRRaFeUUvjm_6a8c_VVfmyuoJHvQFahqCOchm8iND8YnUTWJ5DThLsiEf
[2026-02-27T04:03:58.437Z]   UNCATEGORIZED: https://www.aerotime.aero/articles/ai-driven-airline-pricing-is-making-strides-but-how-does-it-work-video
[2026-02-27T04:03:58.437Z]   UNCATEGORIZED: https://www.aerotime.aero/articles/how-virgin-atlantic-and-fetcherr-are-transforming-the-airline-experience-with-ai
[2026-02-27T04:03:58.438Z]   UNCATEGORIZED: https://www.cloud-awards.com/2025-ai-awards-winners
[2026-02-27T04:03:58.438Z]   UNCATEGORIZED: https://www.forbes.com/sites/tedreed/2024/08/21/airline-pricing-systems-are-ancient-heres-how-ai-can-help
[2026-02-27T04:03:58.438Z]   REGEX: li <- https://www.linkedin.com/company/fetcherr-ltd
[2026-02-27T04:03:58.438Z]   UNCATEGORIZED: https://www.nasdaq.com/articles/large-market-models%3A-the-crystal-ball-of-modern-business
[2026-02-27T04:03:58.438Z]   UNCATEGORIZED: https://www.phocuswire.com/delta-fetcherr-ai-pricing-deployment
[2026-02-27T04:03:58.438Z]   UNCATEGORIZED: https://www.phocuswire.com/viva-aerobus-fetcherr-ai-pricing-engine
[2026-02-27T04:03:58.438Z]   UNCATEGORIZED: https://www.travelweekly.com/On-The-Record/Uri-Yerushalmi-Fetcher
[2026-02-27T04:03:58.438Z] Programmatic result: ws:1, li:1 | 12 uncategorized
[2026-02-27T04:03:58.439Z] Sending uncategorized links + HTML sections to AI for analysis...
[2026-02-27T04:03:58.440Z] Saved AI prompt (15124 chars) to ai_prompt.txt
[2026-02-27T04:05:11.394Z] Saved AI response to ai_response.json
[2026-02-27T04:05:11.394Z] ── Parsing AI response (1 lines) ──
[2026-02-27T04:05:11.394Z]   AI LINK: https://www.linkedin.com/company/fetcherr-ltd/
[2026-02-27T04:05:11.394Z] AI returned 1 valid links
[2026-02-27T04:05:11.395Z] ── Categorizing 1 AI-returned links ──
[2026-02-27T04:05:11.395Z]   AI→REGEX: li <- https://www.linkedin.com/company/fetcherr-ltd/ (duplicate, skipped)
[2026-02-27T04:05:11.397Z] ── Step 2b: Footer/header uncategorized links ──
[2026-02-27T04:05:11.397Z] Footer/header origins (10):
[2026-02-27T04:05:11.397Z]   FOOTER/HEADER ORIGIN: https://www.linkedin.com
[2026-02-27T04:05:11.397Z]   FOOTER/HEADER ORIGIN: https://markets.businessinsider.com
[2026-02-27T04:05:11.398Z]   FOOTER/HEADER ORIGIN: https://www.travelweekly.com
[2026-02-27T04:05:11.398Z]   FOOTER/HEADER ORIGIN: https://www.phocuswire.com
[2026-02-27T04:05:11.398Z]   FOOTER/HEADER ORIGIN: https://www.aerotime.aero
[2026-02-27T04:05:11.398Z]   FOOTER/HEADER ORIGIN: https://www.forbes.com
[2026-02-27T04:05:11.398Z]   FOOTER/HEADER ORIGIN: https://skift.com
[2026-02-27T04:05:11.398Z]   FOOTER/HEADER ORIGIN: https://techcrunch.com
[2026-02-27T04:05:11.399Z]   FOOTER/HEADER ORIGIN: https://fortune.com
[2026-02-27T04:05:11.399Z]   FOOTER/HEADER ORIGIN: https://www.nasdaq.com
[2026-02-27T04:05:11.399Z]   ADDED: urls <- https://fortune.com/2023/01/31/tech-forward-everyday-ai-airline-industry-fuel-consumption-food-waste
[2026-02-27T04:05:11.399Z]   ADDED: urls <- https://markets.businessinsider.com/news/stocks/fetcherr-named-best-travel-tech-startup-by-world-travel-tech-awards-1032712628
[2026-02-27T04:05:11.400Z]   ADDED: urls <- https://skift.com/2024/06/26/fetcherr-raises-25-million-to-help-airlines-create-fares-youll-want-to-book
[2026-02-27T04:05:11.400Z]   ADDED: urls <- https://techcrunch.com/2024/06/26/fetcherr-lands-90m-to-get-airlines-on-board-with-dynamic-pricing (cleaned from https://techcrunch.com/2024/06/26/fetcherr-lands-90m-to-get-airlines-on-board-with-dynamic-pricing/?guccounter=1&guce_referrer=aHR0cHM6Ly93d3cuZ29vZ2xlLmNvbS8&guce_referrer_sig=AQAAAMRpE7vcvNYh40DngJ1IgZkoQnj99bwlKceVo3i0uREsKjlDOvOFGA1TbiDygNpBkG2twJy2aBYVTAEWs7hTM4IsvM0zIP4s_UppgYLISV3Ovdo8POEPRRaFeUUvjm_6a8c_VVfmyuoJHvQFahqCOchm8iND8YnUTWJ5DThLsiEf)
[2026-02-27T04:05:11.401Z]   ADDED: urls <- https://www.aerotime.aero/articles/ai-driven-airline-pricing-is-making-strides-but-how-does-it-work-video
[2026-02-27T04:05:11.401Z]   ADDED: urls <- https://www.aerotime.aero/articles/how-virgin-atlantic-and-fetcherr-are-transforming-the-airline-experience-with-ai
[2026-02-27T04:05:11.401Z]   SKIP (not in footer/header): https://www.cloud-awards.com/2025-ai-awards-winners
[2026-02-27T04:05:11.401Z]   ADDED: urls <- https://www.forbes.com/sites/tedreed/2024/08/21/airline-pricing-systems-are-ancient-heres-how-ai-can-help
[2026-02-27T04:05:11.402Z]   ADDED: urls <- https://www.nasdaq.com/articles/large-market-models%3A-the-crystal-ball-of-modern-business
[2026-02-27T04:05:11.402Z]   ADDED: urls <- https://www.phocuswire.com/delta-fetcherr-ai-pricing-deployment
[2026-02-27T04:05:11.402Z]   ADDED: urls <- https://www.phocuswire.com/viva-aerobus-fetcherr-ai-pricing-engine
[2026-02-27T04:05:11.403Z]   ADDED: urls <- https://www.travelweekly.com/On-The-Record/Uri-Yerushalmi-Fetcher
[2026-02-27T04:05:11.403Z] Step 2b result: added 11 uncategorized domains from footer/header
[2026-02-27T04:05:11.403Z] ── Step 3: Final dedup ──
[2026-02-27T04:05:11.403Z] Dedup: removed 0 of 11 URLs already in specialized fields
[2026-02-27T04:05:11.404Z] ── FINAL RESULT ──
[2026-02-27T04:05:11.404Z]   ws (1):
[2026-02-27T04:05:11.404Z]     - https://www.fetcherr.io/
[2026-02-27T04:05:11.404Z]   li (1):
[2026-02-27T04:05:11.405Z]     - https://www.linkedin.com/company/fetcherr-ltd
[2026-02-27T04:05:11.405Z]   urls (11):
[2026-02-27T04:05:11.405Z]     - https://fortune.com/2023/01/31/tech-forward-everyday-ai-airline-industry-fuel-consumption-food-waste
[2026-02-27T04:05:11.405Z]     - https://markets.businessinsider.com/news/stocks/fetcherr-named-best-travel-tech-startup-by-world-travel-tech-awards-1032712628
[2026-02-27T04:05:11.405Z]     - https://skift.com/2024/06/26/fetcherr-raises-25-million-to-help-airlines-create-fares-youll-want-to-book
[2026-02-27T04:05:11.406Z]     - https://techcrunch.com/2024/06/26/fetcherr-lands-90m-to-get-airlines-on-board-with-dynamic-pricing
[2026-02-27T04:05:11.406Z]     - https://www.aerotime.aero/articles/ai-driven-airline-pricing-is-making-strides-but-how-does-it-work-video
[2026-02-27T04:05:11.406Z]     - https://www.aerotime.aero/articles/how-virgin-atlantic-and-fetcherr-are-transforming-the-airline-experience-with-ai
[2026-02-27T04:05:11.406Z]     - https://www.forbes.com/sites/tedreed/2024/08/21/airline-pricing-systems-are-ancient-heres-how-ai-can-help
[2026-02-27T04:05:11.407Z]     - https://www.nasdaq.com/articles/large-market-models%3A-the-crystal-ball-of-modern-business
[2026-02-27T04:05:11.407Z]     - https://www.phocuswire.com/delta-fetcherr-ai-pricing-deployment
[2026-02-27T04:05:11.407Z]     - https://www.phocuswire.com/viva-aerobus-fetcherr-ai-pricing-engine
[2026-02-27T04:05:11.407Z]     - https://www.travelweekly.com/On-The-Record/Uri-Yerushalmi-Fetcher
[2026-02-27T04:05:11.408Z] Summary: ws:1, li:1, urls:11
[2026-02-27T04:05:11.409Z] Saved final result to result.json
[2026-02-27T04:05:11.409Z] Override fields: ws, li, urls
[2026-02-27T04:05:11.410Z] Finished at: 2026-02-27T04:05:11.410Z
