[2026-03-06T09:01:16.653Z] === Homepage AI Extractor: Mixed Place ===
[2026-03-06T09:01:16.653Z] Started at: 2026-03-06T09:01:16.653Z
[2026-03-06T09:01:16.653Z] Log directory: E:\code\The Wall\mono\packages\scrapper\logs\homepage_ai_extractor\1772787676652_Mixed_Place
[2026-03-06T09:01:16.653Z] Company: Mixed Place
[2026-03-06T09:01:16.653Z] Website: mixed.place
[2026-03-06T09:01:16.653Z] cbRank: 181290
[2026-03-06T09:01:16.654Z] Reasons: h
[2026-03-06T09:01:16.654Z] Fetching: https://mixed.place
[2026-03-06T09:01:21.097Z] Redirected: https://mixed.place -> https://www.mixed.place/
[2026-03-06T09:01:21.123Z] Saved HTML (846305 bytes) to page.html
[2026-03-06T09:01:21.126Z] Extracted 10 unique links from page
[2026-03-06T09:01:21.127Z] Saved 10 links to links.json
[2026-03-06T09:01:21.129Z] Extracted footer HTML (1622 chars)
[2026-03-06T09:01:21.130Z] Extracted header HTML (16936 chars)
[2026-03-06T09:01:21.134Z] Website (post-redirect): https://www.mixed.place/ → origin: https://www.mixed.place
[2026-03-06T09:01:21.134Z] External links: 1 (of 10 total)
[2026-03-06T09:01:21.134Z] ── All external links ──
[2026-03-06T09:01:21.135Z]   EXT: https://www.designrush.com/agency/profile/mixed-place-ar-immersive-experiences-technologies-innovations-with-ar-vr-metaverse-holographic-technologies
[2026-03-06T09:01:21.135Z] ── Step 1: Programmatic categorization ──
[2026-03-06T09:01:21.135Z]   UNCATEGORIZED: https://www.designrush.com/agency/profile/mixed-place-ar-immersive-experiences-technologies-innovations-with-ar-vr-metaverse-holographic-technologies
[2026-03-06T09:01:21.135Z] Programmatic result: ws:1 | 1 uncategorized
[2026-03-06T09:01:21.135Z] Sending uncategorized links + HTML sections to AI for analysis...
[2026-03-06T09:01:21.136Z] Saved AI prompt (3044 chars) to ai_prompt.txt
[2026-03-06T09:01:38.760Z] Saved AI response to ai_response.json
[2026-03-06T09:01:38.760Z] ── Parsing AI response (1 lines) ──
[2026-03-06T09:01:38.760Z]   AI LINK: https://www.designrush.com/agency/profile/mixed-place-ar-immersive-experiences-technologies-innovations-with-ar-vr-metaverse-holographic-technologies
[2026-03-06T09:01:38.760Z] AI returned 1 valid links
[2026-03-06T09:01:38.761Z] ── Categorizing 1 AI-returned links ──
[2026-03-06T09:01:38.761Z]   AI→URLS: https://www.designrush.com/agency/profile/mixed-place-ar-immersive-experiences-technologies-innovations-with-ar-vr-metaverse-holographic-technologies
[2026-03-06T09:01:38.761Z] ── Step 2b: Footer/header uncategorized links ──
[2026-03-06T09:01:38.761Z] Footer/header origins (1):
[2026-03-06T09:01:38.761Z]   FOOTER/HEADER ORIGIN: https://www.mixed.place
[2026-03-06T09:01:38.761Z]   SKIP (AI claimed): https://www.designrush.com/agency/profile/mixed-place-ar-immersive-experiences-technologies-innovations-with-ar-vr-metaverse-holographic-technologies
[2026-03-06T09:01:38.761Z] Step 2b result: added 0 uncategorized domains from footer/header
[2026-03-06T09:01:38.761Z] ── Step 3: Final dedup ──
[2026-03-06T09:01:38.762Z] Dedup: removed 0 of 1 URLs already in specialized fields
[2026-03-06T09:01:38.762Z] ── FINAL RESULT ──
[2026-03-06T09:01:38.762Z]   ws (1):
[2026-03-06T09:01:38.762Z]     - https://www.mixed.place
[2026-03-06T09:01:38.762Z]   urls (1):
[2026-03-06T09:01:38.762Z]     - https://www.designrush.com/agency/profile/mixed-place-ar-immersive-experiences-technologies-innovations-with-ar-vr-metaverse-holographic-technologies
[2026-03-06T09:01:38.762Z] Summary: ws:1, urls:1
[2026-03-06T09:01:38.762Z] Saved final result to result.json
[2026-03-06T09:01:38.763Z] Override fields: ws, urls
[2026-03-06T09:01:38.763Z] Finished at: 2026-03-06T09:01:38.763Z
