[2026-03-05T10:03:07.227Z] === Homepage AI Extractor: Ogen ===
[2026-03-05T10:03:07.227Z] Started at: 2026-03-05T10:03:07.227Z
[2026-03-05T10:03:07.227Z] Log directory: E:\code\The Wall\mono\packages\scrapper\logs\homepage_ai_extractor\1772704987227_Ogen
[2026-03-05T10:03:07.227Z] Company: Ogen
[2026-03-05T10:03:07.227Z] Website: ogen.org
[2026-03-05T10:03:07.227Z] cbRank: 78986
[2026-03-05T10:03:07.227Z] Reasons: h
[2026-03-05T10:03:07.227Z] Fetching: https://ogen.org
[2026-03-05T10:03:18.365Z] Network idle timeout — continuing with current state
[2026-03-05T10:03:18.412Z] Redirected: https://ogen.org -> https://www.ogen.org/
[2026-03-05T10:03:18.449Z] Saved HTML (1151155 bytes) to page.html
[2026-03-05T10:03:18.453Z] Extracted 51 unique links from page
[2026-03-05T10:03:18.457Z] Saved 51 links to links.json
[2026-03-05T10:03:18.463Z] Extracted footer HTML (19516 chars)
[2026-03-05T10:03:18.463Z] Extracted header HTML (39001 chars)
[2026-03-05T10:03:18.468Z] Website (post-redirect): https://www.ogen.org/ → origin: https://www.ogen.org
[2026-03-05T10:03:18.469Z]   SUBDOMAIN: lp.ogen.org (added to ws)
[2026-03-05T10:03:18.469Z] Website subdomains found: 1
[2026-03-05T10:03:18.469Z] External links: 8 (of 51 total)
[2026-03-05T10:03:18.469Z] ── All external links ──
[2026-03-05T10:03:18.469Z]   EXT: https://ogen.my.site.com/OgenPortal/s
[2026-03-05T10:03:18.469Z]   EXT: https://ogen.my.site.com/ogenAdviserPortal/s
[2026-03-05T10:03:18.469Z]   EXT: https://wa.link/qmfnih
[2026-03-05T10:03:18.469Z]   EXT: https://wa.me/972544445395?text=%D7%A9%D7%9C%D7%95%D7%9D%20%D7%90%D7%A9%D7%9E%D7%97%20%D7%9C%D7%A9%D7%99%D7%97%D7%94
[2026-03-05T10:03:18.469Z]   EXT: https://www.facebook.com/IsraelOgen
[2026-03-05T10:03:18.469Z]   EXT: https://www.instagram.com/ogen_group_official
[2026-03-05T10:03:18.469Z]   EXT: https://www.linkedin.com/company/israel-free-loan-association
[2026-03-05T10:03:18.470Z]   EXT: https://www.youtube.com/@ogengroup615
[2026-03-05T10:03:18.470Z] ── Step 1: Programmatic categorization ──
[2026-03-05T10:03:18.470Z]   UNCATEGORIZED: https://ogen.my.site.com/OgenPortal/s
[2026-03-05T10:03:18.470Z]   UNCATEGORIZED: https://ogen.my.site.com/ogenAdviserPortal/s
[2026-03-05T10:03:18.470Z]   UNCATEGORIZED: https://wa.link/qmfnih
[2026-03-05T10:03:18.470Z]   UNCATEGORIZED: https://wa.me/972544445395?text=%D7%A9%D7%9C%D7%95%D7%9D%20%D7%90%D7%A9%D7%9E%D7%97%20%D7%9C%D7%A9%D7%99%D7%97%D7%94
[2026-03-05T10:03:18.470Z]   REGEX: fb <- https://www.facebook.com/IsraelOgen
[2026-03-05T10:03:18.471Z]   REGEX: ig <- https://www.instagram.com/ogen_group_official
[2026-03-05T10:03:18.471Z]   REGEX: li <- https://www.linkedin.com/company/israel-free-loan-association
[2026-03-05T10:03:18.471Z]   REGEX: ytp <- https://www.youtube.com/@ogengroup615
[2026-03-05T10:03:18.471Z] Programmatic result: ws:2, fb:1, ig:1, li:1, ytp:1 | 4 uncategorized
[2026-03-05T10:03:18.471Z] Sending uncategorized links + HTML sections to AI for analysis...
[2026-03-05T10:03:18.472Z] Saved AI prompt (12531 chars) to ai_prompt.txt
[2026-03-05T10:04:30.582Z] Saved AI response to ai_response.json
[2026-03-05T10:04:30.582Z] ── Parsing AI response (5 lines) ──
[2026-03-05T10:04:30.582Z]   AI LINK: https://www.facebook.com/IsraelOgen
[2026-03-05T10:04:30.582Z]   AI LINK: https://www.linkedin.com/company/israel-free-loan-association/
[2026-03-05T10:04:30.582Z]   AI LINK: https://www.instagram.com/ogen_group_official/
[2026-03-05T10:04:30.582Z]   AI LINK: https://www.youtube.com/@ogengroup615
[2026-03-05T10:04:30.582Z]   AI LINK: https://wa.link/qmfnih
[2026-03-05T10:04:30.582Z] AI returned 5 valid links
[2026-03-05T10:04:30.583Z] ── Categorizing 5 AI-returned links ──
[2026-03-05T10:04:30.583Z]   AI→REGEX: fb <- https://www.facebook.com/IsraelOgen (duplicate, skipped)
[2026-03-05T10:04:30.583Z]   AI→REGEX: li <- https://www.linkedin.com/company/israel-free-loan-association/ (duplicate, skipped)
[2026-03-05T10:04:30.583Z]   AI→REGEX: ig <- https://www.instagram.com/ogen_group_official/ (duplicate, skipped)
[2026-03-05T10:04:30.583Z]   AI→REGEX: ytp <- https://www.youtube.com/@ogengroup615 (duplicate, skipped)
[2026-03-05T10:04:30.583Z]   AI→URLS: https://wa.link/qmfnih
[2026-03-05T10:04:30.583Z] ── Step 2b: Footer/header uncategorized links ──
[2026-03-05T10:04:30.584Z] Footer/header origins (9):
[2026-03-05T10:04:30.584Z]   FOOTER/HEADER ORIGIN: https://www.ogen.org
[2026-03-05T10:04:30.584Z]   FOOTER/HEADER ORIGIN: https://www.facebook.com
[2026-03-05T10:04:30.584Z]   FOOTER/HEADER ORIGIN: https://www.linkedin.com
[2026-03-05T10:04:30.584Z]   FOOTER/HEADER ORIGIN: https://www.instagram.com
[2026-03-05T10:04:30.584Z]   FOOTER/HEADER ORIGIN: https://www.youtube.com
[2026-03-05T10:04:30.584Z]   FOOTER/HEADER ORIGIN: https://wa.link
[2026-03-05T10:04:30.584Z]   FOOTER/HEADER ORIGIN: https://ogen.my.site.com
[2026-03-05T10:04:30.584Z]   FOOTER/HEADER ORIGIN: https://lp.ogen.org
[2026-03-05T10:04:30.584Z]   FOOTER/HEADER ORIGIN: https://ogen.org
[2026-03-05T10:04:30.584Z]   ADDED: urls <- https://ogen.my.site.com/OgenPortal/s
[2026-03-05T10:04:30.584Z]   ADDED: urls <- https://ogen.my.site.com/ogenAdviserPortal/s
[2026-03-05T10:04:30.585Z]   SKIP (AI claimed): https://wa.link/qmfnih
[2026-03-05T10:04:30.585Z]   SKIP (not in footer/header): https://wa.me/972544445395?text=%D7%A9%D7%9C%D7%95%D7%9D%20%D7%90%D7%A9%D7%9E%D7%97%20%D7%9C%D7%A9%D7%99%D7%97%D7%94
[2026-03-05T10:04:30.585Z] Step 2b result: added 2 uncategorized domains from footer/header
[2026-03-05T10:04:30.585Z] ── Step 3: Final dedup ──
[2026-03-05T10:04:30.585Z] Dedup: removed 0 of 3 URLs already in specialized fields
[2026-03-05T10:04:30.585Z] ── FINAL RESULT ──
[2026-03-05T10:04:30.585Z]   ws (2):
[2026-03-05T10:04:30.585Z]     - https://lp.ogen.org
[2026-03-05T10:04:30.585Z]     - https://www.ogen.org
[2026-03-05T10:04:30.585Z]   li (1):
[2026-03-05T10:04:30.585Z]     - https://www.linkedin.com/company/israel-free-loan-association
[2026-03-05T10:04:30.585Z]   fb (1):
[2026-03-05T10:04:30.585Z]     - https://www.facebook.com/israelogen
[2026-03-05T10:04:30.586Z]   ig (1):
[2026-03-05T10:04:30.586Z]     - https://www.instagram.com/ogen_group_official
[2026-03-05T10:04:30.586Z]   ytp (1):
[2026-03-05T10:04:30.586Z]     - https://www.youtube.com/@ogengroup615
[2026-03-05T10:04:30.586Z]   urls (3):
[2026-03-05T10:04:30.586Z]     - https://ogen.my.site.com/OgenPortal/s
[2026-03-05T10:04:30.586Z]     - https://ogen.my.site.com/ogenAdviserPortal/s
[2026-03-05T10:04:30.586Z]     - https://wa.link/qmfnih
[2026-03-05T10:04:30.586Z] Summary: ws:2, fb:1, ig:1, li:1, ytp:1, urls:3
[2026-03-05T10:04:30.587Z] Saved final result to result.json
[2026-03-05T10:04:30.587Z] Override fields: ws, li, fb, ig, ytp, urls
[2026-03-05T10:04:30.587Z] Finished at: 2026-03-05T10:04:30.587Z
