[2026-03-06T06:56:53.320Z] === Homepage AI Extractor: Trailze ===
[2026-03-06T06:56:53.320Z] Started at: 2026-03-06T06:56:53.320Z
[2026-03-06T06:56:53.320Z] Log directory: E:\code\The Wall\mono\packages\scrapper\logs\homepage_ai_extractor\1772780213320_Trailze
[2026-03-06T06:56:53.320Z] Company: Trailze
[2026-03-06T06:56:53.320Z] Website: trailze.com
[2026-03-06T06:56:53.320Z] cbRank: 147862
[2026-03-06T06:56:53.321Z] Reasons: h
[2026-03-06T06:56:53.321Z] Fetching: https://trailze.com
[2026-03-06T06:56:58.367Z] Redirected: https://trailze.com -> https://trailze.com/
[2026-03-06T06:56:58.373Z] Saved HTML (171105 bytes) to page.html
[2026-03-06T06:56:58.377Z] Extracted 16 unique links from page
[2026-03-06T06:56:58.377Z] Saved 16 links to links.json
[2026-03-06T06:56:58.381Z] Extracted footer HTML (13601 chars)
[2026-03-06T06:56:58.381Z] Extracted header HTML (7792 chars)
[2026-03-06T06:56:58.385Z] Website (post-redirect): https://trailze.com/ → origin: https://trailze.com
[2026-03-06T06:56:58.386Z]   SUBDOMAIN: mytrailze.trailze.com (added to ws)
[2026-03-06T06:56:58.386Z] Website subdomains found: 1
[2026-03-06T06:56:58.386Z] External links: 6 (of 16 total)
[2026-03-06T06:56:58.386Z] ── All external links ──
[2026-03-06T06:56:58.386Z]   EXT: https://jonnystudio.co.il
[2026-03-06T06:56:58.386Z]   EXT: https://morning-sale.page/beshvil-yael
[2026-03-06T06:56:58.386Z]   EXT: https://www.beshvilyael.com
[2026-03-06T06:56:58.386Z]   EXT: https://www.facebook.com/trailzeIL
[2026-03-06T06:56:58.386Z]   EXT: https://www.nextoctober.org
[2026-03-06T06:56:58.386Z]   EXT: https://www.openstreetmap.org
[2026-03-06T06:56:58.386Z] ── Step 1: Programmatic categorization ──
[2026-03-06T06:56:58.386Z]   UNCATEGORIZED: https://jonnystudio.co.il
[2026-03-06T06:56:58.387Z]   UNCATEGORIZED: https://morning-sale.page/beshvil-yael
[2026-03-06T06:56:58.387Z]   UNCATEGORIZED: https://www.beshvilyael.com
[2026-03-06T06:56:58.387Z]   REGEX: fb <- https://www.facebook.com/trailzeIL
[2026-03-06T06:56:58.387Z]   UNCATEGORIZED: https://www.nextoctober.org
[2026-03-06T06:56:58.387Z]   UNCATEGORIZED: https://www.openstreetmap.org
[2026-03-06T06:56:58.387Z] Programmatic result: ws:2, fb:1 | 5 uncategorized
[2026-03-06T06:56:58.387Z] Sending uncategorized links + HTML sections to AI for analysis...
[2026-03-06T06:56:58.388Z] Saved AI prompt (9904 chars) to ai_prompt.txt
[2026-03-06T06:57:52.449Z] Saved AI response to ai_response.json
[2026-03-06T06:57:52.450Z] ── Parsing AI response (3 lines) ──
[2026-03-06T06:57:52.450Z]   AI LINK: https://www.facebook.com/trailzeIL
[2026-03-06T06:57:52.450Z]   AI LINK: https://trailze.com/legal/
[2026-03-06T06:57:52.450Z]   AI LINK: https://trailze.com/accessibility/
[2026-03-06T06:57:52.450Z] AI returned 3 valid links
[2026-03-06T06:57:52.450Z] ── Categorizing 3 AI-returned links ──
[2026-03-06T06:57:52.450Z]   AI→REGEX: fb <- https://www.facebook.com/trailzeIL (duplicate, skipped)
[2026-03-06T06:57:52.450Z]   AI→URLS: https://trailze.com/legal (cleaned from https://trailze.com/legal/)
[2026-03-06T06:57:52.450Z]   AI→URLS: https://trailze.com/accessibility (cleaned from https://trailze.com/accessibility/)
[2026-03-06T06:57:52.451Z] ── Step 2b: Footer/header uncategorized links ──
[2026-03-06T06:57:52.451Z] Footer/header origins (6):
[2026-03-06T06:57:52.451Z]   FOOTER/HEADER ORIGIN: https://www.facebook.com
[2026-03-06T06:57:52.451Z]   FOOTER/HEADER ORIGIN: https://morning-sale.page
[2026-03-06T06:57:52.451Z]   FOOTER/HEADER ORIGIN: https://www.nextoctober.org
[2026-03-06T06:57:52.451Z]   FOOTER/HEADER ORIGIN: https://trailze.com
[2026-03-06T06:57:52.451Z]   FOOTER/HEADER ORIGIN: https://jonnystudio.co.il
[2026-03-06T06:57:52.451Z]   FOOTER/HEADER ORIGIN: https://mytrailze.trailze.com
[2026-03-06T06:57:52.451Z]   ADDED: urls <- https://jonnystudio.co.il
[2026-03-06T06:57:52.451Z]   ADDED: urls <- https://morning-sale.page/beshvil-yael
[2026-03-06T06:57:52.452Z]   SKIP (not in footer/header): https://www.beshvilyael.com
[2026-03-06T06:57:52.452Z]   ADDED: urls <- https://www.nextoctober.org
[2026-03-06T06:57:52.452Z]   SKIP (not in footer/header): https://www.openstreetmap.org
[2026-03-06T06:57:52.452Z] Step 2b result: added 3 uncategorized domains from footer/header
[2026-03-06T06:57:52.452Z] ── Step 3: Final dedup ──
[2026-03-06T06:57:52.452Z] Dedup: removed 0 of 5 URLs already in specialized fields
[2026-03-06T06:57:52.452Z] ── FINAL RESULT ──
[2026-03-06T06:57:52.452Z]   ws (2):
[2026-03-06T06:57:52.452Z]     - https://mytrailze.trailze.com
[2026-03-06T06:57:52.452Z]     - https://trailze.com
[2026-03-06T06:57:52.452Z]   fb (1):
[2026-03-06T06:57:52.452Z]     - https://www.facebook.com/trailzeil
[2026-03-06T06:57:52.453Z]   urls (5):
[2026-03-06T06:57:52.453Z]     - https://jonnystudio.co.il
[2026-03-06T06:57:52.453Z]     - https://morning-sale.page/beshvil-yael
[2026-03-06T06:57:52.453Z]     - https://trailze.com/accessibility
[2026-03-06T06:57:52.453Z]     - https://trailze.com/legal
[2026-03-06T06:57:52.453Z]     - https://www.nextoctober.org
[2026-03-06T06:57:52.453Z] Summary: ws:2, fb:1, urls:5
[2026-03-06T06:57:52.453Z] Saved final result to result.json
[2026-03-06T06:57:52.454Z] Override fields: ws, fb, urls
[2026-03-06T06:57:52.454Z] Finished at: 2026-03-06T06:57:52.454Z
