[2026-03-07T18:56:05.751Z] === Homepage AI Extractor: Visual Factories ===
[2026-03-07T18:56:05.751Z] Started at: 2026-03-07T18:56:05.751Z
[2026-03-07T18:56:05.752Z] Log directory: E:\code\The Wall\mono\packages\scrapper\logs\homepage_ai_extractor\1772909765751_Visual_Factories
[2026-03-07T18:56:05.752Z] Company: Visual Factories
[2026-03-07T18:56:05.752Z] Website: visualfactories.com
[2026-03-07T18:56:05.752Z] cbRank: 317745
[2026-03-07T18:56:05.752Z] Reasons: h
[2026-03-07T18:56:05.752Z] Fetching: https://visualfactories.com
[2026-03-07T18:56:10.291Z] Redirected: https://visualfactories.com -> https://visualfactories.com/
[2026-03-07T18:56:10.309Z] Saved HTML (536215 bytes) to page.html
[2026-03-07T18:56:10.313Z] Extracted 16 unique links from page
[2026-03-07T18:56:10.313Z] Saved 16 links to links.json
[2026-03-07T18:56:10.317Z] Extracted footer HTML (9526 chars)
[2026-03-07T18:56:10.317Z] Extracted header HTML (15451 chars)
[2026-03-07T18:56:10.322Z] Website (post-redirect): https://visualfactories.com/ → origin: https://visualfactories.com
[2026-03-07T18:56:10.323Z] External links: 3 (of 16 total)
[2026-03-07T18:56:10.323Z] ── All external links ──
[2026-03-07T18:56:10.323Z]   EXT: https://cookiedatabase.org/tcf/purposes
[2026-03-07T18:56:10.323Z]   EXT: https://synycsoft.com
[2026-03-07T18:56:10.323Z]   EXT: https://wponetap.com/?utm_source=plugin-guru.com&utm_medium=link&utm_campaign=ref-link-toolbar
[2026-03-07T18:56:10.323Z] ── Step 1: Programmatic categorization ──
[2026-03-07T18:56:10.324Z]   UNCATEGORIZED: https://cookiedatabase.org/tcf/purposes
[2026-03-07T18:56:10.324Z]   UNCATEGORIZED: https://synycsoft.com
[2026-03-07T18:56:10.324Z]   UNCATEGORIZED: https://wponetap.com/?utm_source=plugin-guru.com&utm_medium=link&utm_campaign=ref-link-toolbar
[2026-03-07T18:56:10.324Z] Programmatic result: ws:1 | 3 uncategorized
[2026-03-07T18:56:10.324Z] Sending uncategorized links + HTML sections to AI for analysis...
[2026-03-07T18:56:10.325Z] Saved AI prompt (5875 chars) to ai_prompt.txt
[2026-03-07T18:56:36.713Z] Saved AI response to ai_response.json
[2026-03-07T18:56:36.713Z] ── Parsing AI response (2 lines) ──
[2026-03-07T18:56:36.713Z]   AI LINK: https://visualfactories.com/terms-and-conditions
[2026-03-07T18:56:36.713Z]   AI LINK: https://visualfactories.com/privacy-policy
[2026-03-07T18:56:36.714Z] AI returned 2 valid links
[2026-03-07T18:56:36.714Z] ── Categorizing 2 AI-returned links ──
[2026-03-07T18:56:36.714Z]   AI→URLS: https://visualfactories.com/terms-and-conditions
[2026-03-07T18:56:36.714Z]   AI→URLS: https://visualfactories.com/privacy-policy
[2026-03-07T18:56:36.714Z] ── Step 2b: Footer/header uncategorized links ──
[2026-03-07T18:56:36.714Z] Footer/header origins (2):
[2026-03-07T18:56:36.715Z]   FOOTER/HEADER ORIGIN: https://visualfactories.com
[2026-03-07T18:56:36.715Z]   FOOTER/HEADER ORIGIN: https://synycsoft.com
[2026-03-07T18:56:36.715Z]   SKIP (not in footer/header): https://cookiedatabase.org/tcf/purposes
[2026-03-07T18:56:36.715Z]   ADDED: urls <- https://synycsoft.com
[2026-03-07T18:56:36.715Z]   SKIP (not in footer/header): https://wponetap.com/?utm_source=plugin-guru.com&utm_medium=link&utm_campaign=ref-link-toolbar
[2026-03-07T18:56:36.715Z] Step 2b result: added 1 uncategorized domains from footer/header
[2026-03-07T18:56:36.715Z] ── Step 3: Final dedup ──
[2026-03-07T18:56:36.715Z] Dedup: removed 0 of 3 URLs already in specialized fields
[2026-03-07T18:56:36.715Z] ── FINAL RESULT ──
[2026-03-07T18:56:36.715Z]   ws (1):
[2026-03-07T18:56:36.715Z]     - https://visualfactories.com
[2026-03-07T18:56:36.715Z]   urls (3):
[2026-03-07T18:56:36.716Z]     - https://synycsoft.com
[2026-03-07T18:56:36.716Z]     - https://visualfactories.com/privacy-policy
[2026-03-07T18:56:36.716Z]     - https://visualfactories.com/terms-and-conditions
[2026-03-07T18:56:36.716Z] Summary: ws:1, urls:3
[2026-03-07T18:56:36.716Z] Saved final result to result.json
[2026-03-07T18:56:36.716Z] Override fields: ws, urls
[2026-03-07T18:56:36.716Z] Finished at: 2026-03-07T18:56:36.716Z
