[2026-03-07T18:54:14.918Z] === Homepage AI Extractor: Assembrix Ltd ===
[2026-03-07T18:54:14.919Z] Started at: 2026-03-07T18:54:14.919Z
[2026-03-07T18:54:14.919Z] Log directory: E:\code\The Wall\mono\packages\scrapper\logs\homepage_ai_extractor\1772909654918_Assembrix_Ltd
[2026-03-07T18:54:14.919Z] Company: Assembrix Ltd
[2026-03-07T18:54:14.919Z] Website: assembrix.com
[2026-03-07T18:54:14.919Z] cbRank: 316389
[2026-03-07T18:54:14.919Z] Reasons: h
[2026-03-07T18:54:14.919Z] Fetching: https://assembrix.com
[2026-03-07T18:54:17.583Z] Redirected: https://assembrix.com -> https://assembrix.com/
[2026-03-07T18:54:17.635Z] Saved HTML (1674102 bytes) to page.html
[2026-03-07T18:54:17.638Z] Extracted 23 unique links from page
[2026-03-07T18:54:17.639Z] Saved 23 links to links.json
[2026-03-07T18:54:17.642Z] Extracted footer HTML (5864 chars)
[2026-03-07T18:54:17.642Z] Extracted header HTML (1152 chars)
[2026-03-07T18:54:17.648Z] Website (post-redirect): https://assembrix.com/ → origin: https://assembrix.com
[2026-03-07T18:54:17.648Z]   SUBDOMAIN: vms.assembrix.com (added to ws)
[2026-03-07T18:54:17.648Z] Website subdomains found: 1
[2026-03-07T18:54:17.648Z] External links: 2 (of 23 total)
[2026-03-07T18:54:17.648Z] ── All external links ──
[2026-03-07T18:54:17.649Z]   EXT: https://attractive.co.il
[2026-03-07T18:54:17.649Z]   EXT: https://www.linkedin.com/company/assembrix/about
[2026-03-07T18:54:17.649Z] ── Step 1: Programmatic categorization ──
[2026-03-07T18:54:17.649Z]   UNCATEGORIZED: https://attractive.co.il
[2026-03-07T18:54:17.649Z]   REGEX: li <- https://www.linkedin.com/company/assembrix/about
[2026-03-07T18:54:17.649Z] Programmatic result: ws:2, li:1 | 1 uncategorized
[2026-03-07T18:54:17.649Z] Sending uncategorized links + HTML sections to AI for analysis...
[2026-03-07T18:54:17.650Z] Saved AI prompt (4490 chars) to ai_prompt.txt
[2026-03-07T18:54:37.109Z] Saved AI response to ai_response.json
[2026-03-07T18:54:37.109Z] ── Parsing AI response (1 lines) ──
[2026-03-07T18:54:37.109Z]   AI LINK: https://www.linkedin.com/company/assembrix/about/
[2026-03-07T18:54:37.109Z] AI returned 1 valid links
[2026-03-07T18:54:37.109Z] ── Categorizing 1 AI-returned links ──
[2026-03-07T18:54:37.109Z]   AI→REGEX: li <- https://www.linkedin.com/company/assembrix/about/ (duplicate, skipped)
[2026-03-07T18:54:37.109Z] ── Step 2b: Footer/header uncategorized links ──
[2026-03-07T18:54:37.109Z] Footer/header origins (4):
[2026-03-07T18:54:37.110Z]   FOOTER/HEADER ORIGIN: https://assembrix.com
[2026-03-07T18:54:37.110Z]   FOOTER/HEADER ORIGIN: https://vms.assembrix.com
[2026-03-07T18:54:37.110Z]   FOOTER/HEADER ORIGIN: https://www.linkedin.com
[2026-03-07T18:54:37.110Z]   FOOTER/HEADER ORIGIN: https://attractive.co.il
[2026-03-07T18:54:37.110Z]   ADDED: urls <- https://attractive.co.il
[2026-03-07T18:54:37.110Z] Step 2b result: added 1 uncategorized domains from footer/header
[2026-03-07T18:54:37.110Z] ── Step 3: Final dedup ──
[2026-03-07T18:54:37.110Z] Dedup: removed 0 of 1 URLs already in specialized fields
[2026-03-07T18:54:37.110Z] ── FINAL RESULT ──
[2026-03-07T18:54:37.110Z]   ws (2):
[2026-03-07T18:54:37.110Z]     - https://assembrix.com
[2026-03-07T18:54:37.110Z]     - https://vms.assembrix.com
[2026-03-07T18:54:37.111Z]   li (1):
[2026-03-07T18:54:37.111Z]     - https://www.linkedin.com/company/assembrix
[2026-03-07T18:54:37.111Z]   urls (1):
[2026-03-07T18:54:37.111Z]     - https://attractive.co.il
[2026-03-07T18:54:37.111Z] Summary: ws:2, li:1, urls:1
[2026-03-07T18:54:37.111Z] Saved final result to result.json
[2026-03-07T18:54:37.111Z] Override fields: ws, li, urls
[2026-03-07T18:54:37.112Z] Finished at: 2026-03-07T18:54:37.111Z
