[2026-03-01T17:31:48.867Z] === Homepage AI Extractor: Chunk Foods ===
[2026-03-01T17:31:48.867Z] Started at: 2026-03-01T17:31:48.867Z
[2026-03-01T17:31:48.867Z] Log directory: E:\code\The Wall\mono\packages\scrapper\logs\homepage_ai_extractor\1772386308866_Chunk_Foods
[2026-03-01T17:31:48.867Z] Company: Chunk Foods
[2026-03-01T17:31:48.867Z] Website: chunkfoods.com
[2026-03-01T17:31:48.867Z] cbRank: 33754
[2026-03-01T17:31:48.867Z] Reasons: h
[2026-03-01T17:31:48.867Z] Fetching: https://chunkfoods.com
[2026-03-01T17:31:51.396Z] Redirected: https://chunkfoods.com -> https://www.chunkfoods.com/
[2026-03-01T17:31:51.402Z] Saved HTML (60844 bytes) to page.html
[2026-03-01T17:31:51.408Z] Extracted 22 unique links from page
[2026-03-01T17:31:51.409Z] Saved 22 links to links.json
[2026-03-01T17:31:51.416Z] Extracted footer HTML (11221 chars)
[2026-03-01T17:31:51.416Z] Extracted header HTML (1967 chars)
[2026-03-01T17:31:51.422Z] Website (post-redirect): https://www.chunkfoods.com/ → origin: https://www.chunkfoods.com
[2026-03-01T17:31:51.422Z]   SUBDOMAIN: shopusa.chunkfoods.com (added to ws)
[2026-03-01T17:31:51.422Z] Website subdomains found: 1
[2026-03-01T17:31:51.422Z] External links: 3 (of 22 total)
[2026-03-01T17:31:51.422Z] ── All external links ──
[2026-03-01T17:31:51.423Z]   EXT: https://www.facebook.com/profile.php?id=61570721254826
[2026-03-01T17:31:51.423Z]   EXT: https://www.instagram.com/chunk_foods
[2026-03-01T17:31:51.423Z]   EXT: https://www.linkedin.com/company/chunk-foods
[2026-03-01T17:31:51.423Z] ── Step 1: Programmatic categorization ──
[2026-03-01T17:31:51.423Z]   REGEX: ig <- https://www.instagram.com/chunk_foods
[2026-03-01T17:31:51.423Z]   REGEX: li <- https://www.linkedin.com/company/chunk-foods
[2026-03-01T17:31:51.423Z] ── Step 1b: Resolving 1 regex-domain URLs via redirect ──
[2026-03-01T17:31:53.183Z]   RESOLVE: https://www.facebook.com/profile.php?id=61570721254826 → https://www.facebook.com/people/Chunk-Foods-IL/61570721254826
[2026-03-01T17:31:53.189Z]   SKIP (resolved but still no regex match): https://www.facebook.com/people/Chunk-Foods-IL/61570721254826 (from https://www.facebook.com/profile.php?id=61570721254826)
[2026-03-01T17:31:53.189Z] Programmatic result: ws:2, ig:1, li:1 | 0 uncategorized
[2026-03-01T17:31:53.189Z] Sending uncategorized links + HTML sections to AI for analysis...
[2026-03-01T17:31:53.190Z] Saved AI prompt (7000 chars) to ai_prompt.txt
[2026-03-01T17:32:36.983Z] Saved AI response to ai_response.json
[2026-03-01T17:32:36.983Z] ── Parsing AI response (3 lines) ──
[2026-03-01T17:32:36.983Z]   AI LINK: https://www.facebook.com/profile.php?id=61570721254826
[2026-03-01T17:32:36.983Z]   AI LINK: https://www.instagram.com/chunk_foods/
[2026-03-01T17:32:36.983Z]   AI LINK: https://www.linkedin.com/company/chunk-foods
[2026-03-01T17:32:36.983Z] AI returned 3 valid links
[2026-03-01T17:32:36.983Z] ── Categorizing 3 AI-returned links ──
[2026-03-01T17:32:40.104Z]   RESOLVE: https://www.facebook.com/profile.php?id=61570721254826 → https://www.facebook.com/people/Chunk-Foods-IL/61570721254826
[2026-03-01T17:32:40.117Z]   AI→SKIP (resolved but still no regex match): https://www.facebook.com/people/Chunk-Foods-IL/61570721254826 (from https://www.facebook.com/profile.php?id=61570721254826)
[2026-03-01T17:32:40.118Z]   AI→REGEX: ig <- https://www.instagram.com/chunk_foods/ (duplicate, skipped)
[2026-03-01T17:32:40.118Z]   AI→REGEX: li <- https://www.linkedin.com/company/chunk-foods (duplicate, skipped)
[2026-03-01T17:32:40.119Z] ── Step 2b: Footer/header uncategorized links ──
[2026-03-01T17:32:40.119Z] Footer/header origins (3):
[2026-03-01T17:32:40.119Z]   FOOTER/HEADER ORIGIN: https://www.facebook.com
[2026-03-01T17:32:40.119Z]   FOOTER/HEADER ORIGIN: https://www.instagram.com
[2026-03-01T17:32:40.119Z]   FOOTER/HEADER ORIGIN: https://www.linkedin.com
[2026-03-01T17:32:40.119Z] Step 2b result: added 0 uncategorized domains from footer/header
[2026-03-01T17:32:40.119Z] ── Step 3: Final dedup ──
[2026-03-01T17:32:40.119Z] No urls to dedup
[2026-03-01T17:32:40.119Z] ── FINAL RESULT ──
[2026-03-01T17:32:40.119Z]   ws (2):
[2026-03-01T17:32:40.119Z]     - https://shopusa.chunkfoods.com
[2026-03-01T17:32:40.119Z]     - https://www.chunkfoods.com
[2026-03-01T17:32:40.120Z]   li (1):
[2026-03-01T17:32:40.120Z]     - https://www.linkedin.com/company/chunk-foods
[2026-03-01T17:32:40.120Z]   ig (1):
[2026-03-01T17:32:40.120Z]     - https://www.instagram.com/chunk_foods
[2026-03-01T17:32:40.120Z] Summary: ws:2, ig:1, li:1
[2026-03-01T17:32:40.121Z] Saved final result to result.json
[2026-03-01T17:32:40.121Z] Override fields: ws, li, ig
[2026-03-01T17:32:40.121Z] Finished at: 2026-03-01T17:32:40.121Z
