[2026-03-07T13:28:07.699Z] === Homepage AI Extractor: Atomic Growth ===
[2026-03-07T13:28:07.699Z] Started at: 2026-03-07T13:28:07.699Z
[2026-03-07T13:28:07.699Z] Log directory: E:\code\The Wall\mono\packages\scrapper\logs\homepage_ai_extractor\1772890087698_Atomic_Growth
[2026-03-07T13:28:07.699Z] Company: Atomic Growth
[2026-03-07T13:28:07.699Z] Website: atomic-growth.com
[2026-03-07T13:28:07.699Z] cbRank: 241903
[2026-03-07T13:28:07.700Z] Reasons: h
[2026-03-07T13:28:07.700Z] Fetching: https://atomic-growth.com
[2026-03-07T13:28:10.902Z] Dismissed cookie consent popup via: button:has-text("OK")
[2026-03-07T13:28:13.883Z] Redirected: https://atomic-growth.com -> https://www.atomic-growth.com/
[2026-03-07T13:28:13.886Z] Saved HTML (28791 bytes) to page.html
[2026-03-07T13:28:13.888Z] Extracted 5 unique links from page
[2026-03-07T13:28:13.888Z] Saved 5 links to links.json
[2026-03-07T13:28:13.891Z] Extracted footer HTML (747 chars)
[2026-03-07T13:28:13.891Z] Extracted header HTML (1978 chars)
[2026-03-07T13:28:13.895Z] Website (post-redirect): https://www.atomic-growth.com/ → origin: https://www.atomic-growth.com
[2026-03-07T13:28:13.896Z] External links: 0 (of 5 total)
[2026-03-07T13:28:13.896Z] ── All external links ──
[2026-03-07T13:28:13.896Z] ── Step 1: Programmatic categorization ──
[2026-03-07T13:28:13.896Z] Programmatic result: ws:1 | 0 uncategorized
[2026-03-07T13:28:13.896Z] Sending uncategorized links + HTML sections to AI for analysis...
[2026-03-07T13:28:13.897Z] Saved AI prompt (2279 chars) to ai_prompt.txt
[2026-03-07T13:28:20.329Z] Saved AI response to ai_response.json
[2026-03-07T13:28:20.329Z] ── Parsing AI response (1 lines) ──
[2026-03-07T13:28:20.330Z] AI returned 0 valid links
[2026-03-07T13:28:20.330Z] ── Categorizing 0 AI-returned links ──
[2026-03-07T13:28:20.330Z] ── Step 2b: Footer/header uncategorized links ──
[2026-03-07T13:28:20.330Z] Footer/header origins (0):
[2026-03-07T13:28:20.331Z] Step 2b result: added 0 uncategorized domains from footer/header
[2026-03-07T13:28:20.331Z] ── Step 3: Final dedup ──
[2026-03-07T13:28:20.331Z] No urls to dedup
[2026-03-07T13:28:20.331Z] ── FINAL RESULT ──
[2026-03-07T13:28:20.331Z]   ws (1):
[2026-03-07T13:28:20.331Z]     - https://www.atomic-growth.com
[2026-03-07T13:28:20.331Z] Summary: ws:1
[2026-03-07T13:28:20.331Z] Saved final result to result.json
[2026-03-07T13:28:20.331Z] Override fields: ws
[2026-03-07T13:28:20.332Z] Finished at: 2026-03-07T13:28:20.332Z
