[2026-03-06T02:22:18.831Z] === Homepage AI Extractor: Karma ===
[2026-03-06T02:22:18.831Z] Started at: 2026-03-06T02:22:18.831Z
[2026-03-06T02:22:18.831Z] Log directory: E:\code\The Wall\mono\packages\scrapper\logs\homepage_ai_extractor\1772763738831_Karma
[2026-03-06T02:22:18.831Z] Company: Karma
[2026-03-06T02:22:18.832Z] Website: karmanow.com
[2026-03-06T02:22:18.832Z] cbRank: 103915
[2026-03-06T02:22:18.832Z] Reasons: h
[2026-03-06T02:22:18.832Z] Fetching: https://karmanow.com
[2026-03-06T02:22:22.820Z] Redirected: https://karmanow.com -> https://www.karmanow.com/
[2026-03-06T02:22:22.828Z] Saved HTML (148979 bytes) to page.html
[2026-03-06T02:22:22.831Z] Extracted 20 unique links from page
[2026-03-06T02:22:22.832Z] Saved 20 links to links.json
[2026-03-06T02:22:22.835Z] No footer section found in DOM
[2026-03-06T02:22:22.835Z] Extracted header HTML (4995 chars)
[2026-03-06T02:22:22.840Z] Website (post-redirect): https://www.karmanow.com/ → origin: https://www.karmanow.com
[2026-03-06T02:22:22.840Z]   SUBDOMAIN: help.karmanow.com (added to ws)
[2026-03-06T02:22:22.841Z] Website subdomains found: 1
[2026-03-06T02:22:22.841Z] External links: 9 (of 20 total)
[2026-03-06T02:22:22.841Z] ── All external links ──
[2026-03-06T02:22:22.841Z]   EXT: https://app.appsflyer.com/com.shoptagr?pid=Beta_Organic
[2026-03-06T02:22:22.841Z]   EXT: https://app.appsflyer.com/id1086670571?pid=Beta_Organic
[2026-03-06T02:22:22.841Z]   EXT: https://apps.apple.com/us/app/karma-new-browser-extension/id6499579047
[2026-03-06T02:22:22.841Z]   EXT: https://chromewebstore.google.com/detail/karma-online-shopping-but/emalgedpdlghbkikiaeocoblajamonoh
[2026-03-06T02:22:22.841Z]   EXT: https://play.google.com/store/apps/details?id=com.shoptagr&hl=en&gl=US
[2026-03-06T02:22:22.841Z]   EXT: https://www.instagram.com/karma_shopnow
[2026-03-06T02:22:22.841Z]   EXT: https://www.tiktok.com/@karma_shopping
[2026-03-06T02:22:22.841Z]   EXT: https://www.youtube.com/channel/UCUmA2YbKPtHCD9HdV1OHcbQ/videos
[2026-03-06T02:22:22.841Z]   EXT: https://x.com/karma_shopping
[2026-03-06T02:22:22.841Z] ── Step 1: Programmatic categorization ──
[2026-03-06T02:22:22.841Z]   UNCATEGORIZED: https://app.appsflyer.com/com.shoptagr?pid=Beta_Organic
[2026-03-06T02:22:22.842Z]   UNCATEGORIZED: https://app.appsflyer.com/id1086670571?pid=Beta_Organic
[2026-03-06T02:22:22.842Z]   UNCATEGORIZED: https://apps.apple.com/us/app/karma-new-browser-extension/id6499579047
[2026-03-06T02:22:22.842Z]   UNCATEGORIZED: https://chromewebstore.google.com/detail/karma-online-shopping-but/emalgedpdlghbkikiaeocoblajamonoh
[2026-03-06T02:22:22.842Z]   REGEX: android_app_ids <- com.shoptagr (from https://play.google.com/store/apps/details?id=com.shoptagr&hl=en&gl=US)
[2026-03-06T02:22:22.842Z]   REGEX: ig <- https://www.instagram.com/karma_shopnow
[2026-03-06T02:22:22.842Z]   REGEX: tt <- https://www.tiktok.com/@karma_shopping
[2026-03-06T02:22:22.842Z]   REGEX: ytc <- https://www.youtube.com/channel/UCUmA2YbKPtHCD9HdV1OHcbQ/videos
[2026-03-06T02:22:22.842Z]   REGEX: tw <- https://x.com/karma_shopping
[2026-03-06T02:22:22.842Z] Programmatic result: ws:2, android_app_ids:1, ig:1, tt:1, ytc:1, tw:1 | 4 uncategorized
[2026-03-06T02:22:22.842Z] Sending uncategorized links + HTML sections to AI for analysis...
[2026-03-06T02:22:22.843Z] Saved AI prompt (2203 chars) to ai_prompt.txt
[2026-03-06T02:22:41.152Z] Saved AI response to ai_response.json
[2026-03-06T02:22:41.152Z] ── Parsing AI response (2 lines) ──
[2026-03-06T02:22:41.152Z]   AI LINK: https://apps.apple.com/us/app/karma-new-browser-extension/id6499579047
[2026-03-06T02:22:41.152Z]   AI LINK: https://chromewebstore.google.com/detail/karma-online-shopping-but/emalgedpdlghbkikiaeocoblajamonoh
[2026-03-06T02:22:41.153Z] AI returned 2 valid links
[2026-03-06T02:22:41.153Z] ── Categorizing 2 AI-returned links ──
[2026-03-06T02:22:41.153Z]   AI→URLS: https://apps.apple.com/us/app/karma-new-browser-extension/id6499579047
[2026-03-06T02:22:41.153Z]   AI→URLS: https://chromewebstore.google.com/detail/karma-online-shopping-but/emalgedpdlghbkikiaeocoblajamonoh
[2026-03-06T02:22:41.153Z] ── Step 2b: Footer/header uncategorized links ──
[2026-03-06T02:22:41.153Z] Footer/header origins (0):
[2026-03-06T02:22:41.153Z]   SKIP (not in footer/header): https://app.appsflyer.com/com.shoptagr?pid=Beta_Organic
[2026-03-06T02:22:41.153Z]   SKIP (not in footer/header): https://app.appsflyer.com/id1086670571?pid=Beta_Organic
[2026-03-06T02:22:41.153Z]   SKIP (AI claimed): https://apps.apple.com/us/app/karma-new-browser-extension/id6499579047
[2026-03-06T02:22:41.153Z]   SKIP (AI claimed): https://chromewebstore.google.com/detail/karma-online-shopping-but/emalgedpdlghbkikiaeocoblajamonoh
[2026-03-06T02:22:41.154Z] Step 2b result: added 0 uncategorized domains from footer/header
[2026-03-06T02:22:41.154Z] ── Step 3: Final dedup ──
[2026-03-06T02:22:41.154Z] Dedup: removed 0 of 2 URLs already in specialized fields
[2026-03-06T02:22:41.154Z] ── FINAL RESULT ──
[2026-03-06T02:22:41.154Z]   ws (2):
[2026-03-06T02:22:41.154Z]     - https://help.karmanow.com
[2026-03-06T02:22:41.154Z]     - https://www.karmanow.com
[2026-03-06T02:22:41.154Z]   tw (1):
[2026-03-06T02:22:41.154Z]     - https://x.com/karma_shopping
[2026-03-06T02:22:41.154Z]   ig (1):
[2026-03-06T02:22:41.154Z]     - https://www.instagram.com/karma_shopnow
[2026-03-06T02:22:41.154Z]   ytc (1):
[2026-03-06T02:22:41.154Z]     - https://www.youtube.com/channel/UCUmA2YbKPtHCD9HdV1OHcbQ
[2026-03-06T02:22:41.154Z]   tt (1):
[2026-03-06T02:22:41.155Z]     - https://www.tiktok.com/@karma_shopping
[2026-03-06T02:22:41.155Z]   urls (2):
[2026-03-06T02:22:41.155Z]     - https://apps.apple.com/us/app/karma-new-browser-extension/id6499579047
[2026-03-06T02:22:41.155Z]     - https://chromewebstore.google.com/detail/karma-online-shopping-but/emalgedpdlghbkikiaeocoblajamonoh
[2026-03-06T02:22:41.155Z]   android_app_ids (1):
[2026-03-06T02:22:41.155Z]     - com.shoptagr
[2026-03-06T02:22:41.155Z] Summary: ws:2, android_app_ids:1, ig:1, tt:1, ytc:1, tw:1, urls:2
[2026-03-06T02:22:41.156Z] Saved final result to result.json
[2026-03-06T02:22:41.156Z] Override fields: ws, tw, ig, ytc, tt, urls, android_app_ids
[2026-03-06T02:22:41.156Z] Finished at: 2026-03-06T02:22:41.156Z
